2024-04-29 12:39:32  Visa Error:  HTTP 403 Forbidden. 
2024-04-29 13:15:19   Visa  Error:  HTTP 403 Forbidden. 
2024-04-29 15:23:57   Visa  Error:  HTTP 403 Forbidden. 
2024-04-29 18:27:35   Visa  Error:  HTTP 403 Forbidden. 
2024-04-29 21:20:41   Visa  Error:  HTTP 403 Forbidden. 
2024-04-30 01:23:50   Visa  Error:  HTTP 403 Forbidden. 
2024-04-30 03:23:37   Visa  Error:  HTTP 403 Forbidden. 
2024-04-30 06:29:48   Visa  Error:  HTTP 403 Forbidden. 
2024-04-30 07:19:10   Visa  Error:  HTTP 403 Forbidden. 
2024-04-30 07:46:06   Visa  Error:  error in running command 
2024-04-30 07:58:44   Visa  Error:  HTTP 403 Forbidden. 
2024-04-30 09:25:20   Visa  Error:  HTTP 403 Forbidden. 
2024-04-30 12:38:27   Visa  Error:  HTTP 403 Forbidden. 
2024-04-30 15:20:07   Visa  Error:  HTTP 403 Forbidden. 
2024-04-30 18:30:12   Visa  Error:  HTTP 403 Forbidden. 
2024-04-30 21:22:06   Visa  Error:  HTTP 403 Forbidden. 
2024-05-01 01:36:04   Visa  Error:  HTTP 403 Forbidden. 
2024-05-01 03:27:13   Visa  Error:  HTTP 403 Forbidden. 
2024-05-01 06:29:59   Visa  Error:  HTTP 403 Forbidden. 
2024-05-01 06:58:38   Visa  Error:  HTTP 403 Forbidden. 
2024-05-01 09:18:51   Visa  Error:  HTTP 403 Forbidden. 
2024-05-01 09:24:01   Visa  Error:  HTTP 403 Forbidden. 
2024-05-01 12:39:15   Visa  Error:  HTTP 403 Forbidden. 
2024-05-01 15:22:56   Visa  Error:  HTTP 403 Forbidden. 
2024-05-01 18:25:58   Visa  Error:  HTTP 403 Forbidden. 
2024-05-01 21:20:43   Visa  Error:  HTTP 403 Forbidden. 
2024-05-02 01:24:04   Visa  Error:  HTTP 403 Forbidden. 
2024-05-02 03:23:26   Visa  Error:  HTTP 403 Forbidden. 
2024-05-02 06:40:38   Visa  Error:  HTTP 403 Forbidden. 
2024-05-02 09:27:14   Visa  Error:  HTTP 403 Forbidden. 
2024-05-02 10:24:07   Visa  Error:  HTTP 403 Forbidden. 
2024-05-02 12:41:12   Visa  Error:  HTTP 403 Forbidden. 
2024-05-02 15:24:00   Visa  Error:  HTTP 403 Forbidden. 
2024-05-02 15:24:32   Condor  Error:  'Error caughtTimeoutError: Navigation timeout of 30000 ms exceeded' does not exist in current working directory ('/home/runner/work/eurcopscraper/eurcopscraper'). 
2024-05-02 18:27:55   Visa  Error:  HTTP 403 Forbidden. 
2024-05-02 21:20:13   Visa  Error:  HTTP 403 Forbidden. 
2024-05-02 21:20:45   Condor  Error:  'Error caughtTimeoutError: Navigation timeout of 30000 ms exceeded' does not exist in current working directory ('/home/runner/work/eurcopscraper/eurcopscraper'). 
2024-05-03 01:26:27   Visa  Error:  HTTP 403 Forbidden. 
2024-05-03 03:26:40   Visa  Error:  HTTP 403 Forbidden. 
2024-05-03 06:29:00   Visa  Error:  HTTP 403 Forbidden. 
2024-05-03 09:23:42   Visa  Error:  HTTP 403 Forbidden. 
2024-05-03 12:37:19   Visa  Error:  HTTP 403 Forbidden. 
2024-05-03 15:23:54   Visa  Error:  HTTP 403 Forbidden. 
2024-05-03 18:27:30   Visa  Error:  HTTP 403 Forbidden. 
2024-05-03 21:21:12   Visa  Error:  HTTP 403 Forbidden. 
2024-05-04 01:23:30   Visa  Error:  HTTP 403 Forbidden. 
2024-05-04 03:24:59   Visa  Error:  HTTP 403 Forbidden. 
2024-05-04 06:27:39   Visa  Error:  HTTP 403 Forbidden. 
2024-05-04 09:22:25   Visa  Error:  HTTP 403 Forbidden. 
2024-05-04 12:35:46   Visa  Error:  HTTP 403 Forbidden. 
2024-05-04 15:21:54   Visa  Error:  HTTP 403 Forbidden. 
2024-05-04 18:26:58   Visa  Error:  HTTP 403 Forbidden. 
2024-05-04 21:20:15   Visa  Error:  HTTP 403 Forbidden. 
2024-05-05 01:34:41   Visa  Error:  HTTP 403 Forbidden. 
2024-05-05 03:22:55   Visa  Error:  HTTP 403 Forbidden. 
2024-05-05 06:28:57   Visa  Error:  HTTP 403 Forbidden. 
2024-05-05 09:23:58   Visa  Error:  HTTP 403 Forbidden. 
2024-05-05 12:36:48   Visa  Error:  HTTP 403 Forbidden. 
2024-05-05 15:23:06   Visa  Error:  HTTP 403 Forbidden. 
2024-05-05 18:26:17   Visa  Error:  HTTP 403 Forbidden. 
2024-05-05 21:19:35   Visa  Error:  HTTP 403 Forbidden. 
2024-05-06 01:26:17   Visa  Error:  HTTP 403 Forbidden. 
2024-05-06 03:25:08   Visa  Error:  HTTP 403 Forbidden. 
2024-05-06 06:29:24   Visa  Error:  HTTP 403 Forbidden. 
2024-05-06 09:24:18   Visa  Error:  HTTP 403 Forbidden. 
2024-05-06 12:40:58   Visa  Error:  HTTP 403 Forbidden. 
2024-05-06 15:23:37   Visa  Error:  HTTP 403 Forbidden. 
2024-05-06 18:29:56   Visa  Error:  HTTP 403 Forbidden. 
2024-05-06 21:21:02   Visa  Error:  HTTP 403 Forbidden. 
2024-05-06 21:21:13   Condor  Error:  'Error caughtError: net::ERR_NAME_NOT_RESOLVED at http://www.elcondorcambios.com/' does not exist in current working directory ('/home/runner/work/eurcopscraper/eurcopscraper'). 
2024-05-07 01:25:33   Visa  Error:  HTTP 403 Forbidden. 
2024-05-07 03:25:00   Visa  Error:  HTTP 403 Forbidden. 
2024-05-07 06:28:55   Visa  Error:  HTTP 403 Forbidden. 
2024-05-07 09:25:14   Visa  Error:  HTTP 403 Forbidden. 
2024-05-07 11:54:01   Visa  Error:  HTTP 403 Forbidden. 
2024-05-07 12:12:47   Condor  Error:  The size of `nm` (3) must be compatible with the size of `x` (0). 
2024-05-08 15:23:03   Condor  Error:  The size of `nm` (3) must be compatible with the size of `x` (0). 
2024-05-08 18:28:44   Condor  Error:  The size of `nm` (3) must be compatible with the size of `x` (0). 
2024-05-08 21:22:22   Vancouver  Error:  Timeout was reached: [cambiosvancouver.com] Connection timeout after 10001 ms 
2024-05-09 06:30:19   Condor  Error:  'Error caughtTimeoutError: Navigation timeout of 30000 ms exceeded' does not exist in current working directory ('/home/runner/work/eurcopscraper/eurcopscraper'). 
2024-05-09 09:24:06   Condor  Error:  'Error caughtTimeoutError: Navigation timeout of 30000 ms exceeded' does not exist in current working directory ('/home/runner/work/eurcopscraper/eurcopscraper'). 
2024-05-09 12:38:32   Condor  Error:  'Error caughtTimeoutError: Navigation timeout of 30000 ms exceeded' does not exist in current working directory ('/home/runner/work/eurcopscraper/eurcopscraper'). 
2024-05-11 12:37:34   Vancouver  Error:  Timeout was reached: [cambiosvancouver.com] SSL connection timeout 
2024-05-12 03:23:55   Master  Error:  missing value where TRUE/FALSE needed 
2024-05-12 03:23:55   Nu  Error:  missing value where TRUE/FALSE needed 
2024-05-13 12:40:32   Condor  Error:  'Error caughtError: net::ERR_NAME_NOT_RESOLVED at http://www.elcondorcambios.com/' does not exist in current working directory ('/home/runner/work/eurcopscraper/eurcopscraper'). 
2024-05-13 18:27:38   Condor  Error:  The size of `nm` (3) must be compatible with the size of `x` (0). 
2024-05-13 21:23:13   Condor  Error:  The size of `nm` (3) must be compatible with the size of `x` (0). 
2024-05-14 01:26:20   Condor  Error:  The size of `nm` (3) must be compatible with the size of `x` (0). 
2024-05-14 03:26:00   Condor  Error:  The size of `nm` (3) must be compatible with the size of `x` (0). 
2024-05-14 06:31:34   Condor  Error:  'Error caughtTimeoutError: Navigation timeout of 30000 ms exceeded' does not exist in current working directory ('/home/runner/work/eurcopscraper/eurcopscraper'). 
2024-05-14 09:25:10   Condor  Error:  'Error caughtTimeoutError: Navigation timeout of 30000 ms exceeded' does not exist in current working directory ('/home/runner/work/eurcopscraper/eurcopscraper'). 
2024-05-18 15:23:52   Condor  Error:  The size of `nm` (3) must be compatible with the size of `x` (0). 
2024-05-19 06:27:54   Condor  Error:  The size of `nm` (3) must be compatible with the size of `x` (0). 
2024-05-25 06:31:09   Condor  Error:  'Error caughtTimeoutError: Navigation timeout of 30000 ms exceeded' does not exist in current working directory ('/home/runner/work/eurcopscraper/eurcopscraper'). 
2024-05-28 18:30:06   Condor  Error:  The size of `nm` (3) must be compatible with the size of `x` (0). 
2024-05-29 01:37:58   Condor  Error:  'Error caughtTimeoutError: Navigation timeout of 30000 ms exceeded' does not exist in current working directory ('/home/runner/work/eurcopscraper/eurcopscraper'). 
2024-06-03 06:31:16   Condor  Error:  'Error caughtError: net::ERR_NAME_NOT_RESOLVED at http://www.elcondorcambios.com/' does not exist in current working directory ('/home/runner/work/eurcopscraper/eurcopscraper'). 
2024-06-04 01:35:15   Condor  Error:  'Error caughtError: net::ERR_NAME_NOT_RESOLVED at http://www.elcondorcambios.com/' does not exist in current working directory ('/home/runner/work/eurcopscraper/eurcopscraper'). 
2024-06-05 15:25:00   Condor  Error:  'Error caughtTimeoutError: Navigation timeout of 30000 ms exceeded' does not exist in current working directory ('/home/runner/work/eurcopscraper/eurcopscraper'). 
2024-06-10 12:42:36   Condor  Error:  'Error caughtError: net::ERR_NAME_NOT_RESOLVED at http://www.elcondorcambios.com/' does not exist in current working directory ('/home/runner/work/eurcopscraper/eurcopscraper'). 
2024-06-10 18:30:25   Condor  Error:  'Error caughtError: net::ERR_NAME_NOT_RESOLVED at http://www.elcondorcambios.com/' does not exist in current working directory ('/home/runner/work/eurcopscraper/eurcopscraper'). 
2024-06-11 15:25:58   Condor  Error:  'Error caughtTimeoutError: Navigation timeout of 30000 ms exceeded' does not exist in current working directory ('/home/runner/work/eurcopscraper/eurcopscraper'). 
2024-06-15 12:39:59   Condor  Error:  'Error caughtTimeoutError: Navigation timeout of 30000 ms exceeded' does not exist in current working directory ('/home/runner/work/eurcopscraper/eurcopscraper'). 
2024-06-18 06:32:12   Condor  Error:  'Error caughtTimeoutError: Navigation timeout of 30000 ms exceeded' does not exist in current working directory ('/home/runner/work/eurcopscraper/eurcopscraper'). 
2024-06-25 09:25:39   Condor  Error:  'Error caughtTimeoutError: Navigation timeout of 30000 ms exceeded' does not exist in current working directory ('/home/runner/work/eurcopscraper/eurcopscraper'). 
2024-07-01 18:31:04   Condor  Error:  'Error caughtTimeoutError: Navigation timeout of 30000 ms exceeded' does not exist in current working directory ('/home/runner/work/eurcopscraper/eurcopscraper'). 
2024-07-05 03:26:29   Condor  Error:  'Error caughtTimeoutError: Navigation timeout of 30000 ms exceeded' does not exist in current working directory ('/home/runner/work/eurcopscraper/eurcopscraper'). 
2024-07-13 15:23:46   Condor  Error:  'Error caughtTimeoutError: Navigation timeout of 30000 ms exceeded' does not exist in current working directory ('/home/runner/work/eurcopscraper/eurcopscraper'). 
2024-07-18 06:32:25   Kapital  Error:  HTTP error 509. 
2024-07-18 09:25:14   Kapital  Error:  HTTP error 509. 
2024-07-18 12:44:13   Kapital  Error:  HTTP error 509. 
2024-07-18 15:27:14   Kapital  Error:  HTTP error 509. 
2024-07-20 21:21:43   Condor  Error:  'Error caughtTimeoutError: Navigation timeout of 30000 ms exceeded' does not exist in current working directory ('/home/runner/work/eurcopscraper/eurcopscraper'). 
2024-07-23 09:26:46   Condor  Error:  'Error caughtTimeoutError: Navigation timeout of 30000 ms exceeded' does not exist in current working directory ('/home/runner/work/eurcopscraper/eurcopscraper'). 
2024-07-27 18:30:32   Kapital  Error:  HTTP error 509. 
2024-07-27 21:22:36   Kapital  Error:  HTTP error 509. 
2024-07-28 01:46:24   Kapital  Error:  HTTP error 509. 
2024-07-28 03:26:15   Kapital  Error:  HTTP error 509. 
2024-07-28 06:31:07   Kapital  Error:  HTTP error 509. 
2024-07-28 09:25:42   Kapital  Error:  HTTP error 509. 
2024-07-28 12:40:07   Kapital  Error:  HTTP error 509. 
2024-07-28 15:23:47   Kapital  Error:  HTTP error 509. 
2024-07-28 18:31:10   Kapital  Error:  HTTP error 509. 
2024-07-28 21:23:45   Kapital  Error:  HTTP error 509. 
2024-07-29 01:43:12   Kapital  Error:  HTTP error 509. 
2024-07-29 03:27:30   Kapital  Error:  HTTP error 509. 
2024-07-29 06:33:23   Kapital  Error:  HTTP error 509. 
2024-07-29 09:27:02   Condor  Error:  'Error caughtError: net::ERR_NAME_NOT_RESOLVED at http://www.elcondorcambios.com/' does not exist in current working directory ('/home/runner/work/eurcopscraper/eurcopscraper'). 
2024-07-29 09:27:13   Kapital  Error:  HTTP error 509. 
2024-07-29 12:44:59   Kapital  Error:  HTTP error 509. 
2024-07-31 03:26:10   Kapital  Error:  HTTP error 509. 
2024-07-31 06:28:34   Kapital  Error:  HTTP error 509. 
2024-07-31 09:26:54   Kapital  Error:  HTTP error 509. 
2024-07-31 12:44:35   Condor  Error:  'Ribon IS COMING..!!' does not exist in current working directory ('/home/runner/work/eurcopscraper/eurcopscraper'). 
2024-07-31 12:44:46   Kapital  Error:  HTTP error 509. 
2024-07-31 15:26:04   Condor  Error:  '' does not exist in current working directory ('/home/runner/work/eurcopscraper/eurcopscraper'). 
2024-07-31 15:26:14   Kapital  Error:  HTTP error 509. 
2024-07-31 18:30:25   Condor  Error:  The size of `nm` (3) must be compatible with the size of `x` (0). 
2024-07-31 18:30:44   Kapital  Error:  replacement has 1 row, data has 0 
2024-07-31 21:24:43   Kapital  Error:  replacement has 1 row, data has 0 
2024-08-01 01:48:18   Kapital  Error:  replacement has 1 row, data has 0 
2024-08-01 03:28:13   Kapital  Error:  replacement has 1 row, data has 0 
2024-08-01 06:33:35   Kapital  Error:  replacement has 1 row, data has 0 
2024-08-01 09:25:14   Kapital  Error:  replacement has 1 row, data has 0 
2024-08-01 12:44:37   Kapital  Error:  replacement has 1 row, data has 0 
2024-08-01 15:26:19   Condor  Error:  'Error caughtTimeoutError: Navigation timeout of 30000 ms exceeded' does not exist in current working directory ('/home/runner/work/eurcopscraper/eurcopscraper'). 
2024-08-01 15:26:40   Kapital  Error:  replacement has 1 row, data has 0 
2024-08-01 18:31:52   Condor  Error:  'Error caughtTimeoutError: Navigation timeout of 30000 ms exceeded' does not exist in current working directory ('/home/runner/work/eurcopscraper/eurcopscraper'). 
2024-08-01 18:32:13   Kapital  Error:  replacement has 1 row, data has 0 
2024-08-01 21:25:36   Master  Error:  Unexpected content type "text/html".
• Expecting type "application/json" or suffix "json". 
2024-08-01 21:26:00   Nu  Error:  Unexpected content type "text/html".
• Expecting type "application/json" or suffix "json". 
2024-08-01 21:26:29   Kapital  Error:  replacement has 1 row, data has 0 
2024-08-02 01:40:03   Kapital  Error:  replacement has 1 row, data has 0 
2024-08-02 03:27:51   Kapital  Error:  replacement has 1 row, data has 0 
2024-08-02 06:34:11   Visa  Error:  HTTP 500 Internal Server Error. 
2024-08-02 06:34:38   Kapital  Error:  replacement has 1 row, data has 0 
2024-08-02 09:26:45   Kapital  Error:  replacement has 1 row, data has 0 
2024-08-06 15:26:25   Vancouver  Error:  HTTP error 500. 
2024-08-06 21:22:46   Vancouver  Error:  HTTP error 406. 
2024-08-07 01:41:53   Vancouver  Error:  HTTP error 406. 
2024-08-07 03:26:40   Vancouver  Error:  HTTP error 406. 
2024-08-07 06:33:20   Vancouver  Error:  HTTP error 406. 
2024-08-07 09:26:29   Vancouver  Error:  HTTP error 406. 
2024-08-07 12:44:30   Vancouver  Error:  HTTP error 406. 
2024-08-07 15:25:49   Vancouver  Error:  HTTP error 406. 
2024-08-14 18:31:57   Vancouver  Error:  Timeout was reached: [cambiosvancouver.com] Connection timeout after 10001 ms 
2024-08-16 01:41:15   Vancouver  Error:  Timeout was reached: [cambiosvancouver.com] Connection timeout after 10000 ms 
2024-08-25 21:22:36   Vancouver  Error:  Timeout was reached: [cambiosvancouver.com] Connection timeout after 10001 ms 
2024-08-30 03:27:29   Vancouver  Error:  Timeout was reached: [cambiosvancouver.com] Connection timeout after 10001 ms 
2024-09-02 06:35:38   Condor  Error:  'Error caughtTimeoutError: Navigation timeout of 30000 ms exceeded' does not exist in current working directory ('/home/runner/work/eurcopscraper/eurcopscraper'). 
2024-09-09 09:28:52   Condor  Error:  'Error caughtTimeoutError: Navigation timeout of 30000 ms exceeded' does not exist in current working directory ('/home/runner/work/eurcopscraper/eurcopscraper'). 
2024-09-10 01:50:33   Vancouver  Error:  Error in the HTTP2 framing layer 
2024-09-10 03:29:14   Vancouver  Error:  Timeout was reached: [cambiosvancouver.com] Connection timeout after 10000 ms 
2024-09-30 15:29:37   Comdirect  Error:  'Error caughtTimeoutError: Navigation timeout of 30000 ms exceeded' does not exist in current working directory ('/home/runner/work/eurcopscraper/eurcopscraper'). 
2024-10-03 12:50:02   Condor  Error:  The size of `nm` (3) must be compatible with the size of `x` (0). 
2024-10-04 09:28:10   Condor  Error:  'Error caughtTimeoutError: Navigation timeout of 30000 ms exceeded' does not exist in current working directory ('/home/runner/work/eurcopscraper/eurcopscraper'). 
2024-10-05 09:28:35   Comdirect  Error:  ℹ In argument: `iso == "COP"`.
Caused by error:
! object 'iso' not found 
2024-10-05 12:45:57   Comdirect  Error:  ℹ In argument: `iso == "COP"`.
Caused by error:
! object 'iso' not found 
2024-10-08 18:35:12   Condor  Error:  'Error caughtTimeoutError: Navigation timeout of 30000 ms exceeded' does not exist in current working directory ('/home/runner/work/eurcopscraper/eurcopscraper'). 
2024-10-08 21:26:34   Master  Error:  missing value where TRUE/FALSE needed 
2024-10-08 21:26:34   Nu  Error:  missing value where TRUE/FALSE needed 
2024-10-21 18:35:38   Condor  Error:  'Error caughtTimeoutError: Navigation timeout of 30000 ms exceeded' does not exist in current working directory ('/home/runner/work/eurcopscraper/eurcopscraper'). 
2024-10-21 21:25:12   Condor  Error:  The size of `nm` (3) must be compatible with the size of `x` (0). 
2024-10-27 06:34:33   Condor  Error:  The size of `nm` (3) must be compatible with the size of `x` (0). 
2024-10-27 09:25:40   Condor  Error:  The size of `nm` (3) must be compatible with the size of `x` (0). 
2024-10-27 12:46:53   Condor  Error:  The size of `nm` (3) must be compatible with the size of `x` (0). 
2024-10-27 15:25:49   Condor  Error:  'Error caughtError: net::ERR_TOO_MANY_REDIRECTS at http://www.elcondorcambios.com/' does not exist in current working directory ('/home/runner/work/eurcopscraper/eurcopscraper'). 
2024-11-11 18:33:38   Master  Error:  missing value where TRUE/FALSE needed 
2024-11-11 18:33:38   Nu  Error:  missing value where TRUE/FALSE needed 
2024-11-16 15:27:22   Master  Error:  missing value where TRUE/FALSE needed 
2024-11-16 15:27:22   Nu  Error:  missing value where TRUE/FALSE needed 
2024-11-18 12:53:22   Condor  Error:  The size of `nm` (3) must be compatible with the size of `x` (0). 
2024-11-24 03:39:44   Condor  Error:  The size of `nm` (3) must be compatible with the size of `x` (0). 
2024-11-25 15:30:12   Condor  Error:  'Error caughtTimeoutError: Navigation timeout of 30000 ms exceeded' does not exist in current working directory ('/home/runner/work/eurcopscraper/eurcopscraper'). 
2024-12-02 15:30:30   Condor  Error:  The size of `nm` (3) must be compatible with the size of `x` (0). 
2024-12-03 12:53:54   Condor  Error:  The size of `nm` (3) must be compatible with the size of `x` (0). 
2024-12-28 21:23:00   Master  Error:  missing value where TRUE/FALSE needed 
2024-12-28 21:23:00   Nu  Error:  missing value where TRUE/FALSE needed 
2025-01-09 18:36:10   Condor  Error:  'Error caughtTimeoutError: Navigation timeout of 30000 ms exceeded' does not exist in current working directory ('/home/runner/work/eurcopscraper/eurcopscraper'). 
2025-01-11 12:46:04   Master  Error:  missing value where TRUE/FALSE needed 
2025-01-11 12:46:05   Nu  Error:  missing value where TRUE/FALSE needed 
2025-01-12 03:36:25   Condor  Error:  '' does not exist in current working directory ('/home/runner/work/eurcopscraper/eurcopscraper'). 
2025-01-12 03:36:25   Comdirect  Error:  '' does not exist in current working directory ('/home/runner/work/eurcopscraper/eurcopscraper'). 
2025-01-12 06:36:53   Condor  Error:  '' does not exist in current working directory ('/home/runner/work/eurcopscraper/eurcopscraper'). 
2025-01-12 06:36:53   Comdirect  Error:  '' does not exist in current working directory ('/home/runner/work/eurcopscraper/eurcopscraper'). 
2025-01-12 09:26:43   Condor  Error:  '' does not exist in current working directory ('/home/runner/work/eurcopscraper/eurcopscraper'). 
2025-01-12 09:26:43   Comdirect  Error:  '' does not exist in current working directory ('/home/runner/work/eurcopscraper/eurcopscraper'). 
2025-01-12 12:47:32   Condor  Error:  '' does not exist in current working directory ('/home/runner/work/eurcopscraper/eurcopscraper'). 
2025-01-12 12:47:33   Comdirect  Error:  '' does not exist in current working directory ('/home/runner/work/eurcopscraper/eurcopscraper'). 
2025-01-12 15:26:50   Condor  Error:  '' does not exist in current working directory ('/home/runner/work/eurcopscraper/eurcopscraper'). 
2025-01-12 15:26:51   Comdirect  Error:  '' does not exist in current working directory ('/home/runner/work/eurcopscraper/eurcopscraper'). 
2025-01-12 18:35:03   Condor  Error:  '' does not exist in current working directory ('/home/runner/work/eurcopscraper/eurcopscraper'). 
2025-01-12 18:35:04   Comdirect  Error:  '' does not exist in current working directory ('/home/runner/work/eurcopscraper/eurcopscraper'). 
2025-01-12 21:24:44   Condor  Error:  '' does not exist in current working directory ('/home/runner/work/eurcopscraper/eurcopscraper'). 
2025-01-12 21:24:45   Comdirect  Error:  '' does not exist in current working directory ('/home/runner/work/eurcopscraper/eurcopscraper'). 
2025-01-13 01:59:21   Condor  Error:  '' does not exist in current working directory ('/home/runner/work/eurcopscraper/eurcopscraper'). 
2025-01-13 01:59:22   Comdirect  Error:  '' does not exist in current working directory ('/home/runner/work/eurcopscraper/eurcopscraper'). 
2025-01-13 03:37:01   Condor  Error:  '' does not exist in current working directory ('/home/runner/work/eurcopscraper/eurcopscraper'). 
2025-01-13 03:37:01   Comdirect  Error:  '' does not exist in current working directory ('/home/runner/work/eurcopscraper/eurcopscraper'). 
2025-01-13 06:39:00   Condor  Error:  '' does not exist in current working directory ('/home/runner/work/eurcopscraper/eurcopscraper'). 
2025-01-13 06:39:00   Comdirect  Error:  '' does not exist in current working directory ('/home/runner/work/eurcopscraper/eurcopscraper'). 
2025-01-13 09:31:46   Condor  Error:  '' does not exist in current working directory ('/home/runner/work/eurcopscraper/eurcopscraper'). 
2025-01-13 09:31:46   Comdirect  Error:  '' does not exist in current working directory ('/home/runner/work/eurcopscraper/eurcopscraper'). 
2025-01-13 12:53:27   Condor  Error:  '' does not exist in current working directory ('/home/runner/work/eurcopscraper/eurcopscraper'). 
2025-01-13 12:53:28   Comdirect  Error:  '' does not exist in current working directory ('/home/runner/work/eurcopscraper/eurcopscraper'). 
2025-01-13 15:30:55   Condor  Error:  '' does not exist in current working directory ('/home/runner/work/eurcopscraper/eurcopscraper'). 
2025-01-13 15:30:55   Comdirect  Error:  '' does not exist in current working directory ('/home/runner/work/eurcopscraper/eurcopscraper'). 
2025-01-13 18:38:05   Condor  Error:  '' does not exist in current working directory ('/home/runner/work/eurcopscraper/eurcopscraper'). 
2025-01-13 18:38:06   Comdirect  Error:  '' does not exist in current working directory ('/home/runner/work/eurcopscraper/eurcopscraper'). 
2025-01-13 21:24:04   Condor  Error:  '' does not exist in current working directory ('/home/runner/work/eurcopscraper/eurcopscraper'). 
2025-01-13 21:24:04   Comdirect  Error:  '' does not exist in current working directory ('/home/runner/work/eurcopscraper/eurcopscraper'). 
2025-01-14 01:50:52   Condor  Error:  '' does not exist in current working directory ('/home/runner/work/eurcopscraper/eurcopscraper'). 
2025-01-14 01:50:52   Comdirect  Error:  '' does not exist in current working directory ('/home/runner/work/eurcopscraper/eurcopscraper'). 
2025-01-14 03:29:15   Condor  Error:  '' does not exist in current working directory ('/home/runner/work/eurcopscraper/eurcopscraper'). 
2025-01-14 03:29:16   Comdirect  Error:  '' does not exist in current working directory ('/home/runner/work/eurcopscraper/eurcopscraper'). 
2025-01-14 06:35:25   Condor  Error:  '' does not exist in current working directory ('/home/runner/work/eurcopscraper/eurcopscraper'). 
2025-01-14 06:35:25   Comdirect  Error:  '' does not exist in current working directory ('/home/runner/work/eurcopscraper/eurcopscraper'). 
2025-01-27 15:24:16   Comdirect  Error:  ℹ In argument: `iso == "COP"`.
Caused by error:
! object 'iso' not found 
2025-02-13 09:29:03   Kapital  Error:  Timeout was reached: [cambioskapital.com] Resolving timed out after 10000 milliseconds 
2025-02-13 12:50:35   Kapital  Error:  Timeout was reached: [cambioskapital.com] Resolving timed out after 10000 milliseconds 
2025-02-16 06:33:31   Master  Error:  Unexpected content type "text/html".
• Expecting type "application/json" or suffix "json". 
2025-03-07 06:36:58   Master  Error:  HTTP 403 Forbidden. 
2025-03-07 06:37:16   Nu  Error:  HTTP 403 Forbidden. 
2025-03-07 09:28:12   Master  Error:  HTTP 403 Forbidden. 
2025-03-07 09:28:36   Nu  Error:  HTTP 403 Forbidden. 
2025-03-07 12:51:30   Master  Error:  HTTP 403 Forbidden. 
2025-03-07 12:51:49   Nu  Error:  HTTP 403 Forbidden. 
2025-03-07 15:28:54   Master  Error:  HTTP 403 Forbidden. 
2025-03-07 15:29:13   Nu  Error:  HTTP 403 Forbidden. 
2025-03-07 18:35:49   Master  Error:  HTTP 403 Forbidden. 
2025-03-07 18:36:04   Nu  Error:  HTTP 403 Forbidden. 
2025-03-07 21:23:29   Master  Error:  HTTP 403 Forbidden. 
2025-03-07 21:23:54   Nu  Error:  HTTP 403 Forbidden. 
2025-03-08 01:35:06   Master  Error:  HTTP 403 Forbidden. 
2025-03-08 01:35:20   Nu  Error:  HTTP 403 Forbidden. 
2025-03-08 03:25:48   Master  Error:  HTTP 403 Forbidden. 
2025-03-08 03:26:08   Nu  Error:  HTTP 403 Forbidden. 
2025-03-08 06:29:05   Master  Error:  HTTP 403 Forbidden. 
2025-03-08 06:29:19   Nu  Error:  HTTP 403 Forbidden. 
2025-03-08 09:23:02   Master  Error:  HTTP 403 Forbidden. 
2025-03-08 09:23:15   Nu  Error:  HTTP 403 Forbidden. 
2025-03-08 12:38:19   Master  Error:  HTTP 403 Forbidden. 
2025-03-08 12:38:32   Nu  Error:  HTTP 403 Forbidden. 
2025-03-08 15:22:33   Master  Error:  HTTP 403 Forbidden. 
2025-03-08 15:22:41   Nu  Error:  HTTP 403 Forbidden. 
2025-03-08 18:29:30   Master  Error:  HTTP 403 Forbidden. 
2025-03-08 18:29:56   Nu  Error:  HTTP 403 Forbidden. 
2025-03-08 21:21:48   Master  Error:  HTTP 403 Forbidden. 
2025-03-08 21:22:07   Nu  Error:  HTTP 403 Forbidden. 
2025-03-09 01:41:21   Master  Error:  HTTP 403 Forbidden. 
2025-03-09 01:41:37   Nu  Error:  HTTP 403 Forbidden. 
2025-03-09 03:26:29   Master  Error:  HTTP 403 Forbidden. 
2025-03-09 03:26:37   Nu  Error:  HTTP 403 Forbidden. 
2025-03-09 06:29:16   Master  Error:  HTTP 403 Forbidden. 
2025-03-09 06:29:37   Nu  Error:  HTTP 403 Forbidden. 
2025-03-09 09:22:14   Master  Error:  HTTP 403 Forbidden. 
2025-03-09 09:22:24   Nu  Error:  HTTP 403 Forbidden. 
2025-03-09 12:38:44   Master  Error:  HTTP 403 Forbidden. 
2025-03-09 12:39:00   Nu  Error:  HTTP 403 Forbidden. 
2025-03-09 15:23:48   Master  Error:  HTTP 403 Forbidden. 
2025-03-09 15:24:08   Nu  Error:  HTTP 403 Forbidden. 
2025-03-09 18:28:18   Master  Error:  HTTP 403 Forbidden. 
2025-03-09 18:28:27   Nu  Error:  HTTP 403 Forbidden. 
2025-03-09 21:22:33   Master  Error:  HTTP 403 Forbidden. 
2025-03-09 21:22:45   Nu  Error:  HTTP 403 Forbidden. 
2025-03-10 01:39:46   Master  Error:  HTTP 403 Forbidden. 
2025-03-10 01:40:04   Nu  Error:  HTTP 403 Forbidden. 
2025-03-10 03:27:15   Master  Error:  HTTP 403 Forbidden. 
2025-03-10 03:27:31   Nu  Error:  HTTP 403 Forbidden. 
2025-03-10 06:31:49   Master  Error:  HTTP 403 Forbidden. 
2025-03-10 06:32:03   Nu  Error:  HTTP 403 Forbidden. 
2025-03-10 09:25:14   Master  Error:  HTTP 403 Forbidden. 
2025-03-10 09:25:32   Nu  Error:  HTTP 403 Forbidden. 
2025-03-10 12:53:36   Master  Error:  HTTP 403 Forbidden. 
2025-03-10 12:53:59   Nu  Error:  HTTP 403 Forbidden. 
2025-03-10 15:29:26   Master  Error:  HTTP 403 Forbidden. 
2025-03-10 15:29:37   Nu  Error:  HTTP 403 Forbidden. 
2025-03-10 18:35:37   Master  Error:  HTTP 403 Forbidden. 
2025-03-10 18:36:00   Nu  Error:  HTTP 403 Forbidden. 
2025-03-10 21:25:49   Master  Error:  HTTP 403 Forbidden. 
2025-03-10 21:26:05   Nu  Error:  HTTP 403 Forbidden. 
2025-03-11 01:58:39   Master  Error:  HTTP 403 Forbidden. 
2025-03-11 01:58:53   Nu  Error:  HTTP 403 Forbidden. 
2025-03-11 03:36:16   Master  Error:  HTTP 403 Forbidden. 
2025-03-11 03:36:32   Nu  Error:  HTTP 403 Forbidden. 
2025-03-11 06:37:29   Master  Error:  HTTP 403 Forbidden. 
2025-03-11 06:37:47   Nu  Error:  HTTP 403 Forbidden. 
2025-03-11 09:29:21   Master  Error:  HTTP 403 Forbidden. 
2025-03-11 09:29:42   Nu  Error:  HTTP 403 Forbidden. 
2025-03-11 12:53:20   Master  Error:  HTTP 403 Forbidden. 
2025-03-11 12:53:41   Nu  Error:  HTTP 403 Forbidden. 
2025-03-11 15:31:47   Master  Error:  HTTP 403 Forbidden. 
2025-03-11 15:32:07   Nu  Error:  HTTP 403 Forbidden. 
2025-03-11 18:37:45   Master  Error:  HTTP 403 Forbidden. 
2025-03-11 18:37:56   Nu  Error:  HTTP 403 Forbidden. 
2025-03-11 21:21:42   Master  Error:  HTTP 403 Forbidden. 
2025-03-11 21:21:54   Nu  Error:  HTTP 403 Forbidden. 
2025-03-12 01:57:08   Master  Error:  HTTP 403 Forbidden. 
2025-03-12 01:57:32   Nu  Error:  HTTP 403 Forbidden. 
2025-03-12 03:35:36   Master  Error:  HTTP 403 Forbidden. 
2025-03-12 03:35:54   Nu  Error:  HTTP 403 Forbidden. 
2025-03-12 06:37:15   Master  Error:  HTTP 403 Forbidden. 
2025-03-12 06:37:33   Nu  Error:  HTTP 403 Forbidden. 
2025-03-12 09:29:22   Master  Error:  HTTP 403 Forbidden. 
2025-03-12 09:29:32   Nu  Error:  HTTP 403 Forbidden. 
2025-03-12 12:53:18   Master  Error:  HTTP 403 Forbidden. 
2025-03-12 12:53:38   Nu  Error:  HTTP 403 Forbidden. 
2025-03-12 15:30:37   Master  Error:  HTTP 403 Forbidden. 
2025-03-12 15:30:50   Nu  Error:  HTTP 403 Forbidden. 
2025-03-12 18:37:20   Master  Error:  HTTP 403 Forbidden. 
2025-03-12 18:37:39   Nu  Error:  HTTP 403 Forbidden. 
2025-03-12 21:26:05   Master  Error:  HTTP 403 Forbidden. 
2025-03-12 21:26:18   Nu  Error:  HTTP 403 Forbidden. 
2025-03-13 01:59:34   Master  Error:  HTTP 403 Forbidden. 
2025-03-13 01:59:43   Nu  Error:  HTTP 403 Forbidden. 
2025-03-13 03:37:08   Master  Error:  HTTP 403 Forbidden. 
2025-03-13 03:37:22   Nu  Error:  HTTP 403 Forbidden. 
2025-03-13 06:37:06   Master  Error:  HTTP 403 Forbidden. 
2025-03-13 06:37:25   Nu  Error:  HTTP 403 Forbidden. 
2025-03-13 09:29:22   Master  Error:  HTTP 403 Forbidden. 
2025-03-13 09:29:46   Nu  Error:  HTTP 403 Forbidden. 
2025-03-13 12:53:39   Master  Error:  HTTP 403 Forbidden. 
2025-03-13 12:53:55   Nu  Error:  HTTP 403 Forbidden. 
2025-03-13 15:31:19   Master  Error:  HTTP 403 Forbidden. 
2025-03-13 15:31:36   Nu  Error:  HTTP 403 Forbidden. 
2025-03-13 18:36:56   Master  Error:  HTTP 403 Forbidden. 
2025-03-13 18:37:13   Nu  Error:  HTTP 403 Forbidden. 
2025-03-13 21:26:18   Master  Error:  HTTP 403 Forbidden. 
2025-03-13 21:26:34   Nu  Error:  HTTP 403 Forbidden. 
2025-03-14 01:57:25   Master  Error:  HTTP 403 Forbidden. 
2025-03-14 01:57:40   Nu  Error:  HTTP 403 Forbidden. 
2025-03-14 03:37:31   Master  Error:  HTTP 403 Forbidden. 
2025-03-14 03:37:49   Nu  Error:  HTTP 403 Forbidden. 
2025-03-14 06:37:05   Master  Error:  HTTP 403 Forbidden. 
2025-03-14 06:37:17   Nu  Error:  HTTP 403 Forbidden. 
2025-03-14 09:28:41   Master  Error:  HTTP 403 Forbidden. 
2025-03-14 09:29:00   Nu  Error:  HTTP 403 Forbidden. 
2025-03-14 12:50:40   Master  Error:  HTTP 403 Forbidden. 
2025-03-14 12:50:55   Nu  Error:  HTTP 403 Forbidden. 
2025-03-14 15:29:14   Master  Error:  HTTP 403 Forbidden. 
2025-03-14 15:29:38   Nu  Error:  HTTP 403 Forbidden. 
2025-03-14 18:35:41   Master  Error:  HTTP 403 Forbidden. 
2025-03-14 18:36:04   Nu  Error:  HTTP 403 Forbidden. 
2025-03-14 21:27:28   Master  Error:  HTTP 403 Forbidden. 
2025-03-14 21:27:49   Nu  Error:  HTTP 403 Forbidden. 
2025-03-15 01:56:15   Master  Error:  HTTP 403 Forbidden. 
2025-03-15 01:56:27   Nu  Error:  HTTP 403 Forbidden. 
2025-03-15 03:34:29   Master  Error:  HTTP 403 Forbidden. 
2025-03-15 03:34:54   Nu  Error:  HTTP 403 Forbidden. 
2025-03-15 06:35:12   Master  Error:  HTTP 403 Forbidden. 
2025-03-15 06:35:36   Nu  Error:  HTTP 403 Forbidden. 
2025-03-15 09:25:36   Master  Error:  HTTP 403 Forbidden. 
2025-03-15 09:25:46   Nu  Error:  HTTP 403 Forbidden. 
2025-03-15 12:47:17   Master  Error:  HTTP 403 Forbidden. 
2025-03-15 12:47:33   Nu  Error:  HTTP 403 Forbidden. 
2025-03-15 15:25:57   Master  Error:  HTTP 403 Forbidden. 
2025-03-15 15:26:05   Nu  Error:  HTTP 403 Forbidden. 
2025-03-15 18:34:10   Master  Error:  HTTP 403 Forbidden. 
2025-03-15 18:34:26   Nu  Error:  HTTP 403 Forbidden. 
2025-03-15 21:25:47   Master  Error:  HTTP 403 Forbidden. 
2025-03-15 21:25:59   Nu  Error:  HTTP 403 Forbidden. 
2025-03-16 02:05:29   Master  Error:  HTTP 403 Forbidden. 
2025-03-16 02:05:53   Nu  Error:  HTTP 403 Forbidden. 
2025-03-16 03:37:54   Master  Error:  HTTP 403 Forbidden. 
2025-03-16 03:38:14   Nu  Error:  HTTP 403 Forbidden. 
2025-03-16 06:34:53   Master  Error:  HTTP 403 Forbidden. 
2025-03-16 06:35:10   Nu  Error:  HTTP 403 Forbidden. 
2025-03-16 09:26:05   Master  Error:  HTTP 403 Forbidden. 
2025-03-16 09:26:25   Nu  Error:  HTTP 403 Forbidden. 
2025-03-19 12:52:34   Kapital  Error:  Timeout was reached: [cambioskapital.com] Resolving timed out after 10000 milliseconds 
2025-03-21 21:24:40   Condor  Error:  'Error caughtTimeoutError: Navigation timeout of 30000 ms exceeded' does not exist in current working directory ('/home/runner/work/eurcopscraper/eurcopscraper'). 
2025-03-24 09:29:21   Visa  Error:  HTTP 520 NA. 
2025-04-15 06:57:15   Vancouver  Error:  '@media screen and (max-width: 1024px) { .eael-hamburger--tablet { .eael-simple-menu-horizontal, .eael-simple-menu-vertical { display: none; } } .eael-hamburger--tablet { .eael-simple-menu-container .eael-simple-menu-toggle { display: block; } } }	Inicio	Tasa de cambio del día	Requisitos y Normatividad	Horarios de Atención	Sucursales	Contáctenos	Menú conmutador hamburguesa' does not exist in current working directory ('/home/runner/work/eurcopscraper/eurcopscraper'). 
2025-04-15 09:30:08   Vancouver  Error:  '@media screen and (max-width: 1024px) { .eael-hamburger--tablet { .eael-simple-menu-horizontal, .eael-simple-menu-vertical { display: none; } } .eael-hamburger--tablet { .eael-simple-menu-container .eael-simple-menu-toggle { display: block; } } }	Inicio	Tasa de cambio del día	Requisitos y Normatividad	Horarios de Atención	Sucursales	Contáctenos	Menú conmutador hamburguesa' does not exist in current working directory ('/home/runner/work/eurcopscraper/eurcopscraper'). 
2025-04-15 12:53:42   Vancouver  Error:  '@media screen and (max-width: 1024px) { .eael-hamburger--tablet { .eael-simple-menu-horizontal, .eael-simple-menu-vertical { display: none; } } .eael-hamburger--tablet { .eael-simple-menu-container .eael-simple-menu-toggle { display: block; } } }	Inicio	Tasa de cambio del día	Requisitos y Normatividad	Horarios de Atención	Sucursales	Contáctenos	Menú conmutador hamburguesa' does not exist in current working directory ('/home/runner/work/eurcopscraper/eurcopscraper'). 
2025-04-15 15:29:36   Vancouver  Error:  '@media screen and (max-width: 1024px) { .eael-hamburger--tablet { .eael-simple-menu-horizontal, .eael-simple-menu-vertical { display: none; } } .eael-hamburger--tablet { .eael-simple-menu-container .eael-simple-menu-toggle { display: block; } } }	Inicio	Tasa de cambio del día	Requisitos y Normatividad	Horarios de Atención	Sucursales	Contáctenos	Menú conmutador hamburguesa' does not exist in current working directory ('/home/runner/work/eurcopscraper/eurcopscraper'). 
2025-04-15 18:35:28   Vancouver  Error:  '@media screen and (max-width: 1024px) { .eael-hamburger--tablet { .eael-simple-menu-horizontal, .eael-simple-menu-vertical { display: none; } } .eael-hamburger--tablet { .eael-simple-menu-container .eael-simple-menu-toggle { display: block; } } }	Inicio	Tasa de cambio del día	Requisitos y Normatividad	Horarios de Atención	Sucursales	Contáctenos	Menú conmutador hamburguesa' does not exist in current working directory ('/home/runner/work/eurcopscraper/eurcopscraper'). 
2025-04-15 21:25:31   Vancouver  Error:  '@media screen and (max-width: 1024px) { .eael-hamburger--tablet { .eael-simple-menu-horizontal, .eael-simple-menu-vertical { display: none; } } .eael-hamburger--tablet { .eael-simple-menu-container .eael-simple-menu-toggle { display: block; } } }	Inicio	Tasa de cambio del día	Requisitos y Normatividad	Horarios de Atención	Sucursales	Contáctenos	Menú conmutador hamburguesa' does not exist in current working directory ('/home/runner/work/eurcopscraper/eurcopscraper'). 
2025-04-16 02:04:09   Vancouver  Error:  '@media screen and (max-width: 1024px) { .eael-hamburger--tablet { .eael-simple-menu-horizontal, .eael-simple-menu-vertical { display: none; } } .eael-hamburger--tablet { .eael-simple-menu-container .eael-simple-menu-toggle { display: block; } } }	Inicio	Tasa de cambio del día	Requisitos y Normatividad	Horarios de Atención	Sucursales	Contáctenos	Menú conmutador hamburguesa' does not exist in current working directory ('/home/runner/work/eurcopscraper/eurcopscraper'). 
2025-04-16 03:40:51   Vancouver  Error:  '@media screen and (max-width: 1024px) { .eael-hamburger--tablet { .eael-simple-menu-horizontal, .eael-simple-menu-vertical { display: none; } } .eael-hamburger--tablet { .eael-simple-menu-container .eael-simple-menu-toggle { display: block; } } }	Inicio	Tasa de cambio del día	Requisitos y Normatividad	Horarios de Atención	Sucursales	Contáctenos	Menú conmutador hamburguesa' does not exist in current working directory ('/home/runner/work/eurcopscraper/eurcopscraper'). 
2025-04-16 06:38:29   Vancouver  Error:  '@media screen and (max-width: 1024px) { .eael-hamburger--tablet { .eael-simple-menu-horizontal, .eael-simple-menu-vertical { display: none; } } .eael-hamburger--tablet { .eael-simple-menu-container .eael-simple-menu-toggle { display: block; } } }	Inicio	Tasa de cambio del día	Requisitos y Normatividad	Horarios de Atención	Sucursales	Contáctenos	Menú conmutador hamburguesa' does not exist in current working directory ('/home/runner/work/eurcopscraper/eurcopscraper'). 
2025-04-16 09:29:39   Vancouver  Error:  '@media screen and (max-width: 1024px) { .eael-hamburger--tablet { .eael-simple-menu-horizontal, .eael-simple-menu-vertical { display: none; } } .eael-hamburger--tablet { .eael-simple-menu-container .eael-simple-menu-toggle { display: block; } } }	Inicio	Tasa de cambio del día	Requisitos y Normatividad	Horarios de Atención	Sucursales	Contáctenos	Menú conmutador hamburguesa' does not exist in current working directory ('/home/runner/work/eurcopscraper/eurcopscraper'). 
2025-04-29 02:06:52   Visa  Error:  HTTP 524 NA. 
2025-05-12 09:31:56   Comdirect  Error:  ℹ In argument: `iso == "COP"`.
Caused by error:
! object 'iso' not found 
2025-05-16 09:30:11   Comdirect  Error:  ℹ In argument: `iso == "COP"`.
Caused by error:
! object 'iso' not found 
2025-05-21 09:31:24   Comdirect  Error:  ℹ In argument: `iso == "COP"`.
Caused by error:
! object 'iso' not found 
2025-05-21 12:57:09   Comdirect  Error:  ℹ In argument: `iso == "COP"`.
Caused by error:
! object 'iso' not found 
2025-05-24 18:35:28   Comdirect  Error:  ℹ In argument: `iso == "COP"`.
Caused by error:
! object 'iso' not found 
2025-06-06 06:41:16   Vancouver  Error:  Timeout was reached: [cambiosvancouver.com] Failed to connect to cambiosvancouver.com port 443 after 5227 ms: Connection timed out 
2025-06-06 06:41:23   Condor  Error:  The size of `nm` (3) must be compatible with the size of `x` (0). 
2025-07-17 18:44:10   Master  Error:  HTTP 403 Forbidden. 
2025-07-17 18:44:23   Nu  Error:  HTTP 403 Forbidden. 
2025-07-17 21:28:56   Master  Error:  HTTP 403 Forbidden. 
2025-07-17 21:29:13   Nu  Error:  HTTP 403 Forbidden. 
2025-07-18 02:27:37   Master  Error:  HTTP 403 Forbidden. 
2025-07-18 02:27:47   Nu  Error:  HTTP 403 Forbidden. 
2025-07-18 04:05:19   Master  Error:  HTTP 403 Forbidden. 
2025-07-18 04:05:35   Nu  Error:  HTTP 403 Forbidden. 
2025-07-18 06:46:33   Master  Error:  HTTP 403 Forbidden. 
2025-07-18 06:46:44   Nu  Error:  HTTP 403 Forbidden. 
2025-07-18 09:35:03   Master  Error:  HTTP 403 Forbidden. 
2025-07-18 09:35:21   Nu  Error:  HTTP 403 Forbidden. 
2025-07-18 13:02:05   Master  Error:  HTTP 403 Forbidden. 
2025-07-18 13:02:32   Nu  Error:  HTTP 403 Forbidden. 
2025-07-18 15:32:52   Master  Error:  HTTP 403 Forbidden. 
2025-07-18 15:33:10   Nu  Error:  HTTP 403 Forbidden. 
2025-07-18 18:41:57   Master  Error:  HTTP 403 Forbidden. 
2025-07-18 18:42:03   Nu  Error:  HTTP 403 Forbidden. 
2025-07-18 21:29:16   Master  Error:  HTTP 403 Forbidden. 
2025-07-18 21:29:37   Nu  Error:  HTTP 403 Forbidden. 
2025-07-19 02:21:44   Master  Error:  HTTP 403 Forbidden. 
2025-07-19 02:22:01   Nu  Error:  HTTP 403 Forbidden. 
2025-07-19 03:58:51   Master  Error:  HTTP 403 Forbidden. 
2025-07-19 03:59:07   Nu  Error:  HTTP 403 Forbidden. 
2025-07-19 06:41:00   Master  Error:  HTTP 403 Forbidden. 
2025-07-19 06:41:19   Nu  Error:  HTTP 403 Forbidden. 
2025-07-19 09:30:12   Master  Error:  HTTP 403 Forbidden. 
2025-07-19 09:30:31   Nu  Error:  HTTP 403 Forbidden. 
2025-07-19 12:56:24   Master  Error:  HTTP 403 Forbidden. 
2025-07-19 12:56:36   Nu  Error:  HTTP 403 Forbidden. 
2025-07-19 15:30:04   Master  Error:  HTTP 403 Forbidden. 
2025-07-19 15:30:24   Nu  Error:  HTTP 403 Forbidden. 
2025-07-19 18:39:38   Master  Error:  HTTP 403 Forbidden. 
2025-07-19 18:39:54   Nu  Error:  HTTP 403 Forbidden. 
2025-07-19 21:27:47   Master  Error:  HTTP 403 Forbidden. 
2025-07-19 21:28:06   Nu  Error:  HTTP 403 Forbidden. 
2025-07-20 02:36:37   Master  Error:  HTTP 403 Forbidden. 
2025-07-20 02:36:47   Nu  Error:  HTTP 403 Forbidden. 
2025-07-20 04:11:40   Master  Error:  HTTP 403 Forbidden. 
2025-07-20 04:12:05   Nu  Error:  HTTP 403 Forbidden. 
2025-07-20 06:41:15   Master  Error:  HTTP 403 Forbidden. 
2025-07-20 06:41:34   Nu  Error:  HTTP 403 Forbidden. 
2025-07-20 09:30:24   Master  Error:  HTTP 403 Forbidden. 
2025-07-20 09:30:30   Nu  Error:  HTTP 403 Forbidden. 
2025-07-20 09:30:45   Comdirect  Error:  ℹ In argument: `iso == "COP"`.
Caused by error:
! object 'iso' not found 
2025-07-20 12:56:28   Master  Error:  HTTP 403 Forbidden. 
2025-07-20 12:56:47   Nu  Error:  HTTP 403 Forbidden. 
2025-07-20 15:30:14   Master  Error:  HTTP 403 Forbidden. 
2025-07-20 15:30:37   Nu  Error:  HTTP 403 Forbidden. 
2025-07-20 18:39:22   Master  Error:  HTTP 403 Forbidden. 
2025-07-20 18:39:39   Nu  Error:  HTTP 403 Forbidden. 
2025-07-20 21:28:02   Master  Error:  HTTP 403 Forbidden. 
2025-07-20 21:28:25   Nu  Error:  HTTP 403 Forbidden. 
2025-07-21 02:33:07   Master  Error:  HTTP 403 Forbidden. 
2025-07-21 02:33:34   Nu  Error:  HTTP 403 Forbidden. 
2025-07-21 04:10:58   Master  Error:  HTTP 403 Forbidden. 
2025-07-21 04:11:16   Nu  Error:  HTTP 403 Forbidden. 
2025-07-21 06:46:49   Master  Error:  HTTP 403 Forbidden. 
2025-07-21 06:47:09   Nu  Error:  HTTP 403 Forbidden. 
2025-07-21 09:38:58   Master  Error:  HTTP 403 Forbidden. 
2025-07-21 09:39:10   Nu  Error:  HTTP 403 Forbidden. 
2025-07-21 13:02:53   Master  Error:  HTTP 403 Forbidden. 
2025-07-21 13:03:05   Nu  Error:  HTTP 403 Forbidden. 
2025-07-21 15:33:33   Master  Error:  HTTP 403 Forbidden. 
2025-07-21 15:33:41   Nu  Error:  HTTP 403 Forbidden. 
2025-07-21 18:44:18   Master  Error:  HTTP 403 Forbidden. 
2025-07-21 18:44:38   Nu  Error:  HTTP 403 Forbidden. 
2025-07-21 21:29:49   Master  Error:  HTTP 403 Forbidden. 
2025-07-21 21:30:04   Nu  Error:  HTTP 403 Forbidden. 
2025-07-22 02:27:14   Master  Error:  HTTP 403 Forbidden. 
2025-07-22 02:27:36   Nu  Error:  HTTP 403 Forbidden. 
2025-07-22 04:05:10   Master  Error:  HTTP 403 Forbidden. 
2025-07-22 04:05:32   Nu  Error:  HTTP 403 Forbidden. 
2025-07-22 06:46:05   Master  Error:  HTTP 403 Forbidden. 
2025-07-22 06:46:23   Nu  Error:  HTTP 403 Forbidden. 
2025-07-22 09:36:34   Master  Error:  HTTP 403 Forbidden. 
2025-07-22 09:36:44   Nu  Error:  HTTP 403 Forbidden. 
2025-07-22 13:02:51   Master  Error:  HTTP 403 Forbidden. 
2025-07-22 13:03:15   Nu  Error:  HTTP 403 Forbidden. 
2025-07-22 15:34:26   Master  Error:  HTTP 403 Forbidden. 
2025-07-22 15:34:39   Nu  Error:  HTTP 403 Forbidden. 
2025-07-22 18:46:43   Master  Error:  HTTP 403 Forbidden. 
2025-07-22 18:46:57   Nu  Error:  HTTP 403 Forbidden. 
2025-07-22 21:29:55   Master  Error:  HTTP 403 Forbidden. 
2025-07-22 21:30:14   Nu  Error:  HTTP 403 Forbidden. 
2025-07-23 02:28:00   Master  Error:  HTTP 403 Forbidden. 
2025-07-23 02:28:25   Nu  Error:  HTTP 403 Forbidden. 
2025-07-23 04:06:46   Master  Error:  HTTP 403 Forbidden. 
2025-07-23 04:07:08   Nu  Error:  HTTP 403 Forbidden. 
2025-07-23 06:47:07   Master  Error:  HTTP 403 Forbidden. 
2025-07-23 06:47:13   Nu  Error:  HTTP 403 Forbidden. 
2025-07-23 09:37:21   Master  Error:  HTTP 403 Forbidden. 
2025-07-23 09:37:33   Nu  Error:  HTTP 403 Forbidden. 
2025-07-23 13:06:42   Master  Error:  HTTP 403 Forbidden. 
2025-07-23 13:06:52   Nu  Error:  HTTP 403 Forbidden. 
2025-07-23 15:35:30   Master  Error:  HTTP 403 Forbidden. 
2025-07-23 15:35:43   Nu  Error:  HTTP 403 Forbidden. 
2025-07-23 18:43:58   Master  Error:  HTTP 403 Forbidden. 
2025-07-23 18:44:11   Nu  Error:  HTTP 403 Forbidden. 
2025-07-23 21:30:37   Master  Error:  HTTP 403 Forbidden. 
2025-07-23 21:30:59   Nu  Error:  HTTP 403 Forbidden. 
2025-07-24 02:27:24   Master  Error:  HTTP 403 Forbidden. 
2025-07-24 02:27:40   Nu  Error:  HTTP 403 Forbidden. 
2025-07-24 04:05:35   Master  Error:  HTTP 403 Forbidden. 
2025-07-24 04:05:55   Nu  Error:  HTTP 403 Forbidden. 
2025-07-24 06:46:35   Master  Error:  HTTP 403 Forbidden. 
2025-07-24 06:47:01   Nu  Error:  HTTP 403 Forbidden. 
2025-07-24 09:35:59   Master  Error:  HTTP 403 Forbidden. 
2025-07-24 09:36:20   Nu  Error:  HTTP 403 Forbidden. 
2025-07-24 13:02:49   Master  Error:  HTTP 403 Forbidden. 
2025-07-24 13:03:02   Nu  Error:  HTTP 403 Forbidden. 
2025-07-24 15:31:49   Master  Error:  HTTP 403 Forbidden. 
2025-07-24 15:32:04   Nu  Error:  HTTP 403 Forbidden. 
2025-07-24 18:43:33   Master  Error:  HTTP 403 Forbidden. 
2025-07-24 18:43:44   Nu  Error:  HTTP 403 Forbidden. 
2025-07-24 21:30:13   Master  Error:  HTTP 403 Forbidden. 
2025-07-24 21:30:26   Nu  Error:  HTTP 403 Forbidden. 
2025-07-25 02:26:55   Master  Error:  HTTP 403 Forbidden. 
2025-07-25 02:27:08   Nu  Error:  HTTP 403 Forbidden. 
2025-07-25 04:05:31   Master  Error:  HTTP 403 Forbidden. 
2025-07-25 04:05:43   Nu  Error:  HTTP 403 Forbidden. 
2025-07-25 04:05:52   Condor  Error:  The size of `nm` (3) must be compatible with the size of `x` (0). 
2025-07-25 06:47:01   Master  Error:  HTTP 403 Forbidden. 
2025-07-25 06:47:21   Nu  Error:  HTTP 403 Forbidden. 
2025-07-25 09:35:35   Master  Error:  HTTP 403 Forbidden. 
2025-07-25 09:36:01   Nu  Error:  HTTP 403 Forbidden. 
2025-07-25 13:01:53   Master  Error:  HTTP 403 Forbidden. 
2025-07-25 13:02:19   Nu  Error:  HTTP 403 Forbidden. 
2025-07-25 15:33:16   Master  Error:  HTTP 403 Forbidden. 
2025-07-25 15:33:37   Nu  Error:  HTTP 403 Forbidden. 
2025-07-25 18:44:00   Master  Error:  HTTP 403 Forbidden. 
2025-07-25 18:44:16   Nu  Error:  HTTP 403 Forbidden. 
2025-07-25 21:29:24   Master  Error:  HTTP 403 Forbidden. 
2025-07-25 21:29:44   Nu  Error:  HTTP 403 Forbidden. 
2025-07-26 02:22:50   Master  Error:  HTTP 403 Forbidden. 
2025-07-26 02:23:11   Nu  Error:  HTTP 403 Forbidden. 
2025-07-26 04:03:18   Master  Error:  HTTP 403 Forbidden. 
2025-07-26 04:03:38   Nu  Error:  HTTP 403 Forbidden. 
2025-07-26 06:41:31   Master  Error:  HTTP 403 Forbidden. 
2025-07-26 06:41:42   Nu  Error:  HTTP 403 Forbidden. 
2025-07-26 09:30:49   Master  Error:  HTTP 403 Forbidden. 
2025-07-26 09:31:09   Nu  Error:  HTTP 403 Forbidden. 
2025-07-26 12:57:01   Master  Error:  HTTP 403 Forbidden. 
2025-07-26 12:57:15   Nu  Error:  HTTP 403 Forbidden. 
2025-07-26 15:31:27   Master  Error:  HTTP 403 Forbidden. 
2025-07-26 15:31:50   Nu  Error:  HTTP 403 Forbidden. 
2025-07-26 15:31:57   Condor  Error:  The size of `nm` (3) must be compatible with the size of `x` (0). 
2025-07-26 18:40:01   Master  Error:  HTTP 403 Forbidden. 
2025-07-26 18:40:09   Nu  Error:  HTTP 403 Forbidden. 
2025-07-26 21:28:22   Master  Error:  HTTP 403 Forbidden. 
2025-07-26 21:28:33   Nu  Error:  HTTP 403 Forbidden. 
2025-07-27 02:38:03   Master  Error:  HTTP 403 Forbidden. 
2025-07-27 02:38:20   Nu  Error:  HTTP 403 Forbidden. 
2025-07-27 04:12:50   Master  Error:  HTTP 403 Forbidden. 
2025-07-27 04:13:07   Nu  Error:  HTTP 403 Forbidden. 
2025-07-27 06:42:47   Master  Error:  HTTP 403 Forbidden. 
2025-07-27 06:43:07   Nu  Error:  HTTP 403 Forbidden. 
2025-07-27 09:31:42   Master  Error:  HTTP 403 Forbidden. 
2025-07-27 09:31:53   Nu  Error:  HTTP 403 Forbidden. 
2025-07-27 12:58:15   Master  Error:  HTTP 403 Forbidden. 
2025-07-27 12:58:28   Nu  Error:  HTTP 403 Forbidden. 
2025-07-27 15:30:04   Master  Error:  HTTP 403 Forbidden. 
2025-07-27 15:30:20   Nu  Error:  HTTP 403 Forbidden. 
2025-07-27 18:40:40   Master  Error:  HTTP 403 Forbidden. 
2025-07-27 18:40:54   Nu  Error:  HTTP 403 Forbidden. 
2025-07-27 21:28:00   Master  Error:  HTTP 403 Forbidden. 
2025-07-27 21:28:17   Nu  Error:  HTTP 403 Forbidden. 
2025-07-28 02:34:04   Master  Error:  HTTP 403 Forbidden. 
2025-07-28 02:34:19   Nu  Error:  HTTP 403 Forbidden. 
2025-07-28 04:13:55   Master  Error:  HTTP 403 Forbidden. 
2025-07-28 04:14:14   Nu  Error:  HTTP 403 Forbidden. 
2025-07-28 06:49:54   Master  Error:  HTTP 403 Forbidden. 
2025-07-28 06:50:05   Nu  Error:  HTTP 403 Forbidden. 
2025-07-28 07:46:49   Master  Error:  HTTP 403 Forbidden. 
2025-07-28 07:47:04   Nu  Error:  HTTP 403 Forbidden. 
2025-07-28 07:58:02   Master  Error:  HTTP 403 Forbidden. 
2025-07-28 07:58:21   Nu  Error:  HTTP 403 Forbidden. 
2025-07-28 07:58:30   Condor  Error:  The size of `nm` (3) must be compatible with the size of `x` (0). 
2025-07-28 09:42:51   Master  Error:  HTTP 403 Forbidden. 
2025-07-28 09:42:57   Nu  Error:  HTTP 403 Forbidden. 
2025-07-28 13:03:54   Master  Error:  HTTP 403 Forbidden. 
2025-07-28 13:04:10   Nu  Error:  HTTP 403 Forbidden. 
2025-07-28 15:34:55   Master  Error:  HTTP 403 Forbidden. 
2025-07-28 15:35:20   Nu  Error:  HTTP 403 Forbidden. 
2025-07-28 18:46:23   Master  Error:  HTTP 403 Forbidden. 
2025-07-28 18:46:36   Nu  Error:  HTTP 403 Forbidden. 
2025-07-28 21:28:10   Master  Error:  HTTP 403 Forbidden. 
2025-07-28 21:28:31   Nu  Error:  HTTP 403 Forbidden. 
2025-07-29 02:39:15   Master  Error:  HTTP 403 Forbidden. 
2025-07-29 02:39:28   Nu  Error:  HTTP 403 Forbidden. 
2025-07-29 04:14:06   Master  Error:  HTTP 403 Forbidden. 
2025-07-29 04:14:21   Nu  Error:  HTTP 403 Forbidden. 
2025-07-29 06:47:44   Master  Error:  HTTP 403 Forbidden. 
2025-07-29 06:47:51   Nu  Error:  HTTP 403 Forbidden. 
2025-07-29 09:36:52   Master  Error:  HTTP 403 Forbidden. 
2025-07-29 09:37:11   Nu  Error:  HTTP 403 Forbidden. 
2025-07-29 13:05:21   Master  Error:  HTTP 403 Forbidden. 
2025-07-29 13:05:35   Nu  Error:  HTTP 403 Forbidden. 
2025-07-29 15:39:08   Master  Error:  HTTP 403 Forbidden. 
2025-07-29 15:39:26   Nu  Error:  HTTP 403 Forbidden. 
2025-07-29 18:47:57   Master  Error:  HTTP 403 Forbidden. 
2025-07-29 18:48:19   Nu  Error:  HTTP 403 Forbidden. 
2025-07-29 21:31:01   Master  Error:  HTTP 403 Forbidden. 
2025-07-29 21:31:12   Nu  Error:  HTTP 403 Forbidden. 
2025-07-30 02:30:46   Master  Error:  HTTP 403 Forbidden. 
2025-07-30 02:31:05   Nu  Error:  HTTP 403 Forbidden. 
2025-07-30 04:10:25   Master  Error:  HTTP 403 Forbidden. 
2025-07-30 04:10:40   Nu  Error:  HTTP 403 Forbidden. 
2025-07-30 06:49:43   Master  Error:  HTTP 403 Forbidden. 
2025-07-30 06:50:01   Nu  Error:  HTTP 403 Forbidden. 
2025-07-30 09:38:49   Master  Error:  HTTP 403 Forbidden. 
2025-07-30 09:39:16   Nu  Error:  HTTP 403 Forbidden. 
2025-07-30 13:04:24   Master  Error:  HTTP 403 Forbidden. 
2025-07-30 13:04:43   Nu  Error:  HTTP 403 Forbidden. 
2025-07-30 15:35:29   Master  Error:  HTTP 403 Forbidden. 
2025-07-30 15:35:45   Nu  Error:  HTTP 403 Forbidden. 
2025-07-30 18:45:01   Master  Error:  HTTP 403 Forbidden. 
2025-07-30 18:45:16   Nu  Error:  HTTP 403 Forbidden. 
2025-07-30 21:32:30   Visa  Error:  HTTP 409 Conflict. 
2025-07-30 21:32:53   Master  Error:  HTTP 403 Forbidden. 
2025-07-30 21:33:11   Nu  Error:  HTTP 403 Forbidden. 
2025-07-31 02:29:33   Master  Error:  HTTP 403 Forbidden. 
2025-07-31 02:29:48   Nu  Error:  HTTP 403 Forbidden. 
2025-07-31 04:09:37   Master  Error:  HTTP 403 Forbidden. 
2025-07-31 04:09:50   Nu  Error:  HTTP 403 Forbidden. 
2025-07-31 06:47:51   Master  Error:  HTTP 403 Forbidden. 
2025-07-31 06:48:10   Nu  Error:  HTTP 403 Forbidden. 
2025-07-31 09:37:11   Master  Error:  HTTP 403 Forbidden. 
2025-07-31 09:37:32   Nu  Error:  HTTP 403 Forbidden. 
2025-07-31 13:02:40   Master  Error:  HTTP 403 Forbidden. 
2025-07-31 13:02:58   Nu  Error:  HTTP 403 Forbidden. 
2025-07-31 15:34:08   Master  Error:  HTTP 403 Forbidden. 
2025-07-31 15:34:32   Nu  Error:  HTTP 403 Forbidden. 
2025-07-31 18:45:36   Master  Error:  HTTP 403 Forbidden. 
2025-07-31 18:45:49   Nu  Error:  HTTP 403 Forbidden. 
2025-07-31 21:30:19   Master  Error:  HTTP 403 Forbidden. 
2025-07-31 21:30:43   Nu  Error:  HTTP 403 Forbidden. 
2025-08-01 02:41:39   Master  Error:  HTTP 403 Forbidden. 
2025-08-01 02:42:01   Nu  Error:  HTTP 403 Forbidden. 
2025-08-01 04:20:35   Master  Error:  HTTP 403 Forbidden. 
2025-08-01 04:20:54   Nu  Error:  HTTP 403 Forbidden. 
2025-08-01 06:49:39   Master  Error:  HTTP 403 Forbidden. 
2025-08-01 06:49:59   Nu  Error:  HTTP 403 Forbidden. 
2025-08-01 09:37:12   Master  Error:  HTTP 403 Forbidden. 
2025-08-01 09:37:28   Nu  Error:  HTTP 403 Forbidden. 
2025-08-01 13:03:07   Master  Error:  HTTP 403 Forbidden. 
2025-08-01 13:03:30   Nu  Error:  HTTP 403 Forbidden. 
2025-08-01 15:33:58   Master  Error:  HTTP 403 Forbidden. 
2025-08-01 15:34:19   Nu  Error:  HTTP 403 Forbidden. 
2025-08-01 18:45:24   Master  Error:  HTTP 403 Forbidden. 
2025-08-01 18:45:45   Nu  Error:  HTTP 403 Forbidden. 
2025-08-01 21:29:35   Master  Error:  HTTP 403 Forbidden. 
2025-08-01 21:29:53   Nu  Error:  HTTP 403 Forbidden. 
2025-08-02 02:24:23   Master  Error:  HTTP 403 Forbidden. 
2025-08-02 02:24:40   Nu  Error:  HTTP 403 Forbidden. 
2025-08-02 04:01:38   Master  Error:  HTTP 403 Forbidden. 
2025-08-02 04:01:50   Nu  Error:  HTTP 403 Forbidden. 
2025-08-02 06:41:36   Master  Error:  HTTP 403 Forbidden. 
2025-08-02 06:41:51   Nu  Error:  HTTP 403 Forbidden. 
2025-08-02 09:32:54   Master  Error:  HTTP 403 Forbidden. 
2025-08-02 09:33:10   Nu  Error:  HTTP 403 Forbidden. 
2025-08-02 12:57:36   Master  Error:  HTTP 403 Forbidden. 
2025-08-02 12:57:56   Nu  Error:  HTTP 403 Forbidden. 
2025-08-02 15:30:47   Master  Error:  HTTP 403 Forbidden. 
2025-08-02 15:31:00   Nu  Error:  HTTP 403 Forbidden. 
2025-08-02 18:41:31   Master  Error:  HTTP 403 Forbidden. 
2025-08-02 18:41:43   Nu  Error:  HTTP 403 Forbidden. 
2025-08-02 21:28:13   Master  Error:  HTTP 403 Forbidden. 
2025-08-02 21:28:30   Nu  Error:  HTTP 403 Forbidden. 
2025-08-03 02:40:32   Master  Error:  HTTP 403 Forbidden. 
2025-08-03 02:40:52   Nu  Error:  HTTP 403 Forbidden. 
2025-08-03 04:16:21   Master  Error:  HTTP 403 Forbidden. 
2025-08-03 04:16:37   Nu  Error:  HTTP 403 Forbidden. 
2025-08-03 06:42:24   Master  Error:  HTTP 403 Forbidden. 
2025-08-03 06:42:43   Nu  Error:  HTTP 403 Forbidden. 
2025-08-03 09:30:50   Master  Error:  HTTP 403 Forbidden. 
2025-08-03 09:31:09   Nu  Error:  HTTP 403 Forbidden. 
2025-08-03 13:00:27   Master  Error:  HTTP 403 Forbidden. 
2025-08-03 13:00:36   Nu  Error:  HTTP 403 Forbidden. 
2025-08-03 15:31:49   Master  Error:  HTTP 403 Forbidden. 
2025-08-03 15:32:02   Nu  Error:  HTTP 403 Forbidden. 
2025-08-03 18:41:30   Master  Error:  HTTP 403 Forbidden. 
2025-08-03 18:41:41   Nu  Error:  HTTP 403 Forbidden. 
2025-08-03 21:29:21   Master  Error:  HTTP 403 Forbidden. 
2025-08-03 21:29:42   Nu  Error:  HTTP 403 Forbidden. 
2025-08-04 02:39:46   Master  Error:  HTTP 403 Forbidden. 
2025-08-04 02:40:09   Nu  Error:  HTTP 403 Forbidden. 
2025-08-04 04:22:13   Master  Error:  HTTP 403 Forbidden. 
2025-08-04 04:22:27   Nu  Error:  HTTP 403 Forbidden. 
2025-08-04 06:52:56   Master  Error:  HTTP 403 Forbidden. 
2025-08-04 06:53:15   Nu  Error:  HTTP 403 Forbidden. 
2025-08-04 09:42:20   Master  Error:  HTTP 403 Forbidden. 
2025-08-04 09:42:39   Nu  Error:  HTTP 403 Forbidden. 
2025-08-04 13:05:48   Master  Error:  HTTP 403 Forbidden. 
2025-08-04 13:06:07   Nu  Error:  HTTP 403 Forbidden. 
2025-08-04 15:35:38   Master  Error:  HTTP 403 Forbidden. 
2025-08-04 15:35:53   Nu  Error:  HTTP 403 Forbidden. 
2025-08-04 18:47:52   Master  Error:  HTTP 403 Forbidden. 
2025-08-04 18:48:10   Nu  Error:  HTTP 403 Forbidden. 
2025-08-04 21:31:06   Master  Error:  HTTP 403 Forbidden. 
2025-08-04 21:31:30   Nu  Error:  HTTP 403 Forbidden. 
2025-08-05 02:33:14   Master  Error:  HTTP 403 Forbidden. 
2025-08-05 02:33:26   Nu  Error:  HTTP 403 Forbidden. 
2025-08-05 04:14:24   Master  Error:  HTTP 403 Forbidden. 
2025-08-05 04:14:35   Nu  Error:  HTTP 403 Forbidden. 
2025-08-05 06:50:08   Master  Error:  HTTP 403 Forbidden. 
2025-08-05 06:50:33   Nu  Error:  HTTP 403 Forbidden. 
2025-08-05 09:37:41   Master  Error:  HTTP 403 Forbidden. 
2025-08-05 09:38:01   Nu  Error:  HTTP 403 Forbidden. 
2025-08-05 13:05:43   Master  Error:  HTTP 403 Forbidden. 
2025-08-05 13:06:06   Nu  Error:  HTTP 403 Forbidden. 
2025-08-05 15:35:51   Master  Error:  HTTP 403 Forbidden. 
2025-08-05 15:36:11   Nu  Error:  HTTP 403 Forbidden. 
2025-08-05 18:49:11   Master  Error:  HTTP 403 Forbidden. 
2025-08-05 18:49:32   Nu  Error:  HTTP 403 Forbidden. 
2025-08-05 21:31:06   Master  Error:  HTTP 403 Forbidden. 
2025-08-05 21:31:21   Nu  Error:  HTTP 403 Forbidden. 
2025-08-06 02:31:15   Master  Error:  HTTP 403 Forbidden. 
2025-08-06 02:31:34   Nu  Error:  HTTP 403 Forbidden. 
2025-08-06 04:12:03   Master  Error:  HTTP 403 Forbidden. 
2025-08-06 04:12:17   Nu  Error:  HTTP 403 Forbidden. 
2025-08-06 06:49:31   Master  Error:  HTTP 403 Forbidden. 
2025-08-06 06:49:50   Nu  Error:  HTTP 403 Forbidden. 
2025-08-06 09:38:39   Master  Error:  HTTP 403 Forbidden. 
2025-08-06 09:39:02   Nu  Error:  HTTP 403 Forbidden. 
2025-08-06 13:08:42   Master  Error:  HTTP 403 Forbidden. 
2025-08-06 13:08:57   Nu  Error:  HTTP 403 Forbidden. 
2025-08-06 15:35:36   Master  Error:  HTTP 403 Forbidden. 
2025-08-06 15:35:51   Nu  Error:  HTTP 403 Forbidden. 
2025-08-06 18:44:59   Master  Error:  HTTP 403 Forbidden. 
2025-08-06 18:45:15   Nu  Error:  HTTP 403 Forbidden. 
2025-08-06 21:28:39   Master  Error:  HTTP 403 Forbidden. 
2025-08-06 21:28:58   Nu  Error:  HTTP 403 Forbidden. 
2025-08-07 02:31:30   Master  Error:  HTTP 403 Forbidden. 
2025-08-07 02:31:49   Nu  Error:  HTTP 403 Forbidden. 
2025-08-07 04:11:52   Master  Error:  HTTP 403 Forbidden. 
2025-08-07 04:11:59   Nu  Error:  HTTP 403 Forbidden. 
2025-08-07 06:50:41   Master  Error:  HTTP 403 Forbidden. 
2025-08-07 06:50:50   Nu  Error:  HTTP 403 Forbidden. 
2025-08-07 09:37:30   Master  Error:  HTTP 403 Forbidden. 
2025-08-07 09:37:47   Nu  Error:  HTTP 403 Forbidden. 
2025-08-07 13:05:28   Master  Error:  HTTP 403 Forbidden. 
2025-08-07 13:05:53   Nu  Error:  HTTP 403 Forbidden. 
2025-08-07 15:35:20   Master  Error:  HTTP 403 Forbidden. 
2025-08-07 15:35:40   Nu  Error:  HTTP 403 Forbidden. 
2025-08-07 18:48:15   Master  Error:  HTTP 403 Forbidden. 
2025-08-07 18:48:34   Nu  Error:  HTTP 403 Forbidden. 
2025-08-07 21:29:11   Master  Error:  HTTP 403 Forbidden. 
2025-08-07 21:29:32   Nu  Error:  HTTP 403 Forbidden. 
2025-08-08 02:31:13   Master  Error:  HTTP 403 Forbidden. 
2025-08-08 02:31:29   Nu  Error:  HTTP 403 Forbidden. 
2025-08-08 04:11:01   Master  Error:  HTTP 403 Forbidden. 
2025-08-08 04:11:26   Nu  Error:  HTTP 403 Forbidden. 
2025-08-08 06:50:12   Master  Error:  HTTP 403 Forbidden. 
2025-08-08 06:50:34   Nu  Error:  HTTP 403 Forbidden. 
2025-08-08 09:37:56   Master  Error:  HTTP 403 Forbidden. 
2025-08-08 09:38:06   Nu  Error:  HTTP 403 Forbidden. 
2025-08-08 13:03:40   Master  Error:  HTTP 403 Forbidden. 
2025-08-08 13:03:52   Nu  Error:  HTTP 403 Forbidden. 
2025-08-08 15:33:46   Master  Error:  HTTP 403 Forbidden. 
2025-08-08 15:34:06   Nu  Error:  HTTP 403 Forbidden. 
2025-08-08 18:41:19   Master  Error:  HTTP 403 Forbidden. 
2025-08-08 18:41:43   Nu  Error:  HTTP 403 Forbidden. 
2025-08-08 21:27:52   Master  Error:  HTTP 403 Forbidden. 
2025-08-08 21:28:16   Nu  Error:  HTTP 403 Forbidden. 
2025-08-09 02:19:05   Master  Error:  HTTP 403 Forbidden. 
2025-08-09 02:19:24   Nu  Error:  HTTP 403 Forbidden. 
2025-08-09 03:56:07   Master  Error:  HTTP 403 Forbidden. 
2025-08-09 03:56:19   Nu  Error:  HTTP 403 Forbidden. 
2025-08-09 06:41:03   Master  Error:  HTTP 403 Forbidden. 
2025-08-09 06:41:19   Nu  Error:  HTTP 403 Forbidden. 
2025-08-09 09:30:15   Master  Error:  HTTP 403 Forbidden. 
2025-08-09 09:30:31   Nu  Error:  HTTP 403 Forbidden. 
2025-08-09 12:56:46   Master  Error:  HTTP 403 Forbidden. 
2025-08-09 12:57:12   Nu  Error:  HTTP 403 Forbidden. 
2025-08-09 15:29:12   Master  Error:  HTTP 403 Forbidden. 
2025-08-09 15:29:33   Nu  Error:  HTTP 403 Forbidden. 
2025-08-09 18:39:58   Master  Error:  HTTP 403 Forbidden. 
2025-08-09 18:40:18   Nu  Error:  HTTP 403 Forbidden. 
2025-08-09 21:27:02   Master  Error:  HTTP 403 Forbidden. 
2025-08-09 21:27:22   Nu  Error:  HTTP 403 Forbidden. 
2025-08-10 02:35:30   Master  Error:  HTTP 403 Forbidden. 
2025-08-10 02:35:45   Nu  Error:  HTTP 403 Forbidden. 
2025-08-10 04:09:30   Master  Error:  HTTP 403 Forbidden. 
2025-08-10 04:09:45   Nu  Error:  HTTP 403 Forbidden. 
2025-08-10 06:41:08   Master  Error:  HTTP 403 Forbidden. 
2025-08-10 06:41:21   Nu  Error:  HTTP 403 Forbidden. 
2025-08-10 09:30:10   Master  Error:  HTTP 403 Forbidden. 
2025-08-10 09:30:38   Nu  Error:  HTTP 403 Forbidden. 
2025-08-10 09:30:56   Comdirect  Error:  ℹ In argument: `iso == "COP"`.
Caused by error:
! object 'iso' not found 
2025-08-10 12:57:38   Master  Error:  HTTP 403 Forbidden. 
2025-08-10 12:57:51   Nu  Error:  HTTP 403 Forbidden. 
2025-08-10 15:29:28   Master  Error:  HTTP 403 Forbidden. 
2025-08-10 15:29:54   Nu  Error:  HTTP 403 Forbidden. 
2025-08-10 18:39:07   Master  Error:  HTTP 403 Forbidden. 
2025-08-10 18:39:19   Nu  Error:  HTTP 403 Forbidden. 
2025-08-10 21:27:05   Master  Error:  HTTP 403 Forbidden. 
2025-08-10 21:27:23   Nu  Error:  HTTP 403 Forbidden. 
2025-08-11 02:31:08   Master  Error:  HTTP 403 Forbidden. 
2025-08-11 02:31:21   Nu  Error:  HTTP 403 Forbidden. 
2025-08-11 04:11:24   Master  Error:  HTTP 403 Forbidden. 
2025-08-11 04:11:46   Nu  Error:  HTTP 403 Forbidden. 
2025-08-11 06:49:02   Master  Error:  HTTP 403 Forbidden. 
2025-08-11 06:49:18   Nu  Error:  HTTP 403 Forbidden. 
2025-08-11 09:37:06   Master  Error:  HTTP 403 Forbidden. 
2025-08-11 09:37:24   Nu  Error:  HTTP 403 Forbidden. 
2025-08-11 13:03:15   Master  Error:  HTTP 403 Forbidden. 
2025-08-11 13:03:27   Nu  Error:  HTTP 403 Forbidden. 
2025-08-11 15:37:26   Master  Error:  HTTP 403 Forbidden. 
2025-08-11 15:37:42   Nu  Error:  HTTP 403 Forbidden. 
2025-08-11 18:44:26   Master  Error:  HTTP 403 Forbidden. 
2025-08-11 18:44:49   Nu  Error:  HTTP 403 Forbidden. 
2025-08-11 21:26:53   Master  Error:  HTTP 403 Forbidden. 
2025-08-11 21:27:12   Nu  Error:  HTTP 403 Forbidden. 
2025-08-12 02:16:41   Master  Error:  HTTP 403 Forbidden. 
2025-08-12 02:16:58   Nu  Error:  HTTP 403 Forbidden. 
2025-08-12 03:54:22   Master  Error:  HTTP 403 Forbidden. 
2025-08-12 03:54:33   Nu  Error:  HTTP 403 Forbidden. 
2025-08-12 06:43:25   Master  Error:  HTTP 403 Forbidden. 
2025-08-12 06:43:50   Nu  Error:  HTTP 403 Forbidden. 
2025-08-12 09:33:02   Master  Error:  HTTP 403 Forbidden. 
2025-08-12 09:33:24   Nu  Error:  HTTP 403 Forbidden. 
2025-08-12 13:00:09   Master  Error:  HTTP 403 Forbidden. 
2025-08-12 13:00:24   Nu  Error:  HTTP 403 Forbidden. 
2025-08-12 15:33:20   Master  Error:  HTTP 403 Forbidden. 
2025-08-12 15:33:39   Nu  Error:  HTTP 403 Forbidden. 
2025-08-12 18:43:07   Master  Error:  HTTP 403 Forbidden. 
2025-08-12 18:43:30   Nu  Error:  HTTP 403 Forbidden. 
2025-08-12 21:28:06   Master  Error:  HTTP 403 Forbidden. 
2025-08-12 21:28:21   Nu  Error:  HTTP 403 Forbidden. 
2025-08-13 02:19:56   Master  Error:  HTTP 403 Forbidden. 
2025-08-13 02:20:14   Nu  Error:  HTTP 403 Forbidden. 
2025-08-13 03:56:44   Master  Error:  HTTP 403 Forbidden. 
2025-08-13 03:56:58   Nu  Error:  HTTP 403 Forbidden. 
2025-08-13 06:43:44   Master  Error:  HTTP 403 Forbidden. 
2025-08-13 06:44:03   Nu  Error:  HTTP 403 Forbidden. 
2025-08-13 09:33:13   Master  Error:  HTTP 403 Forbidden. 
2025-08-13 09:33:33   Nu  Error:  HTTP 403 Forbidden. 
2025-08-13 13:00:49   Master  Error:  HTTP 403 Forbidden. 
2025-08-13 13:01:00   Nu  Error:  HTTP 403 Forbidden. 
2025-08-13 15:29:03   Master  Error:  HTTP 403 Forbidden. 
2025-08-13 15:29:15   Nu  Error:  HTTP 403 Forbidden. 
2025-08-13 18:40:54   Master  Error:  HTTP 403 Forbidden. 
2025-08-13 18:41:19   Nu  Error:  HTTP 403 Forbidden. 
2025-08-13 21:27:38   Master  Error:  HTTP 403 Forbidden. 
2025-08-13 21:27:54   Nu  Error:  HTTP 403 Forbidden. 
2025-08-14 02:20:54   Master  Error:  HTTP 403 Forbidden. 
2025-08-14 02:21:08   Nu  Error:  HTTP 403 Forbidden. 
2025-08-14 03:57:38   Master  Error:  HTTP 403 Forbidden. 
2025-08-14 03:57:58   Nu  Error:  HTTP 403 Forbidden. 
2025-08-14 06:44:54   Master  Error:  HTTP 403 Forbidden. 
2025-08-14 06:45:06   Nu  Error:  HTTP 403 Forbidden. 
2025-08-14 09:04:50   Master  Error:  subscript out of bounds 
2025-08-14 09:05:09   Nu  Error:  Failed to perform HTTP request.
Caused by error in `curl::curl_fetch_memory()`:
! Failed sending HTTP request 
2025-08-14 09:16:33   Master  Error:  subscript out of bounds 
2025-08-14 09:16:51   Nu  Error:  Failed to perform HTTP request.
Caused by error in `curl::curl_fetch_memory()`:
! Failed sending HTTP request 
2025-08-14 09:35:20   Master  Error:  subscript out of bounds 
2025-08-14 09:35:42   Nu  Error:  Failed to perform HTTP request.
Caused by error in `curl::curl_fetch_memory()`:
! Failed sending HTTP request 
2025-08-14 13:01:27   Master  Error:  subscript out of bounds 
2025-08-14 13:01:34   Nu  Error:  Failed to perform HTTP request.
Caused by error in `curl::curl_fetch_memory()`:
! Failed sending HTTP request 
2025-08-14 15:32:44   Master  Error:  subscript out of bounds 
2025-08-14 15:33:10   Nu  Error:  Failed to perform HTTP request.
Caused by error in `curl::curl_fetch_memory()`:
! Failed sending HTTP request 
2025-08-14 18:44:25   Nu  Error:  Failed to perform HTTP request.
Caused by error in `curl::curl_fetch_memory()`:
! Failed sending HTTP request 
2025-08-14 21:28:21   Nu  Error:  Failed to perform HTTP request.
Caused by error in `curl::curl_fetch_memory()`:
! Failed sending HTTP request 
2025-08-15 02:21:40   Nu  Error:  Failed to perform HTTP request.
Caused by error in `curl::curl_fetch_memory()`:
! Failed sending HTTP request 
2025-08-15 03:57:41   Master  Error:  subscript out of bounds 
2025-08-15 03:57:57   Nu  Error:  Failed to perform HTTP request.
Caused by error in `curl::curl_fetch_memory()`:
! Failed sending HTTP request 
2025-08-15 06:22:42   Master  Error:  subscript out of bounds 
2025-08-15 06:34:49   Master  Error:  subscript out of bounds 
2025-08-15 06:43:06   Master  Error:  subscript out of bounds 
2025-08-15 06:43:23   Nu  Error:  subscript out of bounds 
2025-08-15 09:31:43   Master  Error:  subscript out of bounds 
2025-08-15 12:57:04   Master  Error:  subscript out of bounds 
2025-08-15 12:57:24   Nu  Error:  subscript out of bounds 
2025-08-15 15:30:37   Master  Error:  subscript out of bounds 
2025-08-15 21:25:41   Nu  Error:  subscript out of bounds 
2025-08-16 02:08:58   Master  Error:  subscript out of bounds 
2025-08-16 02:09:17   Nu  Error:  subscript out of bounds 
2025-08-16 03:51:13   Master  Error:  subscript out of bounds 
2025-08-16 03:51:31   Nu  Error:  subscript out of bounds 
2025-08-16 06:39:17   Master  Error:  subscript out of bounds 
2025-08-16 09:28:23   Master  Error:  subscript out of bounds 
2025-08-16 09:28:39   Nu  Error:  subscript out of bounds 
2025-08-16 12:54:44   Master  Error:  subscript out of bounds 
2025-08-16 18:37:21   Master  Error:  subscript out of bounds 
2025-08-16 18:37:40   Nu  Error:  subscript out of bounds 
2025-08-16 21:25:52   Master  Error:  subscript out of bounds 
2025-08-16 21:26:13   Nu  Error:  subscript out of bounds 
2025-08-17 02:27:16   Master  Error:  subscript out of bounds 
2025-08-17 02:27:34   Nu  Error:  subscript out of bounds 
2025-08-17 04:00:17   Master  Error:  subscript out of bounds 
2025-08-17 04:00:37   Nu  Error:  subscript out of bounds 
2025-08-17 06:40:50   Master  Error:  subscript out of bounds 
2025-08-17 06:41:08   Nu  Error:  subscript out of bounds 
2025-08-17 09:28:17   Master  Error:  subscript out of bounds 
2025-08-17 09:28:35   Nu  Error:  subscript out of bounds 
2025-08-17 12:55:23   Master  Error:  subscript out of bounds 
2025-08-17 15:28:19   Master  Error:  subscript out of bounds 
2025-08-17 15:28:38   Nu  Error:  subscript out of bounds 
2025-08-17 18:39:16   Master  Error:  subscript out of bounds 
2025-08-17 18:39:34   Nu  Error:  subscript out of bounds 
2025-08-17 21:27:19   Master  Error:  subscript out of bounds 
2025-08-18 02:27:37   Master  Error:  subscript out of bounds 
2025-08-18 02:27:55   Nu  Error:  subscript out of bounds 
2025-08-18 04:06:53   Master  Error:  subscript out of bounds 
2025-08-18 06:48:08   Master  Error:  subscript out of bounds 
2025-08-18 06:48:26   Nu  Error:  subscript out of bounds 
2025-08-18 09:36:18   Master  Error:  subscript out of bounds 
2025-08-18 09:36:34   Nu  Error:  subscript out of bounds 
2025-08-18 13:02:05   Master  Error:  subscript out of bounds 
2025-08-18 13:02:25   Nu  Error:  subscript out of bounds 
2025-08-18 15:33:45   Master  Error:  subscript out of bounds 
2025-08-18 18:42:42   Master  Error:  subscript out of bounds 
2025-08-18 18:43:00   Nu  Error:  subscript out of bounds 
2025-08-18 21:26:15   Master  Error:  subscript out of bounds 
2025-08-18 21:26:34   Nu  Error:  subscript out of bounds 
2025-08-19 02:08:01   Master  Error:  subscript out of bounds 
2025-08-19 02:08:21   Nu  Error:  subscript out of bounds 
2025-08-19 03:47:31   Master  Error:  subscript out of bounds 
2025-08-19 03:47:49   Nu  Error:  subscript out of bounds 
2025-08-19 06:42:03   Master  Error:  subscript out of bounds 
2025-08-19 06:42:22   Nu  Error:  subscript out of bounds 
2025-08-19 09:30:48   Master  Error:  subscript out of bounds 
2025-08-19 09:31:07   Nu  Error:  subscript out of bounds 
2025-08-19 12:55:39   Master  Error:  subscript out of bounds 
2025-08-19 12:55:59   Nu  Error:  subscript out of bounds 
2025-08-19 15:31:02   Master  Error:  subscript out of bounds 
2025-08-19 15:31:19   Nu  Error:  subscript out of bounds 
2025-08-19 18:37:58   Master  Error:  subscript out of bounds 
2025-08-19 18:38:17   Nu  Error:  subscript out of bounds 
2025-08-19 21:26:57   Master  Error:  subscript out of bounds 
2025-08-19 21:27:15   Nu  Error:  subscript out of bounds 
2025-08-20 02:05:54   Master  Error:  subscript out of bounds 
2025-08-20 02:06:12   Nu  Error:  subscript out of bounds 
2025-08-20 03:45:25   Master  Error:  subscript out of bounds 
2025-08-20 03:45:42   Nu  Error:  subscript out of bounds 
2025-08-20 06:42:06   Master  Error:  subscript out of bounds 
2025-08-20 06:42:25   Nu  Error:  subscript out of bounds 
2025-08-20 09:34:12   Master  Error:  subscript out of bounds 
2025-08-20 09:34:28   Nu  Error:  subscript out of bounds 
2025-08-20 13:03:08   Master  Error:  subscript out of bounds 
2025-08-20 13:03:27   Nu  Error:  subscript out of bounds 
2025-08-20 15:30:45   Master  Error:  subscript out of bounds 
2025-08-20 15:31:03   Nu  Error:  subscript out of bounds 
2025-08-20 18:40:02   Master  Error:  subscript out of bounds 
2025-08-20 18:40:22   Nu  Error:  subscript out of bounds 
2025-08-20 21:26:29   Master  Error:  subscript out of bounds 
2025-08-20 21:26:47   Nu  Error:  subscript out of bounds 
2025-08-21 02:04:33   Master  Error:  subscript out of bounds 
2025-08-21 02:04:52   Nu  Error:  subscript out of bounds 
2025-08-21 03:45:30   Master  Error:  subscript out of bounds 
2025-08-21 03:45:47   Nu  Error:  subscript out of bounds 
2025-08-21 06:51:39   Master  Error:  subscript out of bounds 
2025-08-21 06:51:57   Nu  Error:  subscript out of bounds 
2025-08-21 09:31:03   Master  Error:  subscript out of bounds 
2025-08-21 09:31:22   Nu  Error:  subscript out of bounds 
2025-08-21 12:56:55   Master  Error:  subscript out of bounds 
2025-08-21 12:57:13   Nu  Error:  subscript out of bounds 
2025-08-21 15:30:07   Master  Error:  subscript out of bounds 
2025-08-21 15:30:25   Nu  Error:  subscript out of bounds 
2025-08-21 18:42:16   Master  Error:  subscript out of bounds 
2025-08-21 18:42:36   Nu  Error:  subscript out of bounds 
2025-08-21 21:26:57   Master  Error:  subscript out of bounds 
2025-08-21 21:27:17   Nu  Error:  subscript out of bounds 
2025-08-22 02:05:23   Master  Error:  subscript out of bounds 
2025-08-22 03:45:43   Nu  Error:  subscript out of bounds 
2025-08-22 06:41:19   Master  Error:  subscript out of bounds 
2025-08-22 12:55:20   Master  Error:  subscript out of bounds 
2025-08-22 12:55:39   Nu  Error:  subscript out of bounds 
2025-08-22 18:38:32   Master  Error:  subscript out of bounds 
2025-08-22 18:38:49   Nu  Error:  subscript out of bounds 
2025-08-22 21:25:55   Master  Error:  subscript out of bounds 
2025-08-22 21:26:13   Nu  Error:  subscript out of bounds 
2025-08-23 02:00:57   Nu  Error:  subscript out of bounds 
2025-08-23 03:40:30   Master  Error:  subscript out of bounds 
2025-08-23 03:40:47   Nu  Error:  subscript out of bounds 
2025-08-23 06:37:59   Nu  Error:  subscript out of bounds 
2025-08-23 09:27:24   Nu  Error:  subscript out of bounds 
2025-08-23 12:52:14   Nu  Error:  subscript out of bounds 
2025-08-23 15:25:36   Master  Error:  subscript out of bounds 
2025-08-23 15:25:53   Nu  Error:  subscript out of bounds 
2025-08-24 02:22:50   Nu  Error:  subscript out of bounds 
2025-08-24 06:38:29   Master  Error:  subscript out of bounds 
2025-08-24 06:38:49   Nu  Error:  subscript out of bounds 
2025-08-24 09:26:17   Master  Error:  subscript out of bounds 
2025-08-24 09:26:35   Nu  Error:  subscript out of bounds 
2025-08-24 12:52:58   Nu  Error:  subscript out of bounds 
2025-08-24 15:26:54   Nu  Error:  subscript out of bounds 
2025-08-24 18:37:04   Nu  Error:  subscript out of bounds 
2025-08-24 21:25:35   Master  Error:  subscript out of bounds 
2025-08-25 02:10:19   Nu  Error:  subscript out of bounds 
2025-08-25 03:53:20   Nu  Error:  subscript out of bounds 
2025-08-25 06:43:44   Nu  Error:  subscript out of bounds 
2025-08-25 09:32:46   Nu  Error:  subscript out of bounds 
2025-08-25 12:58:25   Nu  Error:  subscript out of bounds 
2025-08-25 15:30:44   Nu  Error:  subscript out of bounds 
2025-08-25 15:33:21   Master  Error:  subscript out of bounds 
2025-08-25 15:33:39   Nu  Error:  subscript out of bounds 
2025-08-25 15:59:31   Master  Error:  subscript out of bounds 
2025-08-25 15:59:51   Nu  Error:  subscript out of bounds 
2025-08-25 18:43:39   Nu  Error:  subscript out of bounds 
2025-08-25 21:26:29   Nu  Error:  subscript out of bounds 
2025-08-26 02:06:52   Nu  Error:  subscript out of bounds 
2025-08-26 06:42:08   Nu  Error:  subscript out of bounds 
2025-08-26 09:36:19   Nu  Error:  subscript out of bounds 
2025-08-26 12:59:37   Nu  Error:  subscript out of bounds 
2025-08-26 13:37:48   Master  Error:  subscript out of bounds 
2025-08-26 13:38:09   Nu  Error:  subscript out of bounds 
2025-08-27 02:02:31   Nu  Error:  subscript out of bounds 
2025-08-27 03:39:30   Nu  Error:  subscript out of bounds 
2025-08-27 06:39:41   Nu  Error:  subscript out of bounds 
2025-08-27 09:29:39   Nu  Error:  subscript out of bounds 
2025-08-27 12:55:43   Nu  Error:  subscript out of bounds 
2025-08-27 15:29:32   Nu  Error:  subscript out of bounds 
2025-08-27 18:37:21   Nu  Error:  subscript out of bounds 
2025-08-27 21:25:43   Nu  Error:  subscript out of bounds 
2025-08-28 02:01:43   Nu  Error:  subscript out of bounds 
2025-08-28 06:40:32   Nu  Error:  subscript out of bounds 
2025-08-28 09:29:55   Nu  Error:  subscript out of bounds 
2025-08-28 15:29:03   Master  Error:  subscript out of bounds 
2025-08-28 15:29:21   Nu  Error:  subscript out of bounds 
2025-08-28 18:38:36   Master  Error:  subscript out of bounds 
2025-08-28 18:39:11   Nu  Error:  subscript out of bounds 
2025-08-29 02:01:59   Nu  Error:  subscript out of bounds 
2025-08-29 03:39:34   Nu  Error:  subscript out of bounds 
2025-08-29 09:29:48   Nu  Error:  subscript out of bounds 
2025-08-29 12:55:12   Nu  Error:  subscript out of bounds 
2025-08-29 15:29:36   Nu  Error:  subscript out of bounds 
2025-08-29 18:35:35   Nu  Error:  subscript out of bounds 
2025-08-30 03:36:04   Nu  Error:  subscript out of bounds 
2025-08-30 06:36:23   Nu  Error:  subscript out of bounds 
2025-08-30 09:25:55   Nu  Error:  subscript out of bounds 
2025-08-30 12:49:55   Nu  Error:  subscript out of bounds 
2025-08-30 15:25:33   Nu  Error:  subscript out of bounds 
2025-08-30 18:35:14   Master  Error:  subscript out of bounds 
2025-08-30 18:35:32   Nu  Error:  subscript out of bounds 
2025-08-30 21:23:49   Nu  Error:  subscript out of bounds 
2025-08-31 02:07:44   Nu  Error:  subscript out of bounds 
2025-08-31 03:41:54   Nu  Error:  subscript out of bounds 
2025-08-31 06:38:00   Nu  Error:  subscript out of bounds 
2025-08-31 12:51:23   Nu  Error:  subscript out of bounds 
2025-09-01 02:24:37   Nu  Error:  subscript out of bounds 
2025-09-01 06:43:37   Nu  Error:  subscript out of bounds 
2025-09-01 09:33:23   Nu  Error:  subscript out of bounds 
2025-09-01 18:37:19   Nu  Error:  subscript out of bounds 
2025-09-01 21:24:18   Nu  Error:  subscript out of bounds 
2025-09-02 02:04:43   Nu  Error:  subscript out of bounds 
2025-09-02 03:43:13   Nu  Error:  subscript out of bounds 
2025-09-02 06:41:18   Nu  Error:  subscript out of bounds 
2025-09-02 12:56:35   Nu  Error:  subscript out of bounds 
2025-09-02 15:30:58   Nu  Error:  subscript out of bounds 
2025-09-02 18:36:56   Nu  Error:  subscript out of bounds 
2025-09-02 21:24:24   Nu  Error:  subscript out of bounds 
2025-09-03 01:55:51   Nu  Error:  subscript out of bounds 
2025-09-03 06:37:34   Nu  Error:  subscript out of bounds 
2025-09-03 09:29:18   Nu  Error:  subscript out of bounds 
2025-09-03 15:29:31   Nu  Error:  subscript out of bounds 
2025-09-04 03:35:12   Nu  Error:  subscript out of bounds 
2025-09-04 12:52:42   Nu  Error:  subscript out of bounds 
2025-09-04 15:37:15   Nu  Error:  subscript out of bounds 
2025-09-04 18:37:23   Nu  Error:  subscript out of bounds 
2025-09-04 21:24:55   Nu  Error:  subscript out of bounds 
2025-09-05 01:59:14   Nu  Error:  subscript out of bounds 
2025-09-05 09:28:38   Nu  Error:  subscript out of bounds 
2025-09-05 15:28:40   Nu  Error:  subscript out of bounds 
2025-09-05 18:36:02   Master  Error:  subscript out of bounds 
2025-09-05 18:36:08   Nu  Error:  subscript out of bounds 
2025-09-05 21:24:53   Nu  Error:  subscript out of bounds 
2025-09-06 01:56:02   Nu  Error:  subscript out of bounds 
2025-09-06 03:33:23   Master  Error:  subscript out of bounds 
2025-09-06 03:33:41   Nu  Error:  subscript out of bounds 
2025-09-06 06:35:49   Nu  Error:  subscript out of bounds 
2025-09-06 15:24:17   Nu  Error:  subscript out of bounds 
2025-09-06 18:33:44   Nu  Error:  subscript out of bounds 
2025-09-07 02:05:10   Nu  Error:  subscript out of bounds 
2025-09-07 03:38:21   Nu  Error:  subscript out of bounds 
2025-09-07 06:42:41   Nu  Error:  subscript out of bounds 
2025-09-07 09:59:51   Nu  Error:  subscript out of bounds 
2025-09-07 12:49:43   Nu  Error:  subscript out of bounds 
2025-09-07 18:33:49   Nu  Error:  subscript out of bounds 
2025-09-07 21:22:52   Master  Error:  subscript out of bounds 
2025-09-08 03:42:48   Nu  Error:  subscript out of bounds 
2025-09-08 12:58:06   Nu  Error:  subscript out of bounds 
2025-09-08 15:29:47   Master  Error:  subscript out of bounds 
2025-09-08 15:30:06   Nu  Error:  subscript out of bounds 
2025-09-08 18:40:34   Nu  Error:  subscript out of bounds 
2025-09-09 03:40:36   Nu  Error:  subscript out of bounds 
2025-09-09 06:40:41   Nu  Error:  subscript out of bounds 
2025-09-09 13:04:35   Nu  Error:  subscript out of bounds 
2025-09-09 18:35:45   Nu  Error:  subscript out of bounds 
2025-09-09 21:24:44   Master  Error:  subscript out of bounds 
2025-09-09 21:25:02   Nu  Error:  subscript out of bounds 
2025-09-10 01:56:49   Nu  Error:  subscript out of bounds 
2025-09-10 06:38:52   Master  Error:  subscript out of bounds 
2025-09-10 12:54:54   Nu  Error:  subscript out of bounds 
2025-09-10 18:37:44   Nu  Error:  subscript out of bounds 
2025-09-11 01:59:59   Nu  Error:  subscript out of bounds 
2025-09-11 03:38:00   Nu  Error:  subscript out of bounds 
2025-09-11 06:39:33   Nu  Error:  subscript out of bounds 
2025-09-11 12:53:44   Nu  Error:  subscript out of bounds 
2025-09-11 18:34:14   Nu  Error:  subscript out of bounds 
2025-09-11 21:23:34   Nu  Error:  subscript out of bounds 
2025-09-12 03:33:27   Nu  Error:  subscript out of bounds 
2025-09-12 06:38:56   Nu  Error:  subscript out of bounds 
2025-09-12 09:27:47   Nu  Error:  subscript out of bounds 
2025-09-12 15:26:45   Master  Error:  subscript out of bounds 
2025-09-12 18:34:08   Nu  Error:  subscript out of bounds 
2025-09-12 21:23:36   Nu  Error:  subscript out of bounds 
2025-09-13 03:29:44   Nu  Error:  subscript out of bounds 
2025-09-13 06:35:31   Nu  Error:  subscript out of bounds 
2025-09-13 09:25:06   Nu  Error:  subscript out of bounds 
2025-09-13 12:48:36   Nu  Error:  subscript out of bounds 
2025-09-13 18:33:07   Nu  Error:  subscript out of bounds 
2025-09-14 02:04:41   Nu  Error:  subscript out of bounds 
2025-09-14 03:37:35   Master  Error:  subscript out of bounds 
2025-09-14 03:37:55   Nu  Error:  subscript out of bounds 
2025-09-14 06:36:05   Master  Error:  subscript out of bounds 
2025-09-14 06:36:22   Nu  Error:  subscript out of bounds 
2025-09-14 09:24:55   Master  Error:  subscript out of bounds 
2025-09-14 09:25:13   Nu  Error:  subscript out of bounds 
2025-09-14 12:47:44   Master  Error:  subscript out of bounds 
2025-09-14 21:21:59   Master  Error:  subscript out of bounds 
2025-09-14 21:22:18   Nu  Error:  subscript out of bounds 
2025-09-15 02:06:21   Nu  Error:  subscript out of bounds 
2025-09-15 06:41:18   Visa  Error:  HTTP 403 Forbidden. 
2025-09-15 06:41:42   Nu  Error:  subscript out of bounds 
2025-09-15 09:31:22   Visa  Error:  HTTP 403 Forbidden. 
2025-09-15 12:55:43   Visa  Error:  HTTP 403 Forbidden. 
2025-09-15 15:30:26   Visa  Error:  HTTP 403 Forbidden. 
2025-09-15 15:30:55   Nu  Error:  subscript out of bounds 
2025-09-15 18:39:33   Visa  Error:  HTTP 403 Forbidden. 
2025-09-15 18:40:01   Nu  Error:  subscript out of bounds 
2025-09-15 21:24:41   Visa  Error:  HTTP 403 Forbidden. 
2025-09-15 21:24:50   Master  Error:  subscript out of bounds 
2025-09-15 21:25:07   Nu  Error:  subscript out of bounds 
2025-09-16 01:56:19   Visa  Error:  HTTP 403 Forbidden. 
2025-09-16 01:56:28   Master  Error:  subscript out of bounds 
2025-09-16 01:56:45   Nu  Error:  subscript out of bounds 
2025-09-16 03:35:13   Visa  Error:  HTTP 403 Forbidden. 
2025-09-16 03:35:21   Master  Error:  subscript out of bounds 
2025-09-16 06:39:38   Visa  Error:  HTTP 403 Forbidden. 
2025-09-16 06:40:07   Nu  Error:  subscript out of bounds 
2025-09-16 09:29:45   Visa  Error:  HTTP 403 Forbidden. 
2025-09-16 12:55:45   Visa  Error:  HTTP 403 Forbidden. 
2025-09-16 12:56:20   Master  Error:  subscript out of bounds 
2025-09-16 12:56:38   Nu  Error:  subscript out of bounds 
2025-09-16 15:32:11   Visa  Error:  HTTP 403 Forbidden. 
2025-09-16 15:32:45   Master  Error:  subscript out of bounds 
2025-09-16 15:33:03   Nu  Error:  subscript out of bounds 
2025-09-16 18:37:25   Visa  Error:  HTTP 403 Forbidden. 
2025-09-16 18:37:59   Master  Error:  subscript out of bounds 
2025-09-16 21:24:41   Visa  Error:  HTTP 403 Forbidden. 
2025-09-16 21:25:18   Master  Error:  subscript out of bounds 
2025-09-16 21:25:37   Nu  Error:  subscript out of bounds 
2025-09-17 01:56:05   Visa  Error:  HTTP 403 Forbidden. 
2025-09-17 01:56:40   Master  Error:  subscript out of bounds 
2025-09-17 03:34:02   Visa  Error:  HTTP 403 Forbidden. 
2025-09-17 03:34:39   Master  Error:  subscript out of bounds 
2025-09-17 06:39:46   Visa  Error:  HTTP 403 Forbidden. 
2025-09-17 06:40:23   Master  Error:  subscript out of bounds 
2025-09-17 06:40:41   Nu  Error:  subscript out of bounds 
2025-09-17 09:28:57   Visa  Error:  HTTP 403 Forbidden. 
2025-09-17 09:29:31   Master  Error:  subscript out of bounds 
2025-09-17 09:29:49   Nu  Error:  subscript out of bounds 
2025-09-17 12:55:40   Visa  Error:  HTTP 403 Forbidden. 
2025-09-17 12:56:14   Master  Error:  subscript out of bounds 
2025-09-17 12:56:33   Nu  Error:  subscript out of bounds 
2025-09-17 15:30:37   Visa  Error:  HTTP 403 Forbidden. 
2025-09-17 15:31:14   Master  Error:  subscript out of bounds 
2025-09-17 15:31:33   Nu  Error:  subscript out of bounds 
2025-09-17 18:37:34   Visa  Error:  HTTP 403 Forbidden. 
2025-09-17 18:38:08   Master  Error:  subscript out of bounds 
2025-09-17 18:38:26   Nu  Error:  subscript out of bounds 
2025-09-17 21:22:56   Visa  Error:  HTTP 403 Forbidden. 
2025-09-17 21:23:34   Master  Error:  subscript out of bounds 
2025-09-17 21:23:54   Nu  Error:  subscript out of bounds 
2025-09-18 01:56:19   Visa  Error:  HTTP 403 Forbidden. 
2025-09-18 01:56:54   Master  Error:  subscript out of bounds 
2025-09-18 01:57:11   Nu  Error:  subscript out of bounds 
2025-09-18 03:35:32   Visa  Error:  HTTP 403 Forbidden. 
2025-09-18 03:36:07   Master  Error:  subscript out of bounds 
2025-09-18 06:40:41   Visa  Error:  HTTP 403 Forbidden. 
2025-09-18 06:41:15   Master  Error:  subscript out of bounds 
2025-09-18 06:41:33   Nu  Error:  subscript out of bounds 
2025-09-18 09:28:34   Visa  Error:  HTTP 403 Forbidden. 
2025-09-18 09:29:07   Master  Error:  subscript out of bounds 
2025-09-18 09:29:24   Nu  Error:  subscript out of bounds 
2025-09-18 12:54:29   Visa  Error:  HTTP 403 Forbidden. 
2025-09-18 12:55:03   Master  Error:  subscript out of bounds 
2025-09-18 15:29:49   Visa  Error:  HTTP 403 Forbidden. 
2025-09-18 15:30:23   Master  Error:  subscript out of bounds 
2025-09-18 15:30:40   Nu  Error:  subscript out of bounds 
2025-09-18 18:38:18   Visa  Error:  HTTP 403 Forbidden. 
2025-09-18 18:38:53   Master  Error:  subscript out of bounds 
2025-09-18 21:25:52   Visa  Error:  HTTP 403 Forbidden. 
2025-09-18 21:26:26   Master  Error:  subscript out of bounds 
2025-09-18 21:26:45   Nu  Error:  subscript out of bounds 
2025-09-19 01:59:55   Visa  Error:  HTTP 403 Forbidden. 
2025-09-19 02:00:30   Master  Error:  subscript out of bounds 
2025-09-19 02:00:48   Nu  Error:  subscript out of bounds 
2025-09-19 03:38:00   Visa  Error:  HTTP 403 Forbidden. 
2025-09-19 03:38:36   Master  Error:  subscript out of bounds 
2025-09-19 03:38:53   Nu  Error:  subscript out of bounds 
2025-09-19 06:39:08   Visa  Error:  HTTP 403 Forbidden. 
2025-09-19 06:39:43   Master  Error:  subscript out of bounds 
2025-09-19 06:40:01   Nu  Error:  subscript out of bounds 
2025-09-19 09:29:00   Visa  Error:  HTTP 403 Forbidden. 
2025-09-19 09:29:34   Master  Error:  subscript out of bounds 
2025-09-19 09:29:53   Nu  Error:  subscript out of bounds 
2025-09-19 12:54:50   Visa  Error:  HTTP 403 Forbidden. 
2025-09-19 12:55:24   Master  Error:  subscript out of bounds 
2025-09-19 12:55:42   Nu  Error:  subscript out of bounds 
2025-09-19 15:28:23   Visa  Error:  HTTP 403 Forbidden. 
2025-09-19 15:28:58   Master  Error:  subscript out of bounds 
2025-09-19 15:29:17   Nu  Error:  subscript out of bounds 
2025-09-19 18:37:02   Visa  Error:  HTTP 403 Forbidden. 
2025-09-19 18:37:36   Master  Error:  subscript out of bounds 
2025-09-19 21:23:24   Visa  Error:  HTTP 403 Forbidden. 
2025-09-19 21:23:59   Master  Error:  subscript out of bounds 
2025-09-20 01:54:17   Visa  Error:  HTTP 403 Forbidden. 
2025-09-20 01:54:50   Master  Error:  subscript out of bounds 
2025-09-20 03:33:56   Visa  Error:  HTTP 403 Forbidden. 
2025-09-20 03:34:34   Master  Error:  subscript out of bounds 
2025-09-20 03:34:52   Nu  Error:  subscript out of bounds 
2025-09-20 06:36:18   Visa  Error:  HTTP 403 Forbidden. 
2025-09-20 06:36:52   Master  Error:  subscript out of bounds 
2025-09-20 06:37:12   Nu  Error:  subscript out of bounds 
2025-09-20 09:25:25   Visa  Error:  HTTP 403 Forbidden. 
2025-09-20 09:26:00   Master  Error:  subscript out of bounds 
2025-09-20 09:26:17   Nu  Error:  subscript out of bounds 
2025-09-20 12:50:31   Visa  Error:  HTTP 403 Forbidden. 
2025-09-20 12:51:05   Master  Error:  subscript out of bounds 
2025-09-20 12:51:23   Nu  Error:  subscript out of bounds 
2025-09-20 15:24:43   Visa  Error:  HTTP 403 Forbidden. 
2025-09-20 15:25:17   Master  Error:  subscript out of bounds 
2025-09-20 15:25:35   Nu  Error:  subscript out of bounds 
2025-09-20 18:33:03   Visa  Error:  HTTP 403 Forbidden. 
2025-09-20 18:33:37   Master  Error:  subscript out of bounds 
2025-09-20 18:33:53   Nu  Error:  subscript out of bounds 
2025-09-20 21:21:35   Visa  Error:  HTTP 403 Forbidden. 
2025-09-20 21:22:10   Master  Error:  subscript out of bounds 
2025-09-20 21:22:29   Nu  Error:  subscript out of bounds 
2025-09-21 02:07:20   Visa  Error:  HTTP 403 Forbidden. 
2025-09-21 02:07:55   Master  Error:  subscript out of bounds 
2025-09-21 02:08:14   Nu  Error:  subscript out of bounds 
2025-09-21 03:43:41   Visa  Error:  HTTP 403 Forbidden. 
2025-09-21 03:44:15   Master  Error:  subscript out of bounds 
2025-09-21 06:37:18   Visa  Error:  HTTP 403 Forbidden. 
2025-09-21 06:37:51   Master  Error:  subscript out of bounds 
2025-09-21 06:38:10   Nu  Error:  subscript out of bounds 
2025-09-21 09:26:21   Visa  Error:  HTTP 403 Forbidden. 
2025-09-21 09:27:00   Master  Error:  subscript out of bounds 
2025-09-21 12:50:16   Visa  Error:  HTTP 403 Forbidden. 
2025-09-21 12:50:52   Master  Error:  subscript out of bounds 
2025-09-21 12:50:57   Nu  Error:  subscript out of bounds 
2025-09-21 15:24:47   Visa  Error:  HTTP 403 Forbidden. 
2025-09-21 15:25:24   Master  Error:  subscript out of bounds 
2025-09-21 15:25:42   Nu  Error:  subscript out of bounds 
2025-09-21 18:34:48   Visa  Error:  HTTP 403 Forbidden. 
2025-09-21 18:35:22   Master  Error:  subscript out of bounds 
2025-09-21 18:35:40   Nu  Error:  subscript out of bounds 
2025-09-21 21:23:05   Visa  Error:  HTTP 403 Forbidden. 
2025-09-21 21:23:42   Master  Error:  subscript out of bounds 
2025-09-22 02:07:37   Visa  Error:  HTTP 403 Forbidden. 
2025-09-22 02:08:11   Master  Error:  subscript out of bounds 
2025-09-22 02:08:29   Nu  Error:  subscript out of bounds 
2025-09-22 03:43:13   Visa  Error:  HTTP 403 Forbidden. 
2025-09-22 03:43:48   Master  Error:  subscript out of bounds 
2025-09-22 03:44:07   Nu  Error:  subscript out of bounds 
2025-09-22 06:41:50   Visa  Error:  HTTP 403 Forbidden. 
2025-09-22 06:42:25   Master  Error:  subscript out of bounds 
2025-09-22 06:42:43   Nu  Error:  subscript out of bounds 
2025-09-22 09:32:38   Visa  Error:  HTTP 403 Forbidden. 
2025-09-22 09:33:15   Master  Error:  subscript out of bounds 
2025-09-22 09:33:33   Nu  Error:  subscript out of bounds 
2025-09-22 12:56:36   Visa  Error:  HTTP 403 Forbidden. 
2025-09-22 12:57:11   Master  Error:  subscript out of bounds 
2025-09-22 12:57:29   Nu  Error:  subscript out of bounds 
2025-09-22 15:29:33   Visa  Error:  HTTP 403 Forbidden. 
2025-09-22 15:30:07   Master  Error:  subscript out of bounds 
2025-09-22 15:30:24   Nu  Error:  subscript out of bounds 
2025-09-22 18:37:11   Visa  Error:  HTTP 403 Forbidden. 
2025-09-22 18:37:45   Master  Error:  subscript out of bounds 
2025-09-22 18:38:03   Nu  Error:  subscript out of bounds 
2025-09-22 21:23:54   Visa  Error:  HTTP 403 Forbidden. 
2025-09-22 21:24:29   Master  Error:  subscript out of bounds 
2025-09-22 21:24:45   Nu  Error:  subscript out of bounds 
2025-09-23 01:56:49   Visa  Error:  HTTP 403 Forbidden. 
2025-09-23 01:57:23   Master  Error:  subscript out of bounds 
2025-09-23 03:35:27   Visa  Error:  HTTP 403 Forbidden. 
2025-09-23 03:36:03   Master  Error:  subscript out of bounds 
2025-09-23 06:39:26   Visa  Error:  HTTP 403 Forbidden. 
2025-09-23 06:40:01   Master  Error:  subscript out of bounds 
2025-09-23 09:29:40   Visa  Error:  HTTP 403 Forbidden. 
2025-09-23 09:30:14   Master  Error:  subscript out of bounds 
2025-09-23 09:30:34   Nu  Error:  subscript out of bounds 
2025-09-23 12:55:10   Visa  Error:  HTTP 403 Forbidden. 
2025-09-23 12:55:46   Master  Error:  subscript out of bounds 
2025-09-23 15:30:16   Visa  Error:  HTTP 403 Forbidden. 
2025-09-23 15:30:51   Master  Error:  subscript out of bounds 
2025-09-23 15:31:11   Nu  Error:  subscript out of bounds 
2025-09-23 18:38:17   Visa  Error:  HTTP 403 Forbidden. 
2025-09-23 18:38:52   Master  Error:  subscript out of bounds 
2025-09-23 18:39:10   Nu  Error:  subscript out of bounds 
2025-09-23 21:24:22   Visa  Error:  HTTP 403 Forbidden. 
2025-09-23 21:24:57   Master  Error:  subscript out of bounds 
2025-09-24 01:58:37   Visa  Error:  HTTP 403 Forbidden. 
2025-09-24 01:59:11   Master  Error:  subscript out of bounds 
2025-09-24 01:59:29   Nu  Error:  subscript out of bounds 
2025-09-24 03:36:40   Visa  Error:  HTTP 403 Forbidden. 
2025-09-24 03:37:16   Master  Error:  subscript out of bounds 
2025-09-24 03:37:35   Nu  Error:  subscript out of bounds 
2025-09-24 06:39:08   Visa  Error:  HTTP 403 Forbidden. 
2025-09-24 06:39:43   Master  Error:  subscript out of bounds 
2025-09-24 06:40:01   Nu  Error:  subscript out of bounds 
2025-09-24 09:29:51   Visa  Error:  HTTP 403 Forbidden. 
2025-09-24 09:30:28   Master  Error:  subscript out of bounds 
2025-09-24 09:30:45   Nu  Error:  subscript out of bounds 
2025-09-24 12:55:36   Visa  Error:  HTTP 403 Forbidden. 
2025-09-24 12:56:11   Master  Error:  subscript out of bounds 
2025-09-24 12:56:29   Nu  Error:  subscript out of bounds 
2025-09-24 15:28:52   Visa  Error:  HTTP 403 Forbidden. 
2025-09-24 15:29:29   Master  Error:  subscript out of bounds 
2025-09-24 15:29:45   Nu  Error:  subscript out of bounds 
2025-09-24 18:37:40   Visa  Error:  HTTP 403 Forbidden. 
2025-09-24 18:38:15   Master  Error:  subscript out of bounds 
2025-09-24 21:24:42   Visa  Error:  HTTP 403 Forbidden. 
2025-09-24 21:25:17   Master  Error:  subscript out of bounds 
2025-09-24 21:25:33   Nu  Error:  subscript out of bounds 
2025-09-25 01:59:53   Visa  Error:  HTTP 403 Forbidden. 
2025-09-25 02:00:27   Master  Error:  subscript out of bounds 
2025-09-25 03:38:36   Visa  Error:  HTTP 403 Forbidden. 
2025-09-25 03:39:13   Master  Error:  subscript out of bounds 
2025-09-25 03:39:29   Nu  Error:  subscript out of bounds 
2025-09-25 06:44:20   Visa  Error:  HTTP 403 Forbidden. 
2025-09-25 06:44:57   Master  Error:  subscript out of bounds 
2025-09-25 09:29:27   Visa  Error:  HTTP 403 Forbidden. 
2025-09-25 09:30:03   Master  Error:  subscript out of bounds 
2025-09-25 12:56:31   Visa  Error:  HTTP 403 Forbidden. 
2025-09-25 12:57:06   Master  Error:  subscript out of bounds 
2025-09-25 12:57:24   Nu  Error:  subscript out of bounds 
2025-09-25 15:29:37   Visa  Error:  HTTP 403 Forbidden. 
2025-09-25 15:30:12   Master  Error:  subscript out of bounds 
2025-09-25 15:30:30   Nu  Error:  subscript out of bounds 
2025-09-25 18:38:37   Visa  Error:  HTTP 403 Forbidden. 
2025-09-25 18:39:13   Master  Error:  subscript out of bounds 
2025-09-25 18:39:59   Kapital  Error:  replacement has 1 row, data has 0 
2025-09-25 21:22:38   Visa  Error:  HTTP 403 Forbidden. 
2025-09-25 21:23:11   Master  Error:  subscript out of bounds 
2025-09-25 21:23:17   Nu  Error:  subscript out of bounds 
2025-09-25 21:23:42   Kapital  Error:  replacement has 1 row, data has 0 
2025-09-26 01:58:33   Visa  Error:  HTTP 403 Forbidden. 
2025-09-26 01:59:10   Master  Error:  subscript out of bounds 
2025-09-26 01:59:28   Nu  Error:  subscript out of bounds 
2025-09-26 01:59:51   Kapital  Error:  replacement has 1 row, data has 0 
2025-09-26 03:36:54   Visa  Error:  HTTP 403 Forbidden. 
2025-09-26 03:37:30   Master  Error:  subscript out of bounds 
2025-09-26 03:37:48   Nu  Error:  subscript out of bounds 
2025-09-26 03:38:14   Kapital  Error:  replacement has 1 row, data has 0 
2025-09-26 06:38:46   Visa  Error:  HTTP 403 Forbidden. 
2025-09-26 06:39:20   Master  Error:  subscript out of bounds 
2025-09-26 06:40:00   Kapital  Error:  replacement has 1 row, data has 0 
2025-09-26 09:29:36   Visa  Error:  HTTP 403 Forbidden. 
2025-09-26 09:30:11   Master  Error:  subscript out of bounds 
2025-09-26 09:30:30   Nu  Error:  subscript out of bounds 
2025-09-26 09:30:54   Kapital  Error:  replacement has 1 row, data has 0 
2025-09-26 12:55:06   Visa  Error:  HTTP 403 Forbidden. 
2025-09-26 12:55:40   Master  Error:  subscript out of bounds 
2025-09-26 12:56:19   Kapital  Error:  replacement has 1 row, data has 0 
2025-09-26 15:28:08   Visa  Error:  HTTP 403 Forbidden. 
2025-09-26 15:28:42   Master  Error:  subscript out of bounds 
2025-09-26 15:29:01   Nu  Error:  subscript out of bounds 
2025-09-26 18:35:52   Visa  Error:  HTTP 403 Forbidden. 
2025-09-26 18:36:25   Master  Error:  subscript out of bounds 
2025-09-26 18:36:46   Nu  Error:  subscript out of bounds 
2025-09-26 21:23:33   Visa  Error:  HTTP 403 Forbidden. 
2025-09-26 21:24:08   Master  Error:  subscript out of bounds 
2025-09-26 21:24:27   Nu  Error:  subscript out of bounds 
2025-09-27 01:54:31   Visa  Error:  HTTP 403 Forbidden. 
2025-09-27 01:55:04   Master  Error:  subscript out of bounds 
2025-09-27 01:55:22   Nu  Error:  subscript out of bounds 
2025-09-27 03:33:59   Visa  Error:  HTTP 403 Forbidden. 
2025-09-27 03:34:36   Master  Error:  subscript out of bounds 
2025-09-27 03:34:54   Nu  Error:  subscript out of bounds 
2025-09-27 06:35:04   Visa  Error:  HTTP 403 Forbidden. 
2025-09-27 06:35:39   Master  Error:  subscript out of bounds 
2025-09-27 06:35:58   Nu  Error:  subscript out of bounds 
2025-09-27 09:24:55   Visa  Error:  HTTP 403 Forbidden. 
2025-09-27 09:25:29   Master  Error:  subscript out of bounds 
2025-09-27 09:25:48   Nu  Error:  subscript out of bounds 
2025-09-27 12:49:36   Visa  Error:  HTTP 403 Forbidden. 
2025-09-27 12:50:10   Master  Error:  subscript out of bounds 
2025-09-27 12:50:27   Nu  Error:  subscript out of bounds 
2025-09-27 15:23:43   Visa  Error:  HTTP 403 Forbidden. 
2025-09-27 15:24:18   Master  Error:  subscript out of bounds 
2025-09-27 15:24:34   Nu  Error:  subscript out of bounds 
2025-09-27 18:34:15   Visa  Error:  HTTP 403 Forbidden. 
2025-09-27 18:34:49   Master  Error:  subscript out of bounds 
2025-09-27 21:22:04   Visa  Error:  HTTP 403 Forbidden. 
2025-09-27 21:22:40   Master  Error:  subscript out of bounds 
2025-09-27 21:23:00   Nu  Error:  subscript out of bounds 
2025-09-28 02:08:28   Visa  Error:  HTTP 403 Forbidden. 
2025-09-28 02:09:02   Master  Error:  subscript out of bounds 
2025-09-28 02:09:21   Nu  Error:  subscript out of bounds 
2025-09-28 03:42:13   Visa  Error:  HTTP 403 Forbidden. 
2025-09-28 03:42:51   Master  Error:  subscript out of bounds 
2025-09-28 03:43:08   Nu  Error:  subscript out of bounds 
2025-09-28 06:36:35   Visa  Error:  HTTP 403 Forbidden. 
2025-09-28 06:37:09   Master  Error:  subscript out of bounds 
2025-09-28 06:37:27   Nu  Error:  subscript out of bounds 
2025-09-28 09:24:37   Visa  Error:  HTTP 403 Forbidden. 
2025-09-28 09:25:11   Master  Error:  subscript out of bounds 
2025-09-28 12:49:43   Visa  Error:  HTTP 403 Forbidden. 
2025-09-28 12:50:17   Master  Error:  subscript out of bounds 
2025-09-28 12:50:35   Nu  Error:  subscript out of bounds 
2025-09-28 15:23:30   Visa  Error:  HTTP 403 Forbidden. 
2025-09-28 15:24:03   Master  Error:  subscript out of bounds 
2025-09-28 15:24:22   Nu  Error:  subscript out of bounds 
2025-09-28 18:33:48   Visa  Error:  HTTP 403 Forbidden. 
2025-09-28 18:34:24   Master  Error:  subscript out of bounds 
2025-09-28 18:34:43   Nu  Error:  subscript out of bounds 
2025-09-28 21:22:40   Visa  Error:  HTTP 403 Forbidden. 
2025-09-28 21:23:15   Master  Error:  subscript out of bounds 
2025-09-28 21:23:30   Nu  Error:  subscript out of bounds 
2025-09-29 02:02:04   Visa  Error:  HTTP 403 Forbidden. 
2025-09-29 02:02:38   Master  Error:  subscript out of bounds 
2025-09-29 03:41:30   Visa  Error:  HTTP 403 Forbidden. 
2025-09-29 03:42:04   Master  Error:  subscript out of bounds 
2025-09-29 03:42:22   Nu  Error:  subscript out of bounds 
2025-09-29 06:41:14   Visa  Error:  HTTP 403 Forbidden. 
2025-09-29 06:41:51   Master  Error:  subscript out of bounds 
2025-09-29 06:42:09   Nu  Error:  subscript out of bounds 
2025-09-29 09:32:39   Visa  Error:  HTTP 403 Forbidden. 
2025-09-29 09:33:12   Master  Error:  subscript out of bounds 
2025-09-29 09:33:30   Nu  Error:  subscript out of bounds 
2025-09-29 12:57:41   Visa  Error:  HTTP 403 Forbidden. 
2025-09-29 12:58:18   Master  Error:  subscript out of bounds 
2025-09-29 15:29:02   Visa  Error:  HTTP 403 Forbidden. 
2025-09-29 15:29:36   Master  Error:  subscript out of bounds 
2025-09-29 15:29:54   Nu  Error:  subscript out of bounds 
2025-09-29 18:38:54   Visa  Error:  HTTP 403 Forbidden. 
2025-09-29 18:39:27   Master  Error:  subscript out of bounds 
2025-09-29 18:39:47   Nu  Error:  subscript out of bounds 
2025-09-29 21:23:38   Visa  Error:  HTTP 403 Forbidden. 
2025-09-29 21:24:16   Master  Error:  subscript out of bounds 
2025-09-29 21:24:32   Nu  Error:  subscript out of bounds 
2025-09-30 01:56:43   Visa  Error:  HTTP 403 Forbidden. 
2025-09-30 01:57:20   Master  Error:  subscript out of bounds 
2025-09-30 01:57:36   Nu  Error:  subscript out of bounds 
2025-09-30 03:36:38   Visa  Error:  HTTP 403 Forbidden. 
2025-09-30 03:37:13   Master  Error:  subscript out of bounds 
2025-09-30 03:37:31   Nu  Error:  subscript out of bounds 
2025-09-30 06:40:27   Visa  Error:  HTTP 403 Forbidden. 
2025-09-30 06:41:03   Master  Error:  subscript out of bounds 
2025-09-30 06:41:21   Nu  Error:  subscript out of bounds 
2025-09-30 09:29:17   Visa  Error:  HTTP 403 Forbidden. 
2025-09-30 09:29:51   Master  Error:  subscript out of bounds 
2025-09-30 09:30:08   Nu  Error:  subscript out of bounds 
2025-09-30 12:58:50   Visa  Error:  HTTP 403 Forbidden. 
2025-09-30 12:59:24   Master  Error:  subscript out of bounds 
2025-09-30 12:59:43   Nu  Error:  subscript out of bounds 
2025-09-30 15:28:49   Visa  Error:  HTTP 403 Forbidden. 
2025-09-30 15:29:24   Master  Error:  subscript out of bounds 
2025-09-30 15:29:43   Nu  Error:  subscript out of bounds 
2025-09-30 18:36:29   Visa  Error:  HTTP 403 Forbidden. 
2025-09-30 18:37:04   Master  Error:  subscript out of bounds 
2025-09-30 18:37:22   Nu  Error:  subscript out of bounds 
2025-09-30 21:24:58   Visa  Error:  HTTP 403 Forbidden. 
2025-09-30 21:25:33   Master  Error:  subscript out of bounds 
2025-10-01 02:09:45   Visa  Error:  HTTP 403 Forbidden. 
2025-10-01 02:10:21   Master  Error:  subscript out of bounds 
2025-10-01 02:10:37   Nu  Error:  subscript out of bounds 
2025-10-01 02:11:11   Kapital  Error:  arguments imply differing number of rows: 18, 14 
2025-10-01 03:47:08   Visa  Error:  HTTP 403 Forbidden. 
2025-10-01 03:47:41   Master  Error:  subscript out of bounds 
2025-10-01 03:47:58   Nu  Error:  subscript out of bounds 
2025-10-01 03:48:28   Kapital  Error:  arguments imply differing number of rows: 18, 14 
2025-10-01 06:40:23   Visa  Error:  HTTP 403 Forbidden. 
2025-10-01 06:41:00   Master  Error:  subscript out of bounds 
2025-10-01 06:41:18   Nu  Error:  subscript out of bounds 
2025-10-01 06:41:51   Kapital  Error:  arguments imply differing number of rows: 18, 14 
2025-10-01 09:31:48   Visa  Error:  HTTP 403 Forbidden. 
2025-10-01 09:32:21   Master  Error:  subscript out of bounds 
2025-10-01 09:32:40   Nu  Error:  subscript out of bounds 
2025-10-01 09:33:10   Kapital  Error:  arguments imply differing number of rows: 18, 14 
2025-10-01 12:57:44   Visa  Error:  HTTP 403 Forbidden. 
2025-10-01 12:58:18   Master  Error:  subscript out of bounds 
2025-10-01 12:58:36   Nu  Error:  subscript out of bounds 
2025-10-01 12:59:07   Kapital  Error:  arguments imply differing number of rows: 18, 14 
2025-10-01 15:29:16   Visa  Error:  HTTP 403 Forbidden. 
2025-10-01 15:29:51   Master  Error:  subscript out of bounds 
2025-10-01 15:30:11   Nu  Error:  subscript out of bounds 
2025-10-01 18:38:47   Visa  Error:  HTTP 403 Forbidden. 
2025-10-01 18:39:22   Master  Error:  subscript out of bounds 
2025-10-01 18:39:40   Nu  Error:  subscript out of bounds 
2025-10-01 21:24:23   Visa  Error:  HTTP 403 Forbidden. 
2025-10-01 21:25:01   Master  Error:  subscript out of bounds 
2025-10-02 01:57:46   Visa  Error:  HTTP 403 Forbidden. 
2025-10-02 01:58:21   Master  Error:  subscript out of bounds 
2025-10-02 01:58:27   Nu  Error:  subscript out of bounds 
2025-10-02 03:34:38   Visa  Error:  HTTP 403 Forbidden. 
2025-10-02 03:35:13   Master  Error:  subscript out of bounds 
2025-10-02 03:35:31   Nu  Error:  subscript out of bounds 
2025-10-02 06:38:35   Visa  Error:  HTTP 403 Forbidden. 
2025-10-02 06:39:11   Master  Error:  subscript out of bounds 
2025-10-02 09:27:36   Visa  Error:  HTTP 403 Forbidden. 
2025-10-02 09:28:13   Master  Error:  subscript out of bounds 
2025-10-02 12:54:03   Visa  Error:  HTTP 403 Forbidden. 
2025-10-02 12:54:37   Master  Error:  subscript out of bounds 
2025-10-02 12:54:56   Nu  Error:  subscript out of bounds 
2025-10-02 15:28:44   Visa  Error:  HTTP 403 Forbidden. 
2025-10-02 15:29:21   Master  Error:  subscript out of bounds 
2025-10-02 18:37:33   Vancouver  Error:  Timeout was reached: [cambiosvancouver.com] Failed to connect to cambiosvancouver.com port 443 after 5230 ms: Connection timed out 
2025-10-02 18:37:33   Visa  Error:  HTTP 403 Forbidden. 
2025-10-02 18:38:08   Master  Error:  subscript out of bounds 
2025-10-02 21:24:05   Visa  Error:  HTTP 403 Forbidden. 
2025-10-02 21:24:39   Master  Error:  subscript out of bounds 
2025-10-02 21:24:56   Nu  Error:  subscript out of bounds 
2025-10-03 01:56:53   Visa  Error:  HTTP 403 Forbidden. 
2025-10-03 01:57:31   Master  Error:  subscript out of bounds 
2025-10-03 03:36:22   Visa  Error:  HTTP 403 Forbidden. 
2025-10-03 03:37:00   Master  Error:  subscript out of bounds 
2025-10-03 06:41:10   Visa  Error:  HTTP 403 Forbidden. 
2025-10-03 06:41:45   Master  Error:  subscript out of bounds 
2025-10-03 06:42:03   Nu  Error:  subscript out of bounds 
2025-10-03 09:26:52   Visa  Error:  HTTP 403 Forbidden. 
2025-10-03 09:27:26   Master  Error:  subscript out of bounds 
2025-10-03 09:27:44   Nu  Error:  subscript out of bounds 
2025-10-03 12:53:31   Visa  Error:  HTTP 403 Forbidden. 
2025-10-03 12:54:05   Master  Error:  subscript out of bounds 
2025-10-03 12:54:23   Nu  Error:  subscript out of bounds 
2025-10-03 15:27:27   Visa  Error:  HTTP 403 Forbidden. 
2025-10-03 15:28:02   Master  Error:  subscript out of bounds 
2025-10-03 15:28:21   Nu  Error:  subscript out of bounds 
2025-10-03 17:24:04   Visa  Error:  HTTP 403 Forbidden. 
2025-10-03 17:24:38   Master  Error:  subscript out of bounds 
2025-10-03 17:24:57   Nu  Error:  subscript out of bounds 
2025-10-03 18:37:11   Visa  Error:  HTTP 403 Forbidden. 
2025-10-03 18:37:47   Master  Error:  subscript out of bounds 
2025-10-03 18:38:03   Nu  Error:  subscript out of bounds 
2025-10-03 21:23:05   Visa  Error:  HTTP 403 Forbidden. 
2025-10-03 21:23:41   Master  Error:  subscript out of bounds 
2025-10-03 21:24:00   Nu  Error:  subscript out of bounds 
2025-10-04 01:52:59   Visa  Error:  HTTP 403 Forbidden. 
2025-10-04 01:53:37   Master  Error:  subscript out of bounds 
2025-10-04 01:53:55   Nu  Error:  subscript out of bounds 
2025-10-04 03:32:37   Visa  Error:  HTTP 403 Forbidden. 
2025-10-04 03:33:14   Master  Error:  subscript out of bounds 
2025-10-04 03:33:31   Nu  Error:  subscript out of bounds 
2025-10-04 06:35:47   Visa  Error:  HTTP 403 Forbidden. 
2025-10-04 06:36:22   Master  Error:  subscript out of bounds 
2025-10-04 09:24:52   Visa  Error:  HTTP 403 Forbidden. 
2025-10-04 09:25:26   Master  Error:  subscript out of bounds 
2025-10-04 09:25:32   Nu  Error:  subscript out of bounds 
2025-10-04 12:49:09   Visa  Error:  HTTP 403 Forbidden. 
2025-10-04 12:49:44   Master  Error:  subscript out of bounds 
2025-10-04 12:50:03   Nu  Error:  subscript out of bounds 
2025-10-04 12:50:20   Comdirect  Error:  ℹ In argument: `iso == "COP"`.
Caused by error:
! object 'iso' not found 
2025-10-04 15:24:48   Visa  Error:  HTTP 403 Forbidden. 
2025-10-04 15:25:24   Master  Error:  subscript out of bounds 
2025-10-04 15:25:43   Nu  Error:  subscript out of bounds 
2025-10-04 15:25:57   Comdirect  Error:  ℹ In argument: `iso == "COP"`.
Caused by error:
! object 'iso' not found 
2025-10-04 18:34:47   Visa  Error:  HTTP 403 Forbidden. 
2025-10-04 18:35:22   Master  Error:  subscript out of bounds 
2025-10-04 18:35:41   Nu  Error:  subscript out of bounds 
2025-10-04 18:35:55   Comdirect  Error:  ℹ In argument: `iso == "COP"`.
Caused by error:
! object 'iso' not found 
2025-10-04 21:22:22   Visa  Error:  HTTP 403 Forbidden. 
2025-10-04 21:22:58   Master  Error:  subscript out of bounds 
2025-10-04 21:23:15   Nu  Error:  subscript out of bounds 
2025-10-04 21:23:32   Comdirect  Error:  ℹ In argument: `iso == "COP"`.
Caused by error:
! object 'iso' not found 
2025-10-05 02:07:49   Visa  Error:  HTTP 403 Forbidden. 
2025-10-05 02:08:26   Master  Error:  subscript out of bounds 
2025-10-05 02:09:01   Comdirect  Error:  ℹ In argument: `iso == "COP"`.
Caused by error:
! object 'iso' not found 
2025-10-05 03:39:05   Visa  Error:  HTTP 403 Forbidden. 
2025-10-05 03:39:41   Master  Error:  subscript out of bounds 
2025-10-05 03:40:00   Nu  Error:  subscript out of bounds 
2025-10-05 03:40:16   Comdirect  Error:  ℹ In argument: `iso == "COP"`.
Caused by error:
! object 'iso' not found 
2025-10-05 06:36:07   Visa  Error:  HTTP 403 Forbidden. 
2025-10-05 06:36:41   Master  Error:  subscript out of bounds 
2025-10-05 06:37:13   Comdirect  Error:  ℹ In argument: `iso == "COP"`.
Caused by error:
! object 'iso' not found 
2025-10-05 09:24:28   Visa  Error:  HTTP 403 Forbidden. 
2025-10-05 09:25:05   Master  Error:  subscript out of bounds 
2025-10-05 09:25:23   Nu  Error:  subscript out of bounds 
2025-10-05 09:25:41   Comdirect  Error:  ℹ In argument: `iso == "COP"`.
Caused by error:
! object 'iso' not found 
2025-10-05 12:49:42   Visa  Error:  HTTP 403 Forbidden. 
2025-10-05 12:50:19   Master  Error:  subscript out of bounds 
2025-10-05 12:50:53   Comdirect  Error:  ℹ In argument: `iso == "COP"`.
Caused by error:
! object 'iso' not found 
2025-10-05 15:24:13   Visa  Error:  HTTP 403 Forbidden. 
2025-10-05 15:24:50   Master  Error:  subscript out of bounds 
2025-10-05 15:25:26   Comdirect  Error:  ℹ In argument: `iso == "COP"`.
Caused by error:
! object 'iso' not found 
2025-10-05 18:34:57   Visa  Error:  HTTP 403 Forbidden. 
2025-10-05 18:35:32   Master  Error:  subscript out of bounds 
2025-10-05 18:35:51   Nu  Error:  subscript out of bounds 
2025-10-05 18:36:07   Comdirect  Error:  ℹ In argument: `iso == "COP"`.
Caused by error:
! object 'iso' not found 
2025-10-05 21:22:21   Visa  Error:  HTTP 403 Forbidden. 
2025-10-05 21:22:56   Master  Error:  subscript out of bounds 
2025-10-05 21:23:16   Nu  Error:  subscript out of bounds 
2025-10-06 02:00:02   Visa  Error:  HTTP 403 Forbidden. 
2025-10-06 02:00:37   Master  Error:  subscript out of bounds 
2025-10-06 02:00:56   Nu  Error:  subscript out of bounds 
2025-10-06 03:38:43   Visa  Error:  HTTP 403 Forbidden. 
2025-10-06 03:39:22   Master  Error:  subscript out of bounds 
2025-10-06 03:39:28   Nu  Error:  subscript out of bounds 
2025-10-06 06:40:28   Visa  Error:  HTTP 403 Forbidden. 
2025-10-06 06:41:01   Master  Error:  subscript out of bounds 
2025-10-06 09:31:26   Visa  Error:  HTTP 403 Forbidden. 
2025-10-06 09:32:00   Master  Error:  subscript out of bounds 
2025-10-06 09:32:20   Nu  Error:  subscript out of bounds 
2025-10-06 12:56:57   Visa  Error:  HTTP 403 Forbidden. 
2025-10-06 12:57:34   Master  Error:  subscript out of bounds 
2025-10-06 15:28:38   Visa  Error:  HTTP 403 Forbidden. 
2025-10-06 15:29:12   Master  Error:  subscript out of bounds 
2025-10-06 18:42:54   Visa  Error:  HTTP 403 Forbidden. 
2025-10-06 18:43:30   Master  Error:  subscript out of bounds 
2025-10-06 18:43:47   Nu  Error:  subscript out of bounds 
2025-10-06 21:23:52   Visa  Error:  HTTP 403 Forbidden. 
2025-10-06 21:24:27   Master  Error:  subscript out of bounds 
2025-10-06 21:24:45   Nu  Error:  subscript out of bounds 
2025-10-07 01:58:13   Visa  Error:  HTTP 403 Forbidden. 
2025-10-07 01:58:49   Master  Error:  subscript out of bounds 
2025-10-07 01:59:07   Nu  Error:  subscript out of bounds 
2025-10-07 03:38:13   Visa  Error:  HTTP 403 Forbidden. 
2025-10-07 03:38:48   Master  Error:  subscript out of bounds 
2025-10-07 06:40:00   Visa  Error:  HTTP 403 Forbidden. 
2025-10-07 06:40:37   Master  Error:  subscript out of bounds 
2025-10-07 09:29:19   Visa  Error:  HTTP 403 Forbidden. 
2025-10-07 09:29:54   Master  Error:  subscript out of bounds 
2025-10-07 09:29:59   Nu  Error:  subscript out of bounds 
2025-10-07 12:56:30   Visa  Error:  HTTP 403 Forbidden. 
2025-10-07 12:57:06   Master  Error:  subscript out of bounds 
2025-10-07 12:57:24   Nu  Error:  subscript out of bounds 
2025-10-07 15:30:33   Visa  Error:  HTTP 403 Forbidden. 
2025-10-07 15:31:08   Master  Error:  subscript out of bounds 
2025-10-07 15:31:26   Nu  Error:  subscript out of bounds 
2025-10-07 18:40:01   Visa  Error:  HTTP 403 Forbidden. 
2025-10-07 18:40:36   Master  Error:  subscript out of bounds 
2025-10-07 18:40:54   Nu  Error:  subscript out of bounds 
2025-10-07 21:25:23   Visa  Error:  HTTP 403 Forbidden. 
2025-10-07 21:26:01   Master  Error:  subscript out of bounds 
2025-10-08 01:57:28   Visa  Error:  HTTP 403 Forbidden. 
2025-10-08 01:58:05   Master  Error:  subscript out of bounds 
2025-10-08 01:58:23   Nu  Error:  subscript out of bounds 
2025-10-08 03:35:48   Visa  Error:  HTTP 403 Forbidden. 
2025-10-08 03:36:24   Master  Error:  subscript out of bounds 
2025-10-08 03:36:42   Nu  Error:  subscript out of bounds 
2025-10-08 06:40:18   Visa  Error:  HTTP 403 Forbidden. 
2025-10-08 06:40:52   Master  Error:  subscript out of bounds 
2025-10-08 06:41:08   Nu  Error:  subscript out of bounds 
2025-10-08 09:30:12   Visa  Error:  HTTP 403 Forbidden. 
2025-10-08 09:30:48   Master  Error:  subscript out of bounds 
2025-10-08 09:31:04   Nu  Error:  subscript out of bounds 
2025-10-08 12:57:12   Visa  Error:  HTTP 403 Forbidden. 
2025-10-08 12:57:46   Master  Error:  subscript out of bounds 
2025-10-08 12:58:04   Nu  Error:  subscript out of bounds 
2025-10-08 15:29:32   Visa  Error:  HTTP 403 Forbidden. 
2025-10-08 15:30:09   Master  Error:  subscript out of bounds 
2025-10-08 15:30:26   Nu  Error:  subscript out of bounds 
2025-10-08 18:39:55   Visa  Error:  HTTP 403 Forbidden. 
2025-10-08 18:40:32   Master  Error:  subscript out of bounds 
2025-10-08 21:24:54   Visa  Error:  HTTP 403 Forbidden. 
2025-10-08 21:25:32   Master  Error:  subscript out of bounds 
2025-10-08 21:25:50   Nu  Error:  subscript out of bounds 
2025-10-09 01:58:26   Visa  Error:  HTTP 403 Forbidden. 
2025-10-09 01:59:01   Master  Error:  subscript out of bounds 
2025-10-09 01:59:21   Nu  Error:  subscript out of bounds 
2025-10-09 03:37:40   Visa  Error:  HTTP 403 Forbidden. 
2025-10-09 03:38:17   Master  Error:  subscript out of bounds 
2025-10-09 03:38:34   Nu  Error:  subscript out of bounds 
2025-10-09 06:40:26   Visa  Error:  HTTP 403 Forbidden. 
2025-10-09 06:41:01   Master  Error:  subscript out of bounds 
2025-10-09 06:41:06   Nu  Error:  subscript out of bounds 
2025-10-09 09:29:31   Visa  Error:  HTTP 403 Forbidden. 
2025-10-09 09:30:05   Master  Error:  subscript out of bounds 
2025-10-09 09:30:24   Nu  Error:  subscript out of bounds 
2025-10-09 12:56:45   Visa  Error:  HTTP 403 Forbidden. 
2025-10-09 12:57:21   Master  Error:  subscript out of bounds 
2025-10-09 12:57:40   Nu  Error:  subscript out of bounds 
2025-10-09 15:39:37   Visa  Error:  HTTP 403 Forbidden. 
2025-10-09 15:40:12   Master  Error:  subscript out of bounds 
2025-10-09 15:40:30   Nu  Error:  subscript out of bounds 
2025-10-09 18:40:13   Visa  Error:  HTTP 403 Forbidden. 
2025-10-09 18:40:47   Master  Error:  subscript out of bounds 
2025-10-09 21:25:42   Visa  Error:  HTTP 403 Forbidden. 
2025-10-09 21:26:22   Master  Error:  subscript out of bounds 
2025-10-09 21:26:40   Nu  Error:  subscript out of bounds 
2025-10-10 01:59:05   Visa  Error:  HTTP 403 Forbidden. 
2025-10-10 01:59:39   Master  Error:  subscript out of bounds 
2025-10-10 01:59:58   Nu  Error:  subscript out of bounds 
2025-10-10 03:37:38   Visa  Error:  HTTP 403 Forbidden. 
2025-10-10 03:38:14   Master  Error:  subscript out of bounds 
2025-10-10 06:40:00   Visa  Error:  HTTP 403 Forbidden. 
2025-10-10 06:40:37   Master  Error:  subscript out of bounds 
2025-10-10 09:29:40   Visa  Error:  HTTP 403 Forbidden. 
2025-10-10 09:30:16   Master  Error:  subscript out of bounds 
2025-10-10 09:30:34   Nu  Error:  subscript out of bounds 
2025-10-10 12:55:35   Visa  Error:  HTTP 403 Forbidden. 
2025-10-10 12:56:10   Master  Error:  subscript out of bounds 
2025-10-10 12:56:27   Nu  Error:  subscript out of bounds 
2025-10-10 15:27:08   Visa  Error:  HTTP 403 Forbidden. 
2025-10-10 15:27:42   Master  Error:  subscript out of bounds 
2025-10-10 15:28:00   Nu  Error:  subscript out of bounds 
2025-10-10 18:39:36   Visa  Error:  HTTP 403 Forbidden. 
2025-10-10 18:40:10   Master  Error:  subscript out of bounds 
2025-10-10 21:23:56   Visa  Error:  HTTP 403 Forbidden. 
2025-10-10 21:24:31   Master  Error:  subscript out of bounds 
2025-10-11 01:55:01   Visa  Error:  HTTP 403 Forbidden. 
2025-10-11 01:55:36   Master  Error:  subscript out of bounds 
2025-10-11 01:55:54   Nu  Error:  subscript out of bounds 
2025-10-11 03:33:12   Visa  Error:  HTTP 403 Forbidden. 
2025-10-11 03:33:46   Master  Error:  subscript out of bounds 
2025-10-11 03:34:04   Nu  Error:  subscript out of bounds 
2025-10-11 06:37:11   Visa  Error:  HTTP 403 Forbidden. 
2025-10-11 06:37:48   Master  Error:  subscript out of bounds 
2025-10-11 09:24:57   Visa  Error:  HTTP 403 Forbidden. 
2025-10-11 09:25:32   Master  Error:  subscript out of bounds 
2025-10-11 09:25:47   Nu  Error:  subscript out of bounds 
2025-10-11 12:50:32   Visa  Error:  HTTP 403 Forbidden. 
2025-10-11 12:51:09   Master  Error:  subscript out of bounds 
2025-10-11 15:23:37   Visa  Error:  HTTP 403 Forbidden. 
2025-10-11 15:24:15   Master  Error:  subscript out of bounds 
2025-10-11 15:24:31   Nu  Error:  subscript out of bounds 
2025-10-11 18:33:07   Visa  Error:  HTTP 403 Forbidden. 
2025-10-11 18:33:42   Master  Error:  subscript out of bounds 
2025-10-11 18:33:59   Nu  Error:  subscript out of bounds 
2025-10-11 21:21:49   Visa  Error:  HTTP 403 Forbidden. 
2025-10-11 21:22:23   Master  Error:  subscript out of bounds 
2025-10-11 21:22:40   Nu  Error:  subscript out of bounds 
2025-10-12 02:03:42   Visa  Error:  HTTP 403 Forbidden. 
2025-10-12 02:04:18   Master  Error:  subscript out of bounds 
2025-10-12 02:04:36   Nu  Error:  subscript out of bounds 
2025-10-12 03:39:06   Visa  Error:  HTTP 403 Forbidden. 
2025-10-12 03:39:43   Master  Error:  subscript out of bounds 
2025-10-12 03:40:02   Nu  Error:  subscript out of bounds 
2025-10-12 06:35:42   Visa  Error:  HTTP 403 Forbidden. 
2025-10-12 06:36:16   Master  Error:  subscript out of bounds 
2025-10-12 09:27:01   Visa  Error:  HTTP 403 Forbidden. 
2025-10-12 09:27:38   Master  Error:  subscript out of bounds 
2025-10-12 09:27:58   Nu  Error:  subscript out of bounds 
2025-10-12 12:49:56   Visa  Error:  HTTP 403 Forbidden. 
2025-10-12 12:50:31   Master  Error:  subscript out of bounds 
2025-10-12 12:50:48   Nu  Error:  subscript out of bounds 
2025-10-12 15:24:40   Visa  Error:  HTTP 403 Forbidden. 
2025-10-12 15:25:15   Master  Error:  subscript out of bounds 
2025-10-12 15:25:33   Nu  Error:  subscript out of bounds 
2025-10-12 18:34:33   Visa  Error:  HTTP 403 Forbidden. 
2025-10-12 18:35:09   Master  Error:  subscript out of bounds 
2025-10-12 18:35:26   Nu  Error:  subscript out of bounds 
2025-10-12 21:24:39   Visa  Error:  HTTP 403 Forbidden. 
2025-10-12 21:25:16   Master  Error:  subscript out of bounds 
2025-10-12 21:25:34   Nu  Error:  subscript out of bounds 
2025-10-13 02:07:53   Visa  Error:  HTTP 403 Forbidden. 
2025-10-13 02:08:29   Master  Error:  subscript out of bounds 
2025-10-13 02:08:48   Nu  Error:  subscript out of bounds 
2025-10-13 03:48:44   Visa  Error:  HTTP 403 Forbidden. 
2025-10-13 03:49:19   Master  Error:  subscript out of bounds 
2025-10-13 03:49:38   Nu  Error:  subscript out of bounds 
2025-10-13 06:41:53   Visa  Error:  HTTP 403 Forbidden. 
2025-10-13 06:42:29   Master  Error:  subscript out of bounds 
2025-10-13 06:42:47   Nu  Error:  subscript out of bounds 
2025-10-13 09:33:35   Visa  Error:  HTTP 403 Forbidden. 
2025-10-13 09:34:10   Master  Error:  subscript out of bounds 
2025-10-13 12:56:46   Visa  Error:  HTTP 403 Forbidden. 
2025-10-13 12:57:21   Master  Error:  subscript out of bounds 
2025-10-13 12:57:27   Nu  Error:  subscript out of bounds 
2025-10-13 15:28:38   Visa  Error:  HTTP 403 Forbidden. 
2025-10-13 15:29:13   Master  Error:  subscript out of bounds 
2025-10-13 15:29:32   Nu  Error:  subscript out of bounds 
2025-10-13 18:37:22   Visa  Error:  HTTP 403 Forbidden. 
2025-10-13 18:37:57   Master  Error:  subscript out of bounds 
2025-10-13 18:38:13   Nu  Error:  subscript out of bounds 
2025-10-13 21:23:50   Visa  Error:  HTTP 403 Forbidden. 
2025-10-13 21:24:25   Master  Error:  subscript out of bounds 
2025-10-14 01:59:43   Visa  Error:  HTTP 403 Forbidden. 
2025-10-14 02:00:19   Master  Error:  subscript out of bounds 
2025-10-14 02:00:38   Nu  Error:  subscript out of bounds 
2025-10-14 03:38:09   Visa  Error:  HTTP 403 Forbidden. 
2025-10-14 03:38:44   Master  Error:  subscript out of bounds 
2025-10-14 03:39:01   Nu  Error:  subscript out of bounds 
2025-10-14 06:41:48   Visa  Error:  HTTP 403 Forbidden. 
2025-10-14 06:42:25   Master  Error:  subscript out of bounds 
2025-10-14 06:42:43   Nu  Error:  subscript out of bounds 
2025-10-14 09:30:10   Visa  Error:  HTTP 403 Forbidden. 
2025-10-14 09:30:47   Master  Error:  subscript out of bounds 
2025-10-14 09:31:06   Nu  Error:  subscript out of bounds 
2025-10-14 12:58:24   Visa  Error:  HTTP 403 Forbidden. 
2025-10-14 12:59:00   Master  Error:  subscript out of bounds 
2025-10-14 15:32:16   Visa  Error:  HTTP 403 Forbidden. 
2025-10-14 15:32:49   Master  Error:  subscript out of bounds 
2025-10-14 18:40:38   Visa  Error:  HTTP 403 Forbidden. 
2025-10-14 18:41:16   Master  Error:  subscript out of bounds 
2025-10-14 18:41:35   Nu  Error:  subscript out of bounds 
2025-10-14 21:24:30   Visa  Error:  HTTP 403 Forbidden. 
2025-10-14 21:25:07   Master  Error:  subscript out of bounds 
2025-10-15 02:05:31   Vancouver  Error:  Timeout was reached: [cambiosvancouver.com] Failed to connect to cambiosvancouver.com port 443 after 5213 ms: Connection timed out 
2025-10-15 02:05:31   Visa  Error:  HTTP 403 Forbidden. 
2025-10-15 02:06:08   Master  Error:  subscript out of bounds 
2025-10-15 02:06:24   Nu  Error:  subscript out of bounds 
2025-10-15 02:06:32   Condor  Error:  The size of `nm` (3) must be compatible with the size of `x` (0). 
2025-10-15 03:41:13   Visa  Error:  HTTP 403 Forbidden. 
2025-10-15 03:41:49   Master  Error:  subscript out of bounds 
2025-10-15 03:42:05   Nu  Error:  subscript out of bounds 
2025-10-15 06:40:05   Visa  Error:  HTTP 403 Forbidden. 
2025-10-15 06:40:43   Master  Error:  subscript out of bounds 
2025-10-15 09:30:59   Visa  Error:  HTTP 403 Forbidden. 
2025-10-15 09:31:36   Master  Error:  subscript out of bounds 
2025-10-15 09:31:53   Nu  Error:  subscript out of bounds 
2025-10-15 12:58:44   Visa  Error:  HTTP 403 Forbidden. 
2025-10-15 12:59:21   Master  Error:  subscript out of bounds 
2025-10-15 12:59:40   Nu  Error:  subscript out of bounds 
2025-10-15 15:28:58   Visa  Error:  HTTP 403 Forbidden. 
2025-10-15 15:29:36   Master  Error:  subscript out of bounds 
2025-10-15 18:41:55   Visa  Error:  HTTP 403 Forbidden. 
2025-10-15 18:42:30   Master  Error:  subscript out of bounds 
2025-10-15 18:42:48   Nu  Error:  subscript out of bounds 
2025-10-15 21:25:06   Visa  Error:  HTTP 403 Forbidden. 
2025-10-15 21:25:40   Master  Error:  subscript out of bounds 
2025-10-15 21:25:58   Nu  Error:  subscript out of bounds 
2025-10-16 02:01:02   Visa  Error:  HTTP 403 Forbidden. 
2025-10-16 02:01:37   Master  Error:  subscript out of bounds 
2025-10-16 03:42:41   Visa  Error:  HTTP 403 Forbidden. 
2025-10-16 03:43:15   Master  Error:  subscript out of bounds 
2025-10-16 03:43:33   Nu  Error:  subscript out of bounds 
2025-10-16 06:42:44   Visa  Error:  HTTP 403 Forbidden. 
2025-10-16 06:43:20   Master  Error:  subscript out of bounds 
2025-10-16 06:43:39   Nu  Error:  subscript out of bounds 
2025-10-16 09:31:28   Visa  Error:  HTTP 403 Forbidden. 
2025-10-16 09:32:04   Master  Error:  subscript out of bounds 
2025-10-16 09:32:22   Nu  Error:  subscript out of bounds 
2025-10-16 13:00:33   Visa  Error:  HTTP 403 Forbidden. 
2025-10-16 13:01:11   Master  Error:  subscript out of bounds 
2025-10-16 15:31:48   Visa  Error:  HTTP 403 Forbidden. 
2025-10-16 15:32:26   Master  Error:  subscript out of bounds 
2025-10-16 15:32:44   Nu  Error:  subscript out of bounds 
2025-10-16 18:40:07   Visa  Error:  HTTP 403 Forbidden. 
2025-10-16 18:40:42   Master  Error:  subscript out of bounds 
2025-10-16 18:41:01   Nu  Error:  subscript out of bounds 
2025-10-16 21:24:07   Visa  Error:  HTTP 403 Forbidden. 
2025-10-16 21:24:42   Master  Error:  subscript out of bounds 
2025-10-16 21:25:01   Nu  Error:  subscript out of bounds 
2025-10-17 01:59:57   Visa  Error:  HTTP 403 Forbidden. 
2025-10-17 02:00:31   Master  Error:  subscript out of bounds 
2025-10-17 02:00:48   Nu  Error:  subscript out of bounds 
2025-10-17 03:39:15   Visa  Error:  HTTP 403 Forbidden. 
2025-10-17 03:39:51   Master  Error:  subscript out of bounds 
2025-10-17 03:39:56   Nu  Error:  subscript out of bounds 
2025-10-17 06:39:48   Visa  Error:  HTTP 403 Forbidden. 
2025-10-17 06:40:24   Master  Error:  subscript out of bounds 
2025-10-17 06:40:43   Nu  Error:  subscript out of bounds 
2025-10-17 09:29:50   Visa  Error:  HTTP 403 Forbidden. 
2025-10-17 09:30:24   Master  Error:  subscript out of bounds 
2025-10-17 09:30:42   Nu  Error:  subscript out of bounds 
2025-10-17 12:56:09   Visa  Error:  HTTP 403 Forbidden. 
2025-10-17 12:56:45   Master  Error:  subscript out of bounds 
2025-10-17 12:57:02   Nu  Error:  subscript out of bounds 
2025-10-17 15:28:34   Visa  Error:  HTTP 403 Forbidden. 
2025-10-17 15:29:10   Master  Error:  subscript out of bounds 
2025-10-17 18:35:49   Visa  Error:  HTTP 403 Forbidden. 
2025-10-17 18:36:23   Master  Error:  subscript out of bounds 
2025-10-17 18:36:40   Nu  Error:  subscript out of bounds 
2025-10-17 21:25:01   Visa  Error:  HTTP 403 Forbidden. 
2025-10-17 21:25:36   Master  Error:  subscript out of bounds 
2025-10-17 21:25:54   Nu  Error:  subscript out of bounds 
2025-10-18 01:55:30   Visa  Error:  HTTP 403 Forbidden. 
2025-10-18 01:56:08   Master  Error:  subscript out of bounds 
2025-10-18 01:56:25   Nu  Error:  subscript out of bounds 
2025-10-18 03:33:56   Visa  Error:  HTTP 403 Forbidden. 
2025-10-18 03:34:34   Master  Error:  subscript out of bounds 
2025-10-18 03:34:53   Nu  Error:  subscript out of bounds 
2025-10-18 06:36:40   Visa  Error:  HTTP 403 Forbidden. 
2025-10-18 06:37:14   Master  Error:  subscript out of bounds 
2025-10-18 06:37:32   Nu  Error:  subscript out of bounds 
2025-10-18 09:26:01   Visa  Error:  HTTP 403 Forbidden. 
2025-10-18 09:26:38   Master  Error:  subscript out of bounds 
2025-10-18 09:26:58   Nu  Error:  subscript out of bounds 
2025-10-18 12:50:52   Visa  Error:  HTTP 403 Forbidden. 
2025-10-18 12:51:30   Master  Error:  subscript out of bounds 
2025-10-18 12:51:47   Nu  Error:  subscript out of bounds 
2025-10-18 15:24:35   Visa  Error:  HTTP 403 Forbidden. 
2025-10-18 15:25:09   Master  Error:  subscript out of bounds 
2025-10-18 15:26:05   Comdirect  Error:  'Error caughtTimeoutError: Navigation timeout of 30000 ms exceeded' does not exist in current working directory ('/home/runner/work/eurcopscraper/eurcopscraper'). 
2025-10-18 18:34:53   Visa  Error:  HTTP 403 Forbidden. 
2025-10-18 18:35:29   Master  Error:  subscript out of bounds 
2025-10-18 18:35:44   Nu  Error:  subscript out of bounds 
2025-10-18 21:23:00   Visa  Error:  HTTP 403 Forbidden. 
2025-10-18 21:23:34   Master  Error:  subscript out of bounds 
2025-10-18 21:23:54   Nu  Error:  subscript out of bounds 
2025-10-19 02:18:38   Visa  Error:  HTTP 403 Forbidden. 
2025-10-19 02:19:15   Master  Error:  subscript out of bounds 
2025-10-19 02:19:33   Nu  Error:  subscript out of bounds 
2025-10-19 03:50:49   Visa  Error:  HTTP 403 Forbidden. 
2025-10-19 03:51:27   Master  Error:  subscript out of bounds 
2025-10-19 03:51:46   Nu  Error:  subscript out of bounds 
2025-10-19 06:37:54   Visa  Error:  HTTP 403 Forbidden. 
2025-10-19 06:38:28   Master  Error:  subscript out of bounds 
2025-10-19 09:25:16   Visa  Error:  HTTP 403 Forbidden. 
2025-10-19 09:25:54   Master  Error:  subscript out of bounds 
2025-10-19 12:51:19   Visa  Error:  HTTP 403 Forbidden. 
2025-10-19 12:51:56   Master  Error:  subscript out of bounds 
2025-10-19 12:52:14   Nu  Error:  subscript out of bounds 
2025-10-19 15:24:47   Visa  Error:  HTTP 403 Forbidden. 
2025-10-19 15:25:23   Master  Error:  subscript out of bounds 
2025-10-19 15:25:42   Nu  Error:  subscript out of bounds 
2025-10-19 18:35:26   Visa  Error:  HTTP 403 Forbidden. 
2025-10-19 18:36:01   Master  Error:  subscript out of bounds 
2025-10-19 21:23:39   Visa  Error:  HTTP 403 Forbidden. 
2025-10-19 21:24:16   Master  Error:  subscript out of bounds 
2025-10-19 21:24:35   Nu  Error:  subscript out of bounds 
2025-10-20 02:09:54   Visa  Error:  HTTP 403 Forbidden. 
2025-10-20 02:10:30   Master  Error:  subscript out of bounds 
2025-10-20 02:10:50   Nu  Error:  subscript out of bounds 
2025-10-20 03:52:51   Visa  Error:  HTTP 403 Forbidden. 
2025-10-20 03:53:25   Master  Error:  subscript out of bounds 
2025-10-20 03:53:42   Nu  Error:  subscript out of bounds 
2025-10-20 06:41:23   Visa  Error:  HTTP 403 Forbidden. 
2025-10-20 06:42:00   Master  Error:  subscript out of bounds 
2025-10-20 06:42:06   Nu  Error:  subscript out of bounds 
2025-10-20 09:46:00   Visa  Error:  HTTP 403 Forbidden. 
2025-10-20 09:46:36   Master  Error:  subscript out of bounds 
2025-10-20 09:46:53   Nu  Error:  subscript out of bounds 
2025-10-20 12:57:08   Visa  Error:  HTTP 403 Forbidden. 
2025-10-20 12:57:42   Master  Error:  subscript out of bounds 
2025-10-20 15:28:46   Visa  Error:  HTTP 403 Forbidden. 
2025-10-20 15:29:23   Master  Error:  subscript out of bounds 
2025-10-20 15:29:41   Nu  Error:  subscript out of bounds 
2025-10-20 18:41:19   Visa  Error:  HTTP 403 Forbidden. 
2025-10-20 18:41:54   Master  Error:  subscript out of bounds 
2025-10-20 18:42:13   Nu  Error:  subscript out of bounds 
2025-10-20 21:25:45   Visa  Error:  HTTP 403 Forbidden. 
2025-10-20 21:26:20   Master  Error:  subscript out of bounds 
2025-10-20 21:26:38   Nu  Error:  subscript out of bounds 
2025-10-21 02:03:29   Visa  Error:  HTTP 403 Forbidden. 
2025-10-21 02:04:06   Master  Error:  subscript out of bounds 
2025-10-21 03:41:59   Visa  Error:  HTTP 403 Forbidden. 
2025-10-21 03:42:33   Master  Error:  subscript out of bounds 
2025-10-21 03:42:50   Nu  Error:  subscript out of bounds 
2025-10-21 06:40:32   Visa  Error:  HTTP 403 Forbidden. 
2025-10-21 06:41:08   Master  Error:  subscript out of bounds 
2025-10-21 06:41:25   Nu  Error:  subscript out of bounds 
2025-10-21 09:31:04   Visa  Error:  HTTP 403 Forbidden. 
2025-10-21 09:31:39   Master  Error:  subscript out of bounds 
2025-10-21 09:31:45   Nu  Error:  subscript out of bounds 
2025-10-21 12:59:08   Visa  Error:  HTTP 403 Forbidden. 
2025-10-21 12:59:43   Master  Error:  subscript out of bounds 
2025-10-21 15:27:59   Visa  Error:  HTTP 403 Forbidden. 
2025-10-21 15:28:35   Master  Error:  subscript out of bounds 
2025-10-21 15:28:54   Nu  Error:  subscript out of bounds 
2025-10-21 18:39:26   Visa  Error:  HTTP 403 Forbidden. 
2025-10-21 18:39:59   Master  Error:  subscript out of bounds 
2025-10-21 18:40:18   Nu  Error:  subscript out of bounds 
2025-10-21 21:26:17   Visa  Error:  HTTP 403 Forbidden. 
2025-10-21 21:26:53   Master  Error:  subscript out of bounds 
2025-10-21 21:27:10   Nu  Error:  subscript out of bounds 
2025-10-22 02:08:35   Visa  Error:  HTTP 403 Forbidden. 
2025-10-22 02:09:13   Master  Error:  subscript out of bounds 
2025-10-22 02:09:31   Nu  Error:  subscript out of bounds 
2025-10-22 03:48:46   Visa  Error:  HTTP 403 Forbidden. 
2025-10-22 03:49:20   Master  Error:  subscript out of bounds 
2025-10-22 03:49:39   Nu  Error:  subscript out of bounds 
2025-10-22 06:41:45   Visa  Error:  HTTP 403 Forbidden. 
2025-10-22 06:42:22   Master  Error:  subscript out of bounds 
2025-10-22 06:42:41   Nu  Error:  subscript out of bounds 
2025-10-22 09:32:52   Visa  Error:  HTTP 403 Forbidden. 
2025-10-22 09:33:27   Master  Error:  subscript out of bounds 
2025-10-22 09:33:44   Nu  Error:  subscript out of bounds 
2025-10-22 13:00:18   Visa  Error:  HTTP 403 Forbidden. 
2025-10-22 13:00:54   Master  Error:  subscript out of bounds 
2025-10-22 13:01:13   Nu  Error:  subscript out of bounds 
2025-10-22 15:30:36   Visa  Error:  HTTP 403 Forbidden. 
2025-10-22 15:31:12   Master  Error:  subscript out of bounds 
2025-10-22 18:40:58   Visa  Error:  HTTP 403 Forbidden. 
2025-10-22 18:41:32   Master  Error:  subscript out of bounds 
2025-10-22 18:41:50   Nu  Error:  subscript out of bounds 
2025-10-22 21:21:50   Visa  Error:  HTTP 403 Forbidden. 
2025-10-22 21:22:23   Master  Error:  subscript out of bounds 
2025-10-22 21:22:39   Nu  Error:  subscript out of bounds 
2025-10-23 02:02:28   Visa  Error:  HTTP 403 Forbidden. 
2025-10-23 02:03:06   Master  Error:  subscript out of bounds 
2025-10-23 02:03:23   Nu  Error:  subscript out of bounds 
2025-10-23 03:40:25   Visa  Error:  HTTP 403 Forbidden. 
2025-10-23 03:41:01   Master  Error:  subscript out of bounds 
2025-10-23 03:41:20   Nu  Error:  subscript out of bounds 
2025-10-23 06:40:52   Visa  Error:  HTTP 403 Forbidden. 
2025-10-23 06:41:29   Master  Error:  subscript out of bounds 
2025-10-23 09:31:00   Visa  Error:  HTTP 403 Forbidden. 
2025-10-23 09:31:34   Master  Error:  subscript out of bounds 
2025-10-23 12:58:43   Visa  Error:  HTTP 403 Forbidden. 
2025-10-23 12:59:16   Master  Error:  subscript out of bounds 
2025-10-23 12:59:34   Nu  Error:  subscript out of bounds 
2025-10-23 15:29:36   Visa  Error:  HTTP 403 Forbidden. 
2025-10-23 15:30:12   Master  Error:  subscript out of bounds 
2025-10-23 15:30:29   Nu  Error:  subscript out of bounds 
2025-10-23 18:39:54   Visa  Error:  HTTP 403 Forbidden. 
2025-10-23 18:40:28   Master  Error:  subscript out of bounds 
2025-10-23 18:40:46   Nu  Error:  subscript out of bounds 
2025-10-23 21:22:56   Visa  Error:  HTTP 403 Forbidden. 
2025-10-23 21:23:32   Master  Error:  subscript out of bounds 
2025-10-23 21:23:49   Nu  Error:  subscript out of bounds 
2025-10-24 01:58:24   Visa  Error:  HTTP 403 Forbidden. 
2025-10-24 01:59:01   Master  Error:  subscript out of bounds 
2025-10-24 01:59:20   Nu  Error:  subscript out of bounds 
2025-10-24 03:38:05   Visa  Error:  HTTP 403 Forbidden. 
2025-10-24 03:38:41   Master  Error:  subscript out of bounds 
2025-10-24 03:38:59   Nu  Error:  subscript out of bounds 
2025-10-24 06:39:14   Visa  Error:  HTTP 403 Forbidden. 
2025-10-24 06:39:51   Master  Error:  subscript out of bounds 
2025-10-24 06:40:08   Nu  Error:  subscript out of bounds 
2025-10-24 09:30:34   Visa  Error:  HTTP 403 Forbidden. 
2025-10-24 09:31:11   Master  Error:  subscript out of bounds 
2025-10-24 09:31:30   Nu  Error:  subscript out of bounds 
2025-10-24 12:58:31   Visa  Error:  HTTP 403 Forbidden. 
2025-10-24 12:59:07   Master  Error:  subscript out of bounds 
2025-10-24 12:59:24   Nu  Error:  subscript out of bounds 
2025-10-24 15:30:06   Visa  Error:  HTTP 403 Forbidden. 
2025-10-24 15:30:40   Master  Error:  subscript out of bounds 
2025-10-24 18:36:29   Visa  Error:  HTTP 403 Forbidden. 
2025-10-24 18:37:05   Master  Error:  subscript out of bounds 
2025-10-24 18:37:22   Nu  Error:  subscript out of bounds 
2025-10-24 21:24:37   Visa  Error:  HTTP 403 Forbidden. 
2025-10-24 21:25:12   Master  Error:  subscript out of bounds 
2025-10-24 21:25:31   Nu  Error:  subscript out of bounds 
2025-10-25 01:59:38   Visa  Error:  HTTP 403 Forbidden. 
2025-10-25 02:00:13   Master  Error:  subscript out of bounds 
2025-10-25 02:00:30   Nu  Error:  subscript out of bounds 
2025-10-25 03:39:20   Visa  Error:  HTTP 403 Forbidden. 
2025-10-25 03:39:56   Master  Error:  subscript out of bounds 
2025-10-25 06:36:44   Visa  Error:  HTTP 403 Forbidden. 
2025-10-25 06:37:19   Master  Error:  subscript out of bounds 
2025-10-25 06:37:43   Condor  Error:  The size of `nm` (3) must be compatible with the size of `x` (0). 
2025-10-25 09:25:32   Visa  Error:  HTTP 403 Forbidden. 
2025-10-25 09:26:08   Master  Error:  subscript out of bounds 
2025-10-25 09:26:26   Nu  Error:  subscript out of bounds 
2025-10-25 12:50:24   Visa  Error:  HTTP 403 Forbidden. 
2025-10-25 12:51:00   Master  Error:  subscript out of bounds 
2025-10-25 12:51:17   Nu  Error:  subscript out of bounds 
2025-10-25 15:24:58   Visa  Error:  HTTP 403 Forbidden. 
2025-10-25 15:25:34   Master  Error:  subscript out of bounds 
2025-10-25 15:25:52   Nu  Error:  subscript out of bounds 
2025-10-25 18:35:19   Visa  Error:  HTTP 403 Forbidden. 
2025-10-25 18:35:53   Master  Error:  subscript out of bounds 
2025-10-25 18:36:09   Nu  Error:  subscript out of bounds 
2025-10-25 21:23:56   Visa  Error:  HTTP 403 Forbidden. 
2025-10-25 21:24:31   Master  Error:  subscript out of bounds 
2025-10-26 02:09:21   Visa  Error:  HTTP 403 Forbidden. 
2025-10-26 02:09:59   Master  Error:  subscript out of bounds 
2025-10-26 02:10:16   Nu  Error:  subscript out of bounds 
2025-10-26 03:46:11   Visa  Error:  HTTP 403 Forbidden. 
2025-10-26 03:46:53   Master  Error:  subscript out of bounds 
2025-10-26 03:47:11   Nu  Error:  subscript out of bounds 
2025-10-26 06:38:01   Visa  Error:  HTTP 403 Forbidden. 
2025-10-26 06:38:37   Master  Error:  subscript out of bounds 
2025-10-26 06:38:56   Nu  Error:  subscript out of bounds 
2025-10-26 09:25:24   Visa  Error:  HTTP 403 Forbidden. 
2025-10-26 09:26:01   Master  Error:  subscript out of bounds 
2025-10-26 09:26:18   Nu  Error:  subscript out of bounds 
2025-10-26 12:51:38   Visa  Error:  HTTP 403 Forbidden. 
2025-10-26 12:52:18   Master  Error:  subscript out of bounds 
2025-10-26 12:52:37   Nu  Error:  subscript out of bounds 
2025-10-26 15:25:27   Visa  Error:  HTTP 403 Forbidden. 
2025-10-26 15:26:03   Master  Error:  subscript out of bounds 
2025-10-26 15:26:20   Nu  Error:  subscript out of bounds 
2025-10-26 18:36:27   Visa  Error:  HTTP 403 Forbidden. 
2025-10-26 18:37:03   Master  Error:  subscript out of bounds 
2025-10-26 18:37:20   Nu  Error:  subscript out of bounds 
2025-10-26 21:24:03   Visa  Error:  HTTP 403 Forbidden. 
2025-10-26 21:24:41   Master  Error:  subscript out of bounds 
2025-10-26 21:25:00   Nu  Error:  subscript out of bounds 
2025-10-27 02:18:47   Visa  Error:  HTTP 403 Forbidden. 
2025-10-27 02:19:22   Master  Error:  subscript out of bounds 
2025-10-27 02:19:41   Nu  Error:  subscript out of bounds 
2025-10-27 03:56:12   Visa  Error:  HTTP 403 Forbidden. 
2025-10-27 03:56:50   Master  Error:  subscript out of bounds 
2025-10-27 03:57:07   Nu  Error:  subscript out of bounds 
2025-10-27 06:45:13   Visa  Error:  HTTP 403 Forbidden. 
2025-10-27 06:45:48   Master  Error:  subscript out of bounds 
2025-10-27 09:33:53   Visa  Error:  HTTP 403 Forbidden. 
2025-10-27 09:34:27   Master  Error:  subscript out of bounds 
2025-10-27 09:37:34   Nu  Error:  subscript out of bounds 
2025-10-27 12:59:07   Visa  Error:  HTTP 403 Forbidden. 
2025-10-27 12:59:43   Master  Error:  subscript out of bounds 
2025-10-27 13:00:02   Nu  Error:  subscript out of bounds 
2025-10-27 15:29:57   Visa  Error:  HTTP 403 Forbidden. 
2025-10-27 15:30:31   Master  Error:  subscript out of bounds 
2025-10-27 15:30:49   Nu  Error:  subscript out of bounds 
2025-10-27 18:39:38   Visa  Error:  HTTP 403 Forbidden. 
2025-10-27 18:40:15   Master  Error:  subscript out of bounds 
2025-10-27 18:40:35   Nu  Error:  subscript out of bounds 
2025-10-27 21:25:02   Visa  Error:  HTTP 403 Forbidden. 
2025-10-27 21:25:36   Master  Error:  subscript out of bounds 
2025-10-27 21:25:55   Nu  Error:  subscript out of bounds 
2025-10-28 02:08:46   Visa  Error:  HTTP 403 Forbidden. 
2025-10-28 02:09:21   Master  Error:  subscript out of bounds 
2025-10-28 02:09:28   Nu  Error:  subscript out of bounds 
2025-10-28 03:46:13   Vancouver  Error:  Timeout was reached: [cambiosvancouver.com] Failed to connect to cambiosvancouver.com port 443 after 5240 ms: Connection timed out 
2025-10-28 03:46:14   Visa  Error:  HTTP 403 Forbidden. 
2025-10-28 03:46:48   Master  Error:  subscript out of bounds 
2025-10-28 03:47:07   Nu  Error:  subscript out of bounds 
2025-10-28 03:47:13   Condor  Error:  The size of `nm` (3) must be compatible with the size of `x` (0). 
2025-10-28 06:45:33   Visa  Error:  HTTP 403 Forbidden. 
2025-10-28 06:46:08   Master  Error:  subscript out of bounds 
2025-10-28 06:46:26   Nu  Error:  subscript out of bounds 
2025-10-28 09:31:45   Visa  Error:  HTTP 403 Forbidden. 
2025-10-28 09:32:20   Master  Error:  subscript out of bounds 
2025-10-28 12:57:26   Visa  Error:  HTTP 403 Forbidden. 
2025-10-28 12:58:01   Master  Error:  subscript out of bounds 
2025-10-28 12:58:19   Nu  Error:  subscript out of bounds 
2025-10-28 15:32:46   Visa  Error:  HTTP 403 Forbidden. 
2025-10-28 15:33:21   Master  Error:  subscript out of bounds 
2025-10-28 15:33:39   Nu  Error:  subscript out of bounds 
2025-10-28 18:41:35   Visa  Error:  HTTP 403 Forbidden. 
2025-10-28 18:42:10   Master  Error:  subscript out of bounds 
2025-10-28 21:26:52   Visa  Error:  HTTP 403 Forbidden. 
2025-10-28 21:27:26   Master  Error:  subscript out of bounds 
2025-10-28 21:27:43   Nu  Error:  subscript out of bounds 
2025-10-29 02:10:26   Visa  Error:  HTTP 403 Forbidden. 
2025-10-29 02:11:04   Master  Error:  subscript out of bounds 
2025-10-29 02:11:22   Nu  Error:  subscript out of bounds 
2025-10-29 03:53:40   Vancouver  Error:  Timeout was reached: [cambiosvancouver.com] Failed to connect to cambiosvancouver.com port 443 after 5227 ms: Connection timed out 
2025-10-29 03:53:40   Visa  Error:  HTTP 403 Forbidden. 
2025-10-29 03:54:15   Master  Error:  subscript out of bounds 
2025-10-29 03:54:32   Nu  Error:  subscript out of bounds 
2025-10-29 06:44:25   Visa  Error:  HTTP 403 Forbidden. 
2025-10-29 06:44:59   Master  Error:  subscript out of bounds 
2025-10-29 06:45:17   Nu  Error:  subscript out of bounds 
2025-10-29 09:32:19   Visa  Error:  HTTP 403 Forbidden. 
2025-10-29 09:32:57   Master  Error:  subscript out of bounds 
2025-10-29 12:59:31   Visa  Error:  HTTP 403 Forbidden. 
2025-10-29 13:00:08   Master  Error:  subscript out of bounds 
2025-10-29 13:00:25   Nu  Error:  subscript out of bounds 
2025-10-29 15:32:54   Visa  Error:  HTTP 403 Forbidden. 
2025-10-29 15:33:33   Master  Error:  subscript out of bounds 
2025-10-29 18:42:06   Visa  Error:  HTTP 403 Forbidden. 
2025-10-29 18:42:40   Master  Error:  subscript out of bounds 
2025-10-29 18:42:59   Nu  Error:  subscript out of bounds 
2025-10-29 21:27:07   Visa  Error:  HTTP 403 Forbidden. 
2025-10-29 21:27:41   Master  Error:  subscript out of bounds 
2025-10-30 02:09:30   Visa  Error:  HTTP 403 Forbidden. 
2025-10-30 02:10:05   Master  Error:  subscript out of bounds 
2025-10-30 02:10:21   Nu  Error:  subscript out of bounds 
2025-10-30 03:48:13   Visa  Error:  HTTP 403 Forbidden. 
2025-10-30 03:48:48   Master  Error:  subscript out of bounds 
2025-10-30 03:49:06   Nu  Error:  subscript out of bounds 
2025-10-30 06:40:22   Visa  Error:  HTTP 403 Forbidden. 
2025-10-30 06:40:58   Master  Error:  subscript out of bounds 
2025-10-30 06:41:16   Nu  Error:  subscript out of bounds 
2025-10-30 09:30:55   Visa  Error:  HTTP 403 Forbidden. 
2025-10-30 09:31:30   Master  Error:  subscript out of bounds 
2025-10-30 09:31:49   Nu  Error:  subscript out of bounds 
2025-10-30 12:58:20   Visa  Error:  HTTP 403 Forbidden. 
2025-10-30 12:58:55   Master  Error:  subscript out of bounds 
2025-10-30 12:59:14   Nu  Error:  subscript out of bounds 
2025-10-30 15:32:41   Visa  Error:  HTTP 403 Forbidden. 
2025-10-30 15:33:16   Master  Error:  subscript out of bounds 
2025-10-30 15:33:35   Nu  Error:  subscript out of bounds 
2025-10-30 18:40:45   Visa  Error:  HTTP 403 Forbidden. 
2025-10-30 18:41:19   Master  Error:  subscript out of bounds 
2025-10-30 21:26:05   Visa  Error:  HTTP 403 Forbidden. 
2025-10-30 21:26:39   Master  Error:  subscript out of bounds 
2025-10-30 21:26:56   Nu  Error:  subscript out of bounds 
2025-10-31 02:06:34   Visa  Error:  HTTP 403 Forbidden. 
2025-10-31 02:07:10   Master  Error:  subscript out of bounds 
2025-10-31 02:07:27   Nu  Error:  subscript out of bounds 
2025-10-31 03:49:35   Visa  Error:  HTTP 403 Forbidden. 
2025-10-31 03:50:10   Master  Error:  subscript out of bounds 
2025-10-31 03:50:16   Nu  Error:  subscript out of bounds 
2025-10-31 06:43:34   Visa  Error:  HTTP 403 Forbidden. 
2025-10-31 06:44:09   Master  Error:  subscript out of bounds 
2025-10-31 06:44:25   Nu  Error:  subscript out of bounds 
2025-10-31 09:30:38   Visa  Error:  HTTP 403 Forbidden. 
2025-10-31 09:31:14   Master  Error:  subscript out of bounds 
2025-10-31 09:31:30   Nu  Error:  subscript out of bounds 
2025-10-31 12:57:17   Visa  Error:  HTTP 403 Forbidden. 
2025-10-31 12:57:53   Master  Error:  subscript out of bounds 
2025-10-31 15:28:31   Visa  Error:  HTTP 403 Forbidden. 
2025-10-31 15:29:06   Master  Error:  subscript out of bounds 
2025-10-31 18:39:57   Visa  Error:  HTTP 403 Forbidden. 
2025-10-31 18:40:34   Master  Error:  subscript out of bounds 
2025-10-31 18:40:53   Nu  Error:  subscript out of bounds 
2025-10-31 21:22:48   Visa  Error:  HTTP 403 Forbidden. 
2025-10-31 21:23:26   Master  Error:  subscript out of bounds 
2025-10-31 21:24:15   Nu  Error:  subscript out of bounds 
2025-11-01 02:09:33   Visa  Error:  HTTP 403 Forbidden. 
2025-11-01 02:10:10   Master  Error:  subscript out of bounds 
2025-11-01 03:48:08   Visa  Error:  HTTP 403 Forbidden. 
2025-11-01 03:48:43   Master  Error:  subscript out of bounds 
2025-11-01 06:37:29   Visa  Error:  HTTP 403 Forbidden. 
2025-11-01 06:38:04   Master  Error:  subscript out of bounds 
2025-11-01 06:38:23   Nu  Error:  subscript out of bounds 
2025-11-01 09:26:35   Visa  Error:  HTTP 403 Forbidden. 
2025-11-01 09:27:13   Master  Error:  subscript out of bounds 
2025-11-01 09:27:31   Nu  Error:  subscript out of bounds 
2025-11-01 12:51:21   Visa  Error:  HTTP 403 Forbidden. 
2025-11-01 12:51:58   Master  Error:  subscript out of bounds 
2025-11-01 12:52:17   Nu  Error:  subscript out of bounds 
2025-11-01 15:24:24   Visa  Error:  HTTP 403 Forbidden. 
2025-11-01 15:25:02   Master  Error:  subscript out of bounds 
2025-11-01 15:25:19   Nu  Error:  subscript out of bounds 
2025-11-01 18:35:08   Visa  Error:  HTTP 403 Forbidden. 
2025-11-01 18:35:44   Master  Error:  subscript out of bounds 
2025-11-01 18:36:03   Nu  Error:  subscript out of bounds 
2025-11-01 21:22:51   Visa  Error:  HTTP 403 Forbidden. 
2025-11-01 21:23:25   Master  Error:  subscript out of bounds 
2025-11-02 02:13:36   Visa  Error:  HTTP 403 Forbidden. 
2025-11-02 02:14:10   Master  Error:  subscript out of bounds 
2025-11-02 02:14:30   Nu  Error:  subscript out of bounds 
2025-11-02 03:51:25   Visa  Error:  HTTP 403 Forbidden. 
2025-11-02 03:52:03   Master  Error:  subscript out of bounds 
2025-11-02 03:52:22   Nu  Error:  subscript out of bounds 
2025-11-02 06:39:17   Visa  Error:  HTTP 403 Forbidden. 
2025-11-02 06:39:55   Master  Error:  subscript out of bounds 
2025-11-02 09:25:22   Visa  Error:  HTTP 403 Forbidden. 
2025-11-02 09:25:56   Master  Error:  subscript out of bounds 
2025-11-02 09:26:14   Nu  Error:  subscript out of bounds 
2025-11-02 12:52:30   Visa  Error:  HTTP 403 Forbidden. 
2025-11-02 12:53:07   Master  Error:  subscript out of bounds 
2025-11-02 15:27:08   Visa  Error:  HTTP 403 Forbidden. 
2025-11-02 15:27:45   Master  Error:  subscript out of bounds 
2025-11-02 15:28:02   Nu  Error:  subscript out of bounds 
2025-11-02 18:35:55   Visa  Error:  HTTP 403 Forbidden. 
2025-11-02 18:36:31   Master  Error:  subscript out of bounds 
2025-11-02 18:36:47   Nu  Error:  subscript out of bounds 
2025-11-02 21:22:48   Visa  Error:  HTTP 403 Forbidden. 
2025-11-02 21:23:23   Master  Error:  subscript out of bounds 
2025-11-03 02:11:21   Visa  Error:  HTTP 403 Forbidden. 
2025-11-03 02:11:58   Master  Error:  subscript out of bounds 
2025-11-03 02:12:17   Nu  Error:  subscript out of bounds 
2025-11-03 03:55:33   Visa  Error:  HTTP 403 Forbidden. 
2025-11-03 03:56:09   Master  Error:  subscript out of bounds 
2025-11-03 03:56:26   Nu  Error:  subscript out of bounds 
2025-11-03 06:43:51   Visa  Error:  HTTP 403 Forbidden. 
2025-11-03 06:44:26   Master  Error:  subscript out of bounds 
2025-11-03 06:44:46   Nu  Error:  subscript out of bounds 
2025-11-03 09:34:27   Visa  Error:  HTTP 403 Forbidden. 
2025-11-03 09:35:02   Master  Error:  subscript out of bounds 
2025-11-03 09:35:20   Nu  Error:  subscript out of bounds 
2025-11-03 12:58:35   Visa  Error:  HTTP 403 Forbidden. 
2025-11-03 12:59:13   Master  Error:  subscript out of bounds 
2025-11-03 15:32:07   Visa  Error:  HTTP 403 Forbidden. 
2025-11-03 15:32:41   Master  Error:  subscript out of bounds 
2025-11-03 15:32:58   Nu  Error:  subscript out of bounds 
2025-11-03 18:37:39   Visa  Error:  HTTP 403 Forbidden. 
2025-11-03 18:38:14   Master  Error:  subscript out of bounds 
2025-11-03 18:38:32   Nu  Error:  subscript out of bounds 
2025-11-03 21:26:06   Visa  Error:  HTTP 403 Forbidden. 
2025-11-03 21:26:39   Master  Error:  subscript out of bounds 
2025-11-04 02:06:10   Visa  Error:  HTTP 403 Forbidden. 
2025-11-04 02:06:45   Master  Error:  subscript out of bounds 
2025-11-04 03:46:51   Visa  Error:  HTTP 403 Forbidden. 
2025-11-04 03:47:28   Master  Error:  subscript out of bounds 
2025-11-04 06:44:06   Visa  Error:  HTTP 403 Forbidden. 
2025-11-04 06:44:40   Master  Error:  subscript out of bounds 
2025-11-04 09:33:40   Visa  Error:  HTTP 403 Forbidden. 
2025-11-04 09:34:15   Master  Error:  subscript out of bounds 
2025-11-04 13:02:08   Visa  Error:  HTTP 403 Forbidden. 
2025-11-04 13:02:42   Master  Error:  subscript out of bounds 
2025-11-04 13:03:00   Nu  Error:  subscript out of bounds 
2025-11-04 15:31:44   Visa  Error:  HTTP 403 Forbidden. 
2025-11-04 15:32:21   Master  Error:  subscript out of bounds 
2025-11-04 15:32:38   Nu  Error:  subscript out of bounds 
2025-11-04 18:41:58   Visa  Error:  HTTP 403 Forbidden. 
2025-11-04 18:42:34   Master  Error:  subscript out of bounds 
2025-11-04 21:26:11   Visa  Error:  HTTP 403 Forbidden. 
2025-11-04 21:26:45   Master  Error:  subscript out of bounds 
2025-11-04 21:27:05   Nu  Error:  subscript out of bounds 
2025-11-05 02:07:39   Visa  Error:  HTTP 403 Forbidden. 
2025-11-05 02:08:16   Master  Error:  subscript out of bounds 
2025-11-05 02:08:35   Nu  Error:  subscript out of bounds 
2025-11-05 03:49:10   Visa  Error:  HTTP 403 Forbidden. 
2025-11-05 03:49:47   Master  Error:  subscript out of bounds 
2025-11-05 03:50:05   Nu  Error:  subscript out of bounds 
2025-11-05 06:43:22   Visa  Error:  HTTP 403 Forbidden. 
2025-11-05 06:43:59   Master  Error:  subscript out of bounds 
2025-11-05 06:44:17   Nu  Error:  subscript out of bounds 
2025-11-05 12:59:21   Visa  Error:  HTTP 403 Forbidden. 
2025-11-05 12:59:55   Master  Error:  subscript out of bounds 
2025-11-05 13:00:13   Nu  Error:  subscript out of bounds 
2025-11-05 15:29:20   Visa  Error:  HTTP 403 Forbidden. 
2025-11-05 15:29:54   Master  Error:  subscript out of bounds 
2025-11-05 15:30:12   Nu  Error:  subscript out of bounds 
2025-11-05 18:40:33   Visa  Error:  HTTP 403 Forbidden. 
2025-11-05 18:41:08   Master  Error:  subscript out of bounds 
2025-11-05 18:41:27   Nu  Error:  subscript out of bounds 
2025-11-05 21:26:48   Visa  Error:  HTTP 403 Forbidden. 
2025-11-05 21:27:24   Master  Error:  subscript out of bounds 
2025-11-06 02:07:45   Visa  Error:  HTTP 403 Forbidden. 
2025-11-06 02:08:24   Master  Error:  subscript out of bounds 
2025-11-06 02:08:42   Nu  Error:  subscript out of bounds 
2025-11-06 03:52:35   Visa  Error:  HTTP 403 Forbidden. 
2025-11-06 03:53:09   Master  Error:  subscript out of bounds 
2025-11-06 03:53:27   Nu  Error:  subscript out of bounds 
2025-11-06 06:42:11   Visa  Error:  HTTP 403 Forbidden. 
2025-11-06 06:42:45   Master  Error:  subscript out of bounds 
2025-11-06 06:43:01   Nu  Error:  subscript out of bounds 
2025-11-06 09:31:36   Visa  Error:  HTTP 403 Forbidden. 
2025-11-06 09:32:14   Master  Error:  subscript out of bounds 
2025-11-06 09:32:31   Nu  Error:  subscript out of bounds 
2025-11-06 12:58:30   Visa  Error:  HTTP 403 Forbidden. 
2025-11-06 12:59:05   Master  Error:  subscript out of bounds 
2025-11-06 15:32:10   Visa  Error:  HTTP 403 Forbidden. 
2025-11-06 15:32:45   Master  Error:  subscript out of bounds 
2025-11-06 15:33:03   Nu  Error:  subscript out of bounds 
2025-11-06 15:33:13   Comdirect  Error:  'Error caughtError: net::ERR_BAD_SSL_CLIENT_AUTH_CERT at https://commander.commerzbank.com/efx-rates/pages/de/fixing-rates-other.html' does not exist in current working directory ('/home/runner/work/eurcopscraper/eurcopscraper'). 
2025-11-06 18:44:10   Visa  Error:  HTTP 403 Forbidden. 
2025-11-06 18:44:45   Master  Error:  subscript out of bounds 
2025-11-06 18:45:02   Nu  Error:  subscript out of bounds 
2025-11-06 18:45:11   Comdirect  Error:  'Error caughtError: net::ERR_BAD_SSL_CLIENT_AUTH_CERT at https://commander.commerzbank.com/efx-rates/pages/de/fixing-rates-other.html' does not exist in current working directory ('/home/runner/work/eurcopscraper/eurcopscraper'). 
2025-11-06 21:26:07   Visa  Error:  HTTP 403 Forbidden. 
2025-11-06 21:26:44   Master  Error:  subscript out of bounds 
2025-11-06 21:27:02   Nu  Error:  subscript out of bounds 
2025-11-06 21:27:11   Comdirect  Error:  'Error caughtError: net::ERR_BAD_SSL_CLIENT_AUTH_CERT at https://commander.commerzbank.com/efx-rates/pages/de/fixing-rates-other.html' does not exist in current working directory ('/home/runner/work/eurcopscraper/eurcopscraper'). 
2025-11-07 02:06:04   Visa  Error:  HTTP 403 Forbidden. 
2025-11-07 02:06:41   Master  Error:  subscript out of bounds 
2025-11-07 02:06:47   Nu  Error:  subscript out of bounds 
2025-11-07 02:06:58   Comdirect  Error:  'Error caughtError: net::ERR_BAD_SSL_CLIENT_AUTH_CERT at https://commander.commerzbank.com/efx-rates/pages/de/fixing-rates-other.html' does not exist in current working directory ('/home/runner/work/eurcopscraper/eurcopscraper'). 
2025-11-07 03:48:58   Visa  Error:  HTTP 403 Forbidden. 
2025-11-07 03:49:35   Master  Error:  subscript out of bounds 
2025-11-07 03:49:53   Nu  Error:  subscript out of bounds 
2025-11-07 03:50:02   Comdirect  Error:  'Error caughtError: net::ERR_BAD_SSL_CLIENT_AUTH_CERT at https://commander.commerzbank.com/efx-rates/pages/de/fixing-rates-other.html' does not exist in current working directory ('/home/runner/work/eurcopscraper/eurcopscraper'). 
2025-11-07 06:41:27   Visa  Error:  HTTP 403 Forbidden. 
2025-11-07 06:42:01   Master  Error:  subscript out of bounds 
2025-11-07 06:42:29   Comdirect  Error:  'Error caughtError: net::ERR_BAD_SSL_CLIENT_AUTH_CERT at https://commander.commerzbank.com/efx-rates/pages/de/fixing-rates-other.html' does not exist in current working directory ('/home/runner/work/eurcopscraper/eurcopscraper'). 
2025-11-07 09:29:44   Visa  Error:  HTTP 403 Forbidden. 
2025-11-07 09:30:21   Master  Error:  subscript out of bounds 
2025-11-07 09:30:39   Nu  Error:  subscript out of bounds 
2025-11-07 09:30:49   Comdirect  Error:  'Error caughtError: net::ERR_BAD_SSL_CLIENT_AUTH_CERT at https://commander.commerzbank.com/efx-rates/pages/de/fixing-rates-other.html' does not exist in current working directory ('/home/runner/work/eurcopscraper/eurcopscraper'). 
2025-11-07 12:56:50   Visa  Error:  HTTP 403 Forbidden. 
2025-11-07 12:57:25   Master  Error:  subscript out of bounds 
2025-11-07 12:57:44   Nu  Error:  subscript out of bounds 
2025-11-07 15:29:47   Visa  Error:  HTTP 403 Forbidden. 
2025-11-07 15:30:21   Master  Error:  subscript out of bounds 
2025-11-07 15:30:39   Nu  Error:  subscript out of bounds 
2025-11-07 18:38:31   Visa  Error:  HTTP 403 Forbidden. 
2025-11-07 18:39:08   Master  Error:  subscript out of bounds 
2025-11-07 18:39:26   Nu  Error:  subscript out of bounds 
2025-11-07 21:22:49   Visa  Error:  HTTP 403 Forbidden. 
2025-11-07 21:23:26   Master  Error:  subscript out of bounds 
2025-11-07 21:23:47   Nu  Error:  subscript out of bounds 
2025-11-08 02:00:04   Visa  Error:  HTTP 403 Forbidden. 
2025-11-08 02:00:38   Master  Error:  subscript out of bounds 
2025-11-08 02:00:57   Nu  Error:  subscript out of bounds 
2025-11-08 03:40:12   Visa  Error:  HTTP 403 Forbidden. 
2025-11-08 03:40:48   Master  Error:  subscript out of bounds 
2025-11-08 03:41:07   Nu  Error:  subscript out of bounds 
2025-11-08 06:38:20   Visa  Error:  HTTP 403 Forbidden. 
2025-11-08 06:38:56   Master  Error:  subscript out of bounds 
2025-11-08 06:39:14   Nu  Error:  subscript out of bounds 
2025-11-08 09:26:12   Visa  Error:  HTTP 403 Forbidden. 
2025-11-08 09:26:48   Master  Error:  subscript out of bounds 
2025-11-08 09:27:06   Nu  Error:  subscript out of bounds 
2025-11-08 12:51:23   Visa  Error:  HTTP 403 Forbidden. 
2025-11-08 12:52:00   Master  Error:  subscript out of bounds 
2025-11-08 12:52:19   Nu  Error:  subscript out of bounds 
2025-11-08 15:25:56   Visa  Error:  HTTP 403 Forbidden. 
2025-11-08 15:26:32   Master  Error:  subscript out of bounds 
2025-11-08 18:36:12   Visa  Error:  HTTP 403 Forbidden. 
2025-11-08 18:36:46   Master  Error:  subscript out of bounds 
2025-11-08 21:23:21   Visa  Error:  HTTP 403 Forbidden. 
2025-11-08 21:23:58   Master  Error:  subscript out of bounds 
2025-11-09 02:11:48   Visa  Error:  HTTP 403 Forbidden. 
2025-11-09 02:12:23   Master  Error:  subscript out of bounds 
2025-11-09 02:12:41   Nu  Error:  subscript out of bounds 
2025-11-09 03:49:02   Visa  Error:  HTTP 403 Forbidden. 
2025-11-09 03:49:39   Master  Error:  subscript out of bounds 
2025-11-09 06:38:44   Visa  Error:  HTTP 403 Forbidden. 
2025-11-09 06:39:18   Master  Error:  subscript out of bounds 
2025-11-09 06:39:35   Nu  Error:  subscript out of bounds 
2025-11-09 09:25:10   Visa  Error:  HTTP 403 Forbidden. 
2025-11-09 09:25:47   Master  Error:  subscript out of bounds 
2025-11-09 12:51:46   Visa  Error:  HTTP 403 Forbidden. 
2025-11-09 12:52:21   Master  Error:  subscript out of bounds 
2025-11-09 12:52:39   Nu  Error:  subscript out of bounds 
2025-11-09 15:25:37   Visa  Error:  HTTP 403 Forbidden. 
2025-11-09 15:26:15   Master  Error:  subscript out of bounds 
2025-11-09 15:26:31   Nu  Error:  subscript out of bounds 
2025-11-09 18:35:07   Visa  Error:  HTTP 403 Forbidden. 
2025-11-09 18:35:44   Master  Error:  subscript out of bounds 
2025-11-09 18:36:03   Nu  Error:  subscript out of bounds 
2025-11-09 21:23:31   Visa  Error:  HTTP 403 Forbidden. 
2025-11-09 21:24:09   Master  Error:  subscript out of bounds 
2025-11-09 21:24:27   Nu  Error:  subscript out of bounds 
2025-11-10 02:13:21   Visa  Error:  HTTP 403 Forbidden. 
2025-11-10 02:13:55   Master  Error:  subscript out of bounds 
2025-11-10 02:14:13   Nu  Error:  subscript out of bounds 
2025-11-10 03:55:02   Visa  Error:  HTTP 403 Forbidden. 
2025-11-10 03:55:36   Master  Error:  subscript out of bounds 
2025-11-10 03:55:53   Nu  Error:  subscript out of bounds 
2025-11-10 06:43:56   Visa  Error:  HTTP 403 Forbidden. 
2025-11-10 06:44:31   Master  Error:  subscript out of bounds 
2025-11-10 09:34:12   Visa  Error:  HTTP 403 Forbidden. 
2025-11-10 09:34:49   Master  Error:  subscript out of bounds 
2025-11-10 09:35:06   Nu  Error:  subscript out of bounds 
2025-11-10 12:59:26   Visa  Error:  HTTP 403 Forbidden. 
2025-11-10 13:00:03   Master  Error:  subscript out of bounds 
2025-11-10 15:31:34   Visa  Error:  HTTP 403 Forbidden. 
2025-11-10 15:32:08   Master  Error:  subscript out of bounds 
2025-11-10 18:40:32   Visa  Error:  HTTP 403 Forbidden. 
2025-11-10 18:41:07   Master  Error:  subscript out of bounds 
2025-11-10 18:41:25   Nu  Error:  subscript out of bounds 
2025-11-10 21:26:17   Visa  Error:  HTTP 403 Forbidden. 
2025-11-10 21:26:51   Master  Error:  subscript out of bounds 
2025-11-10 21:27:09   Nu  Error:  subscript out of bounds 
2025-11-11 02:08:24   Visa  Error:  HTTP 403 Forbidden. 
2025-11-11 02:08:58   Master  Error:  subscript out of bounds 
2025-11-11 02:09:16   Nu  Error:  subscript out of bounds 
2025-11-11 03:51:05   Visa  Error:  HTTP 403 Forbidden. 
2025-11-11 03:51:43   Master  Error:  subscript out of bounds 
2025-11-11 03:52:03   Nu  Error:  subscript out of bounds 
2025-11-11 06:41:57   Visa  Error:  HTTP 403 Forbidden. 
2025-11-11 06:42:31   Master  Error:  subscript out of bounds 
2025-11-11 06:42:50   Nu  Error:  subscript out of bounds 
2025-11-11 09:31:25   Visa  Error:  HTTP 403 Forbidden. 
2025-11-11 09:31:59   Master  Error:  subscript out of bounds 
2025-11-11 12:59:28   Visa  Error:  HTTP 403 Forbidden. 
2025-11-11 13:00:06   Master  Error:  subscript out of bounds 
2025-11-11 15:31:35   Visa  Error:  HTTP 403 Forbidden. 
2025-11-11 15:32:09   Master  Error:  subscript out of bounds 
2025-11-11 15:32:15   Nu  Error:  subscript out of bounds 
2025-11-11 18:39:55   Visa  Error:  HTTP 403 Forbidden. 
2025-11-11 18:40:28   Master  Error:  subscript out of bounds 
2025-11-11 18:40:46   Nu  Error:  subscript out of bounds 
2025-11-11 21:26:24   Visa  Error:  HTTP 403 Forbidden. 
2025-11-11 21:27:03   Master  Error:  subscript out of bounds 
2025-11-12 02:07:44   Visa  Error:  HTTP 403 Forbidden. 
2025-11-12 02:08:21   Master  Error:  subscript out of bounds 
2025-11-12 02:08:41   Nu  Error:  subscript out of bounds 
2025-11-12 03:49:58   Visa  Error:  HTTP 403 Forbidden. 
2025-11-12 03:50:32   Master  Error:  subscript out of bounds 
2025-11-12 03:50:49   Nu  Error:  subscript out of bounds 
2025-11-12 06:41:48   Visa  Error:  HTTP 403 Forbidden. 
2025-11-12 06:42:22   Master  Error:  subscript out of bounds 
2025-11-12 06:42:40   Nu  Error:  subscript out of bounds 
2025-11-12 09:31:35   Visa  Error:  HTTP 403 Forbidden. 
2025-11-12 09:32:10   Master  Error:  subscript out of bounds 
2025-11-12 09:32:28   Nu  Error:  subscript out of bounds 
2025-11-12 13:00:07   Visa  Error:  HTTP 403 Forbidden. 
2025-11-12 13:00:43   Master  Error:  subscript out of bounds 
2025-11-12 13:01:01   Nu  Error:  subscript out of bounds 
2025-11-12 15:33:50   Visa  Error:  HTTP 403 Forbidden. 
2025-11-12 15:34:24   Master  Error:  subscript out of bounds 
2025-11-12 15:34:43   Nu  Error:  subscript out of bounds 
2025-11-12 18:38:20   Visa  Error:  HTTP 403 Forbidden. 
2025-11-12 18:38:54   Master  Error:  subscript out of bounds 
2025-11-12 21:27:05   Visa  Error:  HTTP 403 Forbidden. 
2025-11-12 21:27:42   Master  Error:  subscript out of bounds 
2025-11-13 03:52:31   Visa  Error:  HTTP 403 Forbidden. 
2025-11-13 03:53:05   Master  Error:  subscript out of bounds 
2025-11-13 03:53:22   Nu  Error:  subscript out of bounds 
2025-11-13 06:42:18   Visa  Error:  HTTP 403 Forbidden. 
2025-11-13 06:42:52   Master  Error:  subscript out of bounds 
2025-11-13 06:43:12   Nu  Error:  subscript out of bounds 
2025-11-13 09:32:16   Visa  Error:  HTTP 403 Forbidden. 
2025-11-13 09:32:53   Master  Error:  subscript out of bounds 
2025-11-13 13:00:37   Vancouver  Error:  Timeout was reached: [cambiosvancouver.com] Failed to connect to cambiosvancouver.com port 443 after 5231 ms: Connection timed out 
2025-11-13 13:00:38   Visa  Error:  HTTP 403 Forbidden. 
2025-11-13 13:01:13   Master  Error:  subscript out of bounds 
2025-11-13 13:01:28   Nu  Error:  subscript out of bounds 
2025-11-13 15:30:47   Visa  Error:  HTTP 403 Forbidden. 
2025-11-13 15:31:25   Master  Error:  subscript out of bounds 
2025-11-13 15:31:41   Nu  Error:  subscript out of bounds 
2025-11-13 18:40:41   Visa  Error:  HTTP 403 Forbidden. 
2025-11-13 18:41:14   Master  Error:  subscript out of bounds 
2025-11-13 21:26:14   Visa  Error:  HTTP 403 Forbidden. 
2025-11-13 21:26:48   Master  Error:  subscript out of bounds 
2025-11-13 21:27:07   Nu  Error:  subscript out of bounds 
2025-11-14 02:08:29   Visa  Error:  HTTP 403 Forbidden. 
2025-11-14 02:09:05   Master  Error:  subscript out of bounds 
2025-11-14 02:09:23   Nu  Error:  subscript out of bounds 
2025-11-14 03:50:23   Visa  Error:  HTTP 403 Forbidden. 
2025-11-14 03:50:57   Master  Error:  subscript out of bounds 
2025-11-14 06:41:52   Visa  Error:  HTTP 403 Forbidden. 
2025-11-14 06:42:29   Master  Error:  subscript out of bounds 
2025-11-14 09:31:51   Visa  Error:  HTTP 403 Forbidden. 
2025-11-14 09:32:25   Master  Error:  subscript out of bounds 
2025-11-14 12:57:31   Visa  Error:  HTTP 403 Forbidden. 
2025-11-14 12:58:07   Master  Error:  subscript out of bounds 
2025-11-14 12:58:24   Nu  Error:  subscript out of bounds 
2025-11-14 15:26:20   Visa  Error:  HTTP 403 Forbidden. 
2025-11-14 15:26:59   Master  Error:  subscript out of bounds 
2025-11-14 15:27:18   Nu  Error:  subscript out of bounds 
2025-11-14 18:39:16   Visa  Error:  HTTP 403 Forbidden. 
2025-11-14 18:39:52   Master  Error:  subscript out of bounds 
2025-11-14 18:40:11   Nu  Error:  subscript out of bounds 
2025-11-14 21:27:00   Visa  Error:  HTTP 403 Forbidden. 
2025-11-14 21:27:35   Master  Error:  subscript out of bounds 
2025-11-14 21:27:53   Nu  Error:  subscript out of bounds 
2025-11-15 02:03:52   Visa  Error:  HTTP 403 Forbidden. 
2025-11-15 02:04:27   Master  Error:  subscript out of bounds 
2025-11-15 02:04:46   Nu  Error:  subscript out of bounds 
2025-11-15 03:43:42   Visa  Error:  HTTP 403 Forbidden. 
2025-11-15 03:44:17   Master  Error:  subscript out of bounds 
2025-11-15 06:38:19   Visa  Error:  HTTP 403 Forbidden. 
2025-11-15 06:38:56   Master  Error:  subscript out of bounds 
2025-11-15 06:39:13   Nu  Error:  subscript out of bounds 
2025-11-15 06:39:19   Condor  Error:  The size of `nm` (3) must be compatible with the size of `x` (0). 
2025-11-15 09:26:32   Visa  Error:  HTTP 403 Forbidden. 
2025-11-15 09:27:09   Master  Error:  subscript out of bounds 
2025-11-15 09:27:26   Nu  Error:  subscript out of bounds 
2025-11-15 12:52:07   Visa  Error:  HTTP 403 Forbidden. 
2025-11-15 12:52:44   Master  Error:  subscript out of bounds 
2025-11-15 12:53:02   Nu  Error:  subscript out of bounds 
2025-11-15 15:26:18   Visa  Error:  HTTP 403 Forbidden. 
2025-11-15 15:26:54   Master  Error:  subscript out of bounds 
2025-11-15 15:27:13   Nu  Error:  subscript out of bounds 
2025-11-15 18:35:38   Visa  Error:  HTTP 403 Forbidden. 
2025-11-15 18:36:14   Master  Error:  subscript out of bounds 
2025-11-15 18:36:31   Nu  Error:  subscript out of bounds 
2025-11-15 21:23:40   Visa  Error:  HTTP 403 Forbidden. 
2025-11-15 21:24:18   Master  Error:  subscript out of bounds 
2025-11-15 21:24:35   Nu  Error:  subscript out of bounds 
2025-11-16 02:19:33   Visa  Error:  HTTP 403 Forbidden. 
2025-11-16 02:20:06   Master  Error:  subscript out of bounds 
2025-11-16 02:20:22   Nu  Error:  subscript out of bounds 
2025-11-16 03:53:27   Visa  Error:  HTTP 403 Forbidden. 
2025-11-16 03:54:02   Master  Error:  subscript out of bounds 
2025-11-16 03:54:19   Nu  Error:  subscript out of bounds 
2025-11-16 06:39:29   Visa  Error:  HTTP 403 Forbidden. 
2025-11-16 06:40:04   Master  Error:  subscript out of bounds 
2025-11-16 06:40:24   Nu  Error:  subscript out of bounds 
2025-11-16 09:27:09   Visa  Error:  HTTP 403 Forbidden. 
2025-11-16 09:27:43   Master  Error:  subscript out of bounds 
2025-11-16 09:28:00   Nu  Error:  subscript out of bounds 
2025-11-16 12:51:55   Visa  Error:  HTTP 403 Forbidden. 
2025-11-16 12:52:32   Master  Error:  subscript out of bounds 
2025-11-16 12:52:50   Nu  Error:  subscript out of bounds 
2025-11-16 15:26:05   Visa  Error:  HTTP 403 Forbidden. 
2025-11-16 15:26:42   Master  Error:  subscript out of bounds 
2025-11-16 15:27:00   Nu  Error:  subscript out of bounds 
2025-11-16 18:36:23   Vancouver  Error:  Timeout was reached: [cambiosvancouver.com] Failed to connect to cambiosvancouver.com port 443 after 5352 ms: Connection timed out 
2025-11-16 18:36:24   Visa  Error:  HTTP 403 Forbidden. 
2025-11-16 18:36:59   Master  Error:  subscript out of bounds 
2025-11-16 18:37:18   Nu  Error:  subscript out of bounds 
2025-11-16 21:24:53   Visa  Error:  HTTP 403 Forbidden. 
2025-11-16 21:25:28   Master  Error:  subscript out of bounds 
2025-11-16 21:25:44   Nu  Error:  subscript out of bounds 
2025-11-17 02:09:17   Visa  Error:  HTTP 403 Forbidden. 
2025-11-17 02:09:52   Master  Error:  subscript out of bounds 
2025-11-17 03:53:51   Visa  Error:  HTTP 403 Forbidden. 
2025-11-17 03:54:28   Master  Error:  subscript out of bounds 
2025-11-17 03:54:44   Nu  Error:  subscript out of bounds 
2025-11-17 06:42:58   Visa  Error:  HTTP 403 Forbidden. 
2025-11-17 06:43:35   Master  Error:  subscript out of bounds 
2025-11-17 06:43:54   Nu  Error:  subscript out of bounds 
2025-11-17 09:35:15   Visa  Error:  HTTP 403 Forbidden. 
2025-11-17 09:35:48   Master  Error:  subscript out of bounds 
2025-11-17 09:36:07   Nu  Error:  subscript out of bounds 
2025-11-17 12:59:04   Visa  Error:  HTTP 403 Forbidden. 
2025-11-17 12:59:40   Master  Error:  subscript out of bounds 
2025-11-17 13:00:00   Nu  Error:  subscript out of bounds 
2025-11-17 15:32:21   Visa  Error:  HTTP 403 Forbidden. 
2025-11-17 15:32:56   Master  Error:  subscript out of bounds 
2025-11-17 15:33:15   Nu  Error:  subscript out of bounds 
2025-11-17 18:40:31   Visa  Error:  HTTP 403 Forbidden. 
2025-11-17 18:41:06   Master  Error:  subscript out of bounds 
2025-11-17 21:27:03   Visa  Error:  HTTP 403 Forbidden. 
2025-11-17 21:27:38   Master  Error:  subscript out of bounds 
2025-11-17 21:27:58   Nu  Error:  subscript out of bounds 
2025-11-18 02:07:05   Visa  Error:  HTTP 403 Forbidden. 
2025-11-18 02:07:42   Master  Error:  subscript out of bounds 
2025-11-18 02:07:59   Nu  Error:  subscript out of bounds 
2025-11-18 03:49:54   Visa  Error:  HTTP 403 Forbidden. 
2025-11-18 03:50:29   Master  Error:  subscript out of bounds 
2025-11-18 03:50:46   Nu  Error:  subscript out of bounds 
2025-11-18 06:41:05   Visa  Error:  HTTP 403 Forbidden. 
2025-11-18 06:41:40   Master  Error:  subscript out of bounds 
2025-11-18 06:41:56   Nu  Error:  subscript out of bounds 
2025-11-18 09:32:39   Visa  Error:  HTTP 403 Forbidden. 
2025-11-18 09:33:13   Master  Error:  subscript out of bounds 
2025-11-18 09:33:30   Nu  Error:  subscript out of bounds 
2025-11-18 12:59:10   Visa  Error:  HTTP 403 Forbidden. 
2025-11-18 12:59:45   Master  Error:  subscript out of bounds 
2025-11-18 13:00:00   Nu  Error:  subscript out of bounds 
2025-11-18 13:00:36   ER API  Error:  cannot open the connection to 'https://open.er-api.com/v6/latest/EUR' 
2025-11-18 18:41:46   Visa  Error:  HTTP 403 Forbidden. 
2025-11-18 18:42:20   Master  Error:  subscript out of bounds 
2025-11-19 03:49:48   Visa  Error:  HTTP 403 Forbidden. 
2025-11-19 03:50:23   Master  Error:  subscript out of bounds 
2025-11-19 03:50:41   Nu  Error:  subscript out of bounds 
2025-11-19 06:41:29   Visa  Error:  HTTP 403 Forbidden. 
2025-11-19 06:42:03   Master  Error:  subscript out of bounds 
2025-11-19 09:32:42   Visa  Error:  HTTP 403 Forbidden. 
2025-11-19 09:33:16   Master  Error:  subscript out of bounds 
2025-11-19 12:59:27   Visa  Error:  HTTP 403 Forbidden. 
2025-11-19 13:00:01   Master  Error:  subscript out of bounds 
2025-11-19 13:00:19   Nu  Error:  subscript out of bounds 
2025-11-19 15:30:44   Visa  Error:  HTTP 403 Forbidden. 
2025-11-19 15:31:22   Master  Error:  subscript out of bounds 
2025-11-19 18:41:07   Visa  Error:  HTTP 403 Forbidden. 
2025-11-19 18:41:41   Master  Error:  subscript out of bounds 
2025-11-19 21:22:52   Visa  Error:  HTTP 403 Forbidden. 
2025-11-19 21:23:29   Master  Error:  subscript out of bounds 
2025-11-19 21:23:49   Nu  Error:  subscript out of bounds 
2025-11-20 02:05:33   Visa  Error:  HTTP 403 Forbidden. 
2025-11-20 02:06:07   Master  Error:  subscript out of bounds 
2025-11-20 02:06:26   Nu  Error:  subscript out of bounds 
2025-11-20 03:48:30   Visa  Error:  HTTP 403 Forbidden. 
2025-11-20 03:49:06   Master  Error:  subscript out of bounds 
2025-11-20 03:49:25   Nu  Error:  subscript out of bounds 
2025-11-20 06:40:54   Visa  Error:  HTTP 403 Forbidden. 
2025-11-20 06:41:32   Master  Error:  subscript out of bounds 
2025-11-20 06:41:50   Nu  Error:  subscript out of bounds 
2025-11-20 09:31:18   Vancouver  Error:  Could not resolve host: cambiosvancouver.com 
2025-11-20 09:31:18   Visa  Error:  HTTP 403 Forbidden. 
2025-11-20 09:31:52   Master  Error:  subscript out of bounds 
2025-11-20 12:57:58   Visa  Error:  HTTP 403 Forbidden. 
2025-11-20 12:58:32   Master  Error:  subscript out of bounds 
2025-11-20 12:58:49   Nu  Error:  subscript out of bounds 
2025-11-20 15:31:41   Visa  Error:  HTTP 403 Forbidden. 
2025-11-20 15:32:18   Master  Error:  subscript out of bounds 
2025-11-20 15:32:36   Nu  Error:  subscript out of bounds 
2025-11-20 18:40:55   Visa  Error:  HTTP 403 Forbidden. 
2025-11-20 18:41:29   Master  Error:  subscript out of bounds 
2025-11-20 21:26:59   Visa  Error:  HTTP 403 Forbidden. 
2025-11-20 21:27:32   Master  Error:  subscript out of bounds 
2025-11-20 21:27:48   Nu  Error:  subscript out of bounds 
2025-11-21 02:07:14   Visa  Error:  HTTP 403 Forbidden. 
2025-11-21 02:07:49   Master  Error:  subscript out of bounds 
2025-11-21 02:08:08   Nu  Error:  subscript out of bounds 
2025-11-21 03:49:13   Visa  Error:  HTTP 403 Forbidden. 
2025-11-21 03:49:47   Master  Error:  subscript out of bounds 
2025-11-21 03:50:05   Nu  Error:  subscript out of bounds 
2025-11-21 06:43:53   Visa  Error:  HTTP 403 Forbidden. 
2025-11-21 06:44:27   Master  Error:  subscript out of bounds 
2025-11-21 06:44:45   Nu  Error:  subscript out of bounds 
2025-11-21 09:31:04   Visa  Error:  HTTP 403 Forbidden. 
2025-11-21 09:31:39   Master  Error:  subscript out of bounds 
2025-11-21 12:56:42   Visa  Error:  HTTP 403 Forbidden. 
2025-11-21 12:57:17   Master  Error:  subscript out of bounds 
2025-11-21 12:57:35   Nu  Error:  subscript out of bounds 
2025-11-21 15:26:58   Visa  Error:  HTTP 403 Forbidden. 
2025-11-21 15:27:33   Master  Error:  subscript out of bounds 
2025-11-21 15:27:51   Nu  Error:  subscript out of bounds 
2025-11-21 18:37:11   Visa  Error:  HTTP 403 Forbidden. 
2025-11-21 18:37:45   Master  Error:  subscript out of bounds 
2025-11-21 18:38:03   Nu  Error:  subscript out of bounds 
2025-11-21 21:26:54   Visa  Error:  HTTP 403 Forbidden. 
2025-11-21 21:27:28   Master  Error:  subscript out of bounds 
2025-11-22 02:02:22   Visa  Error:  HTTP 403 Forbidden. 
2025-11-22 02:02:59   Master  Error:  subscript out of bounds 
2025-11-22 02:03:17   Nu  Error:  subscript out of bounds 
2025-11-22 03:42:45   Visa  Error:  HTTP 403 Forbidden. 
2025-11-22 03:43:20   Master  Error:  subscript out of bounds 
2025-11-22 06:38:31   Visa  Error:  HTTP 403 Forbidden. 
2025-11-22 06:39:08   Master  Error:  subscript out of bounds 
2025-11-22 06:39:26   Nu  Error:  subscript out of bounds 
2025-11-22 09:27:11   Visa  Error:  HTTP 403 Forbidden. 
2025-11-22 09:27:48   Master  Error:  subscript out of bounds 
2025-11-22 09:28:05   Nu  Error:  subscript out of bounds 
2025-11-22 12:51:06   Visa  Error:  HTTP 403 Forbidden. 
2025-11-22 12:51:41   Master  Error:  subscript out of bounds 
2025-11-22 12:52:02   Nu  Error:  subscript out of bounds 
2025-11-22 15:26:44   Visa  Error:  HTTP 403 Forbidden. 
2025-11-22 15:27:20   Master  Error:  subscript out of bounds 
2025-11-22 15:27:38   Nu  Error:  subscript out of bounds 
2025-11-22 18:37:07   Visa  Error:  HTTP 403 Forbidden. 
2025-11-22 18:37:43   Master  Error:  subscript out of bounds 
2025-11-22 18:38:00   Nu  Error:  subscript out of bounds 
2025-11-22 21:25:03   Visa  Error:  HTTP 403 Forbidden. 
2025-11-22 21:25:42   Master  Error:  subscript out of bounds 
2025-11-22 21:26:02   Nu  Error:  subscript out of bounds 
2025-11-23 02:27:44   Visa  Error:  HTTP 403 Forbidden. 
2025-11-23 02:28:19   Master  Error:  subscript out of bounds 
2025-11-23 04:02:28   Visa  Error:  HTTP 403 Forbidden. 
2025-11-23 04:03:03   Master  Error:  subscript out of bounds 
2025-11-23 06:39:38   Visa  Error:  HTTP 403 Forbidden. 
2025-11-23 06:40:15   Master  Error:  subscript out of bounds 
2025-11-23 06:40:34   Nu  Error:  subscript out of bounds 
2025-11-23 09:27:43   Visa  Error:  HTTP 403 Forbidden. 
2025-11-23 09:28:18   Master  Error:  subscript out of bounds 
2025-11-23 09:28:34   Nu  Error:  subscript out of bounds 
2025-11-23 12:50:37   Visa  Error:  HTTP 403 Forbidden. 
2025-11-23 12:51:15   Master  Error:  subscript out of bounds 
2025-11-23 15:26:25   Visa  Error:  HTTP 403 Forbidden. 
2025-11-23 15:27:02   Master  Error:  subscript out of bounds 
2025-11-23 15:27:22   Nu  Error:  subscript out of bounds 
2025-11-23 18:38:09   Vancouver  Error:  Timeout was reached: [cambiosvancouver.com] Failed to connect to cambiosvancouver.com port 443 after 5263 ms: Connection timed out 
2025-11-23 18:38:09   Visa  Error:  HTTP 403 Forbidden. 
2025-11-23 18:38:44   Master  Error:  subscript out of bounds 
2025-11-23 18:39:03   Nu  Error:  subscript out of bounds 
2025-11-23 21:25:55   Visa  Error:  HTTP 403 Forbidden. 
2025-11-23 21:26:29   Master  Error:  subscript out of bounds 
2025-11-24 02:22:08   Visa  Error:  HTTP 403 Forbidden. 
2025-11-24 02:22:43   Master  Error:  subscript out of bounds 
2025-11-24 02:23:00   Nu  Error:  subscript out of bounds 
2025-11-24 04:01:19   Visa  Error:  HTTP 403 Forbidden. 
2025-11-24 04:01:54   Master  Error:  subscript out of bounds 
2025-11-24 04:02:11   Nu  Error:  subscript out of bounds 
2025-11-24 06:42:47   Visa  Error:  HTTP 403 Forbidden. 
2025-11-24 06:43:24   Master  Error:  subscript out of bounds 
2025-11-24 06:43:42   Nu  Error:  subscript out of bounds 
2025-11-24 09:35:29   Visa  Error:  HTTP 403 Forbidden. 
2025-11-24 09:36:06   Master  Error:  subscript out of bounds 
2025-11-24 09:36:24   Nu  Error:  subscript out of bounds 
2025-11-24 13:00:16   Visa  Error:  HTTP 403 Forbidden. 
2025-11-24 13:00:49   Master  Error:  subscript out of bounds 
2025-11-24 13:01:08   Nu  Error:  subscript out of bounds 
2025-11-24 15:33:15   Visa  Error:  HTTP 403 Forbidden. 
2025-11-24 15:33:48   Master  Error:  subscript out of bounds 
2025-11-24 15:33:54   Nu  Error:  subscript out of bounds 
2025-11-24 18:42:02   Visa  Error:  HTTP 403 Forbidden. 
2025-11-24 18:42:38   Master  Error:  subscript out of bounds 
2025-11-24 18:42:57   Nu  Error:  subscript out of bounds 
2025-11-24 21:28:20   Visa  Error:  HTTP 403 Forbidden. 
2025-11-24 21:28:56   Master  Error:  subscript out of bounds 
2025-11-24 21:29:01   Nu  Error:  subscript out of bounds 
2025-11-25 02:09:05   Vancouver  Error:  Could not resolve host: cambiosvancouver.com 
2025-11-25 02:09:06   Visa  Error:  HTTP 403 Forbidden. 
2025-11-25 02:09:40   Master  Error:  subscript out of bounds 
2025-11-25 03:53:40   Visa  Error:  HTTP 403 Forbidden. 
2025-11-25 03:54:14   Master  Error:  subscript out of bounds 
2025-11-25 03:54:32   Nu  Error:  subscript out of bounds 
2025-11-25 06:45:41   Visa  Error:  HTTP 403 Forbidden. 
2025-11-25 06:46:16   Master  Error:  subscript out of bounds 
2025-11-25 06:46:35   Nu  Error:  subscript out of bounds 
2025-11-25 09:33:49   Visa  Error:  HTTP 403 Forbidden. 
2025-11-25 09:34:25   Master  Error:  subscript out of bounds 
2025-11-25 09:34:41   Nu  Error:  subscript out of bounds 
2025-11-25 13:00:11   Visa  Error:  HTTP 403 Forbidden. 
2025-11-25 13:00:48   Master  Error:  subscript out of bounds 
2025-11-25 13:01:06   Nu  Error:  subscript out of bounds 
2025-11-25 15:32:50   Visa  Error:  HTTP 403 Forbidden. 
2025-11-25 15:33:27   Master  Error:  subscript out of bounds 
2025-11-25 15:33:46   Nu  Error:  subscript out of bounds 
2025-11-25 18:42:59   Visa  Error:  HTTP 403 Forbidden. 
2025-11-25 18:43:33   Master  Error:  subscript out of bounds 
2025-11-25 18:43:50   Nu  Error:  subscript out of bounds 
2025-11-25 21:28:05   Visa  Error:  HTTP 403 Forbidden. 
2025-11-25 21:28:40   Master  Error:  subscript out of bounds 
2025-11-25 21:28:59   Nu  Error:  subscript out of bounds 
2025-11-26 02:09:14   Visa  Error:  HTTP 403 Forbidden. 
2025-11-26 02:09:48   Master  Error:  subscript out of bounds 
2025-11-26 02:10:06   Nu  Error:  subscript out of bounds 
2025-11-26 03:52:36   Visa  Error:  HTTP 403 Forbidden. 
2025-11-26 03:53:09   Master  Error:  subscript out of bounds 
2025-11-26 06:44:23   Visa  Error:  HTTP 403 Forbidden. 
2025-11-26 06:44:58   Master  Error:  subscript out of bounds 
2025-11-26 06:45:16   Nu  Error:  subscript out of bounds 
2025-11-26 09:33:29   Visa  Error:  HTTP 403 Forbidden. 
2025-11-26 09:34:03   Master  Error:  subscript out of bounds 
2025-11-26 09:34:23   Nu  Error:  subscript out of bounds 
2025-11-26 13:02:03   Visa  Error:  HTTP 403 Forbidden. 
2025-11-26 13:02:40   Master  Error:  subscript out of bounds 
2025-11-26 13:02:58   Nu  Error:  subscript out of bounds 
2025-11-26 13:03:37   Comdirect  Error:  'Error caughtTimeoutError: Navigation timeout of 30000 ms exceeded' does not exist in current working directory ('/home/runner/work/eurcopscraper/eurcopscraper'). 
2025-11-26 15:30:38   Visa  Error:  HTTP 403 Forbidden. 
2025-11-26 15:31:15   Master  Error:  subscript out of bounds 
2025-11-26 15:31:34   Nu  Error:  subscript out of bounds 
2025-11-26 18:37:13   Visa  Error:  HTTP 403 Forbidden. 
2025-11-26 18:37:50   Master  Error:  subscript out of bounds 
2025-11-26 18:38:09   Nu  Error:  subscript out of bounds 
2025-11-26 21:26:05   Visa  Error:  HTTP 403 Forbidden. 
2025-11-26 21:26:41   Master  Error:  subscript out of bounds 
2025-11-26 21:26:59   Nu  Error:  subscript out of bounds 
2025-11-27 02:06:41   Visa  Error:  HTTP 403 Forbidden. 
2025-11-27 02:07:16   Master  Error:  subscript out of bounds 
2025-11-27 02:07:33   Nu  Error:  subscript out of bounds 
2025-11-27 03:50:11   Vancouver  Error:  Timeout was reached: [cambiosvancouver.com] Resolving timed out after 10001 milliseconds 
2025-11-27 03:50:11   Visa  Error:  HTTP 403 Forbidden. 
2025-11-27 03:50:46   Master  Error:  subscript out of bounds 
2025-11-27 03:51:04   Nu  Error:  subscript out of bounds 
2025-11-27 06:44:14   Visa  Error:  HTTP 403 Forbidden. 
2025-11-27 06:44:49   Master  Error:  subscript out of bounds 
2025-11-27 06:45:06   Nu  Error:  subscript out of bounds 
2025-11-27 09:32:46   Visa  Error:  HTTP 403 Forbidden. 
2025-11-27 09:33:22   Master  Error:  subscript out of bounds 
2025-11-27 09:33:41   Nu  Error:  subscript out of bounds 
2025-11-27 12:59:46   Visa  Error:  HTTP 403 Forbidden. 
2025-11-27 13:00:21   Master  Error:  subscript out of bounds 
2025-11-27 15:30:43   Visa  Error:  HTTP 403 Forbidden. 
2025-11-27 15:31:20   Master  Error:  subscript out of bounds 
2025-11-27 15:31:38   Nu  Error:  subscript out of bounds 
2025-11-27 18:38:56   Visa  Error:  HTTP 403 Forbidden. 
2025-11-27 18:39:31   Master  Error:  subscript out of bounds 
2025-11-27 18:39:50   Nu  Error:  subscript out of bounds 
2025-11-27 21:25:44   Visa  Error:  HTTP 403 Forbidden. 
2025-11-27 21:26:18   Master  Error:  subscript out of bounds 
2025-11-27 21:26:35   Nu  Error:  subscript out of bounds 
2025-11-28 02:06:32   Visa  Error:  HTTP 403 Forbidden. 
2025-11-28 02:07:07   Master  Error:  subscript out of bounds 
2025-11-28 02:07:26   Nu  Error:  subscript out of bounds 
2025-11-28 03:49:50   Visa  Error:  HTTP 403 Forbidden. 
2025-11-28 03:50:24   Master  Error:  subscript out of bounds 
2025-11-28 06:43:19   Visa  Error:  HTTP 403 Forbidden. 
2025-11-28 06:43:53   Master  Error:  subscript out of bounds 
2025-11-28 06:44:11   Nu  Error:  subscript out of bounds 
2025-11-28 09:31:05   Visa  Error:  HTTP 403 Forbidden. 
2025-11-28 09:31:40   Master  Error:  subscript out of bounds 
2025-11-28 09:32:00   Nu  Error:  subscript out of bounds 
2025-11-28 12:58:17   Visa  Error:  HTTP 403 Forbidden. 
2025-11-28 12:58:52   Master  Error:  subscript out of bounds 
2025-11-28 12:59:08   Nu  Error:  subscript out of bounds 
2025-11-28 15:30:19   Visa  Error:  HTTP 403 Forbidden. 
2025-11-28 15:30:56   Master  Error:  subscript out of bounds 
2025-11-28 15:31:14   Nu  Error:  subscript out of bounds 
2025-11-28 18:39:01   Visa  Error:  HTTP 403 Forbidden. 
2025-11-28 18:39:37   Master  Error:  subscript out of bounds 
2025-11-28 18:39:56   Nu  Error:  subscript out of bounds 
2025-11-28 21:25:43   Visa  Error:  HTTP 403 Forbidden. 
2025-11-28 21:26:18   Master  Error:  subscript out of bounds 
2025-11-28 21:26:35   Nu  Error:  subscript out of bounds 
2025-11-29 02:05:40   Visa  Error:  HTTP 403 Forbidden. 
2025-11-29 02:06:17   Master  Error:  subscript out of bounds 
2025-11-29 02:06:36   Nu  Error:  subscript out of bounds 
2025-11-29 03:50:07   Visa  Error:  HTTP 403 Forbidden. 
2025-11-29 03:50:42   Master  Error:  subscript out of bounds 
2025-11-29 06:40:23   Visa  Error:  HTTP 403 Forbidden. 
2025-11-29 06:40:59   Master  Error:  subscript out of bounds 
2025-11-29 06:41:17   Nu  Error:  subscript out of bounds 
2025-11-29 09:29:06   Visa  Error:  HTTP 403 Forbidden. 
2025-11-29 09:29:43   Master  Error:  subscript out of bounds 
2025-11-29 12:54:27   Visa  Error:  HTTP 403 Forbidden. 
2025-11-29 12:55:04   Master  Error:  subscript out of bounds 
2025-11-29 12:55:21   Nu  Error:  subscript out of bounds 
2025-11-29 15:27:35   Visa  Error:  HTTP 403 Forbidden. 
2025-11-29 15:28:09   Master  Error:  subscript out of bounds 
2025-11-29 15:28:28   Nu  Error:  subscript out of bounds 
2025-11-29 18:38:10   Visa  Error:  HTTP 403 Forbidden. 
2025-11-29 18:38:46   Master  Error:  subscript out of bounds 
2025-11-29 18:39:05   Nu  Error:  subscript out of bounds 
2025-11-29 21:26:38   Vancouver  Error:  Could not resolve host: cambiosvancouver.com 
2025-11-29 21:26:39   Visa  Error:  HTTP 403 Forbidden. 
2025-11-29 21:27:12   Master  Error:  subscript out of bounds 
2025-11-29 21:27:29   Nu  Error:  subscript out of bounds 
2025-11-30 02:27:22   Visa  Error:  HTTP 403 Forbidden. 
2025-11-30 02:27:57   Master  Error:  subscript out of bounds 
2025-11-30 02:28:15   Nu  Error:  subscript out of bounds 
2025-11-30 04:02:08   Visa  Error:  HTTP 403 Forbidden. 
2025-11-30 04:02:44   Master  Error:  subscript out of bounds 
2025-11-30 04:03:02   Nu  Error:  subscript out of bounds 
2025-11-30 06:41:35   Visa  Error:  HTTP 403 Forbidden. 
2025-11-30 06:42:10   Master  Error:  subscript out of bounds 
2025-11-30 06:42:29   Nu  Error:  subscript out of bounds 
2025-11-30 09:27:54   Visa  Error:  HTTP 403 Forbidden. 
2025-11-30 09:28:28   Master  Error:  subscript out of bounds 
2025-11-30 09:28:46   Nu  Error:  subscript out of bounds 
2025-11-30 12:54:08   Visa  Error:  HTTP 403 Forbidden. 
2025-11-30 12:54:42   Master  Error:  subscript out of bounds 
2025-11-30 12:55:01   Nu  Error:  subscript out of bounds 
2025-11-30 15:27:14   Visa  Error:  HTTP 403 Forbidden. 
2025-11-30 15:27:52   Master  Error:  subscript out of bounds 
2025-11-30 15:28:10   Nu  Error:  subscript out of bounds 
2025-11-30 18:38:39   Visa  Error:  HTTP 403 Forbidden. 
2025-11-30 18:39:16   Master  Error:  subscript out of bounds 
2025-11-30 21:26:21   Visa  Error:  HTTP 403 Forbidden. 
2025-11-30 21:26:57   Master  Error:  subscript out of bounds 
2025-12-01 02:35:14   Visa  Error:  HTTP 403 Forbidden. 
2025-12-01 02:35:51   Master  Error:  subscript out of bounds 
2025-12-01 02:36:10   Nu  Error:  subscript out of bounds 
2025-12-01 04:16:27   Visa  Error:  HTTP 403 Forbidden. 
2025-12-01 04:17:01   Master  Error:  subscript out of bounds 
2025-12-01 04:17:19   Nu  Error:  subscript out of bounds 
2025-12-01 06:48:33   Visa  Error:  HTTP 403 Forbidden. 
2025-12-01 06:49:09   Master  Error:  subscript out of bounds 
2025-12-01 06:49:26   Nu  Error:  subscript out of bounds 
2025-12-01 09:38:59   Visa  Error:  HTTP 403 Forbidden. 
2025-12-01 09:39:37   Master  Error:  subscript out of bounds 
2025-12-01 13:02:29   Visa  Error:  HTTP 403 Forbidden. 
2025-12-01 13:03:03   Master  Error:  subscript out of bounds 
2025-12-01 13:03:22   Nu  Error:  subscript out of bounds 
2025-12-01 15:33:30   Visa  Error:  HTTP 403 Forbidden. 
2025-12-01 15:34:08   Master  Error:  subscript out of bounds 
2025-12-01 15:34:24   Nu  Error:  subscript out of bounds 
2025-12-01 18:49:22   Visa  Error:  HTTP 403 Forbidden. 
2025-12-01 18:49:55   Master  Error:  subscript out of bounds 
2025-12-01 18:50:13   Nu  Error:  subscript out of bounds 
2025-12-01 21:25:52   Visa  Error:  HTTP 403 Forbidden. 
2025-12-01 21:26:26   Master  Error:  subscript out of bounds 
2025-12-01 21:26:43   Nu  Error:  subscript out of bounds 
2025-12-02 02:11:08   Visa  Error:  HTTP 403 Forbidden. 
2025-12-02 02:11:43   Master  Error:  subscript out of bounds 
2025-12-02 02:12:00   Nu  Error:  subscript out of bounds 
2025-12-02 03:57:15   Vancouver  Error:  Timeout was reached: [cambiosvancouver.com] Failed to connect to cambiosvancouver.com port 443 after 5217 ms: Connection timed out 
2025-12-02 03:57:15   Visa  Error:  HTTP 403 Forbidden. 
2025-12-02 03:57:49   Master  Error:  subscript out of bounds 
2025-12-02 03:58:07   Nu  Error:  subscript out of bounds 
2025-12-02 03:58:15   Condor  Error:  The size of `nm` (3) must be compatible with the size of `x` (0). 
2025-12-02 06:46:31   Visa  Error:  HTTP 403 Forbidden. 
2025-12-02 06:47:11   Master  Error:  subscript out of bounds 
2025-12-02 06:47:29   Nu  Error:  subscript out of bounds 
2025-12-02 09:36:38   Visa  Error:  HTTP 403 Forbidden. 
2025-12-02 09:37:13   Master  Error:  subscript out of bounds 
2025-12-02 09:37:31   Nu  Error:  subscript out of bounds 
2025-12-02 15:35:18   Visa  Error:  HTTP 403 Forbidden. 
2025-12-02 15:35:56   Master  Error:  subscript out of bounds 
2025-12-02 15:36:19   Nu  Error:  subscript out of bounds 
2025-12-02 18:47:42   Visa  Error:  HTTP 403 Forbidden. 
2025-12-02 18:48:16   Master  Error:  subscript out of bounds 
2025-12-02 18:48:38   Nu  Error:  subscript out of bounds 
2025-12-02 21:29:07   Visa  Error:  HTTP 403 Forbidden. 
2025-12-02 21:29:42   Master  Error:  subscript out of bounds 
2025-12-02 21:30:04   Nu  Error:  subscript out of bounds 
2025-12-03 02:10:39   Visa  Error:  HTTP 403 Forbidden. 
2025-12-03 02:11:17   Master  Error:  subscript out of bounds 
2025-12-03 02:11:39   Nu  Error:  subscript out of bounds 
2025-12-03 03:55:49   Visa  Error:  HTTP 403 Forbidden. 
2025-12-03 03:56:26   Master  Error:  subscript out of bounds 
2025-12-03 03:56:48   Nu  Error:  subscript out of bounds 
2025-12-03 06:45:43   Visa  Error:  HTTP 403 Forbidden. 
2025-12-03 06:46:19   Master  Error:  subscript out of bounds 
2025-12-03 06:46:41   Nu  Error:  subscript out of bounds 
2025-12-03 09:34:28   Visa  Error:  HTTP 403 Forbidden. 
2025-12-03 09:35:05   Master  Error:  subscript out of bounds 
2025-12-03 09:35:27   Nu  Error:  subscript out of bounds 
2025-12-03 13:02:53   Visa  Error:  HTTP 403 Forbidden. 
2025-12-03 13:03:28   Master  Error:  subscript out of bounds 
2025-12-03 13:03:50   Nu  Error:  subscript out of bounds 
2025-12-03 15:34:23   Visa  Error:  HTTP 403 Forbidden. 
2025-12-03 15:34:56   Master  Error:  subscript out of bounds 
2025-12-03 15:35:18   Nu  Error:  subscript out of bounds 
2025-12-03 18:46:03   Visa  Error:  HTTP 403 Forbidden. 
2025-12-03 18:46:38   Master  Error:  subscript out of bounds 
2025-12-03 18:47:00   Nu  Error:  subscript out of bounds 
2025-12-03 21:26:15   Visa  Error:  HTTP 403 Forbidden. 
2025-12-03 21:26:53   Master  Error:  subscript out of bounds 
2025-12-03 21:27:15   Nu  Error:  subscript out of bounds 
2025-12-04 02:11:28   Visa  Error:  HTTP 403 Forbidden. 
2025-12-04 02:12:04   Master  Error:  subscript out of bounds 
2025-12-04 02:12:26   Nu  Error:  subscript out of bounds 
2025-12-04 03:57:34   Visa  Error:  HTTP 403 Forbidden. 
2025-12-04 03:58:10   Master  Error:  subscript out of bounds 
2025-12-04 03:58:33   Nu  Error:  subscript out of bounds 
2025-12-04 06:45:45   Vancouver  Error:  Timeout was reached: [cambiosvancouver.com] Failed to connect to cambiosvancouver.com port 443 after 5228 ms: Connection timed out 
2025-12-04 06:45:45   Visa  Error:  HTTP 403 Forbidden. 
2025-12-04 06:46:20   Master  Error:  subscript out of bounds 
2025-12-04 06:46:42   Nu  Error:  subscript out of bounds 
2025-12-04 06:46:48   Condor  Error:  The size of `nm` (3) must be compatible with the size of `x` (0). 
2025-12-04 09:34:49   Visa  Error:  HTTP 403 Forbidden. 
2025-12-04 09:35:26   Master  Error:  subscript out of bounds 
2025-12-04 09:35:48   Nu  Error:  subscript out of bounds 
2025-12-04 13:03:01   Visa  Error:  HTTP 403 Forbidden. 
2025-12-04 13:03:38   Master  Error:  subscript out of bounds 
2025-12-04 13:04:00   Nu  Error:  subscript out of bounds 
2025-12-04 15:34:52   Visa  Error:  HTTP 403 Forbidden. 
2025-12-04 15:35:26   Master  Error:  subscript out of bounds 
2025-12-04 15:35:48   Nu  Error:  subscript out of bounds 
2025-12-04 18:46:40   Visa  Error:  HTTP 403 Forbidden. 
2025-12-04 18:47:15   Master  Error:  subscript out of bounds 
2025-12-04 18:47:37   Nu  Error:  subscript out of bounds 
2025-12-04 21:29:33   Vancouver  Error:  Timeout was reached: [cambiosvancouver.com] Failed to connect to cambiosvancouver.com port 443 after 5248 ms: Connection timed out 
2025-12-04 21:29:33   Visa  Error:  HTTP 403 Forbidden. 
2025-12-04 21:30:08   Master  Error:  subscript out of bounds 
2025-12-04 21:30:31   Nu  Error:  subscript out of bounds 
2025-12-04 21:30:38   Condor  Error:  The size of `nm` (3) must be compatible with the size of `x` (0). 
2025-12-05 02:12:00   Visa  Error:  HTTP 403 Forbidden. 
2025-12-05 02:12:35   Master  Error:  subscript out of bounds 
2025-12-05 02:12:56   Nu  Error:  subscript out of bounds 
2025-12-05 03:56:05   Visa  Error:  HTTP 403 Forbidden. 
2025-12-05 03:56:41   Master  Error:  subscript out of bounds 
2025-12-05 03:57:03   Nu  Error:  subscript out of bounds 
2025-12-05 06:45:57   Visa  Error:  HTTP 403 Forbidden. 
2025-12-05 06:46:34   Master  Error:  subscript out of bounds 
2025-12-05 06:46:56   Nu  Error:  subscript out of bounds 
2025-12-05 09:32:52   Vancouver  Error:  Timeout was reached: [cambiosvancouver.com] Failed to connect to cambiosvancouver.com port 443 after 5235 ms: Connection timed out 
2025-12-05 09:32:52   Visa  Error:  HTTP 403 Forbidden. 
2025-12-05 09:33:31   Master  Error:  subscript out of bounds 
2025-12-05 09:33:53   Nu  Error:  subscript out of bounds 
2025-12-05 12:59:35   Visa  Error:  HTTP 403 Forbidden. 
2025-12-05 13:00:12   Master  Error:  subscript out of bounds 
2025-12-05 13:00:34   Nu  Error:  subscript out of bounds 
2025-12-05 15:32:59   Visa  Error:  HTTP 403 Forbidden. 
2025-12-05 15:33:34   Master  Error:  subscript out of bounds 
2025-12-05 15:33:56   Nu  Error:  subscript out of bounds 
2025-12-05 18:39:45   Visa  Error:  HTTP 403 Forbidden. 
2025-12-05 18:40:20   Master  Error:  subscript out of bounds 
2025-12-05 18:40:42   Nu  Error:  subscript out of bounds 
2025-12-05 21:27:43   Visa  Error:  HTTP 403 Forbidden. 
2025-12-05 21:28:18   Master  Error:  subscript out of bounds 
2025-12-05 21:28:40   Nu  Error:  subscript out of bounds 
2025-12-06 02:05:12   Visa  Error:  HTTP 403 Forbidden. 
2025-12-06 02:05:46   Master  Error:  subscript out of bounds 
2025-12-06 02:06:09   Nu  Error:  subscript out of bounds 
2025-12-06 03:47:04   Visa  Error:  HTTP 403 Forbidden. 
2025-12-06 03:47:42   Master  Error:  subscript out of bounds 
2025-12-06 03:48:04   Nu  Error:  subscript out of bounds 
2025-12-06 06:39:40   Visa  Error:  HTTP 403 Forbidden. 
2025-12-06 06:40:16   Master  Error:  subscript out of bounds 
2025-12-06 06:40:39   Nu  Error:  subscript out of bounds 
2025-12-06 09:28:28   Visa  Error:  HTTP 403 Forbidden. 
2025-12-06 09:29:05   Master  Error:  subscript out of bounds 
2025-12-06 09:29:27   Nu  Error:  subscript out of bounds 
2025-12-06 12:54:47   Visa  Error:  HTTP 403 Forbidden. 
2025-12-06 12:55:24   Master  Error:  subscript out of bounds 
2025-12-06 12:55:45   Nu  Error:  subscript out of bounds 
2025-12-06 15:27:36   Vancouver  Error:  Timeout was reached: [cambiosvancouver.com] Failed to connect to cambiosvancouver.com port 443 after 5243 ms: Connection timed out 
2025-12-06 15:27:37   Visa  Error:  HTTP 403 Forbidden. 
2025-12-06 15:28:11   Master  Error:  subscript out of bounds 
2025-12-06 15:28:34   Nu  Error:  subscript out of bounds 
2025-12-06 15:28:42   Condor  Error:  The size of `nm` (3) must be compatible with the size of `x` (0). 
2025-12-06 18:38:00   Visa  Error:  HTTP 403 Forbidden. 
2025-12-06 18:38:37   Master  Error:  subscript out of bounds 
2025-12-06 18:38:59   Nu  Error:  subscript out of bounds 
2025-12-06 21:25:42   Visa  Error:  HTTP 403 Forbidden. 
2025-12-06 21:26:17   Master  Error:  subscript out of bounds 
2025-12-06 21:26:39   Nu  Error:  subscript out of bounds 
2025-12-07 02:26:36   Visa  Error:  HTTP 403 Forbidden. 
2025-12-07 02:27:11   Master  Error:  subscript out of bounds 
2025-12-07 02:27:34   Nu  Error:  subscript out of bounds 
2025-12-07 02:27:51   Comdirect  Error:  ℹ In argument: `iso == "COP"`.
Caused by error:
! object 'iso' not found 
2025-12-07 04:02:15   Visa  Error:  HTTP 403 Forbidden. 
2025-12-07 04:02:50   Master  Error:  subscript out of bounds 
2025-12-07 04:03:12   Nu  Error:  subscript out of bounds 
2025-12-07 06:39:32   Visa  Error:  HTTP 403 Forbidden. 
2025-12-07 06:40:09   Master  Error:  subscript out of bounds 
2025-12-07 06:40:32   Nu  Error:  subscript out of bounds 
2025-12-07 09:28:05   Visa  Error:  HTTP 403 Forbidden. 
2025-12-07 09:28:41   Master  Error:  subscript out of bounds 
2025-12-07 09:29:03   Nu  Error:  subscript out of bounds 
2025-12-07 12:53:36   Visa  Error:  HTTP 403 Forbidden. 
2025-12-07 12:54:13   Master  Error:  subscript out of bounds 
2025-12-07 12:54:35   Nu  Error:  subscript out of bounds 
2025-12-07 15:26:32   Visa  Error:  HTTP 403 Forbidden. 
2025-12-07 15:27:10   Master  Error:  subscript out of bounds 
2025-12-07 15:27:32   Nu  Error:  subscript out of bounds 
2025-12-07 18:37:53   Visa  Error:  HTTP 403 Forbidden. 
2025-12-07 18:38:30   Master  Error:  subscript out of bounds 
2025-12-07 18:38:52   Nu  Error:  subscript out of bounds 
2025-12-07 21:24:43   Visa  Error:  HTTP 403 Forbidden. 
2025-12-07 21:25:18   Master  Error:  subscript out of bounds 
2025-12-07 21:25:40   Nu  Error:  subscript out of bounds 
2025-12-07 21:25:48   Condor  Error:  The size of `nm` (3) must be compatible with the size of `x` (0). 
2025-12-08 02:18:35   Visa  Error:  HTTP 403 Forbidden. 
2025-12-08 02:19:09   Master  Error:  subscript out of bounds 
2025-12-08 02:19:31   Nu  Error:  subscript out of bounds 
2025-12-08 04:00:41   Visa  Error:  HTTP 403 Forbidden. 
2025-12-08 04:01:17   Master  Error:  subscript out of bounds 
2025-12-08 04:01:39   Nu  Error:  subscript out of bounds 
2025-12-08 06:49:25   Visa  Error:  HTTP 403 Forbidden. 
2025-12-08 06:50:00   Master  Error:  subscript out of bounds 
2025-12-08 06:50:22   Nu  Error:  subscript out of bounds 
2025-12-08 06:50:39   Kapital  Error:  HTTP error 500. 
2025-12-08 09:38:47   Visa  Error:  HTTP 403 Forbidden. 
2025-12-08 09:39:26   Master  Error:  subscript out of bounds 
2025-12-08 09:39:48   Nu  Error:  subscript out of bounds 
2025-12-08 09:40:05   Kapital  Error:  HTTP error 500. 
2025-12-08 13:01:27   Visa  Error:  HTTP 403 Forbidden. 
2025-12-08 13:02:04   Master  Error:  subscript out of bounds 
2025-12-08 13:02:26   Nu  Error:  subscript out of bounds 
2025-12-08 13:02:43   Kapital  Error:  HTTP error 500. 
2025-12-08 15:33:12   Visa  Error:  HTTP 403 Forbidden. 
2025-12-08 15:33:49   Master  Error:  subscript out of bounds 
2025-12-08 15:34:12   Nu  Error:  subscript out of bounds 
2025-12-08 15:34:28   Kapital  Error:  HTTP error 500. 
2025-12-08 18:44:27   Visa  Error:  HTTP 403 Forbidden. 
2025-12-08 18:45:02   Master  Error:  subscript out of bounds 
2025-12-08 18:45:24   Nu  Error:  subscript out of bounds 
2025-12-08 18:45:44   Kapital  Error:  HTTP error 500. 
2025-12-08 21:25:57   Visa  Error:  HTTP 403 Forbidden. 
2025-12-08 21:26:32   Master  Error:  subscript out of bounds 
2025-12-08 21:26:54   Nu  Error:  subscript out of bounds 
2025-12-08 21:27:12   Kapital  Error:  HTTP error 500. 
2025-12-09 02:11:30   Visa  Error:  HTTP 403 Forbidden. 
2025-12-09 02:12:06   Master  Error:  subscript out of bounds 
2025-12-09 02:12:28   Nu  Error:  subscript out of bounds 
2025-12-09 02:12:44   Kapital  Error:  HTTP error 500. 
2025-12-09 03:55:48   Visa  Error:  HTTP 403 Forbidden. 
2025-12-09 03:56:24   Master  Error:  subscript out of bounds 
2025-12-09 03:56:46   Nu  Error:  subscript out of bounds 
2025-12-09 03:57:04   Kapital  Error:  HTTP error 500. 
2025-12-09 06:46:01   Visa  Error:  HTTP 403 Forbidden. 
2025-12-09 06:46:35   Master  Error:  subscript out of bounds 
2025-12-09 06:46:56   Nu  Error:  subscript out of bounds 
2025-12-09 06:47:12   Kapital  Error:  HTTP error 500. 
2025-12-09 09:34:27   Visa  Error:  HTTP 403 Forbidden. 
2025-12-09 09:35:04   Master  Error:  subscript out of bounds 
2025-12-09 09:35:26   Nu  Error:  subscript out of bounds 
2025-12-09 09:35:43   Kapital  Error:  HTTP error 500. 
2025-12-09 13:03:33   Visa  Error:  HTTP 403 Forbidden. 
2025-12-09 13:04:10   Master  Error:  subscript out of bounds 
2025-12-09 13:04:33   Nu  Error:  subscript out of bounds 
2025-12-09 13:04:50   Kapital  Error:  HTTP error 500. 
2025-12-09 15:34:46   Visa  Error:  HTTP 403 Forbidden. 
2025-12-09 15:35:23   Master  Error:  subscript out of bounds 
2025-12-09 15:35:44   Nu  Error:  subscript out of bounds 
2025-12-09 18:39:39   Visa  Error:  HTTP 403 Forbidden. 
2025-12-09 18:40:16   Master  Error:  subscript out of bounds 
2025-12-09 18:40:38   Nu  Error:  subscript out of bounds 
2025-12-09 21:28:17   Visa  Error:  HTTP 403 Forbidden. 
2025-12-09 21:28:51   Master  Error:  subscript out of bounds 
2025-12-09 21:29:13   Nu  Error:  subscript out of bounds 
2025-12-10 02:19:50   Visa  Error:  HTTP 403 Forbidden. 
2025-12-10 02:20:27   Master  Error:  subscript out of bounds 
2025-12-10 02:20:50   Nu  Error:  subscript out of bounds 
2025-12-10 04:07:43   Visa  Error:  HTTP 403 Forbidden. 
2025-12-10 04:08:21   Master  Error:  subscript out of bounds 
2025-12-10 04:08:43   Nu  Error:  subscript out of bounds 
2025-12-10 06:47:37   Visa  Error:  HTTP 403 Forbidden. 
2025-12-10 06:48:14   Master  Error:  subscript out of bounds 
2025-12-10 06:48:36   Nu  Error:  subscript out of bounds 
2025-12-10 09:35:33   Visa  Error:  HTTP 403 Forbidden. 
2025-12-10 09:36:07   Master  Error:  subscript out of bounds 
2025-12-10 09:36:29   Nu  Error:  subscript out of bounds 
2025-12-10 13:03:51   Visa  Error:  HTTP 403 Forbidden. 
2025-12-10 13:04:26   Master  Error:  subscript out of bounds 
2025-12-10 13:04:47   Nu  Error:  subscript out of bounds 
2025-12-10 15:35:54   Visa  Error:  HTTP 403 Forbidden. 
2025-12-10 15:36:32   Master  Error:  subscript out of bounds 
2025-12-10 15:36:54   Nu  Error:  subscript out of bounds 
2025-12-10 18:43:02   Visa  Error:  HTTP 403 Forbidden. 
2025-12-10 18:43:38   Master  Error:  subscript out of bounds 
2025-12-10 18:44:00   Nu  Error:  subscript out of bounds 
2025-12-10 21:32:43   Visa  Error:  HTTP 403 Forbidden. 
2025-12-10 21:33:19   Master  Error:  subscript out of bounds 
2025-12-10 21:33:41   Nu  Error:  subscript out of bounds 
2025-12-11 02:21:32   Visa  Error:  HTTP 403 Forbidden. 
2025-12-11 02:22:08   Master  Error:  subscript out of bounds 
2025-12-11 02:22:30   Nu  Error:  subscript out of bounds 
2025-12-11 04:02:01   Visa  Error:  HTTP 403 Forbidden. 
2025-12-11 04:02:36   Master  Error:  subscript out of bounds 
2025-12-11 04:02:58   Nu  Error:  subscript out of bounds 
2025-12-11 06:48:34   Visa  Error:  HTTP 403 Forbidden. 
2025-12-11 06:49:12   Master  Error:  subscript out of bounds 
2025-12-11 06:49:34   Nu  Error:  subscript out of bounds 
2025-12-11 09:36:04   Visa  Error:  HTTP 403 Forbidden. 
2025-12-11 09:36:41   Master  Error:  subscript out of bounds 
2025-12-11 09:37:03   Nu  Error:  subscript out of bounds 
2025-12-11 13:04:39   Visa  Error:  HTTP 403 Forbidden. 
2025-12-11 13:05:16   Master  Error:  subscript out of bounds 
2025-12-11 13:05:38   Nu  Error:  subscript out of bounds 
2025-12-11 18:45:29   Visa  Error:  HTTP 403 Forbidden. 
2025-12-11 18:46:04   Master  Error:  subscript out of bounds 
2025-12-11 18:46:26   Nu  Error:  subscript out of bounds 
2025-12-11 21:31:51   Visa  Error:  HTTP 403 Forbidden. 
2025-12-11 21:32:28   Master  Error:  subscript out of bounds 
2025-12-11 21:32:51   Nu  Error:  subscript out of bounds 
2025-12-12 02:21:02   Visa  Error:  HTTP 403 Forbidden. 
2025-12-12 02:21:39   Master  Error:  subscript out of bounds 
2025-12-12 02:22:01   Nu  Error:  subscript out of bounds 
2025-12-12 04:02:23   Visa  Error:  HTTP 403 Forbidden. 
2025-12-12 04:02:58   Master  Error:  subscript out of bounds 
2025-12-12 04:03:20   Nu  Error:  subscript out of bounds 
2025-12-12 06:47:57   Visa  Error:  HTTP 403 Forbidden. 
2025-12-12 06:48:33   Master  Error:  subscript out of bounds 
2025-12-12 06:48:56   Nu  Error:  subscript out of bounds 
2025-12-12 09:35:05   Visa  Error:  HTTP 403 Forbidden. 
2025-12-12 09:35:40   Master  Error:  subscript out of bounds 
2025-12-12 09:36:02   Nu  Error:  subscript out of bounds 
2025-12-12 13:01:49   Visa  Error:  HTTP 403 Forbidden. 
2025-12-12 13:02:26   Master  Error:  subscript out of bounds 
2025-12-12 13:02:48   Nu  Error:  subscript out of bounds 
2025-12-12 15:33:24   Visa  Error:  HTTP 403 Forbidden. 
2025-12-12 15:34:01   Master  Error:  subscript out of bounds 
2025-12-12 15:34:22   Nu  Error:  subscript out of bounds 
2025-12-12 18:44:24   Visa  Error:  HTTP 403 Forbidden. 
2025-12-12 18:45:00   Master  Error:  subscript out of bounds 
2025-12-12 18:45:21   Nu  Error:  subscript out of bounds 
2025-12-12 21:28:04   Visa  Error:  HTTP 403 Forbidden. 
2025-12-12 21:28:39   Master  Error:  subscript out of bounds 
2025-12-12 21:29:01   Nu  Error:  subscript out of bounds 
2025-12-13 02:08:34   Visa  Error:  HTTP 403 Forbidden. 
2025-12-13 02:09:12   Master  Error:  subscript out of bounds 
2025-12-13 02:09:34   Nu  Error:  subscript out of bounds 
2025-12-13 03:53:44   Visa  Error:  HTTP 403 Forbidden. 
2025-12-13 03:54:21   Master  Error:  subscript out of bounds 
2025-12-13 03:54:42   Nu  Error:  subscript out of bounds 
2025-12-13 06:42:32   Visa  Error:  HTTP 403 Forbidden. 
2025-12-13 06:43:06   Master  Error:  subscript out of bounds 
2025-12-13 06:43:28   Nu  Error:  subscript out of bounds 
2025-12-13 06:43:45   Comdirect  Error:  ℹ In argument: `iso == "COP"`.
Caused by error:
! object 'iso' not found 
2025-12-13 09:28:37   Visa  Error:  HTTP 403 Forbidden. 
2025-12-13 09:29:15   Master  Error:  subscript out of bounds 
2025-12-13 09:29:37   Nu  Error:  subscript out of bounds 
2025-12-13 12:55:48   Visa  Error:  HTTP 403 Forbidden. 
2025-12-13 12:56:23   Master  Error:  subscript out of bounds 
2025-12-13 12:56:45   Nu  Error:  subscript out of bounds 
2025-12-13 15:28:17   Visa  Error:  HTTP 403 Forbidden. 
2025-12-13 15:28:55   Master  Error:  subscript out of bounds 
2025-12-13 15:29:17   Nu  Error:  subscript out of bounds 
2025-12-13 18:38:06   Visa  Error:  HTTP 403 Forbidden. 
2025-12-13 18:38:43   Master  Error:  subscript out of bounds 
2025-12-13 18:39:05   Nu  Error:  subscript out of bounds 
2025-12-13 21:25:48   Visa  Error:  HTTP 403 Forbidden. 
2025-12-13 21:26:25   Master  Error:  subscript out of bounds 
2025-12-13 21:26:47   Nu  Error:  subscript out of bounds 
2025-12-14 02:27:52   Visa  Error:  HTTP 403 Forbidden. 
2025-12-14 02:28:29   Master  Error:  subscript out of bounds 
2025-12-14 02:28:51   Nu  Error:  subscript out of bounds 
2025-12-14 04:05:16   Visa  Error:  HTTP 403 Forbidden. 
2025-12-14 04:05:53   Master  Error:  subscript out of bounds 
2025-12-14 04:06:15   Nu  Error:  subscript out of bounds 
2025-12-14 06:41:52   Visa  Error:  HTTP 403 Forbidden. 
2025-12-14 06:42:27   Master  Error:  subscript out of bounds 
2025-12-14 06:42:50   Nu  Error:  subscript out of bounds 
2025-12-14 09:29:48   Visa  Error:  HTTP 403 Forbidden. 
2025-12-14 09:30:25   Master  Error:  subscript out of bounds 
2025-12-14 09:30:47   Nu  Error:  subscript out of bounds 
2025-12-14 12:56:02   Visa  Error:  HTTP 403 Forbidden. 
2025-12-14 12:56:39   Master  Error:  subscript out of bounds 
2025-12-14 12:57:01   Nu  Error:  subscript out of bounds 
2025-12-14 15:28:44   Visa  Error:  HTTP 403 Forbidden. 
2025-12-14 15:29:18   Master  Error:  subscript out of bounds 
2025-12-14 15:29:40   Nu  Error:  subscript out of bounds 
2025-12-14 18:39:35   Visa  Error:  HTTP 403 Forbidden. 
2025-12-14 18:40:10   Master  Error:  subscript out of bounds 
2025-12-14 18:40:32   Nu  Error:  subscript out of bounds 
2025-12-14 21:27:10   Visa  Error:  HTTP 403 Forbidden. 
2025-12-14 21:27:47   Master  Error:  subscript out of bounds 
2025-12-14 21:28:09   Nu  Error:  subscript out of bounds 
2025-12-15 02:25:32   Visa  Error:  HTTP 403 Forbidden. 
2025-12-15 02:26:07   Master  Error:  subscript out of bounds 
2025-12-15 02:26:29   Nu  Error:  subscript out of bounds 
2025-12-15 04:10:00   Visa  Error:  HTTP 403 Forbidden. 
2025-12-15 04:10:37   Master  Error:  subscript out of bounds 
2025-12-15 04:10:59   Nu  Error:  subscript out of bounds 
2025-12-15 06:50:07   Visa  Error:  HTTP 403 Forbidden. 
2025-12-15 06:50:45   Master  Error:  subscript out of bounds 
2025-12-15 06:51:07   Nu  Error:  subscript out of bounds 
2025-12-15 09:42:48   Visa  Error:  HTTP 403 Forbidden. 
2025-12-15 09:43:25   Master  Error:  subscript out of bounds 
2025-12-15 09:43:46   Nu  Error:  subscript out of bounds 
2025-12-15 13:05:59   Visa  Error:  HTTP 403 Forbidden. 
2025-12-15 13:06:34   Master  Error:  subscript out of bounds 
2025-12-15 13:06:56   Nu  Error:  subscript out of bounds 
2025-12-15 15:35:18   Visa  Error:  HTTP 403 Forbidden. 
2025-12-15 15:35:52   Master  Error:  subscript out of bounds 
2025-12-15 15:36:13   Nu  Error:  subscript out of bounds 
2025-12-15 18:46:10   Visa  Error:  HTTP 403 Forbidden. 
2025-12-15 18:46:45   Master  Error:  subscript out of bounds 
2025-12-15 18:47:07   Nu  Error:  subscript out of bounds 
2025-12-15 21:29:37   Visa  Error:  HTTP 403 Forbidden. 
2025-12-15 21:30:11   Master  Error:  subscript out of bounds 
2025-12-15 21:30:34   Nu  Error:  subscript out of bounds 
2025-12-16 02:21:56   Visa  Error:  HTTP 403 Forbidden. 
2025-12-16 02:22:30   Master  Error:  subscript out of bounds 
2025-12-16 02:22:53   Nu  Error:  subscript out of bounds 
2025-12-16 04:02:24   Visa  Error:  HTTP 403 Forbidden. 
2025-12-16 04:02:59   Master  Error:  subscript out of bounds 
2025-12-16 04:03:21   Nu  Error:  subscript out of bounds 
2025-12-16 06:49:29   Visa  Error:  HTTP 403 Forbidden. 
2025-12-16 06:50:02   Master  Error:  subscript out of bounds 
2025-12-16 06:50:24   Nu  Error:  subscript out of bounds 
2025-12-16 09:36:39   Visa  Error:  HTTP 403 Forbidden. 
2025-12-16 09:37:17   Master  Error:  subscript out of bounds 
2025-12-16 09:37:38   Nu  Error:  subscript out of bounds 
2025-12-16 13:03:48   Visa  Error:  HTTP 403 Forbidden. 
2025-12-16 13:04:22   Master  Error:  subscript out of bounds 
2025-12-16 13:04:44   Nu  Error:  subscript out of bounds 
2025-12-16 15:33:47   Visa  Error:  HTTP 403 Forbidden. 
2025-12-16 15:34:21   Master  Error:  subscript out of bounds 
2025-12-16 15:34:43   Nu  Error:  subscript out of bounds 
2025-12-16 18:46:14   Visa  Error:  HTTP 403 Forbidden. 
2025-12-16 18:46:48   Master  Error:  subscript out of bounds 
2025-12-16 18:47:11   Nu  Error:  subscript out of bounds 
2025-12-16 21:30:35   Visa  Error:  HTTP 403 Forbidden. 
2025-12-16 21:31:13   Master  Error:  subscript out of bounds 
2025-12-16 21:31:34   Nu  Error:  subscript out of bounds 
2025-12-17 02:11:04   Visa  Error:  HTTP 403 Forbidden. 
2025-12-17 02:11:41   Master  Error:  subscript out of bounds 
2025-12-17 02:12:03   Nu  Error:  subscript out of bounds 
2025-12-17 03:59:09   Visa  Error:  HTTP 403 Forbidden. 
2025-12-17 03:59:45   Master  Error:  subscript out of bounds 
2025-12-17 04:00:07   Nu  Error:  subscript out of bounds 
2025-12-17 06:47:50   Visa  Error:  HTTP 403 Forbidden. 
2025-12-17 06:48:27   Master  Error:  subscript out of bounds 
2025-12-17 06:48:48   Nu  Error:  subscript out of bounds 
2025-12-17 09:37:24   Visa  Error:  HTTP 403 Forbidden. 
2025-12-17 09:38:01   Master  Error:  subscript out of bounds 
2025-12-17 09:38:23   Nu  Error:  subscript out of bounds 
2025-12-17 13:04:08   Vancouver  Error:  Timeout was reached: [cambiosvancouver.com] Failed to connect to cambiosvancouver.com port 443 after 5246 ms: Connection timed out 
2025-12-17 13:04:09   Visa  Error:  HTTP 403 Forbidden. 
2025-12-17 13:04:43   Master  Error:  subscript out of bounds 
2025-12-17 13:05:04   Nu  Error:  subscript out of bounds 
2025-12-17 13:05:10   Condor  Error:  The size of `nm` (3) must be compatible with the size of `x` (0). 
2025-12-17 15:35:30   Visa  Error:  HTTP 403 Forbidden. 
2025-12-17 15:36:05   Master  Error:  subscript out of bounds 
2025-12-17 15:36:27   Nu  Error:  subscript out of bounds 
2025-12-17 18:46:37   Visa  Error:  HTTP 403 Forbidden. 
2025-12-17 18:47:15   Master  Error:  subscript out of bounds 
2025-12-17 18:47:38   Nu  Error:  subscript out of bounds 
2025-12-17 21:30:14   Visa  Error:  HTTP 403 Forbidden. 
2025-12-17 21:30:49   Master  Error:  subscript out of bounds 
2025-12-17 21:31:12   Nu  Error:  subscript out of bounds 
2025-12-18 02:11:44   Visa  Error:  HTTP 403 Forbidden. 
2025-12-18 02:12:21   Master  Error:  subscript out of bounds 
2025-12-18 02:12:43   Nu  Error:  subscript out of bounds 
2025-12-18 04:00:20   Visa  Error:  HTTP 403 Forbidden. 
2025-12-18 04:00:57   Master  Error:  subscript out of bounds 
2025-12-18 04:01:19   Nu  Error:  subscript out of bounds 
2025-12-18 06:47:11   Visa  Error:  HTTP 403 Forbidden. 
2025-12-18 06:47:44   Master  Error:  subscript out of bounds 
2025-12-18 06:48:06   Nu  Error:  subscript out of bounds 
2025-12-18 09:37:10   Visa  Error:  HTTP 403 Forbidden. 
2025-12-18 09:37:45   Master  Error:  subscript out of bounds 
2025-12-18 09:38:07   Nu  Error:  subscript out of bounds 
2025-12-18 13:02:05   Visa  Error:  HTTP 403 Forbidden. 
2025-12-18 13:02:40   Master  Error:  subscript out of bounds 
2025-12-18 13:03:04   Nu  Error:  subscript out of bounds 
2025-12-18 18:45:32   Visa  Error:  HTTP 403 Forbidden. 
2025-12-18 18:46:07   Master  Error:  subscript out of bounds 
2025-12-18 18:46:29   Nu  Error:  subscript out of bounds 
2025-12-18 18:46:35   Condor  Error:  'Error caughtError: Execution context was destroyed, most likely because of a navigation.' does not exist in current working directory ('/home/runner/work/eurcopscraper/eurcopscraper'). 
2025-12-18 21:26:10   Visa  Error:  HTTP 403 Forbidden. 
2025-12-18 21:26:47   Master  Error:  subscript out of bounds 
2025-12-18 21:27:08   Nu  Error:  subscript out of bounds 
2025-12-19 02:20:41   Visa  Error:  HTTP 403 Forbidden. 
2025-12-19 02:21:16   Master  Error:  subscript out of bounds 
2025-12-19 02:21:38   Nu  Error:  subscript out of bounds 
2025-12-19 04:01:44   Vancouver  Error:  Timeout was reached: [cambiosvancouver.com] Failed to connect to cambiosvancouver.com port 443 after 5226 ms: Connection timed out 
2025-12-19 04:01:45   Visa  Error:  HTTP 403 Forbidden. 
2025-12-19 04:02:22   Master  Error:  subscript out of bounds 
2025-12-19 04:02:44   Nu  Error:  subscript out of bounds 
2025-12-19 06:45:38   Visa  Error:  HTTP 403 Forbidden. 
2025-12-19 06:46:15   Master  Error:  subscript out of bounds 
2025-12-19 06:46:37   Nu  Error:  subscript out of bounds 
2025-12-19 09:34:09   Visa  Error:  HTTP 403 Forbidden. 
2025-12-19 09:34:46   Master  Error:  subscript out of bounds 
2025-12-19 09:35:08   Nu  Error:  subscript out of bounds 
2025-12-19 13:00:16   Visa  Error:  HTTP 403 Forbidden. 
2025-12-19 13:00:52   Master  Error:  subscript out of bounds 
2025-12-19 13:01:14   Nu  Error:  subscript out of bounds 
2025-12-19 15:33:07   Visa  Error:  HTTP 403 Forbidden. 
2025-12-19 15:33:42   Master  Error:  subscript out of bounds 
2025-12-19 15:34:04   Nu  Error:  subscript out of bounds 
2025-12-19 18:42:20   Visa  Error:  HTTP 403 Forbidden. 
2025-12-19 18:42:58   Master  Error:  subscript out of bounds 
2025-12-19 18:43:20   Nu  Error:  subscript out of bounds 
2025-12-19 21:28:15   Visa  Error:  HTTP 403 Forbidden. 
2025-12-19 21:28:52   Master  Error:  subscript out of bounds 
2025-12-19 21:29:14   Nu  Error:  subscript out of bounds 
2025-12-20 02:07:47   Visa  Error:  HTTP 403 Forbidden. 
2025-12-20 02:08:25   Master  Error:  subscript out of bounds 
2025-12-20 02:08:46   Nu  Error:  subscript out of bounds 
2025-12-20 03:53:30   Visa  Error:  HTTP 403 Forbidden. 
2025-12-20 03:54:06   Master  Error:  subscript out of bounds 
2025-12-20 03:54:29   Nu  Error:  subscript out of bounds 
2025-12-20 06:42:13   Visa  Error:  HTTP 403 Forbidden. 
2025-12-20 06:42:50   Master  Error:  subscript out of bounds 
2025-12-20 06:43:12   Nu  Error:  subscript out of bounds 
2025-12-20 09:29:38   Visa  Error:  HTTP 403 Forbidden. 
2025-12-20 09:30:14   Master  Error:  subscript out of bounds 
2025-12-20 09:30:36   Nu  Error:  subscript out of bounds 
2025-12-20 12:55:30   Visa  Error:  HTTP 403 Forbidden. 
2025-12-20 12:56:04   Master  Error:  subscript out of bounds 
2025-12-20 12:56:26   Nu  Error:  subscript out of bounds 
2025-12-20 15:28:30   Visa  Error:  HTTP 403 Forbidden. 
2025-12-20 15:29:05   Master  Error:  subscript out of bounds 
2025-12-20 15:29:27   Nu  Error:  subscript out of bounds 
2025-12-20 18:37:47   Visa  Error:  HTTP 403 Forbidden. 
2025-12-20 18:38:24   Master  Error:  subscript out of bounds 
2025-12-20 18:38:46   Nu  Error:  subscript out of bounds 
2025-12-20 21:25:33   Visa  Error:  HTTP 403 Forbidden. 
2025-12-20 21:26:08   Master  Error:  subscript out of bounds 
2025-12-20 21:26:30   Nu  Error:  subscript out of bounds 
2025-12-21 02:27:49   Visa  Error:  HTTP 403 Forbidden. 
2025-12-21 02:28:25   Master  Error:  subscript out of bounds 
2025-12-21 02:28:47   Nu  Error:  subscript out of bounds 
2025-12-21 04:05:28   Visa  Error:  HTTP 403 Forbidden. 
2025-12-21 04:06:03   Master  Error:  subscript out of bounds 
2025-12-21 04:06:29   Nu  Error:  subscript out of bounds 
2025-12-21 06:43:04   Visa  Error:  HTTP 403 Forbidden. 
2025-12-21 06:43:42   Master  Error:  subscript out of bounds 
2025-12-21 06:44:04   Nu  Error:  subscript out of bounds 
2025-12-21 09:30:09   Visa  Error:  HTTP 403 Forbidden. 
2025-12-21 09:30:46   Master  Error:  subscript out of bounds 
2025-12-21 09:31:08   Nu  Error:  subscript out of bounds 
2025-12-21 12:56:44   Visa  Error:  HTTP 403 Forbidden. 
2025-12-21 12:57:22   Master  Error:  subscript out of bounds 
2025-12-21 12:57:44   Nu  Error:  subscript out of bounds 
2025-12-21 15:28:51   Visa  Error:  HTTP 403 Forbidden. 
2025-12-21 15:29:28   Master  Error:  subscript out of bounds 
2025-12-21 15:29:51   Nu  Error:  subscript out of bounds 
2025-12-21 18:39:42   Visa  Error:  HTTP 403 Forbidden. 
2025-12-21 18:40:17   Master  Error:  subscript out of bounds 
2025-12-21 18:40:39   Nu  Error:  subscript out of bounds 
2025-12-21 21:26:06   Visa  Error:  HTTP 403 Forbidden. 
2025-12-21 21:26:43   Master  Error:  subscript out of bounds 
2025-12-21 21:27:05   Nu  Error:  subscript out of bounds 
2025-12-22 02:27:09   Visa  Error:  HTTP 403 Forbidden. 
2025-12-22 02:27:45   Master  Error:  subscript out of bounds 
2025-12-22 02:28:07   Nu  Error:  subscript out of bounds 
2025-12-22 04:09:45   Vancouver  Error:  Timeout was reached: [cambiosvancouver.com] Failed to connect to cambiosvancouver.com port 443 after 5256 ms: Connection timed out 
2025-12-22 04:09:45   Visa  Error:  HTTP 403 Forbidden. 
2025-12-22 04:10:20   Master  Error:  subscript out of bounds 
2025-12-22 04:10:42   Nu  Error:  subscript out of bounds 
2025-12-22 04:10:47   Condor  Error:  The size of `nm` (3) must be compatible with the size of `x` (0). 
2025-12-22 06:49:30   Visa  Error:  HTTP 403 Forbidden. 
2025-12-22 06:50:07   Master  Error:  subscript out of bounds 
2025-12-22 06:50:29   Nu  Error:  subscript out of bounds 
2025-12-22 06:51:06   Comdirect  Error:  'Error caughtError: net::ERR_SSL_PROTOCOL_ERROR at https://commander.commerzbank.com/efx-rates/pages/de/fixing-rates-other.html' does not exist in current working directory ('/home/runner/work/eurcopscraper/eurcopscraper'). 
2025-12-22 09:38:53   Visa  Error:  HTTP 403 Forbidden. 
2025-12-22 09:39:30   Master  Error:  subscript out of bounds 
2025-12-22 09:39:52   Nu  Error:  subscript out of bounds 
2025-12-22 13:01:11   Visa  Error:  HTTP 403 Forbidden. 
2025-12-22 13:01:48   Master  Error:  subscript out of bounds 
2025-12-22 13:02:10   Nu  Error:  subscript out of bounds 
2025-12-22 15:32:39   Vancouver  Error:  Timeout was reached: [cambiosvancouver.com] Failed to connect to cambiosvancouver.com port 443 after 5251 ms: Connection timed out 
2025-12-22 15:32:40   Visa  Error:  HTTP 403 Forbidden. 
2025-12-22 15:33:15   Master  Error:  subscript out of bounds 
2025-12-22 15:33:37   Nu  Error:  subscript out of bounds 
2025-12-22 18:43:26   Visa  Error:  HTTP 403 Forbidden. 
2025-12-22 18:44:03   Master  Error:  subscript out of bounds 
2025-12-22 18:44:24   Nu  Error:  subscript out of bounds 
2025-12-22 21:27:45   Visa  Error:  HTTP 403 Forbidden. 
2025-12-22 21:28:23   Master  Error:  subscript out of bounds 
2025-12-22 21:28:45   Nu  Error:  subscript out of bounds 
2025-12-23 02:22:23   Visa  Error:  HTTP 403 Forbidden. 
2025-12-23 02:22:59   Master  Error:  subscript out of bounds 
2025-12-23 02:23:21   Nu  Error:  subscript out of bounds 
2025-12-23 04:04:49   Visa  Error:  HTTP 403 Forbidden. 
2025-12-23 04:05:25   Master  Error:  subscript out of bounds 
2025-12-23 04:05:47   Nu  Error:  subscript out of bounds 
2025-12-23 06:48:55   Vancouver  Error:  Timeout was reached: [cambiosvancouver.com] Failed to connect to cambiosvancouver.com port 443 after 5423 ms: Connection timed out 
2025-12-23 06:48:55   Visa  Error:  HTTP 403 Forbidden. 
2025-12-23 06:49:31   Master  Error:  subscript out of bounds 
2025-12-23 06:49:53   Nu  Error:  subscript out of bounds 
2025-12-23 09:35:36   Visa  Error:  HTTP 403 Forbidden. 
2025-12-23 09:36:13   Master  Error:  subscript out of bounds 
2025-12-23 09:36:35   Nu  Error:  subscript out of bounds 
2025-12-23 13:02:52   Visa  Error:  HTTP 403 Forbidden. 
2025-12-23 13:03:26   Master  Error:  subscript out of bounds 
2025-12-23 13:03:48   Nu  Error:  subscript out of bounds 
2025-12-23 15:32:46   Visa  Error:  HTTP 403 Forbidden. 
2025-12-23 15:33:23   Master  Error:  subscript out of bounds 
2025-12-23 15:33:45   Nu  Error:  subscript out of bounds 
2025-12-23 18:44:33   Visa  Error:  HTTP 403 Forbidden. 
2025-12-23 18:45:09   Master  Error:  subscript out of bounds 
2025-12-23 18:45:31   Nu  Error:  subscript out of bounds 
2025-12-23 21:28:37   Visa  Error:  HTTP 403 Forbidden. 
2025-12-23 21:29:14   Master  Error:  subscript out of bounds 
2025-12-23 21:29:36   Nu  Error:  subscript out of bounds 
2025-12-24 02:20:03   Visa  Error:  HTTP 403 Forbidden. 
2025-12-24 02:20:39   Master  Error:  subscript out of bounds 
2025-12-24 02:21:02   Nu  Error:  subscript out of bounds 
2025-12-24 04:03:17   Visa  Error:  HTTP 403 Forbidden. 
2025-12-24 04:03:53   Master  Error:  subscript out of bounds 
2025-12-24 04:04:17   Nu  Error:  subscript out of bounds 
2025-12-24 06:48:38   Vancouver  Error:  Timeout was reached: [cambiosvancouver.com] Failed to connect to cambiosvancouver.com port 443 after 5232 ms: Connection timed out 
2025-12-24 06:48:39   Visa  Error:  HTTP 403 Forbidden. 
2025-12-24 06:49:12   Master  Error:  subscript out of bounds 
2025-12-24 06:49:34   Nu  Error:  subscript out of bounds 
2025-12-24 09:34:26   Visa  Error:  HTTP 403 Forbidden. 
2025-12-24 09:35:04   Master  Error:  subscript out of bounds 
2025-12-24 09:35:26   Nu  Error:  subscript out of bounds 
2025-12-24 13:00:17   Visa  Error:  HTTP 403 Forbidden. 
2025-12-24 13:00:54   Master  Error:  subscript out of bounds 
2025-12-24 13:01:16   Nu  Error:  subscript out of bounds 
2025-12-24 15:31:17   Visa  Error:  HTTP 403 Forbidden. 
2025-12-24 15:31:54   Master  Error:  subscript out of bounds 
2025-12-24 15:32:16   Nu  Error:  subscript out of bounds 
2025-12-24 18:41:46   Visa  Error:  HTTP 403 Forbidden. 
2025-12-24 18:42:23   Master  Error:  subscript out of bounds 
2025-12-24 18:42:46   Nu  Error:  subscript out of bounds 
2025-12-24 21:27:42   Visa  Error:  HTTP 403 Forbidden. 
2025-12-24 21:28:16   Master  Error:  subscript out of bounds 
2025-12-24 21:28:38   Nu  Error:  subscript out of bounds 
2025-12-25 02:22:21   Visa  Error:  HTTP 403 Forbidden. 
2025-12-25 02:22:58   Master  Error:  subscript out of bounds 
2025-12-25 02:23:20   Nu  Error:  subscript out of bounds 
2025-12-25 04:04:43   Visa  Error:  HTTP 403 Forbidden. 
2025-12-25 04:05:20   Master  Error:  subscript out of bounds 
2025-12-25 04:05:42   Nu  Error:  subscript out of bounds 
2025-12-25 06:47:36   Visa  Error:  HTTP 403 Forbidden. 
2025-12-25 06:48:13   Master  Error:  subscript out of bounds 
2025-12-25 06:48:35   Nu  Error:  subscript out of bounds 
2025-12-25 09:33:52   Visa  Error:  HTTP 403 Forbidden. 
2025-12-25 09:34:29   Master  Error:  subscript out of bounds 
2025-12-25 09:34:52   Nu  Error:  subscript out of bounds 
2025-12-25 13:00:21   Visa  Error:  HTTP 403 Forbidden. 
2025-12-25 13:00:58   Master  Error:  subscript out of bounds 
2025-12-25 13:01:19   Nu  Error:  subscript out of bounds 
2025-12-25 15:30:53   Visa  Error:  HTTP 403 Forbidden. 
2025-12-25 15:31:30   Master  Error:  subscript out of bounds 
2025-12-25 15:31:53   Nu  Error:  subscript out of bounds 
2025-12-25 18:41:35   Visa  Error:  HTTP 403 Forbidden. 
2025-12-25 18:42:12   Master  Error:  subscript out of bounds 
2025-12-25 18:42:35   Nu  Error:  subscript out of bounds 
2025-12-25 21:27:53   Visa  Error:  HTTP 403 Forbidden. 
2025-12-25 21:28:30   Master  Error:  subscript out of bounds 
2025-12-25 21:28:52   Nu  Error:  subscript out of bounds 
2025-12-26 02:21:03   Visa  Error:  HTTP 403 Forbidden. 
2025-12-26 02:21:38   Master  Error:  subscript out of bounds 
2025-12-26 02:22:00   Nu  Error:  subscript out of bounds 
2025-12-26 04:02:27   Visa  Error:  HTTP 403 Forbidden. 
2025-12-26 04:03:03   Master  Error:  subscript out of bounds 
2025-12-26 04:03:26   Nu  Error:  subscript out of bounds 
2025-12-26 06:47:09   Visa  Error:  HTTP 403 Forbidden. 
2025-12-26 06:47:45   Master  Error:  subscript out of bounds 
2025-12-26 06:48:07   Nu  Error:  subscript out of bounds 
2025-12-26 09:33:37   Visa  Error:  HTTP 403 Forbidden. 
2025-12-26 09:34:14   Master  Error:  subscript out of bounds 
2025-12-26 09:34:36   Nu  Error:  subscript out of bounds 
2025-12-26 12:59:59   Visa  Error:  HTTP 403 Forbidden. 
2025-12-26 13:00:33   Master  Error:  subscript out of bounds 
2025-12-26 13:00:55   Nu  Error:  subscript out of bounds 
2025-12-26 15:31:38   Visa  Error:  HTTP 403 Forbidden. 
2025-12-26 15:32:14   Master  Error:  subscript out of bounds 
2025-12-26 15:32:36   Nu  Error:  subscript out of bounds 
2025-12-26 18:41:21   Visa  Error:  HTTP 403 Forbidden. 
2025-12-26 18:41:56   Master  Error:  subscript out of bounds 
2025-12-26 18:42:19   Nu  Error:  subscript out of bounds 
2025-12-26 21:27:13   Visa  Error:  HTTP 403 Forbidden. 
2025-12-26 21:27:50   Master  Error:  subscript out of bounds 
2025-12-26 21:28:12   Nu  Error:  subscript out of bounds 
2025-12-27 02:18:58   Visa  Error:  HTTP 403 Forbidden. 
2025-12-27 02:19:34   Master  Error:  subscript out of bounds 
2025-12-27 02:19:56   Nu  Error:  subscript out of bounds 
2025-12-27 03:59:59   Visa  Error:  HTTP 403 Forbidden. 
2025-12-27 04:00:35   Master  Error:  subscript out of bounds 
2025-12-27 04:00:57   Nu  Error:  subscript out of bounds 
2025-12-27 06:44:05   Visa  Error:  HTTP 403 Forbidden. 
2025-12-27 06:44:42   Master  Error:  subscript out of bounds 
2025-12-27 06:45:04   Nu  Error:  subscript out of bounds 
2025-12-27 09:30:49   Visa  Error:  HTTP 403 Forbidden. 
2025-12-27 09:31:26   Master  Error:  subscript out of bounds 
2025-12-27 09:31:48   Nu  Error:  subscript out of bounds 
2025-12-27 12:57:02   Visa  Error:  HTTP 403 Forbidden. 
2025-12-27 12:57:39   Master  Error:  subscript out of bounds 
2025-12-27 12:58:01   Nu  Error:  subscript out of bounds 
2025-12-27 15:29:01   Visa  Error:  HTTP 403 Forbidden. 
2025-12-27 15:29:38   Master  Error:  subscript out of bounds 
2025-12-27 15:30:00   Nu  Error:  subscript out of bounds 
2025-12-27 18:39:59   Visa  Error:  HTTP 403 Forbidden. 
2025-12-27 18:40:36   Master  Error:  subscript out of bounds 
2025-12-27 18:40:58   Nu  Error:  subscript out of bounds 
2025-12-27 21:26:33   Visa  Error:  HTTP 403 Forbidden. 
2025-12-27 21:27:10   Master  Error:  subscript out of bounds 
2025-12-27 21:27:31   Nu  Error:  subscript out of bounds 
2025-12-28 02:34:39   Visa  Error:  HTTP 403 Forbidden. 
2025-12-28 02:35:16   Master  Error:  subscript out of bounds 
2025-12-28 02:35:38   Nu  Error:  subscript out of bounds 
2025-12-28 04:14:04   Visa  Error:  HTTP 403 Forbidden. 
2025-12-28 04:14:40   Master  Error:  subscript out of bounds 
2025-12-28 04:15:03   Nu  Error:  subscript out of bounds 
2025-12-28 06:44:18   Visa  Error:  HTTP 403 Forbidden. 
2025-12-28 06:44:54   Master  Error:  subscript out of bounds 
2025-12-28 06:45:16   Nu  Error:  subscript out of bounds 
2025-12-28 09:31:04   Visa  Error:  HTTP 403 Forbidden. 
2025-12-28 09:31:40   Master  Error:  subscript out of bounds 
2025-12-28 09:32:01   Nu  Error:  subscript out of bounds 
2025-12-28 12:58:16   Visa  Error:  HTTP 403 Forbidden. 
2025-12-28 12:58:52   Master  Error:  subscript out of bounds 
2025-12-28 12:59:14   Nu  Error:  subscript out of bounds 
2025-12-28 15:29:37   Visa  Error:  HTTP 403 Forbidden. 
2025-12-28 15:30:13   Master  Error:  subscript out of bounds 
2025-12-28 15:30:35   Nu  Error:  subscript out of bounds 
2025-12-28 18:40:49   Visa  Error:  HTTP 403 Forbidden. 
2025-12-28 18:41:26   Master  Error:  subscript out of bounds 
2025-12-28 18:41:48   Nu  Error:  subscript out of bounds 
2025-12-28 21:27:46   Visa  Error:  HTTP 403 Forbidden. 
2025-12-28 21:28:20   Master  Error:  subscript out of bounds 
2025-12-28 21:28:42   Nu  Error:  subscript out of bounds 
2025-12-29 02:31:57   Visa  Error:  HTTP 403 Forbidden. 
2025-12-29 02:32:34   Master  Error:  subscript out of bounds 
2025-12-29 02:32:56   Nu  Error:  subscript out of bounds 
2025-12-29 04:16:22   Visa  Error:  HTTP 403 Forbidden. 
2025-12-29 04:16:59   Master  Error:  subscript out of bounds 
2025-12-29 04:17:22   Nu  Error:  subscript out of bounds 
2025-12-29 06:51:21   Visa  Error:  HTTP 403 Forbidden. 
2025-12-29 06:51:57   Master  Error:  subscript out of bounds 
2025-12-29 06:52:19   Nu  Error:  subscript out of bounds 
2025-12-29 09:40:20   Visa  Error:  HTTP 403 Forbidden. 
2025-12-29 09:40:54   Master  Error:  subscript out of bounds 
2025-12-29 09:41:16   Nu  Error:  subscript out of bounds 
2025-12-29 13:04:03   Visa  Error:  HTTP 403 Forbidden. 
2025-12-29 13:04:38   Master  Error:  subscript out of bounds 
2025-12-29 13:05:00   Nu  Error:  subscript out of bounds 
2025-12-29 15:34:24   Visa  Error:  HTTP 403 Forbidden. 
2025-12-29 15:35:02   Master  Error:  subscript out of bounds 
2025-12-29 15:35:23   Nu  Error:  subscript out of bounds 
2025-12-29 18:42:12   Visa  Error:  HTTP 403 Forbidden. 
2025-12-29 18:42:45   Master  Error:  subscript out of bounds 
2025-12-29 18:43:07   Nu  Error:  subscript out of bounds 
2025-12-29 21:28:20   Visa  Error:  HTTP 403 Forbidden. 
2025-12-29 21:28:57   Master  Error:  subscript out of bounds 
2025-12-29 21:29:19   Nu  Error:  subscript out of bounds 
2025-12-30 02:23:03   Visa  Error:  HTTP 403 Forbidden. 
2025-12-30 02:23:41   Master  Error:  subscript out of bounds 
2025-12-30 02:24:03   Nu  Error:  subscript out of bounds 
2025-12-30 04:05:55   Visa  Error:  HTTP 403 Forbidden. 
2025-12-30 04:06:32   Master  Error:  subscript out of bounds 
2025-12-30 04:06:54   Nu  Error:  subscript out of bounds 
2025-12-30 06:47:52   Visa  Error:  HTTP 403 Forbidden. 
2025-12-30 06:48:29   Master  Error:  subscript out of bounds 
2025-12-30 06:48:52   Nu  Error:  subscript out of bounds 
2025-12-30 09:35:32   Visa  Error:  HTTP 403 Forbidden. 
2025-12-30 09:36:10   Master  Error:  subscript out of bounds 
2025-12-30 09:36:32   Nu  Error:  subscript out of bounds 
2025-12-30 13:02:41   Visa  Error:  HTTP 403 Forbidden. 
2025-12-30 13:03:17   Master  Error:  subscript out of bounds 
2025-12-30 13:03:39   Nu  Error:  subscript out of bounds 
2025-12-30 15:33:16   Visa  Error:  HTTP 403 Forbidden. 
2025-12-30 15:33:53   Master  Error:  subscript out of bounds 
2025-12-30 15:34:14   Nu  Error:  subscript out of bounds 
2025-12-30 18:45:22   Visa  Error:  HTTP 403 Forbidden. 
2025-12-30 18:45:58   Master  Error:  subscript out of bounds 
2025-12-30 18:46:21   Nu  Error:  subscript out of bounds 
2025-12-30 21:29:01   Visa  Error:  HTTP 403 Forbidden. 
2025-12-30 21:29:37   Master  Error:  subscript out of bounds 
2025-12-30 21:29:59   Nu  Error:  subscript out of bounds 
2025-12-31 02:23:24   Visa  Error:  HTTP 403 Forbidden. 
2025-12-31 02:24:01   Master  Error:  subscript out of bounds 
2025-12-31 02:24:22   Nu  Error:  subscript out of bounds 
2025-12-31 04:05:55   Visa  Error:  HTTP 403 Forbidden. 
2025-12-31 04:06:32   Master  Error:  subscript out of bounds 
2025-12-31 04:06:54   Nu  Error:  subscript out of bounds 
2025-12-31 06:47:47   Visa  Error:  HTTP 403 Forbidden. 
2025-12-31 06:48:22   Master  Error:  subscript out of bounds 
2025-12-31 06:48:43   Nu  Error:  subscript out of bounds 
2025-12-31 09:34:52   Visa  Error:  HTTP 403 Forbidden. 
2025-12-31 09:35:28   Master  Error:  subscript out of bounds 
2025-12-31 09:35:50   Nu  Error:  subscript out of bounds 
2025-12-31 13:00:40   Visa  Error:  HTTP 403 Forbidden. 
2025-12-31 13:01:16   Master  Error:  subscript out of bounds 
2025-12-31 13:01:38   Nu  Error:  subscript out of bounds 
2025-12-31 15:31:21   Visa  Error:  HTTP 403 Forbidden. 
2025-12-31 15:31:58   Master  Error:  subscript out of bounds 
2025-12-31 15:32:20   Nu  Error:  subscript out of bounds 
2025-12-31 18:41:33   Visa  Error:  HTTP 403 Forbidden. 
2025-12-31 18:42:10   Master  Error:  subscript out of bounds 
2025-12-31 18:42:32   Nu  Error:  subscript out of bounds 
2025-12-31 21:27:53   Visa  Error:  HTTP 403 Forbidden. 
2025-12-31 21:28:29   Master  Error:  subscript out of bounds 
2025-12-31 21:28:51   Nu  Error:  subscript out of bounds 
2026-01-01 02:35:08   Visa  Error:  HTTP 403 Forbidden. 
2026-01-01 02:35:43   Master  Error:  subscript out of bounds 
2026-01-01 02:36:05   Nu  Error:  subscript out of bounds 
2026-01-01 04:15:31   Visa  Error:  HTTP 403 Forbidden. 
2026-01-01 04:16:08   Master  Error:  subscript out of bounds 
2026-01-01 04:16:30   Nu  Error:  subscript out of bounds 
2026-01-01 06:48:28   Visa  Error:  HTTP 403 Forbidden. 
2026-01-01 06:49:05   Master  Error:  subscript out of bounds 
2026-01-01 06:49:26   Nu  Error:  subscript out of bounds 
2026-01-01 09:35:23   Visa  Error:  HTTP 403 Forbidden. 
2026-01-01 09:36:00   Master  Error:  subscript out of bounds 
2026-01-01 09:36:22   Nu  Error:  subscript out of bounds 
2026-01-01 13:01:00   Visa  Error:  HTTP 403 Forbidden. 
2026-01-01 13:01:34   Master  Error:  subscript out of bounds 
2026-01-01 13:01:57   Nu  Error:  subscript out of bounds 
2026-01-01 15:30:54   Visa  Error:  HTTP 403 Forbidden. 
2026-01-01 15:31:31   Master  Error:  subscript out of bounds 
2026-01-01 15:31:53   Nu  Error:  subscript out of bounds 
2026-01-01 18:42:48   Visa  Error:  HTTP 403 Forbidden. 
2026-01-01 18:43:24   Master  Error:  subscript out of bounds 
2026-01-01 18:43:46   Nu  Error:  subscript out of bounds 
2026-01-01 21:29:15   Visa  Error:  HTTP 403 Forbidden. 
2026-01-01 21:29:52   Master  Error:  subscript out of bounds 
2026-01-01 21:30:14   Nu  Error:  subscript out of bounds 
2026-01-02 02:25:05   Visa  Error:  HTTP 403 Forbidden. 
2026-01-02 02:25:41   Master  Error:  subscript out of bounds 
2026-01-02 02:26:03   Nu  Error:  subscript out of bounds 
2026-01-02 04:08:42   Visa  Error:  HTTP 403 Forbidden. 
2026-01-02 04:09:17   Master  Error:  subscript out of bounds 
2026-01-02 04:09:39   Nu  Error:  subscript out of bounds 
2026-01-02 06:49:03   Visa  Error:  HTTP 403 Forbidden. 
2026-01-02 06:49:45   Master  Error:  subscript out of bounds 
2026-01-02 06:50:09   Nu  Error:  subscript out of bounds 
2026-01-02 09:35:13   Visa  Error:  HTTP 403 Forbidden. 
2026-01-02 09:35:51   Master  Error:  subscript out of bounds 
2026-01-02 09:36:13   Nu  Error:  subscript out of bounds 
2026-01-02 13:00:02   Visa  Error:  HTTP 403 Forbidden. 
2026-01-02 13:00:36   Master  Error:  subscript out of bounds 
2026-01-02 13:00:58   Nu  Error:  subscript out of bounds 
2026-01-02 15:32:25   Visa  Error:  HTTP 403 Forbidden. 
2026-01-02 15:33:01   Master  Error:  subscript out of bounds 
2026-01-02 15:33:23   Nu  Error:  subscript out of bounds 
2026-01-02 15:33:31   Condor  Error:  The size of `nm` (3) must be compatible with the size of `x` (0). 
2026-01-02 18:41:46   Visa  Error:  HTTP 403 Forbidden. 
2026-01-02 18:42:21   Master  Error:  subscript out of bounds 
2026-01-02 18:42:45   Nu  Error:  subscript out of bounds 
2026-01-02 21:24:57   Visa  Error:  HTTP 403 Forbidden. 
2026-01-02 21:25:34   Master  Error:  subscript out of bounds 
2026-01-02 21:25:56   Nu  Error:  subscript out of bounds 
2026-01-03 02:18:16   Visa  Error:  HTTP 403 Forbidden. 
2026-01-03 02:18:53   Master  Error:  subscript out of bounds 
2026-01-03 02:19:15   Nu  Error:  subscript out of bounds 
2026-01-03 04:00:13   Visa  Error:  HTTP 403 Forbidden. 
2026-01-03 04:00:48   Master  Error:  subscript out of bounds 
2026-01-03 04:01:10   Nu  Error:  subscript out of bounds 
2026-01-03 06:44:17   Visa  Error:  HTTP 403 Forbidden. 
2026-01-03 06:44:54   Master  Error:  subscript out of bounds 
2026-01-03 06:45:16   Nu  Error:  subscript out of bounds 
2026-01-03 09:31:24   Visa  Error:  HTTP 403 Forbidden. 
2026-01-03 09:32:01   Master  Error:  subscript out of bounds 
2026-01-03 09:32:23   Nu  Error:  subscript out of bounds 
2026-01-03 12:57:39   Vancouver  Error:  Timeout was reached: [cambiosvancouver.com] Failed to connect to cambiosvancouver.com port 443 after 5257 ms: Connection timed out 
2026-01-03 12:57:40   Visa  Error:  HTTP 403 Forbidden. 
2026-01-03 12:58:14   Master  Error:  subscript out of bounds 
2026-01-03 12:58:36   Nu  Error:  subscript out of bounds 
2026-01-03 15:29:42   Visa  Error:  HTTP 403 Forbidden. 
2026-01-03 15:30:18   Master  Error:  subscript out of bounds 
2026-01-03 15:30:40   Nu  Error:  subscript out of bounds 
2026-01-03 18:40:42   Visa  Error:  HTTP 403 Forbidden. 
2026-01-03 18:41:19   Master  Error:  subscript out of bounds 
2026-01-03 18:41:41   Nu  Error:  subscript out of bounds 
2026-01-03 21:27:43   Vancouver  Error:  Timeout was reached: [cambiosvancouver.com] Failed to connect to cambiosvancouver.com port 443 after 5221 ms: Connection timed out 
2026-01-03 21:27:44   Visa  Error:  HTTP 403 Forbidden. 
2026-01-03 21:28:18   Master  Error:  subscript out of bounds 
2026-01-03 21:28:39   Nu  Error:  subscript out of bounds 
2026-01-03 21:28:46   Condor  Error:  The size of `nm` (3) must be compatible with the size of `x` (0). 
2026-01-04 02:36:50   Visa  Error:  HTTP 403 Forbidden. 
2026-01-04 02:37:25   Master  Error:  subscript out of bounds 
2026-01-04 02:37:47   Nu  Error:  subscript out of bounds 
2026-01-04 04:16:36   Visa  Error:  HTTP 403 Forbidden. 
2026-01-04 04:17:14   Master  Error:  subscript out of bounds 
2026-01-04 04:17:36   Nu  Error:  subscript out of bounds 
2026-01-04 06:46:09   Visa  Error:  HTTP 403 Forbidden. 
2026-01-04 06:46:45   Master  Error:  subscript out of bounds 
2026-01-04 06:47:07   Nu  Error:  subscript out of bounds 
2026-01-04 09:29:41   Visa  Error:  HTTP 403 Forbidden. 
2026-01-04 09:30:16   Master  Error:  subscript out of bounds 
2026-01-04 09:30:38   Nu  Error:  subscript out of bounds 
2026-01-04 12:58:19   Visa  Error:  HTTP 403 Forbidden. 
2026-01-04 12:58:55   Master  Error:  subscript out of bounds 
2026-01-04 12:59:17   Nu  Error:  subscript out of bounds 
2026-01-04 15:29:19   Visa  Error:  HTTP 403 Forbidden. 
2026-01-04 15:29:55   Master  Error:  subscript out of bounds 
2026-01-04 15:30:17   Nu  Error:  subscript out of bounds 
2026-01-04 18:40:59   Vancouver  Error:  Timeout was reached: [cambiosvancouver.com] Failed to connect to cambiosvancouver.com port 443 after 5282 ms: Connection timed out 
2026-01-04 18:41:00   Visa  Error:  HTTP 403 Forbidden. 
2026-01-04 18:41:35   Master  Error:  subscript out of bounds 
2026-01-04 18:41:57   Nu  Error:  subscript out of bounds 
2026-01-04 18:42:04   Condor  Error:  The size of `nm` (3) must be compatible with the size of `x` (0). 
2026-01-04 21:27:36   Visa  Error:  HTTP 403 Forbidden. 
2026-01-04 21:28:13   Master  Error:  subscript out of bounds 
2026-01-04 21:28:34   Nu  Error:  subscript out of bounds 
2026-01-05 02:35:37   Vancouver  Error:  Timeout was reached: [cambiosvancouver.com] Failed to connect to cambiosvancouver.com port 443 after 5258 ms: Connection timed out 
2026-01-05 02:35:38   Visa  Error:  HTTP 403 Forbidden. 
2026-01-05 02:36:13   Master  Error:  subscript out of bounds 
2026-01-05 02:36:35   Nu  Error:  subscript out of bounds 
2026-01-05 04:22:51   Visa  Error:  HTTP 403 Forbidden. 
2026-01-05 04:23:27   Master  Error:  subscript out of bounds 
2026-01-05 04:23:49   Nu  Error:  subscript out of bounds 
2026-01-05 06:54:29   Visa  Error:  HTTP 403 Forbidden. 
2026-01-05 06:55:06   Master  Error:  subscript out of bounds 
2026-01-05 06:55:29   Nu  Error:  subscript out of bounds 
2026-01-05 09:43:18   Visa  Error:  HTTP 403 Forbidden. 
2026-01-05 09:43:54   Master  Error:  subscript out of bounds 
2026-01-05 09:44:17   Nu  Error:  subscript out of bounds 
2026-01-05 13:06:12   Visa  Error:  HTTP 403 Forbidden. 
2026-01-05 13:06:48   Master  Error:  subscript out of bounds 
2026-01-05 13:07:10   Nu  Error:  subscript out of bounds 
2026-01-05 15:35:38   Visa  Error:  HTTP 403 Forbidden. 
2026-01-05 15:36:15   Master  Error:  subscript out of bounds 
2026-01-05 15:36:37   Nu  Error:  subscript out of bounds 
2026-01-05 18:47:55   Visa  Error:  HTTP 403 Forbidden. 
2026-01-05 18:48:29   Master  Error:  subscript out of bounds 
2026-01-05 18:48:51   Nu  Error:  subscript out of bounds 
2026-01-05 21:31:08   Visa  Error:  HTTP 403 Forbidden. 
2026-01-05 21:31:45   Master  Error:  subscript out of bounds 
2026-01-05 21:32:08   Nu  Error:  subscript out of bounds 
2026-01-06 02:24:30   Visa  Error:  HTTP 403 Forbidden. 
2026-01-06 02:25:07   Master  Error:  subscript out of bounds 
2026-01-06 02:25:29   Nu  Error:  subscript out of bounds 
2026-01-06 04:07:09   Visa  Error:  HTTP 403 Forbidden. 
2026-01-06 04:07:45   Master  Error:  subscript out of bounds 
2026-01-06 04:08:07   Nu  Error:  subscript out of bounds 
2026-01-06 06:50:30   Visa  Error:  HTTP 403 Forbidden. 
2026-01-06 06:51:05   Master  Error:  subscript out of bounds 
2026-01-06 06:51:27   Nu  Error:  subscript out of bounds 
2026-01-06 09:37:29   Visa  Error:  HTTP 403 Forbidden. 
2026-01-06 09:38:03   Master  Error:  subscript out of bounds 
2026-01-06 09:38:25   Nu  Error:  subscript out of bounds 
2026-01-06 13:03:06   Visa  Error:  HTTP 403 Forbidden. 
2026-01-06 13:03:40   Master  Error:  subscript out of bounds 
2026-01-06 13:04:03   Nu  Error:  subscript out of bounds 
2026-01-06 15:34:22   Visa  Error:  HTTP 403 Forbidden. 
2026-01-06 15:34:58   Master  Error:  subscript out of bounds 
2026-01-06 15:35:21   Nu  Error:  subscript out of bounds 
2026-01-06 18:46:21   Visa  Error:  HTTP 403 Forbidden. 
2026-01-06 18:46:58   Master  Error:  subscript out of bounds 
2026-01-06 18:47:20   Nu  Error:  subscript out of bounds 
2026-01-06 18:47:35   Comdirect  Error:  ℹ In argument: `iso == "COP"`.
Caused by error:
! object 'iso' not found 
2026-01-06 21:30:55   Visa  Error:  HTTP 403 Forbidden. 
2026-01-06 21:31:32   Master  Error:  subscript out of bounds 
2026-01-06 21:31:54   Nu  Error:  subscript out of bounds 
2026-01-07 02:24:38   Visa  Error:  HTTP 403 Forbidden. 
2026-01-07 02:25:13   Master  Error:  subscript out of bounds 
2026-01-07 02:25:35   Nu  Error:  subscript out of bounds 
2026-01-07 04:07:21   Visa  Error:  HTTP 403 Forbidden. 
2026-01-07 04:07:57   Master  Error:  subscript out of bounds 
2026-01-07 04:08:19   Nu  Error:  subscript out of bounds 
2026-01-07 06:49:25   Visa  Error:  HTTP 403 Forbidden. 
2026-01-07 06:50:01   Master  Error:  subscript out of bounds 
2026-01-07 06:50:23   Nu  Error:  subscript out of bounds 
2026-01-07 09:38:22   Visa  Error:  HTTP 403 Forbidden. 
2026-01-07 09:38:59   Master  Error:  subscript out of bounds 
2026-01-07 09:39:21   Nu  Error:  subscript out of bounds 
2026-01-07 13:04:57   Visa  Error:  HTTP 403 Forbidden. 
2026-01-07 13:05:34   Master  Error:  subscript out of bounds 
2026-01-07 13:05:57   Nu  Error:  subscript out of bounds 
2026-01-07 15:36:39   Visa  Error:  HTTP 403 Forbidden. 
2026-01-07 15:37:17   Master  Error:  subscript out of bounds 
2026-01-07 15:37:39   Nu  Error:  subscript out of bounds 
2026-01-07 18:48:50   Visa  Error:  HTTP 403 Forbidden. 
2026-01-07 18:49:25   Master  Error:  subscript out of bounds 
2026-01-07 18:49:48   Nu  Error:  subscript out of bounds 
2026-01-07 21:30:41   Visa  Error:  HTTP 403 Forbidden. 
2026-01-07 21:31:16   Master  Error:  subscript out of bounds 
2026-01-07 21:31:38   Nu  Error:  subscript out of bounds 
2026-01-08 02:24:58   Visa  Error:  HTTP 403 Forbidden. 
2026-01-08 02:25:35   Master  Error:  subscript out of bounds 
2026-01-08 02:25:56   Nu  Error:  subscript out of bounds 
2026-01-08 04:07:39   Visa  Error:  HTTP 403 Forbidden. 
2026-01-08 04:08:16   Master  Error:  subscript out of bounds 
2026-01-08 04:08:38   Nu  Error:  subscript out of bounds 
2026-01-08 06:49:44   Visa  Error:  HTTP 403 Forbidden. 
2026-01-08 06:50:20   Master  Error:  subscript out of bounds 
2026-01-08 06:50:42   Nu  Error:  subscript out of bounds 
2026-01-08 09:38:52   Visa  Error:  HTTP 403 Forbidden. 
2026-01-08 09:39:26   Master  Error:  subscript out of bounds 
2026-01-08 09:39:48   Nu  Error:  subscript out of bounds 
2026-01-08 13:05:32   Visa  Error:  HTTP 403 Forbidden. 
2026-01-08 13:06:07   Master  Error:  subscript out of bounds 
2026-01-08 13:06:28   Nu  Error:  subscript out of bounds 
2026-01-08 15:36:58   Visa  Error:  HTTP 403 Forbidden. 
2026-01-08 15:37:33   Master  Error:  subscript out of bounds 
2026-01-08 15:37:55   Nu  Error:  subscript out of bounds 
2026-01-08 15:55:44   Visa  Error:  HTTP 403 Forbidden. 
2026-01-08 15:56:19   Master  Error:  subscript out of bounds 
2026-01-08 16:23:27   Visa  Error:  HTTP 403 Forbidden. 
2026-01-08 16:24:04   Master  Error:  subscript out of bounds 
2026-01-08 16:31:05   Visa  Error:  HTTP 403 Forbidden. 
2026-01-08 16:31:12   Master  Error:  subscript out of bounds 
2026-01-08 16:32:03   Nu  Error:  subscript out of bounds 
2026-01-08 17:04:39   Visa  Error:  HTTP 403 Forbidden. 
2026-01-08 17:06:09   Nu  Error:  subscript out of bounds 
2026-01-08 18:42:24   Visa  Error:  HTTP 403 Forbidden. 
2026-01-08 18:44:01   Condor  Error:  The size of `nm` (3) must be compatible with the size of `x` (0). 
2026-01-08 21:32:10   Visa  Error:  HTTP 403 Forbidden. 
2026-01-09 02:25:29   Visa  Error:  HTTP 403 Forbidden. 
2026-01-09 02:27:04   Nu  Error:  subscript out of bounds 
2026-01-09 04:07:44   Visa  Error:  HTTP 403 Forbidden. 
2026-01-09 04:09:16   Nu  Error:  subscript out of bounds 
2026-01-09 06:49:52   Vancouver  Error:  Timeout was reached: [cambiosvancouver.com] Failed to connect to cambiosvancouver.com port 443 after 5249 ms: Connection timed out 
2026-01-09 06:49:53   Visa  Error:  HTTP 403 Forbidden. 
2026-01-09 09:38:07   Visa  Error:  HTTP 403 Forbidden. 
2026-01-09 13:04:37   Visa  Error:  HTTP 403 Forbidden. 
2026-01-09 15:35:22   Visa  Error:  HTTP 403 Forbidden. 
2026-01-09 18:46:34   Visa  Error:  HTTP 403 Forbidden. 
2026-01-09 21:30:50   Vancouver  Error:  Timeout was reached: [cambiosvancouver.com] Failed to connect to cambiosvancouver.com port 443 after 5238 ms: Connection timed out 
2026-01-09 21:30:50   Visa  Error:  HTTP 403 Forbidden. 
2026-01-09 21:32:23   Nu  Error:  subscript out of bounds 
2026-01-09 21:32:28   Condor  Error:  'Error caughtError: Execution context was destroyed, most likely because of a navigation.' does not exist in current working directory ('/home/runner/work/eurcopscraper/eurcopscraper'). 
2026-01-10 02:21:14   Visa  Error:  HTTP 403 Forbidden. 
2026-01-10 02:22:49   Nu  Error:  subscript out of bounds 
2026-01-10 04:01:30   Visa  Error:  HTTP 403 Forbidden. 
2026-01-10 04:03:05   Nu  Error:  subscript out of bounds 
2026-01-10 06:43:28   Visa  Error:  HTTP 403 Forbidden. 
2026-01-10 08:30:35   Visa  Error:  HTTP 403 Forbidden. 
2026-01-10 08:39:36   Visa  Error:  lexical error: invalid char in json text.
                                       www.visa.co.ukVerifying you are
                     (right here) ------^
 
2026-01-10 08:41:06   Nu  Error:  subscript out of bounds 
2026-01-10 08:47:13   Visa  Error:  lexical error: invalid char in json text.
                                       www.visa.co.ukVerify you are hu
                     (right here) ------^
 
2026-01-10 08:48:44   Nu  Error:  subscript out of bounds 
2026-01-10 09:31:37   Visa  Error:  lexical error: invalid char in json text.
                                       www.visa.co.ukVerify you are hu
                     (right here) ------^
 
2026-01-10 12:58:07   Visa  Error:  parse error: trailing garbage
                                   400 Bad Request
                     (right here) ------^
 
2026-01-10 15:29:43   Vancouver  Error:  Timeout was reached: [cambiosvancouver.com] Failed to connect to cambiosvancouver.com port 443 after 5269 ms: Connection timed out 
2026-01-10 15:30:22   Visa  Error:  lexical error: invalid char in json text.
                                       www.visa.co.ukVerify you are hu
                     (right here) ------^
 
2026-01-10 15:32:00   Condor  Error:  The size of `nm` (3) must be compatible with the size of `x` (0). 
2026-01-10 18:41:48   Visa  Error:  parse error: trailing garbage
                                   400 Bad Request
                     (right here) ------^
 
2026-01-10 21:28:29   Visa  Error:  parse error: trailing garbage
                                   400 Bad Request
                     (right here) ------^
 
2026-01-11 02:36:35   Visa  Error:  lexical error: invalid char in json text.
                                       www.visa.co.ukVerify you are hu
                     (right here) ------^
 
2026-01-11 04:16:38   Visa  Error:  lexical error: invalid char in json text.
                                       www.visa.co.ukVerify you are hu
                     (right here) ------^
 
2026-01-11 06:46:45   Visa  Error:  lexical error: invalid char in json text.
                                       www.visa.co.ukVerify you are hu
                     (right here) ------^
 
2026-01-11 09:31:54   Visa  Error:  lexical error: invalid char in json text.
                                       www.visa.co.ukVerify you are hu
                     (right here) ------^
 
2026-01-11 09:33:25   Nu  Error:  subscript out of bounds 
2026-01-11 12:59:50   Visa  Error:  lexical error: invalid char in json text.
                                       www.visa.co.ukVerify you are hu
                     (right here) ------^
 
2026-01-11 13:01:19   Nu  Error:  subscript out of bounds 
2026-01-11 15:30:46   Visa  Error:  lexical error: invalid char in json text.
                                       www.visa.co.ukVerify you are hu
                     (right here) ------^
 
2026-01-11 15:32:18   Nu  Error:  subscript out of bounds 
2026-01-11 18:41:37   Visa  Error:  lexical error: invalid char in json text.
                                       www.visa.co.ukVerify you are hu
                     (right here) ------^
 
2026-01-11 21:28:29   Visa  Error:  lexical error: invalid char in json text.
                                       www.visa.co.ukVerify you are hu
                     (right here) ------^
 
2026-01-12 02:32:02   Visa  Error:  lexical error: invalid char in json text.
                                       www.visa.co.ukVerify you are hu
                     (right here) ------^
 
2026-01-12 02:33:34   Nu  Error:  subscript out of bounds 
2026-01-12 04:17:03   Visa  Error:  lexical error: invalid char in json text.
                                       www.visa.co.ukVerify you are hu
                     (right here) ------^
 
2026-01-12 06:53:33   Visa  Error:  lexical error: invalid char in json text.
                                       www.visa.co.ukVerify you are hu
                     (right here) ------^
 
2026-01-12 06:55:04   Nu  Error:  subscript out of bounds 
2026-01-12 09:43:38   Visa  Error:  lexical error: invalid char in json text.
                                       www.visa.co.ukVerify you are hu
                     (right here) ------^
 
2026-01-12 09:45:11   Nu  Error:  subscript out of bounds 
2026-01-12 13:07:26   Visa  Error:  lexical error: invalid char in json text.
                                       www.visa.co.ukVerify you are hu
                     (right here) ------^
 
2026-01-12 15:37:50   Visa  Error:  lexical error: invalid char in json text.
                                       www.visa.co.ukVerify you are hu
                     (right here) ------^
 
2026-01-12 18:48:55   Visa  Error:  lexical error: invalid char in json text.
                                       www.visa.co.ukVerify you are hu
                     (right here) ------^
 
2026-01-12 21:32:14   Visa  Error:  lexical error: invalid char in json text.
                                       www.visa.co.ukVerify you are hu
                     (right here) ------^
 
2026-01-13 02:23:28   Visa  Error:  lexical error: invalid char in json text.
                                       www.visa.co.ukVerify you are hu
                     (right here) ------^
 
2026-01-13 04:08:05   Visa  Error:  lexical error: invalid char in json text.
                                       www.visa.co.ukVerify you are hu
                     (right here) ------^
 
2026-01-13 04:09:36   Nu  Error:  subscript out of bounds 
2026-01-13 06:50:31   Visa  Error:  parse error: trailing garbage
                                   400 Bad Request
                     (right here) ------^
 
2026-01-13 06:52:31   Nu  Error:  subscript out of bounds 
2026-01-13 09:38:12   Visa  Error:  lexical error: invalid char in json text.
                                       www.visa.co.ukVerify you are hu
                     (right here) ------^
 
2026-01-13 09:39:45   Nu  Error:  subscript out of bounds 
2026-01-13 13:07:40   Visa  Error:  lexical error: invalid char in json text.
                                       www.visa.co.ukVerify you are hu
                     (right here) ------^
 
2026-01-13 15:38:14   Visa  Error:  lexical error: invalid char in json text.
                                       www.visa.co.ukVerify you are hu
                     (right here) ------^
 
2026-01-13 15:39:47   Nu  Error:  subscript out of bounds 
2026-01-13 18:46:16   Visa  Error:  lexical error: invalid char in json text.
                                       www.visa.co.ukVerify you are hu
                     (right here) ------^
 
2026-01-13 18:47:16   Master  Error:  subscript out of bounds 
2026-01-13 18:48:07   Nu  Error:  subscript out of bounds 
2026-01-13 21:32:49   Visa  Error:  lexical error: invalid char in json text.
                                       www.visa.co.ukVerify you are hu
                     (right here) ------^
 
2026-01-14 02:30:56   Visa  Error:  lexical error: invalid char in json text.
                                       www.visa.co.ukVerify you are hu
                     (right here) ------^
 
2026-01-14 04:15:12   Visa  Error:  lexical error: invalid char in json text.
                                       www.visa.co.ukVerify you are hu
                     (right here) ------^
 
2026-01-14 06:50:31   Visa  Error:  lexical error: invalid char in json text.
                                       www.visa.co.ukVerify you are hu
                     (right here) ------^
 
2026-01-14 06:52:02   Nu  Error:  subscript out of bounds 
2026-01-14 09:39:59   Visa  Error:  lexical error: invalid char in json text.
                                       www.visa.co.ukVerify you are hu
                     (right here) ------^
 
2026-01-14 13:07:21   Visa  Error:  lexical error: invalid char in json text.
                                       www.visa.co.ukVerify you are hu
                     (right here) ------^
 
2026-01-14 13:08:53   Nu  Error:  subscript out of bounds 
2026-01-14 15:36:01   Visa  Error:  lexical error: invalid char in json text.
                                       www.visa.co.ukVerify you are hu
                     (right here) ------^
 
2026-01-14 18:49:28   Visa  Error:  lexical error: invalid char in json text.
                                       www.visa.co.ukVerify you are hu
                     (right here) ------^
 
2026-01-14 21:32:46   Visa  Error:  lexical error: invalid char in json text.
                                       www.visa.co.ukVerify you are hu
                     (right here) ------^
 
2026-01-14 21:34:18   Nu  Error:  subscript out of bounds 
2026-01-15 02:25:26   Visa  Error:  lexical error: invalid char in json text.
                                       www.visa.co.ukVerify you are hu
                     (right here) ------^
 
2026-01-15 02:26:57   Nu  Error:  subscript out of bounds 
2026-01-15 04:10:26   Visa  Error:  lexical error: invalid char in json text.
                                       www.visa.co.ukVerify you are hu
                     (right here) ------^
 
2026-01-15 06:49:59   Visa  Error:  lexical error: invalid char in json text.
                                       www.visa.co.ukVerify you are hu
                     (right here) ------^
 
2026-01-15 09:39:07   Visa  Error:  lexical error: invalid char in json text.
                                       www.visa.co.ukVerify you are hu
                     (right here) ------^
 
2026-01-15 09:40:37   Nu  Error:  subscript out of bounds 
2026-01-15 13:05:40   Visa  Error:  lexical error: invalid char in json text.
                                       www.visa.co.ukVerify you are hu
                     (right here) ------^
 
2026-01-15 13:07:14   Nu  Error:  subscript out of bounds 
2026-01-15 15:37:36   Visa  Error:  lexical error: invalid char in json text.
                                       www.visa.co.ukVerify you are hu
                     (right here) ------^
 
2026-01-15 15:39:05   Nu  Error:  subscript out of bounds 
2026-01-15 18:52:44   Visa  Error:  lexical error: invalid char in json text.
                                       www.visa.co.ukVerify you are hu
                     (right here) ------^
 
2026-01-15 18:54:13   Nu  Error:  subscript out of bounds 
2026-01-15 21:32:44   Visa  Error:  lexical error: invalid char in json text.
                                       www.visa.co.ukVerify you are hu
                     (right here) ------^
 
2026-01-16 02:27:08   Visa  Error:  lexical error: invalid char in json text.
                                       www.visa.co.ukVerify you are hu
                     (right here) ------^
 
2026-01-16 02:28:40   Nu  Error:  subscript out of bounds 
2026-01-16 04:07:50   Visa  Error:  lexical error: invalid char in json text.
                                       www.visa.co.ukVerify you are hu
                     (right here) ------^
 
2026-01-16 04:09:20   Nu  Error:  subscript out of bounds 
2026-01-16 06:50:14   Visa  Error:  lexical error: invalid char in json text.
                                       www.visa.co.ukVerify you are hu
                     (right here) ------^
 
2026-01-16 06:51:45   Nu  Error:  subscript out of bounds 
2026-01-16 09:37:26   Visa  Error:  lexical error: invalid char in json text.
                                       www.visa.co.ukVerify you are hu
                     (right here) ------^
 
2026-01-16 13:04:48   Visa  Error:  lexical error: invalid char in json text.
                                       www.visa.co.ukVerify you are hu
                     (right here) ------^
 
2026-01-16 15:35:36   Visa  Error:  lexical error: invalid char in json text.
                                       www.visa.co.ukVerify you are hu
                     (right here) ------^
 
2026-01-16 18:48:46   Visa  Error:  lexical error: invalid char in json text.
                                       www.visa.co.ukVerify you are hu
                     (right here) ------^
 
2026-01-16 18:50:15   Nu  Error:  subscript out of bounds 
2026-01-16 21:31:43   Visa  Error:  lexical error: invalid char in json text.
                                       www.visa.co.ukVerify you are hu
                     (right here) ------^
 
2026-01-17 02:20:05   Visa  Error:  lexical error: invalid char in json text.
                                       www.visa.co.ukVerify you are hu
                     (right here) ------^
 
2026-01-17 02:21:37   Nu  Error:  subscript out of bounds 
2026-01-17 04:01:08   Visa  Error:  lexical error: invalid char in json text.
                                       www.visa.co.ukVerify you are hu
                     (right here) ------^
 
2026-01-17 04:02:39   Nu  Error:  subscript out of bounds 
2026-01-17 06:44:53   Visa  Error:  lexical error: invalid char in json text.
                                       www.visa.co.ukVerify you are hu
                     (right here) ------^
 
2026-01-17 06:46:23   Nu  Error:  subscript out of bounds 
2026-01-17 09:30:58   Visa  Error:  lexical error: invalid char in json text.
                                       www.visa.co.ukVerify you are hu
                     (right here) ------^
 
2026-01-17 09:32:30   Nu  Error:  subscript out of bounds 
2026-01-17 12:58:22   Visa  Error:  lexical error: invalid char in json text.
                                       www.visa.co.ukVerify you are hu
                     (right here) ------^
 
2026-01-17 15:30:01   Visa  Error:  parse error: trailing garbage
                                   400 Bad Request
                     (right here) ------^
 
2026-01-17 15:31:31   Nu  Error:  subscript out of bounds 
2026-01-17 18:41:18   Visa  Error:  lexical error: invalid char in json text.
                                       www.visa.co.ukVerify you are hu
                     (right here) ------^
 
2026-01-17 18:42:50   Nu  Error:  subscript out of bounds 
2026-01-17 21:28:13   Visa  Error:  lexical error: invalid char in json text.
                                       www.visa.co.ukVerify you are hu
                     (right here) ------^
 
2026-01-18 02:35:16   Visa  Error:  lexical error: invalid char in json text.
                                       www.visa.co.ukVerify you are hu
                     (right here) ------^
 
2026-01-18 04:12:17   Visa  Error:  parse error: trailing garbage
                                   400 Bad Request
                     (right here) ------^
 
2026-01-18 04:13:47   Nu  Error:  subscript out of bounds 
2026-01-18 06:46:14   Visa  Error:  lexical error: invalid char in json text.
                                       www.visa.co.ukVerify you are hu
                     (right here) ------^
 
2026-01-18 06:47:44   Nu  Error:  subscript out of bounds 
2026-01-18 09:32:03   Visa  Error:  lexical error: invalid char in json text.
                                       www.visa.co.ukVerify you are hu
                     (right here) ------^
 
2026-01-18 12:58:53   Visa  Error:  lexical error: invalid char in json text.
                                       www.visa.co.ukVerify you are hu
                     (right here) ------^
 
2026-01-18 15:29:57   Visa  Error:  lexical error: invalid char in json text.
                                       www.visa.co.ukVerify you are hu
                     (right here) ------^
 
2026-01-18 15:31:30   Nu  Error:  subscript out of bounds 
2026-01-18 18:40:43   Visa  Error:  lexical error: invalid char in json text.
                                       www.visa.co.ukVerify you are hu
                     (right here) ------^
 
2026-01-18 21:28:28   Visa  Error:  lexical error: invalid char in json text.
                                       www.visa.co.ukVerify you are hu
                     (right here) ------^
 
2026-01-19 02:32:42   Visa  Error:  lexical error: invalid char in json text.
                                       www.visa.co.ukVerify you are hu
                     (right here) ------^
 
2026-01-19 04:18:46   Visa  Error:  lexical error: invalid char in json text.
                                       www.visa.co.ukVerify you are hu
                     (right here) ------^
 
2026-01-19 04:20:15   Nu  Error:  subscript out of bounds 
2026-01-19 06:55:24   Visa  Error:  lexical error: invalid char in json text.
                                       www.visa.co.ukVerify you are hu
                     (right here) ------^
 
2026-01-19 09:46:49   Vancouver  Error:  Timeout was reached: [cambiosvancouver.com] Failed to connect to cambiosvancouver.com port 443 after 5234 ms: Connection timed out 
2026-01-19 09:47:30   Visa  Error:  lexical error: invalid char in json text.
                                       www.visa.co.ukVerify you are hu
                     (right here) ------^
 
2026-01-19 09:49:01   Nu  Error:  subscript out of bounds 
2026-01-19 13:10:36   Visa  Error:  lexical error: invalid char in json text.
                                       www.visa.co.ukVerify you are hu
                     (right here) ------^
 
2026-01-19 15:37:59   Visa  Error:  lexical error: invalid char in json text.
                                       www.visa.co.ukVerify you are hu
                     (right here) ------^
 
2026-01-19 18:47:13   Visa  Error:  lexical error: invalid char in json text.
                                       www.visa.co.ukVerify you are hu
                     (right here) ------^
 
2026-01-19 21:30:20   Visa  Error:  parse error: trailing garbage
                                   400 Bad Request
                     (right here) ------^
 
2026-01-19 21:31:53   Nu  Error:  subscript out of bounds 
2026-01-20 02:27:16   Visa  Error:  lexical error: invalid char in json text.
                                       www.visa.co.ukVerify you are hu
                     (right here) ------^
 
2026-01-20 04:13:31   Visa  Error:  lexical error: invalid char in json text.
                                       www.visa.co.ukVerify you are hu
                     (right here) ------^
 
2026-01-20 04:15:01   Nu  Error:  subscript out of bounds 
2026-01-20 06:53:46   Visa  Error:  lexical error: invalid char in json text.
                                       www.visa.co.ukVerify you are hu
                     (right here) ------^
 
2026-01-20 06:55:17   Nu  Error:  subscript out of bounds 
2026-01-20 09:43:58   Visa  Error:  lexical error: invalid char in json text.
                                       www.visa.co.ukVerify you are hu
                     (right here) ------^
 
2026-01-20 09:45:29   Nu  Error:  subscript out of bounds 
2026-01-20 13:11:57   Visa  Error:  lexical error: invalid char in json text.
                                       www.visa.co.ukVerify you are hu
                     (right here) ------^
 
2026-01-20 15:42:35   Visa  Error:  lexical error: invalid char in json text.
                                       www.visa.co.ukVerify you are hu
                     (right here) ------^
 
2026-01-20 15:44:05   Nu  Error:  subscript out of bounds 
2026-01-20 19:05:14   Visa  Error:  lexical error: invalid char in json text.
                                       www.visa.co.ukVerify you are hu
                     (right here) ------^
 
2026-01-20 21:32:42   Visa  Error:  lexical error: invalid char in json text.
                                       www.visa.co.ukVerify you are hu
                     (right here) ------^
 
2026-01-21 02:29:54   Visa  Error:  lexical error: invalid char in json text.
                                       www.visa.co.ukVerify you are hu
                     (right here) ------^
 
2026-01-21 04:13:01   Visa  Error:  parse error: trailing garbage
                                   400 Bad Request
                     (right here) ------^
 
2026-01-21 06:53:31   Visa  Error:  lexical error: invalid char in json text.
                                       www.visa.co.ukVerify you are hu
                     (right here) ------^
 
2026-01-21 09:43:58   Visa  Error:  lexical error: invalid char in json text.
                                       www.visa.co.ukVerify you are hu
                     (right here) ------^
 
2026-01-21 13:10:42   Visa  Error:  lexical error: invalid char in json text.
                                       www.visa.co.ukVerify you are hu
                     (right here) ------^
 
2026-01-21 13:12:14   Nu  Error:  subscript out of bounds 
2026-01-21 15:44:08   Visa  Error:  lexical error: invalid char in json text.
                                       www.visa.co.ukVerify you are hu
                     (right here) ------^
 
2026-01-21 15:45:39   Nu  Error:  subscript out of bounds 
2026-01-21 18:57:28   Visa  Error:  lexical error: invalid char in json text.
                                       www.visa.co.ukVerify you are hu
                     (right here) ------^
 
2026-01-21 21:38:42   Visa  Error:  lexical error: invalid char in json text.
                                       www.visa.co.ukVerify you are hu
                     (right here) ------^
 
2026-01-21 21:40:13   Nu  Error:  subscript out of bounds 
2026-01-22 02:31:20   Visa  Error:  lexical error: invalid char in json text.
                                       www.visa.co.ukVerify you are hu
                     (right here) ------^
 
2026-01-22 04:15:40   Visa  Error:  lexical error: invalid char in json text.
                                       www.visa.co.ukVerify you are hu
                     (right here) ------^
 
2026-01-22 04:17:10   Nu  Error:  subscript out of bounds 
2026-01-22 06:51:40   Visa  Error:  lexical error: invalid char in json text.
                                       www.visa.co.ukVerify you are hu
                     (right here) ------^
 
2026-01-22 09:42:58   Visa  Error:  lexical error: invalid char in json text.
                                       www.visa.co.ukVerify you are hu
                     (right here) ------^
 
2026-01-22 13:11:48   Visa  Error:  lexical error: invalid char in json text.
                                       www.visa.co.ukVerify you are hu
                     (right here) ------^
 
2026-01-22 15:42:12   Visa  Error:  lexical error: invalid char in json text.
                                       www.visa.co.ukVerify you are hu
                     (right here) ------^
 
2026-01-22 18:50:39   Visa  Error:  lexical error: invalid char in json text.
                                       www.visa.co.ukVerify you are hu
                     (right here) ------^
 
2026-01-22 21:34:34   Visa  Error:  lexical error: invalid char in json text.
                                       www.visa.co.ukVerify you are hu
                     (right here) ------^
 
2026-01-23 02:27:37   Visa  Error:  lexical error: invalid char in json text.
                                       www.visa.co.ukVerify you are hu
                     (right here) ------^
 
2026-01-23 02:29:08   Nu  Error:  subscript out of bounds 
2026-01-23 04:11:02   Visa  Error:  lexical error: invalid char in json text.
                                       www.visa.co.ukVerify you are hu
                     (right here) ------^
 
2026-01-23 06:51:16   Visa  Error:  lexical error: invalid char in json text.
                                       www.visa.co.ukVerify you are hu
                     (right here) ------^
 
2026-01-23 09:41:04   Visa  Error:  lexical error: invalid char in json text.
                                       www.visa.co.ukVerify you are hu
                     (right here) ------^
 
2026-01-23 09:42:34   Nu  Error:  subscript out of bounds 
2026-01-23 13:08:10   Visa  Error:  lexical error: invalid char in json text.
                                       www.visa.co.ukVerify you are hu
                     (right here) ------^
 
2026-01-23 13:09:41   Nu  Error:  subscript out of bounds 
2026-01-23 15:37:47   Visa  Error:  lexical error: invalid char in json text.
                                       www.visa.co.ukVerify you are hu
                     (right here) ------^
 
2026-01-23 18:50:40   Visa  Error:  lexical error: invalid char in json text.
                                       www.visa.co.ukVerify you are hu
                     (right here) ------^
 
2026-01-23 18:52:12   Nu  Error:  subscript out of bounds 
2026-01-23 18:52:28   Comdirect  Error:  ℹ In argument: `iso == "COP"`.
Caused by error:
! object 'iso' not found 
2026-01-23 21:32:43   Visa  Error:  lexical error: invalid char in json text.
                                       www.visa.co.ukVerify you are hu
                     (right here) ------^
 
2026-01-24 02:22:50   Visa  Error:  lexical error: invalid char in json text.
                                       www.visa.co.ukVerify you are hu
                     (right here) ------^
 
2026-01-24 04:03:58   Visa  Error:  lexical error: invalid char in json text.
                                       www.visa.co.ukVerify you are hu
                     (right here) ------^
 
2026-01-24 06:46:35   Visa  Error:  lexical error: invalid char in json text.
                                       www.visa.co.ukVerify you are hu
                     (right here) ------^
 
2026-01-24 09:31:43   Vancouver  Error:  Timeout was reached: [cambiosvancouver.com] Failed to connect to cambiosvancouver.com port 443 after 5234 ms: Connection timed out 
2026-01-24 09:32:20   Visa  Error:  lexical error: invalid char in json text.
                                       www.visa.co.ukVerify you are hu
                     (right here) ------^
 
2026-01-24 09:33:58   Condor  Error:  The size of `nm` (3) must be compatible with the size of `x` (0). 
2026-01-24 12:59:40   Visa  Error:  lexical error: invalid char in json text.
                                       www.visa.co.ukVerify you are hu
                     (right here) ------^
 
2026-01-24 13:01:12   Nu  Error:  subscript out of bounds 
2026-01-24 15:30:35   Visa  Error:  lexical error: invalid char in json text.
                                       www.visa.co.ukVerify you are hu
                     (right here) ------^
 
2026-01-24 15:32:07   Nu  Error:  subscript out of bounds 
2026-01-24 15:32:12   Condor  Error:  The size of `nm` (3) must be compatible with the size of `x` (0). 
2026-01-24 18:42:33   Visa  Error:  lexical error: invalid char in json text.
                                       www.visa.co.ukVerify you are hu
                     (right here) ------^
 
2026-01-24 21:28:33   Visa  Error:  lexical error: invalid char in json text.
                                       www.visa.co.ukVerify you are hu
                     (right here) ------^
 
2026-01-24 21:30:05   Nu  Error:  subscript out of bounds 
2026-01-25 02:39:39   Vancouver  Error:  Timeout was reached: [cambiosvancouver.com] Failed to connect to cambiosvancouver.com port 443 after 5225 ms: Connection timed out 
2026-01-25 02:40:19   Visa  Error:  lexical error: invalid char in json text.
                                       www.visa.co.ukVerify you are hu
                     (right here) ------^
 
2026-01-25 02:41:58   Condor  Error:  The size of `nm` (3) must be compatible with the size of `x` (0). 
2026-01-25 04:20:53   Visa  Error:  lexical error: invalid char in json text.
                                       www.visa.co.ukVerify you are hu
                     (right here) ------^
 
2026-01-25 06:47:54   Visa  Error:  lexical error: invalid char in json text.
                                       www.visa.co.ukVerify you are hu
                     (right here) ------^
 
2026-01-25 06:49:31   Condor  Error:  The size of `nm` (3) must be compatible with the size of `x` (0). 
2026-01-25 09:33:13   Visa  Error:  lexical error: invalid char in json text.
                                       www.visa.co.ukVerify you are hu
                     (right here) ------^
 
2026-01-25 09:34:44   Nu  Error:  subscript out of bounds 
2026-01-25 13:02:17   Visa  Error:  lexical error: invalid char in json text.
                                       www.visa.co.ukVerify you are hu
                     (right here) ------^
 
2026-01-25 13:03:48   Nu  Error:  subscript out of bounds 
2026-01-25 15:31:37   Visa  Error:  lexical error: invalid char in json text.
                                       www.visa.co.ukVerify you are hu
                     (right here) ------^
 
2026-01-25 15:33:05   Nu  Error:  subscript out of bounds 
2026-01-25 18:43:32   Visa  Error:  lexical error: invalid char in json text.
                                       www.visa.co.ukVerify you are hu
                     (right here) ------^
 
2026-01-25 21:29:25   Visa  Error:  lexical error: invalid char in json text.
                                       www.visa.co.ukVerify you are hu
                     (right here) ------^
 
2026-01-26 02:38:18   Visa  Error:  lexical error: invalid char in json text.
                                       www.visa.co.ukVerify you are hu
                     (right here) ------^
 
2026-01-26 02:39:50   Nu  Error:  subscript out of bounds 
2026-01-26 04:23:15   Visa  Error:  lexical error: invalid char in json text.
                                       www.visa.co.ukVerify you are hu
                     (right here) ------^
 
2026-01-26 04:24:47   Nu  Error:  subscript out of bounds 
2026-01-26 06:54:28   Visa  Error:  lexical error: invalid char in json text.
                                       www.visa.co.ukVerify you are hu
                     (right here) ------^
 
2026-01-26 06:55:58   Nu  Error:  subscript out of bounds 
2026-01-26 09:46:37   Visa  Error:  lexical error: invalid char in json text.
                                       www.visa.co.ukVerify you are hu
                     (right here) ------^
 
2026-01-26 13:09:00   Visa  Error:  lexical error: invalid char in json text.
                                       www.visa.co.ukVerify you are hu
                     (right here) ------^
 
2026-01-26 15:41:03   Visa  Error:  lexical error: invalid char in json text.
                                       www.visa.co.ukVerify you are hu
                     (right here) ------^
 
2026-01-26 15:42:33   Nu  Error:  subscript out of bounds 
2026-01-26 18:52:26   Visa  Error:  lexical error: invalid char in json text.
                                       www.visa.co.ukVerify you are hu
                     (right here) ------^
 
2026-01-26 18:53:57   Nu  Error:  subscript out of bounds 
2026-01-26 21:35:26   Visa  Error:  lexical error: invalid char in json text.
                                       www.visa.co.ukVerify you are hu
                     (right here) ------^
 
2026-01-26 21:36:58   Nu  Error:  subscript out of bounds 
2026-01-27 02:33:41   Visa  Error:  lexical error: invalid char in json text.
                                       www.visa.co.ukVerify you are hu
                     (right here) ------^
 
2026-01-27 02:35:12   Nu  Error:  subscript out of bounds 
2026-01-27 04:15:09   Visa  Error:  lexical error: invalid char in json text.
                                       www.visa.co.ukVerify you are hu
                     (right here) ------^
 
2026-01-27 04:16:42   Nu  Error:  subscript out of bounds 
2026-01-27 06:52:41   Visa  Error:  lexical error: invalid char in json text.
                                       www.visa.co.ukVerify you are hu
                     (right here) ------^
 
2026-01-27 06:54:14   Nu  Error:  subscript out of bounds 
2026-01-27 09:44:56   Visa  Error:  lexical error: invalid char in json text.
                                       www.visa.co.ukVerify you are hu
                     (right here) ------^
 
2026-01-27 09:46:31   Nu  Error:  subscript out of bounds 
2026-01-27 13:12:20   Visa  Error:  lexical error: invalid char in json text.
                                       www.visa.co.ukVerify you are hu
                     (right here) ------^
 
2026-01-27 15:40:38   Visa  Error:  lexical error: invalid char in json text.
                                       www.visa.co.ukVerify you are hu
                     (right here) ------^
 
2026-01-27 18:54:26   Vancouver  Error:  Timeout was reached: [cambiosvancouver.com] Failed to connect to cambiosvancouver.com port 443 after 5275 ms: Connection timed out 
2026-01-27 18:55:03   Visa  Error:  lexical error: invalid char in json text.
                                       www.visa.co.ukVerify you are hu
                     (right here) ------^
 
2026-01-27 18:56:36   Nu  Error:  subscript out of bounds 
2026-01-27 21:29:35   Visa  Error:  lexical error: invalid char in json text.
                                       www.visa.co.ukVerify you are hu
                     (right here) ------^
 
2026-01-27 21:31:07   Nu  Error:  subscript out of bounds 
2026-01-28 02:30:06   Visa  Error:  lexical error: invalid char in json text.
                                       www.visa.co.ukVerify you are hu
                     (right here) ------^
 
2026-01-28 02:31:38   Nu  Error:  subscript out of bounds 
2026-01-28 04:13:10   Visa  Error:  parse error: trailing garbage
                                   400 Bad Request
                     (right here) ------^
 
2026-01-28 06:52:41   Visa  Error:  parse error: trailing garbage
                                   400 Bad Request
                     (right here) ------^
 
2026-01-28 09:46:05   Visa  Error:  lexical error: invalid char in json text.
                                       www.visa.co.ukVerify you are hu
                     (right here) ------^
 
2026-01-28 09:47:38   Nu  Error:  subscript out of bounds 
2026-01-28 13:12:16   Visa  Error:  parse error: trailing garbage
                                   400 Bad Request
                     (right here) ------^
 
2026-01-28 15:45:42   Visa  Error:  parse error: trailing garbage
                                   400 Bad Request
                     (right here) ------^
 
2026-01-28 15:47:14   Nu  Error:  subscript out of bounds 
2026-01-28 18:51:34   Visa  Error:  lexical error: invalid char in json text.
                                       www.visa.co.ukVerify you are hu
                     (right here) ------^
 
2026-01-28 18:53:07   Nu  Error:  subscript out of bounds 
2026-01-28 21:40:16   Visa  Error:  parse error: trailing garbage
                                   400 Bad Request
                     (right here) ------^
 
2026-01-28 21:41:48   Nu  Error:  subscript out of bounds 
2026-01-29 02:47:43   Visa  Error:  lexical error: invalid char in json text.
                                       www.visa.co.ukVerify you are hu
                     (right here) ------^
 
2026-01-29 04:47:31   Visa  Error:  lexical error: invalid char in json text.
                                       www.visa.co.ukVerify you are hu
                     (right here) ------^
 
2026-01-29 04:49:02   Nu  Error:  subscript out of bounds 
2026-01-29 07:02:46   Vancouver  Error:  Timeout was reached: [cambiosvancouver.com] Failed to connect to cambiosvancouver.com port 443 after 5226 ms: Connection timed out 
2026-01-29 07:03:25   Visa  Error:  parse error: trailing garbage
                                   400 Bad Request
                     (right here) ------^
 
2026-01-29 07:04:59   Nu  Error:  subscript out of bounds 
2026-01-29 09:56:07   Visa  Error:  parse error: trailing garbage
                                   400 Bad Request
                     (right here) ------^
 
2026-01-29 09:57:37   Nu  Error:  subscript out of bounds 
2026-01-29 13:20:20   Visa  Error:  lexical error: invalid char in json text.
                                       www.visa.co.ukVerify you are hu
                     (right here) ------^
 
2026-01-29 15:48:40   Visa  Error:  parse error: trailing garbage
                                   400 Bad Request
                     (right here) ------^
 
2026-01-29 19:02:10   Visa  Error:  parse error: trailing garbage
                                   400 Bad Request
                     (right here) ------^
 
2026-01-29 19:03:39   Nu  Error:  subscript out of bounds 
2026-01-29 21:39:06   Visa  Error:  parse error: trailing garbage
                                   400 Bad Request
                     (right here) ------^
 
2026-01-30 02:48:23   Visa  Error:  parse error: trailing garbage
                                   400 Bad Request
                     (right here) ------^
 
2026-01-30 04:49:22   Visa  Error:  parse error: trailing garbage
                                   400 Bad Request
                     (right here) ------^
 
2026-01-30 07:04:45   Visa  Error:  parse error: trailing garbage
                                   400 Bad Request
                     (right here) ------^
 
2026-01-30 07:06:11   Nu  Error:  subscript out of bounds 
2026-01-30 09:52:39   Visa  Error:  parse error: trailing garbage
                                   400 Bad Request
                     (right here) ------^
 
2026-01-30 09:54:10   Nu  Error:  subscript out of bounds 
2026-01-30 13:18:05   Visa  Error:  parse error: trailing garbage
                                   400 Bad Request
                     (right here) ------^
 
2026-01-30 15:49:31   Visa  Error:  parse error: trailing garbage
                                   400 Bad Request
                     (right here) ------^
 
2026-01-30 15:51:02   Nu  Error:  subscript out of bounds 
2026-01-30 18:59:47   Visa  Error:  parse error: trailing garbage
                                   400 Bad Request
                     (right here) ------^
 
2026-01-30 19:01:19   Nu  Error:  subscript out of bounds 
2026-01-30 21:38:23   Visa  Error:  lexical error: invalid char in json text.
                                       If you keep seeing this page,  
                     (right here) ------^
 
2026-01-31 02:43:10   Vancouver  Error:  Timeout was reached: [cambiosvancouver.com] Failed to connect to cambiosvancouver.com port 443 after 5251 ms: Connection timed out 
2026-01-31 02:43:49   Visa  Error:  lexical error: invalid char in json text.
                                       www.visa.co.ukVerify you are hu
                     (right here) ------^
 
2026-01-31 04:42:10   Visa  Error:  parse error: trailing garbage
                                   400 Bad Request
                     (right here) ------^
 
2026-01-31 04:43:41   Nu  Error:  subscript out of bounds 
2026-01-31 06:56:06   Visa  Error:  lexical error: invalid char in json text.
                                       www.visa.co.ukVerify you are hu
                     (right here) ------^
 
2026-01-31 06:57:39   Nu  Error:  subscript out of bounds 
2026-01-31 09:39:19   Visa  Error:  lexical error: invalid char in json text.
                                       www.visa.co.ukVerify you are hu
                     (right here) ------^
 
2026-01-31 13:07:45   Visa  Error:  lexical error: invalid char in json text.
                                       www.visa.co.ukVerify you are hu
                     (right here) ------^
 
2026-01-31 13:09:19   Nu  Error:  subscript out of bounds 
2026-01-31 15:34:51   Vancouver  Error:  Timeout was reached: [cambiosvancouver.com] Failed to connect to cambiosvancouver.com port 443 after 5266 ms: Connection timed out 
2026-01-31 15:35:29   Visa  Error:  parse error: trailing garbage
                                   400 Bad Request
                     (right here) ------^
 
2026-01-31 18:49:13   Visa  Error:  parse error: trailing garbage
                                   400 Bad Request
                     (right here) ------^
 
2026-01-31 21:33:23   Visa  Error:  lexical error: invalid char in json text.
                                       www.visa.co.ukVerify you are hu
                     (right here) ------^
 
2026-02-01 03:26:21   Visa  Error:  lexical error: invalid char in json text.
                                       www.visa.co.ukVerify you are hu
                     (right here) ------^
 
2026-02-01 03:27:52   Nu  Error:  subscript out of bounds 
2026-02-01 07:03:23   Visa  Error:  parse error: trailing garbage
                                   400 Bad Request
                     (right here) ------^
 
2026-02-01 07:04:55   Nu  Error:  subscript out of bounds 
2026-02-01 09:42:28   Visa  Error:  parse error: trailing garbage
                                   400 Bad Request
                     (right here) ------^
 
2026-02-01 09:44:00   Nu  Error:  subscript out of bounds 
2026-02-01 13:11:09   Visa  Error:  parse error: trailing garbage
                                   400 Bad Request
                     (right here) ------^
 
2026-02-01 15:36:19   Visa  Error:  parse error: trailing garbage
                                   400 Bad Request
                     (right here) ------^
 
2026-02-01 15:37:48   Nu  Error:  subscript out of bounds 
2026-02-01 18:51:26   Vancouver  Error:  Timeout was reached: [cambiosvancouver.com] Failed to connect to cambiosvancouver.com port 443 after 5231 ms: Connection timed out 
2026-02-01 18:52:04   Visa  Error:  parse error: trailing garbage
                                   400 Bad Request
                     (right here) ------^
 
2026-02-01 21:33:47   Vancouver  Error:  Timeout was reached: [cambiosvancouver.com] Failed to connect to cambiosvancouver.com port 443 after 5232 ms: Connection timed out 
2026-02-01 21:33:57   Visa  Error:  lexical error: invalid char in json text.
                                       www.visa.co.ukVerify you are hu
                     (right here) ------^
 
2026-02-01 21:35:26   Nu  Error:  subscript out of bounds 
2026-02-02 03:15:55   Visa  Error:  lexical error: invalid char in json text.
                                       www.visa.co.ukVerify you are hu
                     (right here) ------^
 
2026-02-02 03:17:27   Nu  Error:  subscript out of bounds 
2026-02-02 03:17:41   Condor  Error:  The size of `nm` (3) must be compatible with the size of `x` (0). 
2026-02-02 07:15:40   Visa  Error:  lexical error: invalid char in json text.
                                       www.visa.co.ukVerify you are hu
                     (right here) ------^
 
2026-02-02 07:17:10   Nu  Error:  subscript out of bounds 
2026-02-02 10:03:33   Visa  Error:  lexical error: invalid char in json text.
                                       www.visa.co.ukVerify you are hu
                     (right here) ------^
 
2026-02-02 13:21:45   Vancouver  Error:  Timeout was reached: [cambiosvancouver.com] Failed to connect to cambiosvancouver.com port 443 after 5239 ms: Connection timed out 
2026-02-02 13:22:22   Visa  Error:  lexical error: invalid char in json text.
                                       www.visa.co.ukVerify you are hu
                     (right here) ------^
 
2026-02-02 13:23:51   Nu  Error:  subscript out of bounds 
2026-02-02 15:48:41   Visa  Error:  parse error: trailing garbage
                                   400 Bad Request
                     (right here) ------^
 
2026-02-03 02:53:52   Visa  Error:  lexical error: invalid char in json text.
                                       www.visa.co.ukVerify you are hu
                     (right here) ------^
 
2026-02-03 02:55:23   Nu  Error:  subscript out of bounds 
2026-02-03 04:57:05   Visa  Error:  lexical error: invalid char in json text.
                                       www.visa.co.ukVerify you are hu
                     (right here) ------^
 
2026-02-03 07:06:00   Visa  Error:  lexical error: invalid char in json text.
                                       www.visa.co.ukVerify you are hu
                     (right here) ------^
 
2026-02-03 09:56:47   Visa  Error:  lexical error: invalid char in json text.
                                       www.visa.co.ukVerify you are hu
                     (right here) ------^
 
2026-02-03 13:22:21   Visa  Error:  parse error: trailing garbage
                                   400 Bad Request
                     (right here) ------^
 
2026-02-03 16:00:51   Visa  Error:  parse error: trailing garbage
                                   400 Bad Request
                     (right here) ------^
 
2026-02-03 16:02:26   Nu  Error:  subscript out of bounds 
2026-02-03 19:09:51   Visa  Error:  lexical error: invalid char in json text.
                                       www.visa.co.ukPerforming securi
                     (right here) ------^
 
2026-02-03 19:11:22   Nu  Error:  subscript out of bounds 
2026-02-03 21:47:29   Visa  Error:  lexical error: invalid char in json text.
                                       www.visa.co.ukPerforming securi
                     (right here) ------^
 
2026-02-03 21:48:59   Nu  Error:  subscript out of bounds 
2026-02-04 02:48:40   Vancouver  Error:  Timeout was reached: [cambiosvancouver.com] Failed to connect to cambiosvancouver.com port 443 after 5263 ms: Connection timed out 
2026-02-04 02:49:18   Visa  Error:  lexical error: invalid char in json text.
                                       www.visa.co.ukVerify you are hu
                     (right here) ------^
 
2026-02-04 02:50:49   Nu  Error:  subscript out of bounds 
2026-02-04 04:49:44   Visa  Error:  lexical error: invalid char in json text.
                                       www.visa.co.ukVerify you are hu
                     (right here) ------^
 
2026-02-04 07:07:15   Visa  Error:  lexical error: invalid char in json text.
                                       www.visa.co.ukVerify you are hu
                     (right here) ------^
 
2026-02-04 07:08:48   Nu  Error:  subscript out of bounds 
2026-02-04 09:58:40   Vancouver  Error:  Timeout was reached: [cambiosvancouver.com] Failed to connect to cambiosvancouver.com port 443 after 5278 ms: Connection timed out 
2026-02-04 09:59:18   Visa  Error:  lexical error: invalid char in json text.
                                       www.visa.co.ukVerify you are hu
                     (right here) ------^
 
2026-02-04 10:00:51   Nu  Error:  subscript out of bounds 
2026-02-04 10:00:58   Condor  Error:  The size of `nm` (3) must be compatible with the size of `x` (0). 
2026-02-04 13:22:59   Visa  Error:  parse error: trailing garbage
                                   400 Bad Request
                     (right here) ------^
 
2026-02-04 13:24:30   Nu  Error:  subscript out of bounds 
2026-02-04 15:56:27   Visa  Error:  parse error: trailing garbage
                                   400 Bad Request
                     (right here) ------^
 
2026-02-04 15:57:57   Nu  Error:  subscript out of bounds 
2026-02-04 19:04:21   Visa  Error:  lexical error: invalid char in json text.
                                       www.visa.co.ukVerify you are hu
                     (right here) ------^
 
2026-02-04 19:05:52   Nu  Error:  subscript out of bounds 
2026-02-04 21:44:28   Visa  Error:  lexical error: invalid char in json text.
                                       www.visa.co.ukVerify you are hu
                     (right here) ------^
 
2026-02-05 02:51:35   Visa  Error:  lexical error: invalid char in json text.
                                       www.visa.co.ukVerify you are hu
                     (right here) ------^
 
2026-02-05 04:57:24   Visa  Error:  lexical error: invalid char in json text.
                                       www.visa.co.ukVerify you are hu
                     (right here) ------^
 
2026-02-05 07:13:27   Visa  Error:  lexical error: invalid char in json text.
                                       www.visa.co.ukVerify you are hu
                     (right here) ------^
 
2026-02-05 09:58:22   Visa  Error:  lexical error: invalid char in json text.
                                       www.visa.co.ukVerify you are hu
                     (right here) ------^
 
2026-02-05 13:25:20   Visa  Error:  parse error: trailing garbage
                                   400 Bad Request
                     (right here) ------^
 
2026-02-05 13:26:46   Nu  Error:  subscript out of bounds 
2026-02-05 15:53:46   Visa  Error:  parse error: trailing garbage
                                   400 Bad Request
                     (right here) ------^
 
2026-02-05 19:03:00   Visa  Error:  lexical error: invalid char in json text.
                                       www.visa.co.ukVerify you are hu
                     (right here) ------^
 
2026-02-05 21:40:44   Vancouver  Error:  Timeout was reached: [cambiosvancouver.com] Failed to connect to cambiosvancouver.com port 443 after 5243 ms: Connection timed out 
2026-02-05 21:41:22   Visa  Error:  lexical error: invalid char in json text.
                                       www.visa.co.ukVerify you are hu
                     (right here) ------^
 
2026-02-06 02:51:37   Visa  Error:  lexical error: invalid char in json text.
                                       www.visa.co.ukVerify you are hu
                     (right here) ------^
 
2026-02-06 04:56:34   Visa  Error:  lexical error: invalid char in json text.
                                       www.visa.co.ukVerify you are hu
                     (right here) ------^
 
2026-02-06 07:08:32   Visa  Error:  lexical error: invalid char in json text.
                                       www.visa.co.ukVerify you are hu
                     (right here) ------^
 
2026-02-06 09:57:19   Visa  Error:  lexical error: invalid char in json text.
                                       www.visa.co.ukVerify you are hu
                     (right here) ------^
 
2026-02-06 09:58:51   Nu  Error:  subscript out of bounds 
2026-02-06 13:21:47   Visa  Error:  parse error: trailing garbage
                                   400 Bad Request
                     (right here) ------^
 
2026-02-06 15:53:49   Visa  Error:  lexical error: invalid char in json text.
                                       www.visa.co.ukVerify you are hu
                     (right here) ------^
 
2026-02-06 15:55:19   Nu  Error:  subscript out of bounds 
2026-02-06 19:04:59   Visa  Error:  lexical error: invalid char in json text.
                                       www.visa.co.ukVerify you are hu
                     (right here) ------^
 
2026-02-06 19:06:31   Nu  Error:  subscript out of bounds 
2026-02-06 21:42:08   Visa  Error:  lexical error: invalid char in json text.
                                       www.visa.co.ukVerify you are hu
                     (right here) ------^
 
2026-02-06 21:43:37   Nu  Error:  subscript out of bounds 
2026-02-07 02:46:34   Visa  Error:  lexical error: invalid char in json text.
                                       www.visa.co.ukVerify you are hu
                     (right here) ------^
 
2026-02-07 04:46:27   Visa  Error:  lexical error: invalid char in json text.
                                       www.visa.co.ukVerify you are hu
                     (right here) ------^
 
2026-02-07 04:47:59   Nu  Error:  subscript out of bounds 
2026-02-07 06:58:18   Visa  Error:  lexical error: invalid char in json text.
                                       www.visa.co.ukVerify you are hu
                     (right here) ------^
 
2026-02-07 06:59:50   Nu  Error:  subscript out of bounds 
2026-02-07 09:41:35   Visa  Error:  lexical error: invalid char in json text.
                                       www.visa.co.ukVerify you are hu
                     (right here) ------^
 
2026-02-07 13:11:11   Visa  Error:  lexical error: invalid char in json text.
                                       www.visa.co.ukVerify you are hu
                     (right here) ------^
 
2026-02-07 15:36:56   Visa  Error:  parse error: trailing garbage
                                   400 Bad Request
                     (right here) ------^
 
2026-02-07 15:38:25   Nu  Error:  subscript out of bounds 
2026-02-07 18:51:34   Visa  Error:  lexical error: invalid char in json text.
                                       www.visa.co.ukVerify you are hu
                     (right here) ------^
 
2026-02-07 21:37:26   Visa  Error:  lexical error: invalid char in json text.
                                       www.visa.co.ukVerify you are hu
                     (right here) ------^
 
2026-02-07 21:38:57   Nu  Error:  subscript out of bounds 
2026-02-08 03:30:28   Vancouver  Error:  Timeout was reached: [cambiosvancouver.com] Failed to connect to cambiosvancouver.com port 443 after 5265 ms: Connection timed out 
2026-02-08 03:31:05   Visa  Error:  lexical error: invalid char in json text.
                                       www.visa.co.ukVerify you are hu
                     (right here) ------^
 
2026-02-08 03:32:36   Nu  Error:  subscript out of bounds 
2026-02-08 07:04:28   Visa  Error:  lexical error: invalid char in json text.
                                       www.visa.co.ukVerify you are hu
                     (right here) ------^
 
2026-02-08 09:41:25   Visa  Error:  lexical error: invalid char in json text.
                                       www.visa.co.ukVerify you are hu
                     (right here) ------^
 
2026-02-08 09:42:57   Nu  Error:  subscript out of bounds 
2026-02-08 13:11:23   Visa  Error:  lexical error: invalid char in json text.
                                       www.visa.co.ukVerify you are hu
                     (right here) ------^
 
2026-02-08 13:12:51   Nu  Error:  subscript out of bounds 
2026-02-08 15:37:35   Visa  Error:  lexical error: invalid char in json text.
                                       www.visa.co.ukVerify you are hu
                     (right here) ------^
 
2026-02-08 15:39:06   Nu  Error:  subscript out of bounds 
2026-02-08 18:53:12   Visa  Error:  lexical error: invalid char in json text.
                                       www.visa.co.ukVerify you are hu
                     (right here) ------^
 
2026-02-08 21:38:06   Visa  Error:  lexical error: invalid char in json text.
                                       www.visa.co.ukVerify you are hu
                     (right here) ------^
 
2026-02-09 03:16:20   Visa  Error:  lexical error: invalid char in json text.
                                       www.visa.co.ukVerify you are hu
                     (right here) ------^
 
2026-02-09 07:20:12   Visa  Error:  lexical error: invalid char in json text.
                                       www.visa.co.ukVerify you are hu
                     (right here) ------^
 
2026-02-09 07:21:42   Nu  Error:  subscript out of bounds 
2026-02-09 10:13:25   Visa  Error:  lexical error: invalid char in json text.
                                       www.visa.co.ukVerify you are hu
                     (right here) ------^
 
2026-02-09 10:14:57   Nu  Error:  subscript out of bounds 
2026-02-09 13:42:27   Visa  Error:  lexical error: invalid char in json text.
                                       www.visa.co.ukVerify you are hu
                     (right here) ------^
 
2026-02-09 16:06:05   Visa  Error:  lexical error: invalid char in json text.
                                       www.visa.co.ukVerify you are hu
                     (right here) ------^
 
2026-02-09 19:37:43   Visa  Error:  lexical error: invalid char in json text.
                                       www.visa.co.ukVerify you are hu
                     (right here) ------^
 
2026-02-09 21:52:18   Visa  Error:  lexical error: invalid char in json text.
                                       www.visa.co.ukVerify you are hu
                     (right here) ------^
 
2026-02-09 21:53:47   Nu  Error:  subscript out of bounds 
2026-02-09 21:54:05   Comdirect  Error:  ℹ In argument: `iso == "COP"`.
Caused by error:
! object 'iso' not found 
2026-02-10 03:23:50   Visa  Error:  lexical error: invalid char in json text.
                                       www.visa.co.ukVerify you are hu
                     (right here) ------^
 
2026-02-10 03:25:21   Nu  Error:  subscript out of bounds 
2026-02-10 07:19:34   Vancouver  Error:  Timeout was reached: [cambiosvancouver.com] Failed to connect to cambiosvancouver.com port 443 after 5273 ms: Connection timed out 
2026-02-10 07:20:13   Visa  Error:  lexical error: invalid char in json text.
                                       www.visa.co.ukVerify you are hu
                     (right here) ------^
 
2026-02-10 10:08:28   Visa  Error:  lexical error: invalid char in json text.
                                       www.visa.co.ukVerify you are hu
                     (right here) ------^
 
2026-02-10 13:47:28   Visa  Error:  parse error: trailing garbage
                                   400 Bad Request
                     (right here) ------^
 
2026-02-10 13:48:56   Nu  Error:  subscript out of bounds 
2026-02-10 16:15:15   Vancouver  Error:  Timeout was reached: [cambiosvancouver.com] Failed to connect to cambiosvancouver.com port 443 after 5308 ms: Connection timed out 
2026-02-10 16:15:53   Visa  Error:  parse error: trailing garbage
                                   400 Bad Request
                     (right here) ------^
 
2026-02-10 16:16:33   Master  Error:  subscript out of bounds 
2026-02-10 19:21:24   Visa  Error:  lexical error: invalid char in json text.
                                       www.visa.co.ukVerify you are hu
                     (right here) ------^
 
2026-02-10 19:23:01   Nu  Error:  subscript out of bounds 
2026-02-10 21:55:42   Visa  Error:  lexical error: invalid char in json text.
                                       www.visa.co.ukVerify you are hu
                     (right here) ------^
 
2026-02-11 03:20:57   Vancouver  Error:  Timeout was reached: [cambiosvancouver.com] Failed to connect to cambiosvancouver.com port 443 after 5259 ms: Connection timed out 
2026-02-11 03:21:37   Visa  Error:  lexical error: invalid char in json text.
                                       www.visa.co.ukVerify you are hu
                     (right here) ------^
 
2026-02-11 03:23:40   Condor  Error:  'Error caughtTimeoutError: Navigation timeout of 30000 ms exceeded' does not exist in current working directory ('/home/runner/work/eurcopscraper/eurcopscraper'). 
2026-02-11 07:17:20   Visa  Error:  lexical error: invalid char in json text.
                                       www.visa.co.ukVerify you are hu
                     (right here) ------^
 
2026-02-11 07:18:52   Nu  Error:  subscript out of bounds 
2026-02-11 07:19:21   Condor  Error:  The size of `nm` (3) must be compatible with the size of `x` (0). 
2026-02-11 10:04:34   Visa  Error:  parse error: trailing garbage
                                   400 Bad Request
                     (right here) ------^
 
2026-02-11 10:06:11   Nu  Error:  subscript out of bounds 
2026-02-11 13:43:44   Visa  Error:  parse error: trailing garbage
                                   400 Bad Request
                     (right here) ------^
 
2026-02-11 16:11:24   Vancouver  Error:  Timeout was reached: [cambiosvancouver.com] Failed to connect to cambiosvancouver.com port 443 after 5275 ms: Connection timed out 
2026-02-11 16:11:33   Visa  Error:  lexical error: invalid char in json text.
                                       www.visa.co.ukPerforming securi
                     (right here) ------^
 
2026-02-11 16:13:14   Condor  Error:  The size of `nm` (3) must be compatible with the size of `x` (0). 
2026-02-11 19:17:36   Visa  Error:  lexical error: invalid char in json text.
                                       www.visa.co.ukPerforming securi
                     (right here) ------^
 
2026-02-11 19:19:20   Condor  Error:  The size of `nm` (3) must be compatible with the size of `x` (0). 
2026-02-11 21:48:07   Vancouver  Error:  Timeout was reached: [cambiosvancouver.com] Failed to connect to cambiosvancouver.com port 443 after 5238 ms: Connection timed out 
2026-02-11 21:48:44   Visa  Error:  parse error: trailing garbage
                                   400 Bad Request
                     (right here) ------^
 
2026-02-12 03:17:18   Visa  Error:  lexical error: invalid char in json text.
                                       www.visa.co.ukPerforming securi
                     (right here) ------^
 
2026-02-12 07:16:19   Visa  Error:  lexical error: invalid char in json text.
                                       www.visa.co.ukPerforming securi
                     (right here) ------^
 
2026-02-12 10:03:08   Visa  Error:  lexical error: invalid char in json text.
                                       www.visa.co.ukPerforming securi
                     (right here) ------^
 
2026-02-12 13:41:57   Visa  Error:  lexical error: invalid char in json text.
                                       www.visa.co.ukPerforming securi
                     (right here) ------^
 
2026-02-12 16:04:44   Visa  Error:  lexical error: invalid char in json text.
                                       www.visa.co.ukPerforming securi
                     (right here) ------^
 
2026-02-12 16:06:17   Nu  Error:  subscript out of bounds 
2026-02-12 19:17:18   Visa  Error:  parse error: trailing garbage
                                   400 Bad Request
                     (right here) ------^
 
2026-02-12 19:18:51   Nu  Error:  subscript out of bounds 
2026-02-12 19:18:57   Condor  Error:  The size of `nm` (3) must be compatible with the size of `x` (0). 
2026-02-12 21:46:06   Visa  Error:  parse error: trailing garbage
                                   400 Bad Request
                     (right here) ------^
 
2026-02-13 03:17:27   Visa  Error:  parse error: trailing garbage
                                   400 Bad Request
                     (right here) ------^
 
2026-02-13 07:13:38   Visa  Error:  lexical error: invalid char in json text.
                                       www.visa.co.ukPerforming securi
                     (right here) ------^
 
2026-02-13 09:59:06   Visa  Error:  lexical error: invalid char in json text.
                                       www.visa.co.ukPerforming securi
                     (right here) ------^
 
2026-02-13 10:00:38   Nu  Error:  subscript out of bounds 
2026-02-13 13:22:28   Vancouver  Error:  Timeout was reached: [cambiosvancouver.com] Failed to connect to cambiosvancouver.com port 443 after 5253 ms: Connection timed out 
2026-02-13 13:23:07   Visa  Error:  parse error: trailing garbage
                                   400 Bad Request
                     (right here) ------^
 
2026-02-13 13:24:40   Nu  Error:  subscript out of bounds 
2026-02-13 15:55:33   Visa  Error:  parse error: trailing garbage
                                   400 Bad Request
                     (right here) ------^
 
2026-02-13 19:04:58   Vancouver  Error:  Timeout was reached: [cambiosvancouver.com] Failed to connect to cambiosvancouver.com port 443 after 5250 ms: Connection timed out 
2026-02-13 19:05:36   Visa  Error:  parse error: trailing garbage
                                   400 Bad Request
                     (right here) ------^
 
2026-02-13 19:07:10   Nu  Error:  subscript out of bounds 
2026-02-13 21:49:13   Visa  Error:  parse error: trailing garbage
                                   400 Bad Request
                     (right here) ------^
 
2026-02-14 02:48:58   Visa  Error:  parse error: trailing garbage
                                   400 Bad Request
                     (right here) ------^
 
2026-02-14 02:50:28   Nu  Error:  subscript out of bounds 
2026-02-14 02:50:33   Condor  Error:  The size of `nm` (3) must be compatible with the size of `x` (0). 
2026-02-14 04:50:46   Visa  Error:  parse error: trailing garbage
                                   400 Bad Request
                     (right here) ------^
 
2026-02-14 04:52:18   Nu  Error:  subscript out of bounds 
2026-02-14 07:00:52   Visa  Error:  parse error: trailing garbage
                                   400 Bad Request
                     (right here) ------^
 
2026-02-14 07:02:21   Nu  Error:  subscript out of bounds 
2026-02-14 09:42:54   Visa  Error:  parse error: trailing garbage
                                   400 Bad Request
                     (right here) ------^
 
2026-02-14 13:10:27   Visa  Error:  parse error: trailing garbage
                                   400 Bad Request
                     (right here) ------^
 
2026-02-14 13:11:59   Nu  Error:  subscript out of bounds 
2026-02-14 15:36:39   Visa  Error:  parse error: trailing garbage
                                   400 Bad Request
                     (right here) ------^
 
2026-02-14 18:51:33   Visa  Error:  parse error: trailing garbage
                                   400 Bad Request
                     (right here) ------^
 
2026-02-14 21:35:13   Vancouver  Error:  Timeout was reached: [cambiosvancouver.com] Failed to connect to cambiosvancouver.com port 443 after 5285 ms: Connection timed out 
2026-02-14 21:35:23   Visa  Error:  parse error: trailing garbage
                                   400 Bad Request
                     (right here) ------^
 
2026-02-14 21:36:55   Nu  Error:  subscript out of bounds 
2026-02-14 21:37:02   Condor  Error:  The size of `nm` (3) must be compatible with the size of `x` (0). 
2026-02-15 03:18:17   Visa  Error:  lexical error: invalid char in json text.
                                       www.visa.co.ukPerforming securi
                     (right here) ------^
 
2026-02-15 07:03:32   Visa  Error:  parse error: trailing garbage
                                   400 Bad Request
                     (right here) ------^
 
2026-02-15 07:05:04   Nu  Error:  subscript out of bounds 
2026-02-15 07:05:34   Condor  Error:  'Error caughtTimeoutError: Navigation timeout of 30000 ms exceeded' does not exist in current working directory ('/home/runner/work/eurcopscraper/eurcopscraper'). 
2026-02-15 09:43:35   Visa  Error:  parse error: trailing garbage
                                   400 Bad Request
                     (right here) ------^
 
2026-02-15 09:45:37   Condor  Error:  'Error caughtTimeoutError: Navigation timeout of 30000 ms exceeded' does not exist in current working directory ('/home/runner/work/eurcopscraper/eurcopscraper'). 
2026-02-15 13:12:23   Visa  Error:  parse error: trailing garbage
                                   400 Bad Request
                     (right here) ------^
 
2026-02-15 13:13:52   Nu  Error:  subscript out of bounds 
2026-02-15 15:36:09   Visa  Error:  lexical error: invalid char in json text.
                                       www.visa.co.ukPerforming securi
                     (right here) ------^
 
2026-02-15 15:37:42   Nu  Error:  subscript out of bounds 
2026-02-15 18:53:06   Visa  Error:  parse error: trailing garbage
                                   400 Bad Request
                     (right here) ------^
 
2026-02-15 21:35:22   Vancouver  Error:  Timeout was reached: [cambiosvancouver.com] Failed to connect to cambiosvancouver.com port 443 after 5228 ms: Connection timed out 
2026-02-15 21:35:31   Visa  Error:  lexical error: invalid char in json text.
                                       www.visa.co.ukPerforming securi
                     (right here) ------^
 
2026-02-15 21:37:02   Nu  Error:  subscript out of bounds 
2026-02-15 21:37:06   Condor  Error:  The size of `nm` (3) must be compatible with the size of `x` (0). 
2026-02-16 03:15:14   Visa  Error:  lexical error: invalid char in json text.
                                       www.visa.co.ukPerforming securi
                     (right here) ------^
 
2026-02-16 03:16:43   Nu  Error:  subscript out of bounds 
2026-02-16 07:19:06   Visa  Error:  parse error: trailing garbage
                                   400 Bad Request
                     (right here) ------^
 
2026-02-16 07:20:37   Nu  Error:  subscript out of bounds 
2026-02-16 07:21:08   Condor  Error:  'Error caughtTimeoutError: Navigation timeout of 30000 ms exceeded' does not exist in current working directory ('/home/runner/work/eurcopscraper/eurcopscraper'). 
2026-02-16 10:06:07   Visa  Error:  parse error: trailing garbage
                                   400 Bad Request
                     (right here) ------^
 
2026-02-16 13:25:38   Visa  Error:  parse error: trailing garbage
                                   400 Bad Request
                     (right here) ------^
 
2026-02-16 15:54:01   Visa  Error:  parse error: trailing garbage
                                   400 Bad Request
                     (right here) ------^
 
2026-02-16 18:59:59   Visa  Error:  lexical error: invalid char in json text.
                                       www.visa.co.ukPerforming securi
                     (right here) ------^
 
2026-02-16 21:39:41   Visa  Error:  parse error: trailing garbage
                                   400 Bad Request
                     (right here) ------^
 
2026-02-17 02:53:52   Visa  Error:  parse error: trailing garbage
                                   400 Bad Request
                     (right here) ------^
 
2026-02-17 02:55:29   Condor  Error:  The size of `nm` (3) must be compatible with the size of `x` (0). 
2026-02-17 05:02:23   Visa  Error:  lexical error: invalid char in json text.
                                       www.visa.co.ukPerforming securi
                     (right here) ------^
 
2026-02-17 05:03:53   Nu  Error:  subscript out of bounds 
2026-02-17 07:13:14   Visa  Error:  parse error: trailing garbage
                                   400 Bad Request
                     (right here) ------^
 
2026-02-17 10:02:08   Visa  Error:  lexical error: invalid char in json text.
                                       www.visa.co.ukPerforming securi
                     (right here) ------^
 
2026-02-17 10:03:39   Nu  Error:  subscript out of bounds 
2026-02-17 13:25:46   Visa  Error:  lexical error: invalid char in json text.
                                       www.visa.co.ukPerforming securi
                     (right here) ------^
 
2026-02-17 16:03:28   Visa  Error:  lexical error: invalid char in json text.
                                       www.visa.co.ukPerforming securi
                     (right here) ------^
 
2026-02-17 16:04:58   Nu  Error:  subscript out of bounds 
2026-02-17 19:16:50   Visa  Error:  lexical error: invalid char in json text.
                                       www.visa.co.ukPerforming securi
                     (right here) ------^
 
2026-02-17 21:46:32   Visa  Error:  lexical error: invalid char in json text.
                                       www.visa.co.ukPerforming securi
                     (right here) ------^
 
2026-02-17 21:48:01   Nu  Error:  subscript out of bounds 
2026-02-18 02:57:06   Visa  Error:  lexical error: invalid char in json text.
                                       www.visa.co.ukPerforming securi
                     (right here) ------^
 
2026-02-18 02:57:46   Master  Error:  subscript out of bounds 
2026-02-18 02:58:37   Nu  Error:  subscript out of bounds 
2026-02-18 05:03:53   Visa  Error:  lexical error: invalid char in json text.
                                       www.visa.co.ukPerforming securi
                     (right here) ------^
 
2026-02-18 05:05:24   Nu  Error:  subscript out of bounds 
2026-02-18 07:17:47   Visa  Error:  lexical error: invalid char in json text.
                                       www.visa.co.ukPerforming securi
                     (right here) ------^
 
2026-02-18 10:01:41   Visa  Error:  lexical error: invalid char in json text.
                                       www.visa.co.ukPerforming securi
                     (right here) ------^
 
2026-02-18 13:37:26   Visa  Error:  lexical error: invalid char in json text.
                                       www.visa.co.ukPerforming securi
                     (right here) ------^
 
2026-02-18 13:38:58   Nu  Error:  subscript out of bounds 
2026-02-18 16:02:51   Visa  Error:  lexical error: invalid char in json text.
                                       www.visa.co.ukPerforming securi
                     (right here) ------^
 
2026-02-18 19:10:27   Visa  Error:  parse error: trailing garbage
                                   400 Bad Request
                     (right here) ------^
 
2026-02-18 21:46:43   Visa  Error:  lexical error: invalid char in json text.
                                       www.visa.co.ukPerforming securi
                     (right here) ------^
 
2026-02-19 02:56:32   Visa  Error:  lexical error: invalid char in json text.
                                       www.visa.co.ukPerforming securi
                     (right here) ------^
 
2026-02-19 02:58:03   Nu  Error:  subscript out of bounds 
2026-02-19 02:58:12   Condor  Error:  The size of `nm` (3) must be compatible with the size of `x` (0). 
2026-02-19 05:02:53   Visa  Error:  lexical error: invalid char in json text.
                                       www.visa.co.ukPerforming securi
                     (right here) ------^
 
2026-02-19 05:04:28   Nu  Error:  subscript out of bounds 
2026-02-19 05:04:35   Condor  Error:  The size of `nm` (3) must be compatible with the size of `x` (0). 
2026-02-19 07:13:58   Visa  Error:  lexical error: invalid char in json text.
                                       www.visa.co.ukPerforming securi
                     (right here) ------^
 
2026-02-19 07:14:38   Master  Error:  subscript out of bounds 
2026-02-19 07:15:30   Nu  Error:  subscript out of bounds 
2026-02-19 07:15:38   Condor  Error:  The size of `nm` (3) must be compatible with the size of `x` (0). 
2026-02-19 10:02:18   Visa  Error:  parse error: trailing garbage
                                   400 Bad Request
                     (right here) ------^
 
2026-02-19 10:03:47   Nu  Error:  subscript out of bounds 
2026-02-19 10:03:57   Condor  Error:  The size of `nm` (3) must be compatible with the size of `x` (0). 
2026-02-19 13:40:02   Visa  Error:  parse error: trailing garbage
                                   400 Bad Request
                     (right here) ------^
 
2026-02-19 13:41:34   Nu  Error:  subscript out of bounds 
2026-02-19 13:41:41   Condor  Error:  The size of `nm` (3) must be compatible with the size of `x` (0). 
2026-02-19 15:59:27   Vancouver  Error:  Timeout was reached: [cambiosvancouver.com] Failed to connect to cambiosvancouver.com port 443 after 5259 ms: Connection timed out 
2026-02-19 16:00:05   Visa  Error:  parse error: trailing garbage
                                   400 Bad Request
                     (right here) ------^
 
2026-02-19 16:01:38   Nu  Error:  subscript out of bounds 
2026-02-19 16:01:45   Condor  Error:  The size of `nm` (3) must be compatible with the size of `x` (0). 
2026-02-19 19:05:12   Visa  Error:  lexical error: invalid char in json text.
                                       www.visa.co.ukPerforming securi
                     (right here) ------^
 
2026-02-19 19:06:39   Nu  Error:  subscript out of bounds 
2026-02-19 19:06:48   Condor  Error:  The size of `nm` (3) must be compatible with the size of `x` (0). 
2026-02-19 21:45:27   Visa  Error:  parse error: trailing garbage
                                   400 Bad Request
                     (right here) ------^
 
2026-02-19 21:47:01   Nu  Error:  subscript out of bounds 
2026-02-19 21:47:09   Condor  Error:  The size of `nm` (3) must be compatible with the size of `x` (0). 
2026-02-20 02:51:18   Visa  Error:  lexical error: invalid char in json text.
                                       www.visa.co.ukPerforming securi
                     (right here) ------^
 
2026-02-20 02:52:48   Nu  Error:  subscript out of bounds 
2026-02-20 02:52:56   Condor  Error:  The size of `nm` (3) must be compatible with the size of `x` (0). 
2026-02-20 04:56:00   Visa  Error:  lexical error: invalid char in json text.
                                       www.visa.co.ukPerforming securi
                     (right here) ------^
 
2026-02-20 07:10:02   Vancouver  Error:  Timeout was reached: [cambiosvancouver.com] Failed to connect to cambiosvancouver.com port 443 after 5249 ms: Connection timed out 
2026-02-20 07:10:41   Visa  Error:  parse error: trailing garbage
                                   400 Bad Request
                     (right here) ------^
 
2026-02-20 09:55:23   Visa  Error:  lexical error: invalid char in json text.
                                       www.visa.co.ukPerforming securi
                     (right here) ------^
 
2026-02-20 09:56:54   Nu  Error:  subscript out of bounds 
2026-02-20 13:21:40   Visa  Error:  parse error: trailing garbage
                                   400 Bad Request
                     (right here) ------^
 
2026-02-20 15:49:57   Visa  Error:  parse error: trailing garbage
                                   400 Bad Request
                     (right here) ------^
 
2026-02-20 19:02:59   Visa  Error:  parse error: trailing garbage
                                   400 Bad Request
                     (right here) ------^
 
2026-02-20 19:04:30   Nu  Error:  subscript out of bounds 
2026-02-20 21:36:45   Visa  Error:  lexical error: invalid char in json text.
                                       www.visa.co.ukPerforming securi
                     (right here) ------^
 
2026-02-20 21:38:16   Nu  Error:  subscript out of bounds 
2026-02-21 02:44:55   Visa  Error:  lexical error: invalid char in json text.
                                       www.visa.co.ukPerforming securi
                     (right here) ------^
 
2026-02-21 04:45:20   Visa  Error:  parse error: trailing garbage
                                   400 Bad Request
                     (right here) ------^
 
2026-02-21 06:57:52   Visa  Error:  parse error: trailing garbage
                                   400 Bad Request
                     (right here) ------^
 
2026-02-21 06:59:22   Nu  Error:  subscript out of bounds 
2026-02-21 09:41:15   Visa  Error:  parse error: trailing garbage
                                   400 Bad Request
                     (right here) ------^
 
2026-02-21 09:42:48   Nu  Error:  subscript out of bounds 
2026-02-21 13:09:42   Visa  Error:  parse error: trailing garbage
                                   400 Bad Request
                     (right here) ------^
 
2026-02-21 15:36:48   Visa  Error:  parse error: trailing garbage
                                   400 Bad Request
                     (right here) ------^
 
2026-02-21 15:38:19   Nu  Error:  subscript out of bounds 
2026-02-21 18:51:34   Visa  Error:  lexical error: invalid char in json text.
                                       www.visa.co.ukPerforming securi
                     (right here) ------^
 
2026-02-21 18:53:04   Nu  Error:  subscript out of bounds 
2026-02-21 21:34:25   Visa  Error:  lexical error: invalid char in json text.
                                       www.visa.co.ukPerforming securi
                     (right here) ------^
 
2026-02-22 03:13:38   Visa  Error:  lexical error: invalid char in json text.
                                       www.visa.co.ukPerforming securi
                     (right here) ------^
 
2026-02-22 07:02:25   Visa  Error:  parse error: trailing garbage
                                   400 Bad Request
                     (right here) ------^
 
2026-02-22 09:42:47   Visa  Error:  parse error: trailing garbage
                                   400 Bad Request
                     (right here) ------^
 
2026-02-22 13:11:30   Visa  Error:  parse error: trailing garbage
                                   400 Bad Request
                     (right here) ------^
 
2026-02-22 13:13:01   Nu  Error:  subscript out of bounds 
2026-02-22 15:36:54   Visa  Error:  lexical error: invalid char in json text.
                                       www.visa.co.ukPerforming securi
                     (right here) ------^
 
2026-02-22 15:38:32   Condor  Error:  The size of `nm` (3) must be compatible with the size of `x` (0). 
2026-02-22 18:52:04   Visa  Error:  parse error: trailing garbage
                                   400 Bad Request
                     (right here) ------^
 
2026-02-22 18:53:33   Nu  Error:  subscript out of bounds 
2026-02-22 21:35:40   Visa  Error:  parse error: trailing garbage
                                   400 Bad Request
                     (right here) ------^
 
2026-02-23 03:14:58   Vancouver  Error:  Timeout was reached: [cambiosvancouver.com] Failed to connect to cambiosvancouver.com port 443 after 5247 ms: Connection timed out 
2026-02-23 03:15:08   Visa  Error:  lexical error: invalid char in json text.
                                       www.visa.co.ukPerforming securi
                     (right here) ------^
 
2026-02-23 03:16:41   Nu  Error:  subscript out of bounds 
2026-02-23 07:19:18   Visa  Error:  lexical error: invalid char in json text.
                                       www.visa.co.ukPerforming securi
                     (right here) ------^
 
2026-02-23 10:07:16   Visa  Error:  lexical error: invalid char in json text.
                                       www.visa.co.ukPerforming securi
                     (right here) ------^
 
2026-02-23 13:38:37   Visa  Error:  parse error: trailing garbage
                                   400 Bad Request
                     (right here) ------^
 
2026-02-23 13:40:10   Nu  Error:  subscript out of bounds 
2026-02-23 15:58:36   Visa  Error:  parse error: trailing garbage
                                   400 Bad Request
                     (right here) ------^
 
2026-02-23 16:00:05   Nu  Error:  subscript out of bounds 
2026-02-23 19:20:20   Visa  Error:  lexical error: invalid char in json text.
                                       www.visa.co.ukPerforming securi
                     (right here) ------^
 
2026-02-23 19:21:56   Nu  Error:  subscript out of bounds 
2026-02-23 21:57:56   Visa  Error:  lexical error: invalid char in json text.
                                       www.visa.co.ukPerforming securi
                     (right here) ------^
 
2026-02-23 21:59:26   Nu  Error:  subscript out of bounds 
2026-02-24 02:54:31   Vancouver  Error:  Timeout was reached: [cambiosvancouver.com] Failed to connect to cambiosvancouver.com port 443 after 5242 ms: Connection timed out 
2026-02-24 02:55:13   Visa  Error:  lexical error: invalid char in json text.
                                       www.visa.co.ukPerforming securi
                     (right here) ------^
 
2026-02-24 02:56:42   Nu  Error:  subscript out of bounds 
2026-02-24 02:57:00   Comdirect  Error:  ℹ In argument: `iso == "COP"`.
Caused by error:
! object 'iso' not found 
2026-02-24 05:03:38   Visa  Error:  lexical error: invalid char in json text.
                                       www.visa.co.ukPerforming securi
                     (right here) ------^
 
2026-02-24 07:17:54   Visa  Error:  lexical error: invalid char in json text.
                                       www.visa.co.ukPerforming securi
                     (right here) ------^
 
2026-02-24 07:19:26   Nu  Error:  subscript out of bounds 
2026-02-24 10:04:03   Visa  Error:  parse error: trailing garbage
                                   400 Bad Request
                     (right here) ------^
 
2026-02-24 10:05:34   Nu  Error:  subscript out of bounds 
2026-02-24 13:39:55   Visa  Error:  parse error: trailing garbage
                                   400 Bad Request
                     (right here) ------^
 
2026-02-24 13:41:41   Comdirect  Error:  ℹ In argument: `iso == "COP"`.
Caused by error:
! object 'iso' not found 
2026-02-24 16:10:03   Visa  Error:  lexical error: invalid char in json text.
                                       www.visa.co.ukPerforming securi
                     (right here) ------^
 
2026-02-24 19:15:37   Visa  Error:  lexical error: invalid char in json text.
                                       www.visa.co.ukPerforming securi
                     (right here) ------^
 
2026-02-24 19:17:18   Nu  Error:  subscript out of bounds 
2026-02-24 19:17:35   Comdirect  Error:  ℹ In argument: `iso == "COP"`.
Caused by error:
! object 'iso' not found 
2026-02-24 21:47:25   Visa  Error:  parse error: trailing garbage
                                   400 Bad Request
                     (right here) ------^
 
2026-02-25 02:55:23   Vancouver  Error:  Timeout was reached: [cambiosvancouver.com] Failed to connect to cambiosvancouver.com port 443 after 5231 ms: Connection timed out 
2026-02-25 02:56:02   Visa  Error:  lexical error: invalid char in json text.
                                       www.visa.co.ukPerforming securi
                     (right here) ------^
 
2026-02-25 05:06:35   Visa  Error:  parse error: trailing garbage
                                   400 Bad Request
                     (right here) ------^
 
2026-02-25 05:08:04   Nu  Error:  subscript out of bounds 
2026-02-25 07:15:46   Visa  Error:  lexical error: invalid char in json text.
                                       www.visa.co.ukPerforming securi
                     (right here) ------^
 
2026-02-25 10:05:14   Visa  Error:  lexical error: invalid char in json text.
                                       www.visa.co.ukPerforming securi
                     (right here) ------^
 
2026-02-25 10:06:43   Nu  Error:  subscript out of bounds 
2026-02-25 13:39:56   Visa  Error:  parse error: trailing garbage
                                   400 Bad Request
                     (right here) ------^
 
2026-02-25 13:41:28   Nu  Error:  subscript out of bounds 
2026-02-25 13:41:34   Condor  Error:  'Error caughtError: Execution context was destroyed, most likely because of a navigation.' does not exist in current working directory ('/home/runner/work/eurcopscraper/eurcopscraper'). 
2026-02-25 16:15:22   Visa  Error:  parse error: trailing garbage
                                   400 Bad Request
                     (right here) ------^
 
2026-02-25 16:16:54   Nu  Error:  subscript out of bounds 
2026-02-25 19:19:13   Visa  Error:  parse error: trailing garbage
                                   400 Bad Request
                     (right here) ------^
 
2026-02-25 19:21:17   Comdirect  Error:  'Error caughtError: net::ERR_SSL_PROTOCOL_ERROR at https://commander.commerzbank.com/efx-rates/pages/de/fixing-rates-other.html' does not exist in current working directory ('/home/runner/work/eurcopscraper/eurcopscraper'). 
2026-02-25 21:46:20   Visa  Error:  parse error: trailing garbage
                                   400 Bad Request
                     (right here) ------^
 
2026-02-26 02:51:19   Visa  Error:  lexical error: invalid char in json text.
                                       www.visa.co.ukPerforming securi
                     (right here) ------^
 
2026-02-26 05:00:23   Visa  Error:  lexical error: invalid char in json text.
                                       www.visa.co.ukPerforming securi
                     (right here) ------^
 
2026-02-26 05:01:52   Nu  Error:  subscript out of bounds 
2026-02-26 05:02:13   Condor  Error:  The size of `nm` (3) must be compatible with the size of `x` (0). 
2026-02-26 07:13:35   Visa  Error:  parse error: trailing garbage
                                   400 Bad Request
                     (right here) ------^
 
2026-02-26 07:15:04   Nu  Error:  subscript out of bounds 
2026-02-26 07:15:13   Condor  Error:  The size of `nm` (3) must be compatible with the size of `x` (0). 
2026-02-26 10:02:34   Visa  Error:  lexical error: invalid char in json text.
                                       www.visa.co.ukPerforming securi
                     (right here) ------^
 
2026-02-26 10:04:06   Nu  Error:  subscript out of bounds 
2026-02-26 10:04:20   Condor  Error:  The size of `nm` (3) must be compatible with the size of `x` (0). 
2026-02-26 13:39:20   Vancouver  Error:  Timeout was reached: [cambiosvancouver.com] Failed to connect to cambiosvancouver.com port 443 after 5217 ms: Connection timed out 
2026-02-26 13:40:00   Visa  Error:  parse error: trailing garbage
                                   400 Bad Request
                     (right here) ------^
 
2026-02-26 13:41:37   Condor  Error:  The size of `nm` (3) must be compatible with the size of `x` (0). 
2026-02-26 16:03:34   Visa  Error:  parse error: trailing garbage
                                   400 Bad Request
                     (right here) ------^
 
2026-02-26 16:05:09   Nu  Error:  subscript out of bounds 
2026-02-26 19:06:41   Visa  Error:  lexical error: invalid char in json text.
                                       www.visa.co.ukPerforming securi
                     (right here) ------^
 
2026-02-26 21:41:44   Visa  Error:  lexical error: invalid char in json text.
                                       www.visa.co.ukPerforming securi
                     (right here) ------^
 
2026-02-26 21:43:31   Comdirect  Error:  ℹ In argument: `iso == "COP"`.
Caused by error:
! object 'iso' not found 
2026-02-27 02:49:28   Visa  Error:  lexical error: invalid char in json text.
                                       www.visa.co.ukPerforming securi
                     (right here) ------^
 
2026-02-27 02:51:19   Comdirect  Error:  ℹ In argument: `iso == "COP"`.
Caused by error:
! object 'iso' not found 
2026-02-27 04:54:08   Visa  Error:  lexical error: invalid char in json text.
                                       www.visa.co.ukPerforming securi
                     (right here) ------^
 
2026-02-27 04:55:53   Comdirect  Error:  ℹ In argument: `iso == "COP"`.
Caused by error:
! object 'iso' not found 
2026-02-27 07:08:26   Visa  Error:  lexical error: invalid char in json text.
                                       www.visa.co.ukPerforming securi
                     (right here) ------^
 
2026-02-27 07:10:11   Comdirect  Error:  ℹ In argument: `iso == "COP"`.
Caused by error:
! object 'iso' not found 
2026-02-27 09:57:09   Visa  Error:  lexical error: invalid char in json text.
                                       www.visa.co.ukPerforming securi
                     (right here) ------^
 
2026-02-27 09:58:43   Nu  Error:  subscript out of bounds 
2026-02-27 09:59:00   Comdirect  Error:  ℹ In argument: `iso == "COP"`.
Caused by error:
! object 'iso' not found 
2026-02-27 13:20:32   Visa  Error:  parse error: trailing garbage
                                   400 Bad Request
                     (right here) ------^
 
2026-02-27 13:22:21   Comdirect  Error:  ℹ In argument: `iso == "COP"`.
Caused by error:
! object 'iso' not found 
2026-02-27 15:49:42   Visa  Error:  parse error: trailing garbage
                                   400 Bad Request
                     (right here) ------^
 
2026-02-27 15:51:30   Comdirect  Error:  ℹ In argument: `iso == "COP"`.
Caused by error:
! object 'iso' not found 
2026-02-27 18:59:15   Vancouver  Error:  Timeout was reached: [cambiosvancouver.com] Failed to connect to cambiosvancouver.com port 443 after 5243 ms: Connection timed out 
2026-02-27 18:59:52   Visa  Error:  lexical error: invalid char in json text.
                                       www.visa.co.ukPerforming securi
                     (right here) ------^
 
2026-02-27 19:01:24   Nu  Error:  subscript out of bounds 
2026-02-27 21:40:17   Visa  Error:  parse error: trailing garbage
                                   400 Bad Request
                     (right here) ------^
 
2026-02-27 21:41:51   Nu  Error:  subscript out of bounds 
2026-02-28 02:37:41   Visa  Error:  lexical error: invalid char in json text.
                                       www.visa.co.ukPerforming securi
                     (right here) ------^
 
2026-02-28 02:39:12   Nu  Error:  subscript out of bounds 
2026-02-28 04:22:56   Visa  Error:  lexical error: invalid char in json text.
                                       www.visa.co.ukPerforming securi
                     (right here) ------^
 
2026-02-28 04:24:26   Nu  Error:  subscript out of bounds 
2026-02-28 06:54:09   Visa  Error:  lexical error: invalid char in json text.
                                       www.visa.co.ukPerforming securi
                     (right here) ------^
 
2026-02-28 06:55:43   Nu  Error:  subscript out of bounds 
2026-02-28 09:37:19   Visa  Error:  lexical error: invalid char in json text.
                                       www.visa.co.ukPerforming securi
                     (right here) ------^
 
2026-02-28 09:38:49   Nu  Error:  subscript out of bounds 
2026-02-28 13:05:21   Visa  Error:  parse error: trailing garbage
                                   400 Bad Request
                     (right here) ------^
 
2026-02-28 15:33:44   Visa  Error:  parse error: trailing garbage
                                   400 Bad Request
                     (right here) ------^
 
2026-02-28 18:48:40   Visa  Error:  parse error: trailing garbage
                                   400 Bad Request
                     (right here) ------^
 
2026-02-28 21:32:32   Visa  Error:  lexical error: invalid char in json text.
                                       www.visa.co.ukPerforming securi
                     (right here) ------^
 
2026-02-28 21:34:04   Nu  Error:  subscript out of bounds 
2026-03-01 03:21:38   Visa  Error:  lexical error: invalid char in json text.
                                       www.visa.co.ukPerforming securi
                     (right here) ------^
 
2026-03-01 07:00:51   Visa  Error:  lexical error: invalid char in json text.
                                       www.visa.co.ukPerforming securi
                     (right here) ------^
 
2026-03-01 09:40:04   Vancouver  Error:  Timeout was reached: [cambiosvancouver.com] Failed to connect to cambiosvancouver.com port 443 after 5258 ms: Connection timed out 
2026-03-01 09:40:44   Visa  Error:  lexical error: invalid char in json text.
                                       www.visa.co.ukPerforming securi
                     (right here) ------^
 
2026-03-01 09:42:14   Nu  Error:  subscript out of bounds 
2026-03-01 09:42:20   Condor  Error:  The size of `nm` (3) must be compatible with the size of `x` (0). 
2026-03-01 13:08:35   Visa  Error:  parse error: trailing garbage
                                   400 Bad Request
                     (right here) ------^
 
2026-03-01 13:10:06   Nu  Error:  subscript out of bounds 
2026-03-01 15:35:29   Visa  Error:  parse error: trailing garbage
                                   400 Bad Request
                     (right here) ------^
 
2026-03-01 18:50:17   Visa  Error:  parse error: trailing garbage
                                   400 Bad Request
                     (right here) ------^
 
2026-03-01 18:51:48   Nu  Error:  subscript out of bounds 
2026-03-01 21:33:34   Visa  Error:  lexical error: invalid char in json text.
                                       www.visa.co.ukPerforming securi
                     (right here) ------^
 
2026-03-01 21:35:06   Nu  Error:  subscript out of bounds 
2026-03-02 02:51:38   Visa  Error:  lexical error: invalid char in json text.
                                       www.visa.co.ukPerforming securi
                     (right here) ------^
 
2026-03-02 02:53:10   Nu  Error:  subscript out of bounds 
2026-03-02 04:57:13   Visa  Error:  lexical error: invalid char in json text.
                                       www.visa.co.ukPerforming securi
                     (right here) ------^
 
2026-03-02 07:13:03   Visa  Error:  lexical error: invalid char in json text.
                                       www.visa.co.ukPerforming securi
                     (right here) ------^
 
2026-03-02 10:03:38   Visa  Error:  lexical error: invalid char in json text.
                                       www.visa.co.ukPerforming securi
                     (right here) ------^
 
2026-03-02 13:20:58   Vancouver  Error:  Timeout was reached: [cambiosvancouver.com] Failed to connect to cambiosvancouver.com port 443 after 5277 ms: Connection timed out 
2026-03-02 13:21:07   Visa  Error:  lexical error: invalid char in json text.
                                       www.visa.co.ukPerforming securi
                     (right here) ------^
 
2026-03-02 13:22:38   Nu  Error:  subscript out of bounds 
2026-03-02 15:53:12   Visa  Error:  lexical error: invalid char in json text.
                                       www.visa.co.ukPerforming securi
                     (right here) ------^
 
2026-03-02 19:02:46   Visa  Error:  lexical error: invalid char in json text.
                                       www.visa.co.ukPerforming securi
                     (right here) ------^
 
2026-03-02 21:46:29   Visa  Error:  lexical error: invalid char in json text.
                                       www.visa.co.ukPerforming securi
                     (right here) ------^
 
2026-03-03 02:54:59   Visa  Error:  lexical error: invalid char in json text.
                                       www.visa.co.ukPerforming securi
                     (right here) ------^
 
2026-03-03 04:56:00   Visa  Error:  lexical error: invalid char in json text.
                                       www.visa.co.ukPerforming securi
                     (right here) ------^
 
2026-03-03 07:06:27   Visa  Error:  lexical error: invalid char in json text.
                                       www.visa.co.ukPerforming securi
                     (right here) ------^
 
2026-03-03 07:07:57   Nu  Error:  subscript out of bounds 
2026-03-03 09:57:59   Visa  Error:  lexical error: invalid char in json text.
                                       www.visa.co.ukPerforming securi
                     (right here) ------^
 
2026-03-03 09:59:30   Nu  Error:  subscript out of bounds 
2026-03-03 13:19:59   Visa  Error:  lexical error: invalid char in json text.
                                       www.visa.co.ukPerforming securi
                     (right here) ------^
 
2026-03-03 15:57:13   Visa  Error:  parse error: trailing garbage
                                   400 Bad Request
                     (right here) ------^
 
2026-03-03 15:58:45   Nu  Error:  subscript out of bounds 
2026-03-03 19:05:30   Vancouver  Error:  Timeout was reached: [cambiosvancouver.com] Failed to connect to cambiosvancouver.com port 443 after 5254 ms: Connection timed out 
2026-03-03 19:06:07   Visa  Error:  lexical error: invalid char in json text.
                                       www.visa.co.ukPerforming securi
                     (right here) ------^
 
2026-03-03 19:07:37   Nu  Error:  subscript out of bounds 
2026-03-03 19:07:43   Condor  Error:  The size of `nm` (3) must be compatible with the size of `x` (0). 
2026-03-03 21:45:14   Visa  Error:  lexical error: invalid char in json text.
                                       www.visa.co.ukPerforming securi
                     (right here) ------^
 
2026-03-03 21:46:46   Nu  Error:  subscript out of bounds 
2026-03-04 02:48:01   Visa  Error:  lexical error: invalid char in json text.
                                       www.visa.co.ukPerforming securi
                     (right here) ------^
 
2026-03-04 02:49:32   Nu  Error:  subscript out of bounds 
2026-03-04 04:49:48   Visa  Error:  lexical error: invalid char in json text.
                                       www.visa.co.ukPerforming securi
                     (right here) ------^
 
2026-03-04 07:03:36   Visa  Error:  lexical error: invalid char in json text.
                                       www.visa.co.ukPerforming securi
                     (right here) ------^
 
2026-03-04 07:05:08   Nu  Error:  subscript out of bounds 
2026-03-04 09:54:02   Vancouver  Error:  Timeout was reached: [cambiosvancouver.com] Failed to connect to cambiosvancouver.com port 443 after 5253 ms: Connection timed out 
2026-03-04 09:54:42   Visa  Error:  parse error: trailing garbage
                                   400 Bad Request
                     (right here) ------^
 
2026-03-04 09:56:21   Condor  Error:  The size of `nm` (3) must be compatible with the size of `x` (0). 
2026-03-04 13:19:23   Visa  Error:  parse error: trailing garbage
                                   400 Bad Request
                     (right here) ------^
 
2026-03-04 15:55:45   Visa  Error:  parse error: trailing garbage
                                   400 Bad Request
                     (right here) ------^
 
2026-03-04 19:04:52   Visa  Error:  parse error: trailing garbage
                                   400 Bad Request
                     (right here) ------^
 
2026-03-04 21:46:40   Visa  Error:  lexical error: invalid char in json text.
                                       www.visa.co.ukPerforming securi
                     (right here) ------^
 
2026-03-05 02:49:55   Visa  Error:  parse error: trailing garbage
                                   400 Bad Request
                     (right here) ------^
 
2026-03-05 02:51:25   Nu  Error:  subscript out of bounds 
2026-03-05 04:53:15   Visa  Error:  lexical error: invalid char in json text.
                                       www.visa.co.ukPerforming securi
                     (right here) ------^
 
2026-03-05 04:54:46   Nu  Error:  subscript out of bounds 
2026-03-05 07:07:05   Visa  Error:  lexical error: invalid char in json text.
                                       www.visa.co.ukPerforming securi
                     (right here) ------^
 
2026-03-05 07:08:39   Nu  Error:  subscript out of bounds 
2026-03-05 09:58:40   Visa  Error:  parse error: trailing garbage
                                   400 Bad Request
                     (right here) ------^
 
2026-03-05 13:23:09   Visa  Error:  parse error: trailing garbage
                                   400 Bad Request
                     (right here) ------^
 
2026-03-05 15:59:28   Visa  Error:  parse error: trailing garbage
                                   400 Bad Request
                     (right here) ------^
 
2026-03-05 19:24:48   Visa  Error:  parse error: trailing garbage
                                   400 Bad Request
                     (right here) ------^
 
2026-03-05 21:48:04   Visa  Error:  parse error: trailing garbage
                                   400 Bad Request
                     (right here) ------^
 
2026-03-05 21:49:36   Nu  Error:  subscript out of bounds 
2026-03-06 02:47:42   Visa  Error:  lexical error: invalid char in json text.
                                       www.visa.co.ukPerforming securi
                     (right here) ------^
 
2026-03-06 04:50:48   Visa  Error:  lexical error: invalid char in json text.
                                       www.visa.co.ukPerforming securi
                     (right here) ------^
 
2026-03-06 04:52:21   Nu  Error:  subscript out of bounds 
2026-03-06 07:04:53   Visa  Error:  lexical error: invalid char in json text.
                                       www.visa.co.ukPerforming securi
                     (right here) ------^
 
2026-03-06 07:06:23   Nu  Error:  subscript out of bounds 
2026-03-06 09:53:50   Visa  Error:  lexical error: invalid char in json text.
                                       www.visa.co.ukPerforming securi
                     (right here) ------^
 
2026-03-06 09:55:22   Nu  Error:  subscript out of bounds 
2026-03-06 13:18:35   Visa  Error:  parse error: trailing garbage
                                   400 Bad Request
                     (right here) ------^
 
2026-03-06 15:51:08   Visa  Error:  parse error: trailing garbage
                                   400 Bad Request
                     (right here) ------^
 
2026-03-06 15:52:35   Nu  Error:  subscript out of bounds 
2026-03-06 15:52:50   Comdirect  Error:  ℹ In argument: `iso == "COP"`.
Caused by error:
! object 'iso' not found 
2026-03-06 19:00:56   Visa  Error:  parse error: trailing garbage
                                   400 Bad Request
                     (right here) ------^
 
2026-03-06 21:38:55   Visa  Error:  parse error: trailing garbage
                                   400 Bad Request
                     (right here) ------^
 
2026-03-07 02:41:38   Visa  Error:  parse error: trailing garbage
                                   400 Bad Request
                     (right here) ------^
 
2026-03-07 04:39:13   Visa  Error:  parse error: trailing garbage
                                   400 Bad Request
                     (right here) ------^
 
2026-03-07 04:40:43   Nu  Error:  subscript out of bounds 
2026-03-07 06:56:57   Visa  Error:  parse error: trailing garbage
                                   400 Bad Request
                     (right here) ------^
 
2026-03-07 06:58:28   Nu  Error:  subscript out of bounds 
2026-03-07 09:40:18   Visa  Error:  parse error: trailing garbage
                                   400 Bad Request
                     (right here) ------^
 
2026-03-07 13:07:06   Vancouver  Error:  Timeout was reached: [cambiosvancouver.com] Failed to connect to cambiosvancouver.com port 443 after 5250 ms: Connection timed out 
2026-03-07 13:07:44   Visa  Error:  parse error: trailing garbage
                                   400 Bad Request
                     (right here) ------^
 
2026-03-07 13:09:21   Condor  Error:  The size of `nm` (3) must be compatible with the size of `x` (0). 
2026-03-07 15:35:11   Visa  Error:  lexical error: invalid char in json text.
                                       www.visa.co.ukPerforming securi
                     (right here) ------^
 
2026-03-07 15:36:44   Nu  Error:  subscript out of bounds 
2026-03-07 18:49:57   Visa  Error:  parse error: trailing garbage
                                   400 Bad Request
                     (right here) ------^
 
2026-03-07 18:51:25   Nu  Error:  subscript out of bounds 
2026-03-07 21:32:36   Visa  Error:  lexical error: invalid char in json text.
                                       www.visa.co.ukPerforming securi
                     (right here) ------^
 
2026-03-08 02:54:20   Visa  Error:  parse error: trailing garbage
                                   400 Bad Request
                     (right here) ------^
 
2026-03-08 04:52:18   Visa  Error:  parse error: trailing garbage
                                   400 Bad Request
                     (right here) ------^
 
2026-03-08 06:58:15   Visa  Error:  parse error: trailing garbage
                                   400 Bad Request
                     (right here) ------^
 
2026-03-08 09:40:40   Visa  Error:  parse error: trailing garbage
                                   400 Bad Request
                     (right here) ------^
 
2026-03-08 09:42:12   Nu  Error:  subscript out of bounds 
2026-03-08 15:35:26   Visa  Error:  parse error: trailing garbage
                                   400 Bad Request
                     (right here) ------^
 
2026-03-08 18:50:39   Vancouver  Error:  Timeout was reached: [cambiosvancouver.com] Failed to connect to cambiosvancouver.com port 443 after 5220 ms: Connection timed out 
2026-03-08 18:51:21   Visa  Error:  parse error: trailing garbage
                                   400 Bad Request
                     (right here) ------^
 
2026-03-08 18:52:51   Nu  Error:  subscript out of bounds 
2026-03-08 21:34:58   Visa  Error:  lexical error: invalid char in json text.
                                       www.visa.co.ukPerforming securi
                     (right here) ------^
 
2026-03-08 21:36:28   Nu  Error:  subscript out of bounds 
2026-03-09 02:55:44   Visa  Error:  lexical error: invalid char in json text.
                                       www.visa.co.ukPerforming securi
                     (right here) ------^
 
2026-03-09 05:01:50   Visa  Error:  parse error: trailing garbage
                                   400 Bad Request
                     (right here) ------^
 
2026-03-09 05:03:21   Nu  Error:  subscript out of bounds 
2026-03-09 07:15:51   Visa  Error:  lexical error: invalid char in json text.
                                       www.visa.co.ukPerforming securi
                     (right here) ------^
 
2026-03-09 10:04:38   Visa  Error:  lexical error: invalid char in json text.
                                       www.visa.co.ukPerforming securi
                     (right here) ------^
 
2026-03-09 10:06:14   Condor  Error:  The size of `nm` (3) must be compatible with the size of `x` (0). 
2026-03-09 13:26:23   Visa  Error:  parse error: trailing garbage
                                   400 Bad Request
                     (right here) ------^
 
2026-03-09 13:27:56   Nu  Error:  subscript out of bounds 
2026-03-09 16:07:48   Vancouver  Error:  Timeout was reached: [cambiosvancouver.com] Failed to connect to cambiosvancouver.com port 443 after 5221 ms: Connection timed out 
2026-03-09 16:08:28   Visa  Error:  parse error: trailing garbage
                                   400 Bad Request
                     (right here) ------^
 
2026-03-09 16:10:00   Nu  Error:  subscript out of bounds 
2026-03-09 19:06:11   Visa  Error:  parse error: trailing garbage
                                   400 Bad Request
                     (right here) ------^
 
2026-03-09 19:06:50   Master  Error:  subscript out of bounds 
2026-03-09 19:07:39   Nu  Error:  subscript out of bounds 
2026-03-09 21:43:27   Visa  Error:  lexical error: invalid char in json text.
                                       www.visa.co.ukPerforming securi
                     (right here) ------^
 
2026-03-10 02:47:08   Visa  Error:  lexical error: invalid char in json text.
                                       www.visa.co.ukPerforming securi
                     (right here) ------^
 
2026-03-10 04:50:50   Visa  Error:  lexical error: invalid char in json text.
                                       www.visa.co.ukPerforming securi
                     (right here) ------^
 
2026-03-10 04:52:24   Nu  Error:  subscript out of bounds 
2026-03-10 04:52:41   Comdirect  Error:  ℹ In argument: `iso == "COP"`.
Caused by error:
! object 'iso' not found 
2026-03-10 07:05:08   Visa  Error:  lexical error: invalid char in json text.
                                       www.visa.co.ukPerforming securi
                     (right here) ------^
 
2026-03-10 09:57:53   Visa  Error:  lexical error: invalid char in json text.
                                       www.visa.co.ukPerforming securi
                     (right here) ------^
 
2026-03-10 13:24:11   Visa  Error:  lexical error: invalid char in json text.
                                       Web server is returning an unkn
                     (right here) ------^
 
2026-03-10 13:25:43   Nu  Error:  subscript out of bounds 
2026-03-10 16:10:28   Visa  Error:  parse error: trailing garbage
                                   400 Bad Request
                     (right here) ------^
 
2026-03-10 19:04:38   Visa  Error:  parse error: trailing garbage
                                   400 Bad Request
                     (right here) ------^
 
2026-03-10 21:38:20   Vancouver  Error:  Timeout was reached: [cambiosvancouver.com] Failed to connect to cambiosvancouver.com port 443 after 5254 ms: Connection timed out 
2026-03-10 21:38:58   Visa  Error:  parse error: trailing garbage
                                   400 Bad Request
                     (right here) ------^
 
2026-03-10 21:40:28   Nu  Error:  subscript out of bounds 
2026-03-11 02:46:48   Visa  Error:  lexical error: invalid char in json text.
                                       www.visa.co.ukPerforming securi
                     (right here) ------^
 
2026-03-11 02:48:21   Nu  Error:  subscript out of bounds 
2026-03-11 04:52:06   Visa  Error:  lexical error: invalid char in json text.
                                       www.visa.co.ukPerforming securi
                     (right here) ------^
 
2026-03-11 04:53:35   Nu  Error:  subscript out of bounds 
2026-03-11 07:08:13   Vancouver  Error:  Timeout was reached: [cambiosvancouver.com] Failed to connect to cambiosvancouver.com port 443 after 5278 ms: Connection timed out 
2026-03-11 07:08:50   Visa  Error:  parse error: trailing garbage
                                   400 Bad Request
                     (right here) ------^
 
2026-03-11 09:57:39   Visa  Error:  parse error: trailing garbage
                                   400 Bad Request
                     (right here) ------^
 
2026-03-11 13:24:10   Visa  Error:  parse error: trailing garbage
                                   400 Bad Request
                     (right here) ------^
 
2026-03-11 15:59:14   Visa  Error:  parse error: trailing garbage
                                   400 Bad Request
                     (right here) ------^
 
2026-03-11 16:00:56   Nu  Error:  subscript out of bounds 
2026-03-11 19:06:53   Visa  Error:  parse error: trailing garbage
                                   400 Bad Request
                     (right here) ------^
 
2026-03-11 19:08:23   Nu  Error:  subscript out of bounds 
2026-03-11 21:45:18   Visa  Error:  parse error: trailing garbage
                                   400 Bad Request
                     (right here) ------^
 
2026-03-11 21:46:48   Nu  Error:  subscript out of bounds 
2026-03-12 02:52:15   Visa  Error:  lexical error: invalid char in json text.
                                       www.visa.co.ukPerforming securi
                     (right here) ------^
 
2026-03-12 02:54:09   Comdirect  Error:  ℹ In argument: `iso == "COP"`.
Caused by error:
! object 'iso' not found 
2026-03-12 04:56:08   Vancouver  Error:  Timeout was reached: [cambiosvancouver.com] Failed to connect to cambiosvancouver.com port 443 after 5255 ms: Connection timed out 
2026-03-12 04:56:46   Visa  Error:  lexical error: invalid char in json text.
                                       www.visa.co.ukPerforming securi
                     (right here) ------^
 
2026-03-12 04:58:18   Nu  Error:  subscript out of bounds 
2026-03-12 07:09:40   Vancouver  Error:  Timeout was reached: [cambiosvancouver.com] Failed to connect to cambiosvancouver.com port 443 after 5240 ms: Connection timed out 
2026-03-12 07:10:17   Visa  Error:  parse error: trailing garbage
                                   400 Bad Request
                     (right here) ------^
 
2026-03-12 07:11:49   Nu  Error:  subscript out of bounds 
2026-03-12 09:57:58   Visa  Error:  lexical error: invalid char in json text.
                                       www.visa.co.ukPerforming securi
                     (right here) ------^
 
2026-03-12 09:59:31   Nu  Error:  subscript out of bounds 
2026-03-12 10:00:01   Condor  Error:  The size of `nm` (3) must be compatible with the size of `x` (0). 
2026-03-12 13:24:04   Visa  Error:  parse error: trailing garbage
                                   400 Bad Request
                     (right here) ------^
 
2026-03-12 16:09:10   Visa  Error:  parse error: trailing garbage
                                   400 Bad Request
                     (right here) ------^
 
2026-03-12 19:07:02   Vancouver  Error:  Timeout was reached: [cambiosvancouver.com] Failed to connect to cambiosvancouver.com port 443 after 5247 ms: Connection timed out 
2026-03-12 19:07:41   Visa  Error:  parse error: trailing garbage
                                   400 Bad Request
                     (right here) ------^
 
2026-03-12 19:09:17   Condor  Error:  The size of `nm` (3) must be compatible with the size of `x` (0). 
2026-03-12 21:43:51   Vancouver  Error:  Timeout was reached: [cambiosvancouver.com] Failed to connect to cambiosvancouver.com port 443 after 5233 ms: Connection timed out 
2026-03-12 21:44:00   Visa  Error:  parse error: trailing garbage
                                   400 Bad Request
                     (right here) ------^
 
2026-03-12 21:44:40   Master  Error:  subscript out of bounds 
2026-03-12 21:45:34   Nu  Error:  subscript out of bounds 
2026-03-13 02:49:33   Visa  Error:  lexical error: invalid char in json text.
                                       www.visa.co.ukPerforming securi
                     (right here) ------^
 
2026-03-13 04:54:31   Visa  Error:  parse error: trailing garbage
                                   400 Bad Request
                     (right here) ------^
 
2026-03-13 04:56:03   Nu  Error:  subscript out of bounds 
2026-03-13 07:09:13   Visa  Error:  lexical error: invalid char in json text.
                                       www.visa.co.ukPerforming securi
                     (right here) ------^
 
2026-03-13 07:10:45   Nu  Error:  subscript out of bounds 
2026-03-13 09:54:18   Visa  Error:  parse error: trailing garbage
                                   400 Bad Request
                     (right here) ------^
 
2026-03-13 09:55:50   Nu  Error:  subscript out of bounds 
2026-03-13 09:55:58   Condor  Error:  The size of `nm` (3) must be compatible with the size of `x` (0). 
2026-03-13 13:21:43   Visa  Error:  parse error: trailing garbage
                                   400 Bad Request
                     (right here) ------^
 
2026-03-13 13:23:16   Nu  Error:  subscript out of bounds 
2026-03-13 15:55:45   Visa  Error:  parse error: trailing garbage
                                   400 Bad Request
                     (right here) ------^
 
2026-03-13 15:57:16   Nu  Error:  subscript out of bounds 
2026-03-13 18:58:35   Visa  Error:  parse error: trailing garbage
                                   400 Bad Request
                     (right here) ------^
 
2026-03-13 21:45:23   Vancouver  Error:  Timeout was reached: [cambiosvancouver.com] Failed to connect to cambiosvancouver.com port 443 after 5232 ms: Connection timed out 
2026-03-13 21:46:12   Visa  Error:  lexical error: invalid char in json text.
                                       Web server is returning an unkn
                     (right here) ------^
 
2026-03-14 02:48:42   Visa  Error:  parse error: trailing garbage
                                   400 Bad Request
                     (right here) ------^
 
2026-03-14 02:50:15   Nu  Error:  subscript out of bounds 
2026-03-14 04:51:34   Visa  Error:  lexical error: invalid char in json text.
                                       www.visa.co.ukPerforming securi
                     (right here) ------^
 
2026-03-14 04:53:04   Nu  Error:  subscript out of bounds 
2026-03-14 07:03:34   Visa  Error:  lexical error: invalid char in json text.
                                       www.visa.co.ukPerforming securi
                     (right here) ------^
 
2026-03-14 09:46:31   Visa  Error:  parse error: trailing garbage
                                   400 Bad Request
                     (right here) ------^
 
2026-03-14 09:48:02   Nu  Error:  subscript out of bounds 
2026-03-14 13:13:29   Visa  Error:  parse error: trailing garbage
                                   400 Bad Request
                     (right here) ------^
 
2026-03-14 13:15:17   Comdirect  Error:  ℹ In argument: `iso == "COP"`.
Caused by error:
! object 'iso' not found 
2026-03-14 15:37:45   Vancouver  Error:  Timeout was reached: [cambiosvancouver.com] Failed to connect to cambiosvancouver.com port 443 after 5376 ms: Connection timed out 
2026-03-14 15:38:25   Visa  Error:  parse error: trailing garbage
                                   400 Bad Request
                     (right here) ------^
 
2026-03-14 18:54:38   Vancouver  Error:  Timeout was reached: [cambiosvancouver.com] Failed to connect to cambiosvancouver.com port 443 after 5354 ms: Connection timed out 
2026-03-14 18:55:16   Visa  Error:  parse error: trailing garbage
                                   400 Bad Request
                     (right here) ------^
 
2026-03-14 21:37:54   Visa  Error:  parse error: trailing garbage
                                   400 Bad Request
                     (right here) ------^
 
2026-03-14 21:39:25   Nu  Error:  subscript out of bounds 
2026-03-15 03:27:29   Visa  Error:  parse error: trailing garbage
                                   400 Bad Request
                     (right here) ------^
 
2026-03-15 03:29:00   Nu  Error:  subscript out of bounds 
2026-03-15 07:12:20   Visa  Error:  parse error: trailing garbage
                                   400 Bad Request
                     (right here) ------^
 
2026-03-15 07:13:51   Nu  Error:  subscript out of bounds 
2026-03-15 09:46:59   Visa  Error:  parse error: trailing garbage
                                   400 Bad Request
                     (right here) ------^
 
2026-03-15 13:15:04   Visa  Error:  parse error: trailing garbage
                                   400 Bad Request
                     (right here) ------^
 
2026-03-15 15:40:27   Visa  Error:  parse error: trailing garbage
                                   400 Bad Request
                     (right here) ------^
 
2026-03-15 18:56:02   Visa  Error:  parse error: trailing garbage
                                   400 Bad Request
                     (right here) ------^
 
2026-03-15 21:39:20   Visa  Error:  parse error: trailing garbage
                                   400 Bad Request
                     (right here) ------^
 
2026-03-15 21:40:57   Condor  Error:  The size of `nm` (3) must be compatible with the size of `x` (0). 
2026-03-16 03:30:10   Visa  Error:  lexical error: invalid char in json text.
                                       www.visa.co.ukPerforming securi
                     (right here) ------^
 
2026-03-16 07:45:11   Vancouver  Error:  Timeout was reached: [cambiosvancouver.com] Failed to connect to cambiosvancouver.com port 443 after 5254 ms: Connection timed out 
2026-03-16 07:45:51   Visa  Error:  parse error: trailing garbage
                                   400 Bad Request
                     (right here) ------^
 
2026-03-16 07:47:23   Nu  Error:  subscript out of bounds 
2026-03-16 10:13:43   Visa  Error:  lexical error: invalid char in json text.
                                       Web server is returning an unkn
                     (right here) ------^
 
2026-03-16 10:15:13   Nu  Error:  subscript out of bounds 
2026-03-16 13:50:02   Visa  Error:  parse error: trailing garbage
                                   400 Bad Request
                     (right here) ------^
 
2026-03-16 16:15:14   Visa  Error:  parse error: trailing garbage
                                   400 Bad Request
                     (right here) ------^
 
2026-03-16 19:19:38   Visa  Error:  parse error: trailing garbage
                                   400 Bad Request
                     (right here) ------^
 
2026-03-16 19:21:10   Nu  Error:  subscript out of bounds 
2026-03-16 21:52:22   Visa  Error:  parse error: trailing garbage
                                   400 Bad Request
                     (right here) ------^
 
2026-03-16 21:53:53   Nu  Error:  subscript out of bounds 
2026-03-17 02:52:24   Visa  Error:  lexical error: invalid char in json text.
                                       www.visa.co.ukPerforming securi
                     (right here) ------^
 
2026-03-17 02:53:56   Nu  Error:  subscript out of bounds 
2026-03-17 05:02:07   Visa  Error:  lexical error: invalid char in json text.
                                       www.visa.co.ukPerforming securi
                     (right here) ------^
 
2026-03-17 05:03:36   Nu  Error:  subscript out of bounds 
2026-03-17 07:17:58   Vancouver  Error:  Timeout was reached: [cambiosvancouver.com] Failed to connect to cambiosvancouver.com port 443 after 5236 ms: Connection timed out 
2026-03-17 07:18:37   Visa  Error:  parse error: trailing garbage
                                   400 Bad Request
                     (right here) ------^
 
2026-03-17 10:03:27   Visa  Error:  parse error: trailing garbage
                                   400 Bad Request
                     (right here) ------^
 
2026-03-17 10:04:56   Nu  Error:  subscript out of bounds 
2026-03-17 13:46:28   Visa  Error:  parse error: trailing garbage
                                   400 Bad Request
                     (right here) ------^
 
2026-03-17 13:48:00   Nu  Error:  subscript out of bounds 
2026-03-17 16:14:37   Vancouver  Error:  Timeout was reached: [cambiosvancouver.com] Failed to connect to cambiosvancouver.com port 443 after 5243 ms: Connection timed out 
2026-03-17 16:15:13   Visa  Error:  parse error: trailing garbage
                                   400 Bad Request
                     (right here) ------^
 
2026-03-17 16:16:46   Nu  Error:  subscript out of bounds 
2026-03-17 19:17:59   Visa  Error:  parse error: trailing garbage
                                   400 Bad Request
                     (right here) ------^
 
2026-03-17 19:19:31   Nu  Error:  subscript out of bounds 
2026-03-17 21:51:27   Visa  Error:  parse error: trailing garbage
                                   400 Bad Request
                     (right here) ------^
 
2026-03-18 03:16:06   Vancouver  Error:  Timeout was reached: [cambiosvancouver.com] Failed to connect to cambiosvancouver.com port 443 after 5289 ms: Connection timed out 
2026-03-18 03:16:48   Visa  Error:  parse error: trailing garbage
                                   400 Bad Request
                     (right here) ------^
 
2026-03-18 03:18:20   Nu  Error:  subscript out of bounds 
2026-03-18 07:16:23   Visa  Error:  parse error: trailing garbage
                                   400 Bad Request
                     (right here) ------^
 
2026-03-18 07:17:56   Nu  Error:  subscript out of bounds 
2026-03-18 10:05:51   Visa  Error:  parse error: trailing garbage
                                   400 Bad Request
                     (right here) ------^
 
2026-03-18 13:49:19   Visa  Error:  parse error: trailing garbage
                                   400 Bad Request
                     (right here) ------^
 
2026-03-18 13:50:48   Nu  Error:  subscript out of bounds 
2026-03-18 13:51:06   Comdirect  Error:  ℹ In argument: `iso == "COP"`.
Caused by error:
! object 'iso' not found 
2026-03-18 16:15:44   Visa  Error:  parse error: trailing garbage
                                   400 Bad Request
                     (right here) ------^
 
2026-03-18 19:16:51   Visa  Error:  parse error: trailing garbage
                                   400 Bad Request
                     (right here) ------^
 
2026-03-18 21:46:47   Visa  Error:  parse error: trailing garbage
                                   400 Bad Request
                     (right here) ------^
 
2026-03-19 03:17:22   Visa  Error:  lexical error: invalid char in json text.
                                       www.visa.co.ukPerforming securi
                     (right here) ------^
 
2026-03-19 07:12:05   Visa  Error:  parse error: trailing garbage
                                   400 Bad Request
                     (right here) ------^
 
2026-03-19 09:58:55   Visa  Error:  lexical error: invalid char in json text.
                                       www.visa.co.ukPerforming securi
                     (right here) ------^
 
2026-03-19 13:39:39   Visa  Error:  parse error: trailing garbage
                                   400 Bad Request
                     (right here) ------^
 
2026-03-19 13:41:11   Nu  Error:  subscript out of bounds 
2026-03-19 16:04:36   Visa  Error:  parse error: trailing garbage
                                   400 Bad Request
                     (right here) ------^
 
2026-03-19 19:16:47   Visa  Error:  parse error: trailing garbage
                                   400 Bad Request
                     (right here) ------^
 
2026-03-19 21:47:50   Visa  Error:  parse error: trailing garbage
                                   400 Bad Request
                     (right here) ------^
 
2026-03-20 02:51:33   Visa  Error:  parse error: trailing garbage
                                   400 Bad Request
                     (right here) ------^
 
2026-03-20 02:53:06   Nu  Error:  subscript out of bounds 
2026-03-20 04:57:12   Visa  Error:  parse error: trailing garbage
                                   400 Bad Request
                     (right here) ------^
 
2026-03-20 07:09:53   Visa  Error:  parse error: trailing garbage
                                   400 Bad Request
                     (right here) ------^
 
2026-03-20 09:56:34   Visa  Error:  parse error: trailing garbage
                                   400 Bad Request
                     (right here) ------^
 
2026-03-20 09:58:04   Nu  Error:  subscript out of bounds 
2026-03-20 13:22:05   Visa  Error:  parse error: trailing garbage
                                   400 Bad Request
                     (right here) ------^
 
2026-03-20 15:55:28   Visa  Error:  parse error: trailing garbage
                                   400 Bad Request
                     (right here) ------^
 
2026-03-20 19:08:18   Visa  Error:  parse error: trailing garbage
                                   400 Bad Request
                     (right here) ------^
 
2026-03-20 21:40:28   Vancouver  Error:  Timeout was reached: [cambiosvancouver.com] Failed to connect to cambiosvancouver.com port 443 after 5253 ms: Connection timed out 
2026-03-20 21:41:07   Visa  Error:  parse error: trailing garbage
                                   400 Bad Request
                     (right here) ------^
 
2026-03-21 02:45:02   Visa  Error:  parse error: trailing garbage
                                   400 Bad Request
                     (right here) ------^
 
2026-03-21 04:45:58   Vancouver  Error:  Timeout was reached: [cambiosvancouver.com] Failed to connect to cambiosvancouver.com port 443 after 5224 ms: Connection timed out 
2026-03-21 04:46:38   Visa  Error:  parse error: trailing garbage
                                   400 Bad Request
                     (right here) ------^
 
2026-03-21 04:48:12   Condor  Error:  The size of `nm` (3) must be compatible with the size of `x` (0). 
2026-03-21 07:00:14   Visa  Error:  parse error: trailing garbage
                                   400 Bad Request
                     (right here) ------^
 
2026-03-21 07:01:44   Nu  Error:  subscript out of bounds 
2026-03-21 07:02:15   Condor  Error:  'Error caughtTimeoutError: Navigation timeout of 30000 ms exceeded' does not exist in current working directory ('/home/runner/work/eurcopscraper/eurcopscraper'). 
2026-03-21 09:43:07   Visa  Error:  parse error: trailing garbage
                                   400 Bad Request
                     (right here) ------^
 
2026-03-21 09:44:38   Nu  Error:  subscript out of bounds 
2026-03-21 13:11:15   Visa  Error:  parse error: trailing garbage
                                   400 Bad Request
                     (right here) ------^
 
2026-03-21 15:37:13   Visa  Error:  parse error: trailing garbage
                                   400 Bad Request
                     (right here) ------^
 
2026-03-21 15:38:46   Nu  Error:  subscript out of bounds 
2026-03-21 18:52:10   Visa  Error:  parse error: trailing garbage
                                   400 Bad Request
                     (right here) ------^
 
2026-03-21 18:53:41   Nu  Error:  subscript out of bounds 
2026-03-21 21:35:50   Visa  Error:  parse error: trailing garbage
                                   400 Bad Request
                     (right here) ------^
 
2026-03-21 21:37:22   Nu  Error:  subscript out of bounds 
2026-03-22 03:18:27   Visa  Error:  parse error: trailing garbage
                                   400 Bad Request
                     (right here) ------^
 
2026-03-22 07:03:48   Visa  Error:  parse error: trailing garbage
                                   400 Bad Request
                     (right here) ------^
 
2026-03-22 09:45:03   Visa  Error:  parse error: trailing garbage
                                   400 Bad Request
                     (right here) ------^
 
2026-03-22 13:13:07   Visa  Error:  parse error: trailing garbage
                                   400 Bad Request
                     (right here) ------^
 
2026-03-22 15:37:41   Visa  Error:  parse error: trailing garbage
                                   400 Bad Request
                     (right here) ------^
 
2026-03-22 15:39:10   Nu  Error:  subscript out of bounds 
2026-03-22 18:52:35   Visa  Error:  parse error: trailing garbage
                                   400 Bad Request
                     (right here) ------^
 
2026-03-22 18:54:07   Nu  Error:  subscript out of bounds 
2026-03-22 21:36:27   Visa  Error:  parse error: trailing garbage
                                   400 Bad Request
                     (right here) ------^
 
2026-03-23 03:20:03   Visa  Error:  parse error: trailing garbage
                                   400 Bad Request
                     (right here) ------^
 
2026-03-23 03:21:33   Nu  Error:  subscript out of bounds 
2026-03-23 07:26:11   Visa  Error:  parse error: trailing garbage
                                   400 Bad Request
                     (right here) ------^
 
2026-03-23 07:28:12   Condor  Error:  'Error caughtTimeoutError: Navigation timeout of 30000 ms exceeded' does not exist in current working directory ('/home/runner/work/eurcopscraper/eurcopscraper'). 
2026-03-23 10:12:37   Visa  Error:  parse error: trailing garbage
                                   400 Bad Request
                     (right here) ------^
 
2026-03-23 10:14:08   Nu  Error:  subscript out of bounds 
2026-03-23 13:44:19   Visa  Error:  parse error: trailing garbage
                                   400 Bad Request
                     (right here) ------^
 
2026-03-23 13:45:51   Nu  Error:  subscript out of bounds 
2026-03-23 16:08:08   Visa  Error:  parse error: trailing garbage
                                   400 Bad Request
                     (right here) ------^
 
2026-03-23 16:09:41   Nu  Error:  subscript out of bounds 
2026-03-23 19:09:35   Visa  Error:  lexical error: invalid char in json text.
                                       www.visa.co.ukPerforming securi
                     (right here) ------^
 
2026-03-23 19:11:04   Nu  Error:  subscript out of bounds 
2026-03-23 21:49:28   Visa  Error:  parse error: trailing garbage
                                   400 Bad Request
                     (right here) ------^
 
2026-03-23 21:51:01   Nu  Error:  subscript out of bounds 
2026-03-24 02:52:30   Visa  Error:  parse error: trailing garbage
                                   400 Bad Request
                     (right here) ------^
 
2026-03-24 05:03:34   Visa  Error:  parse error: trailing garbage
                                   400 Bad Request
                     (right here) ------^
 
2026-03-24 07:18:41   Visa  Error:  parse error: trailing garbage
                                   400 Bad Request
                     (right here) ------^
 
2026-03-24 10:04:27   Visa  Error:  parse error: trailing garbage
                                   400 Bad Request
                     (right here) ------^
 
2026-03-24 13:45:19   Visa  Error:  parse error: trailing garbage
                                   400 Bad Request
                     (right here) ------^
 
2026-03-24 16:16:03   Visa  Error:  parse error: trailing garbage
                                   400 Bad Request
                     (right here) ------^
 
2026-03-24 19:18:23   Visa  Error:  parse error: trailing garbage
                                   400 Bad Request
                     (right here) ------^
 
2026-03-24 19:19:55   Nu  Error:  subscript out of bounds 
2026-03-24 21:50:27   Visa  Error:  parse error: trailing garbage
                                   400 Bad Request
                     (right here) ------^
 
2026-03-25 03:15:08   Visa  Error:  lexical error: invalid char in json text.
                                       www.visa.co.ukPerforming securi
                     (right here) ------^
 
2026-03-25 03:16:39   Nu  Error:  subscript out of bounds 
2026-03-25 07:16:56   Visa  Error:  parse error: trailing garbage
                                   400 Bad Request
                     (right here) ------^
 
2026-03-25 10:04:11   Visa  Error:  parse error: trailing garbage
                                   400 Bad Request
                     (right here) ------^
 
2026-03-25 13:45:28   Visa  Error:  parse error: trailing garbage
                                   400 Bad Request
                     (right here) ------^
 
2026-03-25 16:21:04   Visa  Error:  parse error: trailing garbage
                                   400 Bad Request
                     (right here) ------^
 
2026-03-25 16:21:44   Master  Error:  subscript out of bounds 
2026-03-25 19:10:20   Visa  Error:  parse error: trailing garbage
                                   400 Bad Request
                     (right here) ------^
 
2026-03-25 19:11:49   Nu  Error:  subscript out of bounds 
2026-03-25 21:52:32   Visa  Error:  parse error: trailing garbage
                                   400 Bad Request
                     (right here) ------^
 
2026-03-25 21:54:03   Nu  Error:  subscript out of bounds 
2026-03-26 03:22:34   Visa  Error:  lexical error: invalid char in json text.
                                       www.visa.co.ukPerforming securi
                     (right here) ------^
 
2026-03-26 03:24:09   Nu  Error:  subscript out of bounds 
2026-03-26 07:26:58   Visa  Error:  parse error: trailing garbage
                                   400 Bad Request
                     (right here) ------^
 
2026-03-26 07:28:28   Nu  Error:  subscript out of bounds 
2026-03-26 10:10:53   Visa  Error:  parse error: trailing garbage
                                   400 Bad Request
                     (right here) ------^
 
2026-03-26 10:12:25   Nu  Error:  subscript out of bounds 
2026-03-26 13:52:12   Visa  Error:  parse error: trailing garbage
                                   400 Bad Request
                     (right here) ------^
 
2026-03-26 13:53:43   Nu  Error:  subscript out of bounds 
2026-03-26 16:20:22   Visa  Error:  lexical error: invalid char in json text.
                                       www.visa.co.ukPerforming securi
                     (right here) ------^
 
2026-03-26 16:21:55   Nu  Error:  subscript out of bounds 
2026-03-26 19:22:18   Visa  Error:  parse error: trailing garbage
                                   400 Bad Request
                     (right here) ------^
 
2026-03-26 19:23:49   Nu  Error:  subscript out of bounds 
2026-03-26 21:41:49   Visa  Error:  parse error: trailing garbage
                                   400 Bad Request
                     (right here) ------^
 
2026-03-27 03:26:17   Visa  Error:  parse error: trailing garbage
                                   400 Bad Request
                     (right here) ------^
 
2026-03-27 07:22:54   Visa  Error:  parse error: trailing garbage
                                   400 Bad Request
                     (right here) ------^
 
2026-03-27 10:02:16   Vancouver  Error:  Timeout was reached: [cambiosvancouver.com] Failed to connect to cambiosvancouver.com port 443 after 5237 ms: Connection timed out 
2026-03-27 10:02:54   Visa  Error:  parse error: trailing garbage
                                   400 Bad Request
                     (right here) ------^
 
2026-03-27 10:04:25   Nu  Error:  subscript out of bounds 
2026-03-27 13:38:58   Visa  Error:  parse error: trailing garbage
                                   400 Bad Request
                     (right here) ------^
 
2026-03-27 16:02:18   Visa  Error:  parse error: trailing garbage
                                   400 Bad Request
                     (right here) ------^
 
2026-03-27 16:03:46   Nu  Error:  subscript out of bounds 
2026-03-27 19:09:23   Visa  Error:  parse error: trailing garbage
                                   400 Bad Request
                     (right here) ------^
 
2026-03-27 19:10:57   Nu  Error:  subscript out of bounds 
2026-03-27 21:49:32   Visa  Error:  parse error: trailing garbage
                                   400 Bad Request
                     (right here) ------^
 
2026-03-28 02:56:10   Visa  Error:  lexical error: invalid char in json text.
                                       www.visa.co.ukPerforming securi
                     (right here) ------^
 
2026-03-28 05:03:11   Visa  Error:  parse error: trailing garbage
                                   400 Bad Request
                     (right here) ------^
 
2026-03-28 07:11:37   Vancouver  Error:  Timeout was reached: [cambiosvancouver.com] Failed to connect to cambiosvancouver.com port 443 after 5282 ms: Connection timed out 
2026-03-28 07:12:15   Visa  Error:  parse error: trailing garbage
                                   400 Bad Request
                     (right here) ------^
 
2026-03-28 09:50:18   Vancouver  Error:  Timeout was reached: [cambiosvancouver.com] Failed to connect to cambiosvancouver.com port 443 after 5261 ms: Connection timed out 
2026-03-28 09:50:57   Visa  Error:  parse error: trailing garbage
                                   400 Bad Request
                     (right here) ------^
 
2026-03-28 09:52:32   Condor  Error:  The size of `nm` (3) must be compatible with the size of `x` (0). 
2026-03-28 13:17:01   Visa  Error:  parse error: trailing garbage
                                   400 Bad Request
                     (right here) ------^
 
2026-03-28 15:41:31   Vancouver  Error:  Timeout was reached: [cambiosvancouver.com] Failed to connect to cambiosvancouver.com port 443 after 5248 ms: Connection timed out 
2026-03-28 15:42:12   Visa  Error:  parse error: trailing garbage
                                   400 Bad Request
                     (right here) ------^
 
2026-03-28 15:43:41   Nu  Error:  subscript out of bounds 
2026-03-28 18:57:34   Visa  Error:  parse error: trailing garbage
                                   400 Bad Request
                     (right here) ------^
 
2026-03-28 18:59:05   Nu  Error:  subscript out of bounds 
2026-03-28 21:40:26   Visa  Error:  parse error: trailing garbage
                                   400 Bad Request
                     (right here) ------^
 
2026-03-29 03:31:18   Vancouver  Error:  Timeout was reached: [cambiosvancouver.com] Failed to connect to cambiosvancouver.com port 443 after 5282 ms: Connection timed out 
2026-03-29 03:31:56   Visa  Error:  parse error: trailing garbage
                                   400 Bad Request
                     (right here) ------^
 
2026-03-29 03:33:26   Nu  Error:  subscript out of bounds 
2026-03-29 07:17:39   Vancouver  Error:  Timeout was reached: [cambiosvancouver.com] Failed to connect to cambiosvancouver.com port 443 after 5241 ms: Connection timed out 
2026-03-29 07:18:18   Visa  Error:  parse error: trailing garbage
                                   400 Bad Request
                     (right here) ------^
 
2026-03-29 07:19:53   Nu  Error:  subscript out of bounds 
2026-03-29 09:50:57   Visa  Error:  parse error: trailing garbage
                                   400 Bad Request
                     (right here) ------^
 
2026-03-29 09:52:27   Nu  Error:  subscript out of bounds 
2026-03-29 13:17:49   Visa  Error:  parse error: trailing garbage
                                   400 Bad Request
                     (right here) ------^
 
2026-03-29 15:42:13   Visa  Error:  lexical error: invalid char in json text.
                                       www.visa.co.ukPerforming securi
                     (right here) ------^
 
2026-03-29 15:43:46   Nu  Error:  subscript out of bounds 
2026-03-29 18:58:58   Vancouver  Error:  Timeout was reached: [cambiosvancouver.com] Failed to connect to cambiosvancouver.com port 443 after 5228 ms: Connection timed out 
2026-03-29 18:59:07   Visa  Error:  parse error: trailing garbage
                                   400 Bad Request
                     (right here) ------^
 
2026-03-29 21:44:04   Visa  Error:  parse error: trailing garbage
                                   400 Bad Request
                     (right here) ------^
 
2026-03-29 21:45:36   Nu  Error:  subscript out of bounds 
2026-03-30 03:34:48   Visa  Error:  lexical error: invalid char in json text.
                                       www.visa.co.ukPerforming securi
                     (right here) ------^
 
2026-03-30 03:36:19   Nu  Error:  subscript out of bounds 
2026-03-30 07:58:17   Visa  Error:  parse error: trailing garbage
                                   400 Bad Request
                     (right here) ------^
 
2026-03-30 10:26:10   Visa  Error:  parse error: trailing garbage
                                   400 Bad Request
                     (right here) ------^
 
2026-03-30 10:26:50   Master  Error:  subscript out of bounds 
2026-03-30 13:57:48   Visa  Error:  parse error: trailing garbage
                                   400 Bad Request
                     (right here) ------^
 
2026-03-30 16:12:12   Visa  Error:  parse error: trailing garbage
                                   400 Bad Request
                     (right here) ------^
 
2026-03-30 16:13:46   Nu  Error:  subscript out of bounds 
2026-03-30 19:15:42   Visa  Error:  lexical error: invalid char in json text.
                                       www.visa.co.ukPerforming securi
                     (right here) ------^
 
2026-03-30 19:17:12   Nu  Error:  subscript out of bounds 
2026-03-30 21:54:30   Visa  Error:  parse error: trailing garbage
                                   400 Bad Request
                     (right here) ------^
 
2026-03-31 03:25:03   Visa  Error:  lexical error: invalid char in json text.
                                       www.visa.co.ukPerforming securi
                     (right here) ------^
 
2026-03-31 07:42:47   Visa  Error:  parse error: trailing garbage
                                   400 Bad Request
                     (right here) ------^
 
2026-03-31 07:44:20   Nu  Error:  subscript out of bounds 
2026-03-31 10:14:08   Visa  Error:  parse error: trailing garbage
                                   400 Bad Request
                     (right here) ------^
 
2026-03-31 10:15:41   Nu  Error:  subscript out of bounds 
2026-03-31 13:56:59   Visa  Error:  parse error: trailing garbage
                                   400 Bad Request
                     (right here) ------^
 
2026-03-31 16:13:09   Visa  Error:  parse error: trailing garbage
                                   400 Bad Request
                     (right here) ------^
 
2026-03-31 16:14:42   Nu  Error:  subscript out of bounds 
2026-03-31 19:16:58   Visa  Error:  lexical error: invalid char in json text.
                                       www.visa.co.ukPerforming securi
                     (right here) ------^
 
2026-03-31 21:51:20   Visa  Error:  parse error: trailing garbage
                                   400 Bad Request
                     (right here) ------^
 
2026-04-01 03:38:08   Visa  Error:  lexical error: invalid char in json text.
                                       www.visa.co.ukPerforming securi
                     (right here) ------^
 
2026-04-01 03:39:39   Nu  Error:  subscript out of bounds 
2026-04-01 07:48:55   Visa  Error:  parse error: trailing garbage
                                   400 Bad Request
                     (right here) ------^
 
2026-04-01 07:50:26   Nu  Error:  subscript out of bounds 
2026-04-01 10:14:54   Visa  Error:  parse error: trailing garbage
                                   400 Bad Request
                     (right here) ------^
 
2026-04-01 13:59:34   Vancouver  Error:  Timeout was reached: [cambiosvancouver.com] Failed to connect to cambiosvancouver.com port 443 after 5266 ms: Connection timed out 
2026-04-01 14:00:13   Visa  Error:  parse error: trailing garbage
                                   400 Bad Request
                     (right here) ------^
 
2026-04-01 14:01:45   Nu  Error:  subscript out of bounds 
2026-04-01 16:11:46   Vancouver  Error:  Timeout was reached: [cambiosvancouver.com] Failed to connect to cambiosvancouver.com port 443 after 5346 ms: Connection timed out 
2026-04-01 16:11:55   Visa  Error:  parse error: trailing garbage
                                   400 Bad Request
                     (right here) ------^
 
2026-04-01 16:13:28   Nu  Error:  subscript out of bounds 
2026-04-01 16:13:35   Condor  Error:  The size of `nm` (3) must be compatible with the size of `x` (0). 
2026-04-01 19:18:24   Visa  Error:  parse error: trailing garbage
                                   400 Bad Request
                     (right here) ------^
 
2026-04-01 21:54:31   Visa  Error:  lexical error: invalid char in json text.
                                       www.visa.co.ukPerforming securi
                     (right here) ------^
 
2026-04-02 03:21:43   Visa  Error:  parse error: trailing garbage
                                   400 Bad Request
                     (right here) ------^
 
2026-04-02 03:23:17   Nu  Error:  subscript out of bounds 
2026-04-02 07:40:01   Visa  Error:  parse error: trailing garbage
                                   400 Bad Request
                     (right here) ------^
 
2026-04-02 10:09:53   Visa  Error:  lexical error: invalid char in json text.
                                       www.visa.co.ukPerforming securi
                     (right here) ------^
 
2026-04-02 13:59:16   Visa  Error:  parse error: trailing garbage
                                   400 Bad Request
                     (right here) ------^
 
2026-04-02 14:00:48   Nu  Error:  subscript out of bounds 
2026-04-02 16:08:52   Vancouver  Error:  Timeout was reached: [cambiosvancouver.com] Failed to connect to cambiosvancouver.com port 443 after 5233 ms: Connection timed out 
2026-04-02 16:09:01   Visa  Error:  parse error: trailing garbage
                                   400 Bad Request
                     (right here) ------^
 
2026-04-02 16:10:37   Nu  Error:  subscript out of bounds 
2026-04-02 19:12:18   Visa  Error:  lexical error: invalid char in json text.
                                       www.visa.co.ukPerforming securi
                     (right here) ------^
 
2026-04-02 19:13:52   Nu  Error:  subscript out of bounds 
2026-04-02 21:50:24   Vancouver  Error:  Timeout was reached: [cambiosvancouver.com] Failed to connect to cambiosvancouver.com port 443 after 5291 ms: Connection timed out 
2026-04-02 21:50:34   Visa  Error:  parse error: trailing garbage
                                   400 Bad Request
                     (right here) ------^
 
2026-04-02 21:52:04   Nu  Error:  subscript out of bounds 
2026-04-03 03:23:07   Visa  Error:  parse error: trailing garbage
                                   400 Bad Request
                     (right here) ------^
 
2026-04-03 07:26:23   Visa  Error:  parse error: trailing garbage
                                   400 Bad Request
                     (right here) ------^
 
2026-04-03 09:59:57   Visa  Error:  parse error: trailing garbage
                                   400 Bad Request
                     (right here) ------^
 
2026-04-03 13:25:47   Visa  Error:  parse error: trailing garbage
                                   400 Bad Request
                     (right here) ------^
 
2026-04-03 15:49:51   Visa  Error:  parse error: trailing garbage
                                   400 Bad Request
                     (right here) ------^
 
2026-04-03 19:02:46   Visa  Error:  parse error: trailing garbage
                                   400 Bad Request
                     (right here) ------^
 
2026-04-03 21:47:13   Visa  Error:  parse error: trailing garbage
                                   400 Bad Request
                     (right here) ------^
 
2026-04-03 21:48:44   Nu  Error:  subscript out of bounds 
2026-04-04 02:54:26   Visa  Error:  parse error: trailing garbage
                                   400 Bad Request
                     (right here) ------^
 
2026-04-04 02:55:57   Nu  Error:  subscript out of bounds 
2026-04-04 02:56:15   Comdirect  Error:  ℹ In argument: `iso == "COP"`.
Caused by error:
! object 'iso' not found 
2026-04-04 05:00:54   Visa  Error:  parse error: trailing garbage
                                   400 Bad Request
                     (right here) ------^
 
2026-04-04 05:02:43   Comdirect  Error:  ℹ In argument: `iso == "COP"`.
Caused by error:
! object 'iso' not found 
2026-04-04 07:14:28   Visa  Error:  parse error: trailing garbage
                                   400 Bad Request
                     (right here) ------^
 
2026-04-04 07:16:02   Nu  Error:  subscript out of bounds 
2026-04-04 09:52:53   Visa  Error:  parse error: trailing garbage
                                   400 Bad Request
                     (right here) ------^
 
2026-04-04 09:54:41   Comdirect  Error:  ℹ In argument: `iso == "COP"`.
Caused by error:
! object 'iso' not found 
2026-04-04 13:17:53   Visa  Error:  parse error: trailing garbage
                                   400 Bad Request
                     (right here) ------^
 
2026-04-04 15:43:01   Vancouver  Error:  Timeout was reached: [cambiosvancouver.com] Failed to connect to cambiosvancouver.com port 443 after 5270 ms: Connection timed out 
2026-04-04 15:43:41   Visa  Error:  parse error: trailing garbage
                                   400 Bad Request
                     (right here) ------^
 
2026-04-04 15:45:14   Nu  Error:  subscript out of bounds 
2026-04-04 18:59:05   Vancouver  Error:  Timeout was reached: [cambiosvancouver.com] Failed to connect to cambiosvancouver.com port 443 after 5349 ms: Connection timed out 
2026-04-04 18:59:45   Visa  Error:  parse error: trailing garbage
                                   400 Bad Request
                     (right here) ------^
 
2026-04-04 21:42:10   Visa  Error:  parse error: trailing garbage
                                   400 Bad Request
                     (right here) ------^
 
2026-04-04 21:43:40   Nu  Error:  subscript out of bounds 
2026-04-05 03:33:56   Visa  Error:  parse error: trailing garbage
                                   400 Bad Request
                     (right here) ------^
 
2026-04-05 03:35:27   Nu  Error:  subscript out of bounds 
2026-04-05 07:20:40   Vancouver  Error:  Timeout was reached: [cambiosvancouver.com] Failed to connect to cambiosvancouver.com port 443 after 5234 ms: Connection timed out 
2026-04-05 07:21:18   Visa  Error:  parse error: trailing garbage
                                   400 Bad Request
                     (right here) ------^
 
2026-04-05 07:22:50   Nu  Error:  subscript out of bounds 
2026-04-05 07:23:17   Comdirect  Error:  ℹ In argument: `iso == "COP"`.
Caused by error:
! object 'iso' not found 
2026-04-05 09:53:22   Visa  Error:  parse error: trailing garbage
                                   400 Bad Request
                     (right here) ------^
 
2026-04-05 09:54:52   Nu  Error:  subscript out of bounds 
2026-04-05 13:19:08   Visa  Error:  parse error: trailing garbage
                                   400 Bad Request
                     (right here) ------^
 
2026-04-05 13:20:40   Nu  Error:  subscript out of bounds 
2026-04-05 15:43:49   Visa  Error:  parse error: trailing garbage
                                   400 Bad Request
                     (right here) ------^
 
2026-04-05 19:00:40   Visa  Error:  parse error: trailing garbage
                                   400 Bad Request
                     (right here) ------^
 
2026-04-05 21:42:59   Vancouver  Error:  Timeout was reached: [cambiosvancouver.com] Failed to connect to cambiosvancouver.com port 443 after 5344 ms: Connection timed out 
2026-04-05 21:43:38   Visa  Error:  lexical error: invalid char in json text.
                                       www.visa.co.ukPerforming securi
                     (right here) ------^
 
2026-04-05 21:45:23   Comdirect  Error:  ℹ In argument: `iso == "COP"`.
Caused by error:
! object 'iso' not found 
2026-04-06 03:36:21   Visa  Error:  parse error: trailing garbage
                                   400 Bad Request
                     (right here) ------^
 
2026-04-06 03:37:51   Nu  Error:  subscript out of bounds 
2026-04-06 07:59:39   Visa  Error:  parse error: trailing garbage
                                   400 Bad Request
                     (right here) ------^
 
2026-04-06 10:19:22   Visa  Error:  parse error: trailing garbage
                                   400 Bad Request
                     (right here) ------^
 
2026-04-06 13:41:33   Vancouver  Error:  Timeout was reached: [cambiosvancouver.com] Failed to connect to cambiosvancouver.com port 443 after 5226 ms: Connection timed out 
2026-04-06 13:41:42   Visa  Error:  parse error: trailing garbage
                                   400 Bad Request
                     (right here) ------^
 
2026-04-06 15:58:26   Visa  Error:  lexical error: invalid char in json text.
                                       www.visa.co.ukPerforming securi
                     (right here) ------^
 
2026-04-06 19:15:43   Visa  Error:  parse error: trailing garbage
                                   400 Bad Request
                     (right here) ------^
 
2026-04-06 19:17:18   Condor  Error:  The size of `nm` (3) must be compatible with the size of `x` (0). 
2026-04-06 21:49:18   Visa  Error:  parse error: trailing garbage
                                   400 Bad Request
                     (right here) ------^
 
2026-04-06 21:50:49   Nu  Error:  subscript out of bounds 
2026-04-07 03:26:10   Visa  Error:  lexical error: invalid char in json text.
                                       www.visa.co.ukPerforming securi
                     (right here) ------^
 
2026-04-07 03:27:43   Nu  Error:  subscript out of bounds 
2026-04-07 03:27:58   Comdirect  Error:  ℹ In argument: `iso == "COP"`.
Caused by error:
! object 'iso' not found 
2026-04-07 07:53:57   Visa  Error:  parse error: trailing garbage
                                   400 Bad Request
                     (right here) ------^
 
2026-04-07 07:55:27   Nu  Error:  subscript out of bounds 
2026-04-07 10:15:45   Visa  Error:  parse error: trailing garbage
                                   400 Bad Request
                     (right here) ------^
 
2026-04-07 10:16:24   Master  Error:  subscript out of bounds 
2026-04-07 10:17:19   Condor  Error:  The size of `nm` (3) must be compatible with the size of `x` (0). 
2026-04-07 13:55:28   Vancouver  Error:  Timeout was reached: [cambiosvancouver.com] Failed to connect to cambiosvancouver.com port 443 after 5252 ms: Connection timed out 
2026-04-07 13:56:08   Visa  Error:  parse error: trailing garbage
                                   400 Bad Request
                     (right here) ------^
 
2026-04-07 13:57:39   Nu  Error:  subscript out of bounds 
2026-04-07 13:57:44   Condor  Error:  The size of `nm` (3) must be compatible with the size of `x` (0). 
2026-04-07 16:33:16   Visa  Error:  parse error: trailing garbage
                                   400 Bad Request
                     (right here) ------^
 
2026-04-07 19:19:51   Visa  Error:  parse error: trailing garbage
                                   400 Bad Request
                     (right here) ------^
 
2026-04-07 21:54:40   Visa  Error:  parse error: trailing garbage
                                   400 Bad Request
                     (right here) ------^
 
2026-04-08 03:27:33   Vancouver  Error:  Timeout was reached: [cambiosvancouver.com] Failed to connect to cambiosvancouver.com port 443 after 5264 ms: Connection timed out 
2026-04-08 03:28:11   Visa  Error:  lexical error: invalid char in json text.
                                       www.visa.co.ukPerforming securi
                     (right here) ------^
 
2026-04-08 03:29:40   Nu  Error:  subscript out of bounds 
2026-04-08 03:29:47   Condor  Error:  The size of `nm` (3) must be compatible with the size of `x` (0). 
2026-04-08 07:51:49   Visa  Error:  parse error: trailing garbage
                                   400 Bad Request
                     (right here) ------^
 
2026-04-08 07:53:22   Nu  Error:  subscript out of bounds 
2026-04-08 10:23:56   Visa  Error:  parse error: trailing garbage
                                   400 Bad Request
                     (right here) ------^
 
2026-04-08 10:25:25   Nu  Error:  subscript out of bounds 
2026-04-08 13:58:31   Visa  Error:  parse error: trailing garbage
                                   400 Bad Request
                     (right here) ------^
 
2026-04-08 14:00:11   Condor  Error:  The size of `nm` (3) must be compatible with the size of `x` (0). 
2026-04-08 16:20:34   Visa  Error:  parse error: trailing garbage
                                   400 Bad Request
                     (right here) ------^
 
2026-04-08 16:22:05   Nu  Error:  subscript out of bounds 
2026-04-08 19:38:40   Vancouver  Error:  Timeout was reached: [cambiosvancouver.com] Failed to connect to cambiosvancouver.com port 443 after 5227 ms: Connection timed out 
2026-04-08 19:38:55   Visa  Error:  parse error: trailing garbage
                                   400 Bad Request
                     (right here) ------^
 
2026-04-08 19:40:25   Nu  Error:  subscript out of bounds 
2026-04-08 21:56:27   Visa  Error:  parse error: trailing garbage
                                   400 Bad Request
                     (right here) ------^
 
2026-04-09 03:23:27   Visa  Error:  lexical error: invalid char in json text.
                                       www.visa.co.ukPerforming securi
                     (right here) ------^
 
2026-04-09 03:25:01   Nu  Error:  subscript out of bounds 
2026-04-09 07:52:52   Visa  Error:  lexical error: invalid char in json text.
                                       www.visa.co.ukPerforming securi
                     (right here) ------^
 
2026-04-09 07:54:24   Nu  Error:  subscript out of bounds 
2026-04-09 10:20:10   Visa  Error:  parse error: trailing garbage
                                   400 Bad Request
                     (right here) ------^
 
2026-04-09 14:07:53   Visa  Error:  parse error: trailing garbage
                                   400 Bad Request
                     (right here) ------^
 
2026-04-09 14:09:32   Condor  Error:  The size of `nm` (3) must be compatible with the size of `x` (0). 
2026-04-09 16:24:39   Visa  Error:  parse error: trailing garbage
                                   400 Bad Request
                     (right here) ------^
 
2026-04-09 19:23:25   Visa  Error:  parse error: trailing garbage
                                   400 Bad Request
                     (right here) ------^
 
2026-04-09 19:24:05   Master  Error:  subscript out of bounds 
2026-04-09 19:25:01   Condor  Error:  The size of `nm` (3) must be compatible with the size of `x` (0). 
2026-04-09 21:55:06   Visa  Error:  parse error: trailing garbage
                                   400 Bad Request
                     (right here) ------^
 
2026-04-09 21:56:40   Nu  Error:  subscript out of bounds 
2026-04-10 03:36:08   Visa  Error:  lexical error: invalid char in json text.
                                       www.visa.co.ukPerforming securi
                     (right here) ------^
 
2026-04-10 07:56:52   Visa  Error:  parse error: trailing garbage
                                   400 Bad Request
                     (right here) ------^
 
2026-04-10 10:16:07   Visa  Error:  parse error: trailing garbage
                                   400 Bad Request
                     (right here) ------^
 
2026-04-10 13:44:30   Visa  Error:  parse error: trailing garbage
                                   400 Bad Request
                     (right here) ------^
 
2026-04-10 13:46:06   Condor  Error:  The size of `nm` (3) must be compatible with the size of `x` (0). 
2026-04-10 16:04:02   Visa  Error:  parse error: trailing garbage
                                   400 Bad Request
                     (right here) ------^
 
2026-04-10 19:09:03   Visa  Error:  parse error: trailing garbage
                                   400 Bad Request
                     (right here) ------^
 
2026-04-10 19:10:34   Nu  Error:  subscript out of bounds 
2026-04-10 19:10:39   Condor  Error:  The size of `nm` (3) must be compatible with the size of `x` (0). 
2026-04-10 21:51:59   Visa  Error:  parse error: trailing garbage
                                   400 Bad Request
                     (right here) ------^
 
2026-04-11 03:15:25   Visa  Error:  parse error: trailing garbage
                                   400 Bad Request
                     (right here) ------^
 
2026-04-11 07:16:00   Visa  Error:  parse error: trailing garbage
                                   400 Bad Request
                     (right here) ------^
 
2026-04-11 07:17:33   Nu  Error:  subscript out of bounds 
2026-04-11 09:54:31   Visa  Error:  parse error: trailing garbage
                                   400 Bad Request
                     (right here) ------^
 
2026-04-11 09:56:03   Nu  Error:  subscript out of bounds 
2026-04-11 09:56:07   Condor  Error:  The size of `nm` (3) must be compatible with the size of `x` (0). 
2026-04-11 13:20:18   Visa  Error:  parse error: trailing garbage
                                   400 Bad Request
                     (right here) ------^
 
2026-04-11 13:21:50   Nu  Error:  subscript out of bounds 
2026-04-11 13:21:55   Condor  Error:  The size of `nm` (3) must be compatible with the size of `x` (0). 
2026-04-11 15:43:59   Vancouver  Error:  Timeout was reached: [cambiosvancouver.com] Failed to connect to cambiosvancouver.com port 443 after 5246 ms: Connection timed out 
2026-04-11 15:44:38   Visa  Error:  parse error: trailing garbage
                                   400 Bad Request
                     (right here) ------^
 
2026-04-11 15:46:08   Nu  Error:  subscript out of bounds 
2026-04-11 19:02:27   Visa  Error:  parse error: trailing garbage
                                   400 Bad Request
                     (right here) ------^
 
2026-04-11 19:04:02   Condor  Error:  'Error caughtError: Execution context was destroyed, most likely because of a navigation.' does not exist in current working directory ('/home/runner/work/eurcopscraper/eurcopscraper'). 
2026-04-11 21:45:44   Visa  Error:  parse error: trailing garbage
                                   400 Bad Request
                     (right here) ------^
 
2026-04-12 03:40:02   Vancouver  Error:  Timeout was reached: [cambiosvancouver.com] Failed to connect to cambiosvancouver.com port 443 after 5265 ms: Connection timed out 
2026-04-12 03:40:43   Visa  Error:  parse error: trailing garbage
                                   400 Bad Request
                     (right here) ------^
 
2026-04-12 07:40:30   Visa  Error:  parse error: trailing garbage
                                   400 Bad Request
                     (right here) ------^
 
2026-04-12 07:42:01   Nu  Error:  subscript out of bounds 
2026-04-12 09:56:21   Visa  Error:  parse error: trailing garbage
                                   400 Bad Request
                     (right here) ------^
 
2026-04-12 09:57:53   Nu  Error:  subscript out of bounds 
2026-04-12 13:22:26   Visa  Error:  parse error: trailing garbage
                                   400 Bad Request
                     (right here) ------^
 
2026-04-12 15:49:01   Vancouver  Error:  Timeout was reached: [cambiosvancouver.com] Failed to connect to cambiosvancouver.com port 443 after 5258 ms: Connection timed out 
2026-04-12 15:49:10   Visa  Error:  lexical error: invalid char in json text.
                                       www.visa.co.ukPerforming securi
                     (right here) ------^
 
2026-04-12 19:05:16   Visa  Error:  parse error: trailing garbage
                                   400 Bad Request
                     (right here) ------^
 
2026-04-12 19:06:49   Nu  Error:  subscript out of bounds 
2026-04-12 21:48:11   Visa  Error:  lexical error: invalid char in json text.
                                       www.visa.co.ukPerforming securi
                     (right here) ------^
 
2026-04-13 03:48:55   Visa  Error:  parse error: trailing garbage
                                   400 Bad Request
                     (right here) ------^
 
2026-04-13 03:50:27   Nu  Error:  subscript out of bounds 
2026-04-13 08:19:21   Vancouver  Error:  Timeout was reached: [cambiosvancouver.com] Failed to connect to cambiosvancouver.com port 443 after 5298 ms: Connection timed out 
2026-04-13 08:20:01   Visa  Error:  lexical error: invalid char in json text.
                                       www.visa.co.ukPerforming securi
                     (right here) ------^
 
2026-04-13 08:21:39   Condor  Error:  The size of `nm` (3) must be compatible with the size of `x` (0). 
2026-04-13 10:54:01   Vancouver  Error:  Timeout was reached: [cambiosvancouver.com] Failed to connect to cambiosvancouver.com port 443 after 5264 ms: Connection timed out 
2026-04-13 10:54:40   Visa  Error:  parse error: trailing garbage
                                   400 Bad Request
                     (right here) ------^
 
2026-04-13 10:56:15   Nu  Error:  subscript out of bounds 
2026-04-13 14:04:19   Visa  Error:  lexical error: invalid char in json text.
                                       www.visa.co.ukPerforming securi
                     (right here) ------^
 
2026-04-13 14:05:52   Nu  Error:  subscript out of bounds 
2026-04-13 16:22:23   Visa  Error:  parse error: trailing garbage
                                   400 Bad Request
                     (right here) ------^
 
2026-04-13 19:27:14   Visa  Error:  parse error: trailing garbage
                                   400 Bad Request
                     (right here) ------^
 
2026-04-13 19:28:44   Nu  Error:  subscript out of bounds 
2026-04-13 21:58:10   Vancouver  Error:  Timeout was reached: [cambiosvancouver.com] Failed to connect to cambiosvancouver.com port 443 after 5232 ms: Connection timed out 
2026-04-13 21:58:48   Visa  Error:  parse error: trailing garbage
                                   400 Bad Request
                     (right here) ------^
 
2026-04-13 22:00:29   Condor  Error:  The size of `nm` (3) must be compatible with the size of `x` (0). 
2026-04-14 03:36:42   Visa  Error:  parse error: trailing garbage
                                   400 Bad Request
                     (right here) ------^
 
2026-04-14 03:38:10   Nu  Error:  subscript out of bounds 
2026-04-14 08:01:47   Visa  Error:  lexical error: invalid char in json text.
                                       www.visa.co.ukPerforming securi
                     (right here) ------^
 
2026-04-14 08:03:18   Nu  Error:  subscript out of bounds 
2026-04-14 10:24:57   Visa  Error:  parse error: trailing garbage
                                   400 Bad Request
                     (right here) ------^
 
2026-04-14 14:06:19   Visa  Error:  lexical error: invalid char in json text.
                                       www.visa.co.ukPerforming securi
                     (right here) ------^
 
2026-04-14 14:07:51   Nu  Error:  subscript out of bounds 
2026-04-14 16:20:18   Visa  Error:  parse error: trailing garbage
                                   400 Bad Request
                     (right here) ------^
 
2026-04-14 19:39:11   Visa  Error:  parse error: trailing garbage
                                   400 Bad Request
                     (right here) ------^
 
2026-04-14 22:00:59   Visa  Error:  lexical error: invalid char in json text.
                                       www.visa.co.ukPerforming securi
                     (right here) ------^
 
2026-04-15 03:35:35   Visa  Error:  lexical error: invalid char in json text.
                                       www.visa.co.ukPerforming securi
                     (right here) ------^
 
2026-04-15 03:37:10   Nu  Error:  subscript out of bounds 
2026-04-15 08:03:13   Visa  Error:  parse error: trailing garbage
                                   400 Bad Request
                     (right here) ------^
 
2026-04-15 08:04:45   Nu  Error:  subscript out of bounds 
2026-04-15 08:04:52   Condor  Error:  The size of `nm` (3) must be compatible with the size of `x` (0). 
2026-04-15 10:25:44   Visa  Error:  parse error: trailing garbage
                                   400 Bad Request
                     (right here) ------^
 
2026-04-15 14:00:36   Visa  Error:  parse error: trailing garbage
                                   400 Bad Request
                     (right here) ------^
 
2026-04-15 16:13:38   Visa  Error:  parse error: trailing garbage
                                   400 Bad Request
                     (right here) ------^
 
2026-04-15 19:41:35   Visa  Error:  parse error: trailing garbage
                                   400 Bad Request
                     (right here) ------^
 
2026-04-15 19:43:06   Nu  Error:  subscript out of bounds 
2026-04-15 22:01:23   Visa  Error:  parse error: trailing garbage
                                   400 Bad Request
                     (right here) ------^
 
2026-04-15 22:03:02   Condor  Error:  The size of `nm` (3) must be compatible with the size of `x` (0). 
2026-04-16 03:42:18   Visa  Error:  parse error: trailing garbage
                                   400 Bad Request
                     (right here) ------^
 
2026-04-16 03:43:49   Nu  Error:  subscript out of bounds 
2026-04-16 08:03:01   Visa  Error:  parse error: trailing garbage
                                   400 Bad Request
                     (right here) ------^
 
2026-04-16 08:04:30   Nu  Error:  subscript out of bounds 
2026-04-16 10:25:14   Visa  Error:  parse error: trailing garbage
                                   400 Bad Request
                     (right here) ------^
 
2026-04-16 14:10:14   Visa  Error:  lexical error: invalid char in json text.
                                       www.visa.co.ukPerforming securi
                     (right here) ------^
 
2026-04-16 14:11:45   Nu  Error:  subscript out of bounds 
2026-04-16 16:45:44   Visa  Error:  parse error: trailing garbage
                                   400 Bad Request
                     (right here) ------^
 
2026-04-16 16:47:15   Nu  Error:  subscript out of bounds 
2026-04-16 19:47:35   Visa  Error:  parse error: trailing garbage
                                   400 Bad Request
                     (right here) ------^
 
2026-04-16 21:56:40   Visa  Error:  parse error: trailing garbage
                                   400 Bad Request
                     (right here) ------^
 
2026-04-17 03:38:02   Visa  Error:  lexical error: invalid char in json text.
                                       www.visa.co.ukPerforming securi
                     (right here) ------^
 
2026-04-17 03:39:34   Nu  Error:  subscript out of bounds 
2026-04-17 08:03:26   Visa  Error:  parse error: trailing garbage
                                   400 Bad Request
                     (right here) ------^
 
2026-04-17 08:04:58   Nu  Error:  subscript out of bounds 
2026-04-17 10:22:43   Visa  Error:  parse error: trailing garbage
                                   400 Bad Request
                     (right here) ------^
 
2026-04-17 13:53:58   Visa  Error:  lexical error: invalid char in json text.
                                       www.visa.co.ukPerforming securi
                     (right here) ------^
 
2026-04-17 13:55:29   Nu  Error:  subscript out of bounds 
2026-04-17 16:10:24   Visa  Error:  parse error: trailing garbage
                                   400 Bad Request
                     (right here) ------^
 
2026-04-17 19:16:24   Visa  Error:  parse error: trailing garbage
                                   400 Bad Request
                     (right here) ------^
 
2026-04-17 21:57:05   Visa  Error:  parse error: trailing garbage
                                   400 Bad Request
                     (right here) ------^
 
2026-04-17 21:58:35   Nu  Error:  subscript out of bounds 
2026-04-18 03:26:31   Visa  Error:  parse error: trailing garbage
                                   400 Bad Request
                     (right here) ------^
 
2026-04-18 07:24:08   Visa  Error:  parse error: trailing garbage
                                   400 Bad Request
                     (right here) ------^
 
2026-04-18 07:25:41   Nu  Error:  subscript out of bounds 
2026-04-18 09:57:29   Visa  Error:  parse error: trailing garbage
                                   400 Bad Request
                     (right here) ------^
 
2026-04-18 13:25:21   Visa  Error:  parse error: trailing garbage
                                   400 Bad Request
                     (right here) ------^
 
2026-04-18 13:26:50   Nu  Error:  subscript out of bounds 
2026-04-18 15:51:04   Visa  Error:  parse error: trailing garbage
                                   400 Bad Request
                     (right here) ------^
 
2026-04-18 15:52:35   Nu  Error:  subscript out of bounds 
2026-04-18 19:05:34   Visa  Error:  parse error: trailing garbage
                                   400 Bad Request
                     (right here) ------^
 
2026-04-18 19:07:08   Nu  Error:  subscript out of bounds 
2026-04-18 21:49:13   Visa  Error:  parse error: trailing garbage
                                   400 Bad Request
                     (right here) ------^
 
2026-04-18 21:50:44   Nu  Error:  subscript out of bounds 
2026-04-19 03:45:30   Visa  Error:  parse error: trailing garbage
                                   400 Bad Request
                     (right here) ------^
 
2026-04-19 07:43:38   Visa  Error:  lexical error: invalid char in json text.
                                       www.visa.co.ukPerforming securi
                     (right here) ------^
 
2026-04-19 09:57:55   Visa  Error:  parse error: trailing garbage
                                   400 Bad Request
                     (right here) ------^
 
2026-04-19 09:59:26   Nu  Error:  subscript out of bounds 
2026-04-19 13:23:06   Visa  Error:  parse error: trailing garbage
                                   400 Bad Request
                     (right here) ------^
 
2026-04-19 15:51:06   Visa  Error:  parse error: trailing garbage
                                   400 Bad Request
                     (right here) ------^
 
2026-04-19 15:52:38   Nu  Error:  subscript out of bounds 
2026-04-19 19:05:42   Visa  Error:  parse error: trailing garbage
                                   400 Bad Request
                     (right here) ------^
 
2026-04-19 21:48:55   Visa  Error:  parse error: trailing garbage
                                   400 Bad Request
                     (right here) ------^
 
2026-04-19 21:50:55   Condor  Error:  'Error caughtTimeoutError: Navigation timeout of 30000 ms exceeded' does not exist in current working directory ('/home/runner/work/eurcopscraper/eurcopscraper'). 
2026-04-20 03:48:19   Visa  Error:  lexical error: invalid char in json text.
                                       www.visa.co.ukPerforming securi
                     (right here) ------^
 
2026-04-20 03:49:50   Nu  Error:  subscript out of bounds 
2026-04-20 03:49:57   Condor  Error:  The size of `nm` (3) must be compatible with the size of `x` (0). 
2026-04-20 03:50:04   Comdirect  Error:  ℹ In argument: `iso == "COP"`.
Caused by error:
! object 'iso' not found 
2026-04-20 08:24:39   Vancouver  Error:  Timeout was reached: [cambiosvancouver.com] Failed to connect to cambiosvancouver.com port 443 after 5231 ms: Connection timed out 
2026-04-20 08:25:21   Visa  Error:  parse error: trailing garbage
                                   400 Bad Request
                     (right here) ------^
 
2026-04-20 08:26:52   Nu  Error:  subscript out of bounds 
2026-04-20 08:27:10   Comdirect  Error:  ℹ In argument: `iso == "COP"`.
Caused by error:
! object 'iso' not found 
2026-04-20 10:57:28   Visa  Error:  parse error: trailing garbage
                                   400 Bad Request
                     (right here) ------^
 
2026-04-20 10:58:59   Nu  Error:  subscript out of bounds 
2026-04-20 10:59:16   Comdirect  Error:  ℹ In argument: `iso == "COP"`.
Caused by error:
! object 'iso' not found 
2026-04-20 14:08:24   Visa  Error:  parse error: trailing garbage
                                   400 Bad Request
                     (right here) ------^
 
2026-04-20 14:09:54   Nu  Error:  subscript out of bounds 
2026-04-20 14:10:11   Comdirect  Error:  ℹ In argument: `iso == "COP"`.
Caused by error:
! object 'iso' not found 
2026-04-20 16:19:40   Visa  Error:  lexical error: invalid char in json text.
                                       www.visa.co.ukPerforming securi
                     (right here) ------^
 
2026-04-20 16:21:14   Nu  Error:  subscript out of bounds 
2026-04-20 16:21:30   Comdirect  Error:  ℹ In argument: `iso == "COP"`.
Caused by error:
! object 'iso' not found 
2026-04-20 19:21:32   Vancouver  Error:  Timeout was reached: [cambiosvancouver.com] Failed to connect to cambiosvancouver.com port 443 after 5299 ms: Connection timed out 
2026-04-20 19:22:12   Visa  Error:  parse error: trailing garbage
                                   400 Bad Request
                     (right here) ------^
 
2026-04-20 21:57:53   Visa  Error:  parse error: trailing garbage
                                   400 Bad Request
                     (right here) ------^
 
2026-04-20 21:59:25   Nu  Error:  subscript out of bounds 
2026-04-20 21:59:42   Comdirect  Error:  ℹ In argument: `iso == "COP"`.
Caused by error:
! object 'iso' not found 
2026-04-21 03:39:59   Visa  Error:  parse error: trailing garbage
                                   400 Bad Request
                     (right here) ------^
 
2026-04-21 03:41:31   Nu  Error:  subscript out of bounds 
2026-04-21 08:07:31   Visa  Error:  parse error: trailing garbage
                                   400 Bad Request
                     (right here) ------^
 
2026-04-21 08:09:18   Comdirect  Error:  ℹ In argument: `iso == "COP"`.
Caused by error:
! object 'iso' not found 
2026-04-21 10:27:00   Visa  Error:  parse error: trailing garbage
                                   400 Bad Request
                     (right here) ------^
 
2026-04-21 10:28:30   Nu  Error:  subscript out of bounds 
2026-04-21 10:28:45   Comdirect  Error:  ℹ In argument: `iso == "COP"`.
Caused by error:
! object 'iso' not found 
2026-04-21 14:05:37   Visa  Error:  lexical error: invalid char in json text.
                                       Bad gateway               Error
                     (right here) ------^
 
2026-04-21 14:07:10   Nu  Error:  subscript out of bounds 
2026-04-21 14:07:25   Comdirect  Error:  ℹ In argument: `iso == "COP"`.
Caused by error:
! object 'iso' not found 
2026-04-21 16:19:56   Visa  Error:  parse error: trailing garbage
                                   400 Bad Request
                     (right here) ------^
 
2026-04-21 16:21:45   Comdirect  Error:  ℹ In argument: `iso == "COP"`.
Caused by error:
! object 'iso' not found 
2026-04-21 19:25:26   Visa  Error:  parse error: trailing garbage
                                   400 Bad Request
                     (right here) ------^
 
2026-04-21 21:55:57   Visa  Error:  parse error: trailing garbage
                                   400 Bad Request
                     (right here) ------^
 
2026-04-21 21:57:44   Comdirect  Error:  ℹ In argument: `iso == "COP"`.
Caused by error:
! object 'iso' not found 
2026-04-22 03:36:52   Visa  Error:  parse error: trailing garbage
                                   400 Bad Request
                     (right here) ------^
 
2026-04-22 03:38:42   Comdirect  Error:  ℹ In argument: `iso == "COP"`.
Caused by error:
! object 'iso' not found 
2026-04-22 08:03:55   Visa  Error:  parse error: trailing garbage
                                   400 Bad Request
                     (right here) ------^
 
2026-04-22 08:05:26   Nu  Error:  subscript out of bounds 
2026-04-22 10:26:25   Visa  Error:  parse error: trailing garbage
                                   400 Bad Request
                     (right here) ------^
 
2026-04-22 14:04:57   Visa  Error:  parse error: trailing garbage
                                   400 Bad Request
                     (right here) ------^
 
2026-04-22 16:19:27   Visa  Error:  lexical error: invalid char in json text.
                                       www.visa.co.ukPerforming securi
                     (right here) ------^
 
2026-04-22 19:38:46   Visa  Error:  parse error: trailing garbage
                                   400 Bad Request
                     (right here) ------^
 
2026-04-22 19:40:17   Nu  Error:  subscript out of bounds 
2026-04-22 22:02:05   Visa  Error:  parse error: trailing garbage
                                   400 Bad Request
                     (right here) ------^
 
2026-04-23 03:42:39   Visa  Error:  lexical error: invalid char in json text.
                                       www.visa.co.ukPerforming securi
                     (right here) ------^
 
2026-04-23 08:10:20   Visa  Error:  parse error: trailing garbage
                                   400 Bad Request
                     (right here) ------^
 
2026-04-23 08:11:49   Nu  Error:  subscript out of bounds 
2026-04-23 10:43:59   Visa  Error:  parse error: trailing garbage
                                   400 Bad Request
                     (right here) ------^
 
2026-04-23 14:07:13   Visa  Error:  parse error: trailing garbage
                                   400 Bad Request
                     (right here) ------^
 
2026-04-23 16:52:06   Visa  Error:  parse error: trailing garbage
                                   400 Bad Request
                     (right here) ------^
 
2026-04-23 19:38:36   Visa  Error:  parse error: trailing garbage
                                   400 Bad Request
                     (right here) ------^
 
2026-04-23 19:40:06   Nu  Error:  subscript out of bounds 
2026-04-23 21:57:58   Visa  Error:  parse error: trailing garbage
                                   400 Bad Request
                     (right here) ------^
 
2026-04-24 03:44:45   Visa  Error:  parse error: trailing garbage
                                   400 Bad Request
                     (right here) ------^
 
2026-04-24 08:20:00   Visa  Error:  parse error: trailing garbage
                                   400 Bad Request
                     (right here) ------^
 
2026-04-24 10:43:30   Visa  Error:  parse error: trailing garbage
                                   400 Bad Request
                     (right here) ------^
 
2026-04-24 10:45:01   Nu  Error:  subscript out of bounds 
2026-04-24 14:03:41   Visa  Error:  parse error: trailing garbage
                                   400 Bad Request
                     (right here) ------^
 
2026-04-24 14:05:13   Nu  Error:  subscript out of bounds 
2026-04-24 16:12:42   Visa  Error:  lexical error: invalid char in json text.
                                       www.visa.co.ukPerforming securi
                     (right here) ------^
 
2026-04-24 16:14:15   Nu  Error:  subscript out of bounds 
2026-04-24 19:10:27   Visa  Error:  parse error: trailing garbage
                                   400 Bad Request
                     (right here) ------^
 
2026-04-24 19:11:59   Nu  Error:  subscript out of bounds 
2026-04-24 21:58:32   Visa  Error:  parse error: trailing garbage
                                   400 Bad Request
                     (right here) ------^
 
2026-04-25 03:29:31   Visa  Error:  parse error: trailing garbage
                                   400 Bad Request
                     (right here) ------^
 
2026-04-25 07:44:31   Visa  Error:  parse error: trailing garbage
                                   400 Bad Request
                     (right here) ------^
 
2026-04-25 07:45:59   Nu  Error:  subscript out of bounds 
2026-04-25 10:01:24   Vancouver  Error:  Timeout was reached: [cambiosvancouver.com] Failed to connect to cambiosvancouver.com port 443 after 5358 ms: Connection timed out 
2026-04-25 10:02:04   Visa  Error:  parse error: trailing garbage
                                   400 Bad Request
                     (right here) ------^
 
2026-04-25 10:03:41   Condor  Error:  The size of `nm` (3) must be compatible with the size of `x` (0). 
2026-04-25 13:27:40   Visa  Error:  parse error: trailing garbage
                                   400 Bad Request
                     (right here) ------^
 
2026-04-25 13:29:12   Nu  Error:  subscript out of bounds 
2026-04-25 15:54:09   Visa  Error:  parse error: trailing garbage
                                   400 Bad Request
                     (right here) ------^
 
2026-04-25 15:55:40   Nu  Error:  subscript out of bounds 
2026-04-25 19:08:29   Visa  Error:  parse error: trailing garbage
                                   400 Bad Request
                     (right here) ------^
 
2026-04-25 19:10:00   Nu  Error:  subscript out of bounds 
2026-04-25 21:51:25   Visa  Error:  parse error: trailing garbage
                                   400 Bad Request
                     (right here) ------^
 
2026-04-26 03:53:01   Visa  Error:  parse error: trailing garbage
                                   400 Bad Request
                     (right here) ------^
 
2026-04-26 07:52:38   Visa  Error:  lexical error: invalid char in json text.
                                       www.visa.co.ukPerforming securi
                     (right here) ------^
 
2026-04-26 07:54:10   Nu  Error:  subscript out of bounds 
2026-04-26 10:05:03   Visa  Error:  parse error: trailing garbage
                                   400 Bad Request
                     (right here) ------^
 
2026-04-26 10:06:33   Nu  Error:  subscript out of bounds 
2026-04-26 13:38:29   Visa  Error:  parse error: trailing garbage
                                   400 Bad Request
                     (right here) ------^
 
2026-04-26 13:40:31   Condor  Error:  'Error caughtTimeoutError: Navigation timeout of 30000 ms exceeded' does not exist in current working directory ('/home/runner/work/eurcopscraper/eurcopscraper'). 
2026-04-26 15:55:42   Visa  Error:  parse error: trailing garbage
                                   400 Bad Request
                     (right here) ------^
 
2026-04-26 15:57:13   Nu  Error:  subscript out of bounds 
2026-04-26 19:11:20   Visa  Error:  parse error: trailing garbage
                                   400 Bad Request
                     (right here) ------^
 
2026-04-26 19:12:50   Nu  Error:  subscript out of bounds 
2026-04-26 21:52:14   Vancouver  Error:  HTTP error 429. 
2026-04-26 21:52:54   Visa  Error:  parse error: trailing garbage
                                   400 Bad Request
                     (right here) ------^
 
2026-04-27 03:56:25   Visa  Error:  parse error: trailing garbage
                                   400 Bad Request
                     (right here) ------^
 
2026-04-27 08:41:07   Vancouver  Error:  Timeout was reached: [cambiosvancouver.com] Failed to connect to cambiosvancouver.com port 443 after 5266 ms: Connection timed out 
2026-04-27 08:41:17   Visa  Error:  parse error: trailing garbage
                                   400 Bad Request
                     (right here) ------^
 
2026-04-27 11:13:21   Vancouver  Error:  Timeout was reached: [cambiosvancouver.com] Failed to connect to cambiosvancouver.com port 443 after 5249 ms: Connection timed out 
2026-04-27 11:13:59   Visa  Error:  parse error: trailing garbage
                                   400 Bad Request
                     (right here) ------^
 
2026-04-27 11:15:35   Condor  Error:  The size of `nm` (3) must be compatible with the size of `x` (0). 
2026-04-27 14:24:02   Visa  Error:  parse error: trailing garbage
                                   400 Bad Request
                     (right here) ------^
 
2026-04-27 14:25:34   Nu  Error:  subscript out of bounds 
2026-04-27 16:50:59   Visa  Error:  parse error: trailing garbage
                                   400 Bad Request
                     (right here) ------^
 
2026-04-27 16:52:29   Nu  Error:  subscript out of bounds 
2026-04-27 19:47:10   Visa  Error:  lexical error: invalid char in json text.
                                       www.visa.co.ukPerforming securi
                     (right here) ------^
 
2026-04-27 22:04:52   Visa  Error:  parse error: trailing garbage
                                   400 Bad Request
                     (right here) ------^
 
2026-04-27 22:06:23   Nu  Error:  subscript out of bounds 
2026-04-28 04:00:54   Visa  Error:  parse error: trailing garbage
                                   400 Bad Request
                     (right here) ------^
 
2026-04-28 04:02:22   Nu  Error:  subscript out of bounds 
2026-04-28 08:39:59   Visa  Error:  parse error: trailing garbage
                                   400 Bad Request
                     (right here) ------^
 
2026-04-28 08:41:31   Nu  Error:  subscript out of bounds 
2026-04-28 11:12:01   Visa  Error:  parse error: trailing garbage
                                   400 Bad Request
                     (right here) ------^
 
2026-04-28 11:13:31   Nu  Error:  subscript out of bounds 
2026-04-28 14:40:43   Visa  Error:  parse error: trailing garbage
                                   400 Bad Request
                     (right here) ------^
 
2026-04-28 17:02:40   Visa  Error:  parse error: trailing garbage
                                   400 Bad Request
                     (right here) ------^
 
2026-04-28 17:04:12   Nu  Error:  subscript out of bounds 
2026-04-28 19:55:26   Visa  Error:  parse error: trailing garbage
                                   400 Bad Request
                     (right here) ------^
 
2026-04-28 19:56:58   Nu  Error:  subscript out of bounds 
2026-04-29 03:57:50   Vancouver  Error:  Timeout was reached: [cambiosvancouver.com] Failed to connect to cambiosvancouver.com port 443 after 5256 ms: Connection timed out 
2026-04-29 03:58:30   Visa  Error:  parse error: trailing garbage
                                   400 Bad Request
                     (right here) ------^
 
2026-04-29 08:33:16   Visa  Error:  parse error: trailing garbage
                                   400 Bad Request
                     (right here) ------^
 
2026-04-29 11:04:01   Visa  Error:  parse error: trailing garbage
                                   400 Bad Request
                     (right here) ------^
 
2026-04-29 11:05:33   Nu  Error:  subscript out of bounds 
2026-04-29 14:26:37   Visa  Error:  parse error: trailing garbage
                                   400 Bad Request
                     (right here) ------^
 
2026-04-29 14:28:07   Nu  Error:  subscript out of bounds 
2026-04-29 16:51:58   Visa  Error:  parse error: trailing garbage
                                   400 Bad Request
                     (right here) ------^
 
2026-04-29 19:50:41   Visa  Error:  parse error: trailing garbage
                                   400 Bad Request
                     (right here) ------^
 
2026-04-29 22:10:48   Visa  Error:  parse error: trailing garbage
                                   400 Bad Request
                     (right here) ------^
 
2026-04-30 03:59:11   Visa  Error:  parse error: trailing garbage
                                   400 Bad Request
                     (right here) ------^
 
2026-04-30 04:00:41   Nu  Error:  subscript out of bounds 
2026-04-30 08:35:31   Visa  Error:  parse error: trailing garbage
                                   400 Bad Request
                     (right here) ------^
 
2026-04-30 11:03:13   Visa  Error:  parse error: trailing garbage
                                   400 Bad Request
                     (right here) ------^
 
2026-04-30 11:04:41   Nu  Error:  subscript out of bounds 
2026-04-30 11:04:48   Condor  Error:  The size of `nm` (3) must be compatible with the size of `x` (0). 
2026-04-30 14:22:56   Visa  Error:  parse error: trailing garbage
                                   400 Bad Request
                     (right here) ------^
 
2026-04-30 14:24:31   Nu  Error:  subscript out of bounds 
2026-04-30 16:44:34   Visa  Error:  parse error: trailing garbage
                                   400 Bad Request
                     (right here) ------^
 
2026-04-30 19:47:36   Visa  Error:  parse error: trailing garbage
                                   400 Bad Request
                     (right here) ------^
 
2026-04-30 22:07:21   Visa  Error:  parse error: trailing garbage
                                   400 Bad Request
                     (right here) ------^
 
2026-05-01 04:11:24   Visa  Error:  parse error: trailing garbage
                                   400 Bad Request
                     (right here) ------^
 
2026-05-01 04:12:57   Nu  Error:  subscript out of bounds 
2026-05-01 08:25:41   Visa  Error:  parse error: trailing garbage
                                   400 Bad Request
                     (right here) ------^
 
2026-05-01 08:27:12   Nu  Error:  subscript out of bounds 
2026-05-01 10:43:31   Visa  Error:  parse error: trailing garbage
                                   400 Bad Request
                     (right here) ------^
 
2026-05-01 10:45:04   Nu  Error:  subscript out of bounds 
2026-05-01 13:51:18   Visa  Error:  parse error: trailing garbage
                                   400 Bad Request
                     (right here) ------^
 
2026-05-01 16:06:12   Visa  Error:  lexical error: invalid char in json text.
                                       www.visa.co.ukPerforming securi
                     (right here) ------^
 
2026-05-01 19:26:12   Visa  Error:  parse error: trailing garbage
                                   400 Bad Request
                     (right here) ------^
 
2026-05-01 22:01:17   Visa  Error:  lexical error: invalid char in json text.
                                       www.visa.co.ukPerforming securi
                     (right here) ------^
 
2026-05-01 22:02:48   Nu  Error:  subscript out of bounds 
2026-05-02 03:45:01   Visa  Error:  parse error: trailing garbage
                                   400 Bad Request
                     (right here) ------^
 
2026-05-02 03:46:32   Nu  Error:  subscript out of bounds 
2026-05-02 07:59:21   Visa  Error:  parse error: trailing garbage
                                   400 Bad Request
                     (right here) ------^
 
2026-05-02 08:01:10   Comdirect  Error:  ℹ In argument: `iso == "COP"`.
Caused by error:
! object 'iso' not found 
2026-05-02 10:07:37   Visa  Error:  parse error: trailing garbage
                                   400 Bad Request
                     (right here) ------^
 
2026-05-02 10:09:09   Nu  Error:  subscript out of bounds 
2026-05-02 13:43:24   Visa  Error:  parse error: trailing garbage
                                   400 Bad Request
                     (right here) ------^
 
2026-05-02 15:58:40   Visa  Error:  parse error: trailing garbage
                                   400 Bad Request
                     (right here) ------^
 
2026-05-02 19:16:00   Visa  Error:  parse error: trailing garbage
                                   400 Bad Request
                     (right here) ------^
 
2026-05-02 19:17:30   Nu  Error:  subscript out of bounds 
2026-05-02 21:56:12   Visa  Error:  lexical error: invalid char in json text.
                                       www.visa.co.ukPerforming securi
                     (right here) ------^
 
2026-05-02 21:57:44   Nu  Error:  subscript out of bounds 
2026-05-02 21:58:01   Comdirect  Error:  ℹ In argument: `iso == "COP"`.
Caused by error:
! object 'iso' not found 
2026-05-03 04:06:37   Visa  Error:  parse error: trailing garbage
                                   400 Bad Request
                     (right here) ------^
 
2026-05-03 04:08:23   Comdirect  Error:  ℹ In argument: `iso == "COP"`.
Caused by error:
! object 'iso' not found 
2026-05-03 08:12:17   Visa  Error:  parse error: trailing garbage
                                   400 Bad Request
                     (right here) ------^
 
2026-05-03 08:13:49   Condor  Error:  'Error caughtError: net::ERR_CONNECTION_REFUSED at http://www.elcondorcambios.com/' does not exist in current working directory ('/home/runner/work/eurcopscraper/eurcopscraper'). 
2026-05-03 08:13:56   Comdirect  Error:  ℹ In argument: `iso == "COP"`.
Caused by error:
! object 'iso' not found 
2026-05-03 10:15:48   Visa  Error:  parse error: trailing garbage
                                   400 Bad Request
                     (right here) ------^
 
2026-05-03 10:17:18   Nu  Error:  subscript out of bounds 
2026-05-03 10:17:34   Comdirect  Error:  ℹ In argument: `iso == "COP"`.
Caused by error:
! object 'iso' not found 
2026-05-03 13:45:19   Visa  Error:  parse error: trailing garbage
                                   400 Bad Request
                     (right here) ------^
 
2026-05-03 13:46:49   Nu  Error:  subscript out of bounds 
2026-05-03 15:59:04   Visa  Error:  parse error: trailing garbage
                                   400 Bad Request
                     (right here) ------^
 
2026-05-03 16:00:36   Nu  Error:  subscript out of bounds 
2026-05-03 19:15:08   Visa  Error:  parse error: trailing garbage
                                   400 Bad Request
                     (right here) ------^
 
2026-05-03 21:56:46   Visa  Error:  parse error: trailing garbage
                                   400 Bad Request
                     (right here) ------^
 
2026-05-03 21:58:16   Nu  Error:  subscript out of bounds 
2026-05-04 04:03:11   Visa  Error:  parse error: trailing garbage
                                   400 Bad Request
                     (right here) ------^
 
2026-05-04 04:04:44   Nu  Error:  subscript out of bounds 
2026-05-04 08:43:16   Visa  Error:  parse error: trailing garbage
                                   400 Bad Request
                     (right here) ------^
 
2026-05-04 08:44:47   Nu  Error:  subscript out of bounds 
2026-05-04 11:14:14   Visa  Error:  parse error: trailing garbage
                                   400 Bad Request
                     (right here) ------^
 
2026-05-04 14:27:12   Visa  Error:  parse error: trailing garbage
                                   400 Bad Request
                     (right here) ------^
 
2026-05-04 14:27:52   Master  Error:  subscript out of bounds 
2026-05-04 14:28:48   Nu  Error:  subscript out of bounds 
2026-05-04 16:58:26   Visa  Error:  parse error: trailing garbage
                                   400 Bad Request
                     (right here) ------^
 
2026-05-04 16:59:57   Nu  Error:  subscript out of bounds 
2026-05-04 19:54:18   Visa  Error:  parse error: trailing garbage
                                   400 Bad Request
                     (right here) ------^
 
2026-05-04 22:13:07   Visa  Error:  parse error: trailing garbage
                                   400 Bad Request
                     (right here) ------^
 
2026-05-05 03:43:52   Visa  Error:  parse error: trailing garbage
                                   400 Bad Request
                     (right here) ------^
 
2026-05-05 08:26:01   Visa  Error:  parse error: trailing garbage
                                   400 Bad Request
                     (right here) ------^
 
2026-05-05 10:58:58   Visa  Error:  parse error: trailing garbage
                                   400 Bad Request
                     (right here) ------^
 
2026-05-05 11:00:30   Nu  Error:  subscript out of bounds 
2026-05-05 14:21:17   Visa  Error:  parse error: trailing garbage
                                   400 Bad Request
                     (right here) ------^
 
2026-05-05 16:59:33   Visa  Error:  parse error: trailing garbage
                                   400 Bad Request
                     (right here) ------^
 
2026-05-05 19:49:25   Visa  Error:  parse error: trailing garbage
                                   400 Bad Request
                     (right here) ------^
 
2026-05-05 22:11:17   Visa  Error:  parse error: trailing garbage
                                   400 Bad Request
                     (right here) ------^
 
2026-05-05 22:12:49   Nu  Error:  subscript out of bounds 
2026-05-06 03:59:50   Visa  Error:  lexical error: invalid char in json text.
                                       www.visa.co.ukPerforming securi
                     (right here) ------^
 
2026-05-06 08:42:03   Visa  Error:  parse error: trailing garbage
                                   400 Bad Request
                     (right here) ------^
 
2026-05-06 08:43:35   Nu  Error:  subscript out of bounds 
2026-05-06 11:14:29   Visa  Error:  parse error: trailing garbage
                                   400 Bad Request
                     (right here) ------^
 
2026-05-06 11:15:59   Nu  Error:  subscript out of bounds 
2026-05-06 14:41:34   Visa  Error:  parse error: trailing garbage
                                   400 Bad Request
                     (right here) ------^
 
2026-05-06 16:52:11   Visa  Error:  parse error: trailing garbage
                                   400 Bad Request
                     (right here) ------^
 
2026-05-06 20:00:39   Visa  Error:  parse error: trailing garbage
                                   400 Bad Request
                     (right here) ------^
 
2026-05-06 20:02:10   Nu  Error:  subscript out of bounds 
2026-05-06 22:06:32   Vancouver  Error:  Timeout was reached: [cambiosvancouver.com] Failed to connect to cambiosvancouver.com port 443 after 5216 ms: Connection timed out 
2026-05-06 22:07:10   Visa  Error:  parse error: trailing garbage
                                   400 Bad Request
                     (right here) ------^
 
2026-05-06 22:08:44   Nu  Error:  subscript out of bounds 
2026-05-07 03:59:20   Visa  Error:  parse error: trailing garbage
                                   400 Bad Request
                     (right here) ------^
 
2026-05-07 04:00:51   Nu  Error:  subscript out of bounds 
2026-05-07 08:52:50   Visa  Error:  parse error: trailing garbage
                                   400 Bad Request
                     (right here) ------^
 
2026-05-07 11:16:49   Visa  Error:  parse error: trailing garbage
                                   400 Bad Request
                     (right here) ------^
 
2026-05-07 11:18:21   Nu  Error:  subscript out of bounds 
2026-05-07 14:47:47   Visa  Error:  lexical error: invalid char in json text.
                                       www.visa.co.ukPerforming securi
                     (right here) ------^
 
2026-05-07 14:49:18   Nu  Error:  subscript out of bounds 
2026-05-07 17:06:02   Visa  Error:  lexical error: invalid char in json text.
                                       www.visa.co.ukPerforming securi
                     (right here) ------^
 
2026-05-07 19:53:24   Visa  Error:  parse error: trailing garbage
                                   400 Bad Request
                     (right here) ------^
 
2026-05-08 03:50:13   Visa  Error:  parse error: trailing garbage
                                   400 Bad Request
                     (right here) ------^
 
2026-05-08 03:52:11   Kapital  Error:  Timeout was reached: [cambioskapital.com] Resolving timed out after 10000 milliseconds 
2026-05-08 07:55:43   Visa  Error:  parse error: trailing garbage
                                   400 Bad Request
                     (right here) ------^
 
2026-05-08 10:47:36   Visa  Error:  parse error: trailing garbage
                                   400 Bad Request
                     (right here) ------^
 
2026-05-08 10:48:16   Master  Error:  subscript out of bounds 
2026-05-08 10:49:07   Nu  Error:  subscript out of bounds 
2026-05-08 14:11:43   Visa  Error:  parse error: trailing garbage
                                   400 Bad Request
                     (right here) ------^
 
2026-05-08 14:13:15   Nu  Error:  subscript out of bounds 
2026-05-08 16:26:40   Visa  Error:  parse error: trailing garbage
                                   400 Bad Request
                     (right here) ------^
 
2026-05-08 19:43:31   Visa  Error:  parse error: trailing garbage
                                   400 Bad Request
                     (right here) ------^
 
2026-05-08 22:09:44   Visa  Error:  parse error: trailing garbage
                                   400 Bad Request
                     (right here) ------^
 
2026-05-08 22:11:16   Nu  Error:  subscript out of bounds 
2026-05-09 03:51:54   Visa  Error:  parse error: trailing garbage
                                   400 Bad Request
                     (right here) ------^
 
2026-05-09 08:07:23   Vancouver  Error:  Timeout was reached: [cambiosvancouver.com] Failed to connect to cambiosvancouver.com port 443 after 5235 ms: Connection timed out 
2026-05-09 08:08:01   Visa  Error:  parse error: trailing garbage
                                   400 Bad Request
                     (right here) ------^
 
2026-05-09 08:09:40   Condor  Error:  The size of `nm` (3) must be compatible with the size of `x` (0). 
2026-05-09 10:16:28   Visa  Error:  parse error: trailing garbage
                                   400 Bad Request
                     (right here) ------^
 
2026-05-09 13:48:08   Visa  Error:  parse error: trailing garbage
                                   400 Bad Request
                     (right here) ------^
 
2026-05-09 16:03:45   Visa  Error:  parse error: trailing garbage
                                   400 Bad Request
                     (right here) ------^
 
2026-05-09 19:18:42   Visa  Error:  parse error: trailing garbage
                                   400 Bad Request
                     (right here) ------^
 
2026-05-09 21:58:26   Visa  Error:  parse error: trailing garbage
                                   400 Bad Request
                     (right here) ------^
 
2026-05-10 04:08:58   Visa  Error:  parse error: trailing garbage
                                   400 Bad Request
                     (right here) ------^
 
2026-05-10 04:10:29   Nu  Error:  subscript out of bounds 
2026-05-10 08:22:45   Visa  Error:  parse error: trailing garbage
                                   400 Bad Request
                     (right here) ------^
 
2026-05-10 08:24:16   Nu  Error:  subscript out of bounds 
2026-05-10 10:24:29   Visa  Error:  parse error: trailing garbage
                                   400 Bad Request
                     (right here) ------^
 
2026-05-10 13:50:43   Vancouver  Error:  Timeout was reached: [cambiosvancouver.com] Failed to connect to cambiosvancouver.com port 443 after 5244 ms: Connection timed out 
2026-05-10 13:51:20   Visa  Error:  parse error: trailing garbage
                                   400 Bad Request
                     (right here) ------^
 
2026-05-10 16:04:42   Visa  Error:  lexical error: invalid char in json text.
                                       www.visa.co.ukPerforming securi
                     (right here) ------^
 
2026-05-10 16:06:12   Nu  Error:  subscript out of bounds 
2026-05-10 19:19:50   Visa  Error:  parse error: trailing garbage
                                   400 Bad Request
                     (right here) ------^
 
2026-05-10 19:21:23   Nu  Error:  subscript out of bounds 
2026-05-10 22:00:01   Visa  Error:  parse error: trailing garbage
                                   400 Bad Request
                     (right here) ------^
 
2026-05-10 22:01:33   Nu  Error:  subscript out of bounds 
2026-05-11 04:19:40   Visa  Error:  parse error: trailing garbage
                                   400 Bad Request
                     (right here) ------^
 
2026-05-11 04:21:11   Nu  Error:  subscript out of bounds 
2026-05-11 09:58:59   Vancouver  Error:  Timeout was reached: [cambiosvancouver.com] Failed to connect to cambiosvancouver.com port 443 after 5249 ms: Connection timed out 
2026-05-11 09:59:37   Visa  Error:  parse error: trailing garbage
                                   400 Bad Request
                     (right here) ------^
 
2026-05-11 10:01:14   Condor  Error:  The size of `nm` (3) must be compatible with the size of `x` (0). 
2026-05-11 15:32:58   Vancouver  Error:  Timeout was reached: [cambiosvancouver.com] Failed to connect to cambiosvancouver.com port 443 after 5254 ms: Connection timed out 
2026-05-11 15:33:07   Visa  Error:  lexical error: invalid char in json text.
                                       www.visa.co.ukPerforming securi
                     (right here) ------^
 
2026-05-11 15:34:38   Nu  Error:  subscript out of bounds 
2026-05-11 20:02:31   Visa  Error:  parse error: trailing garbage
                                   400 Bad Request
                     (right here) ------^
 
2026-05-11 22:18:54   Visa  Error:  parse error: trailing garbage
                                   400 Bad Request
                     (right here) ------^
 
2026-05-11 22:20:25   Nu  Error:  subscript out of bounds 
2026-05-12 04:03:10   Visa  Error:  parse error: trailing garbage
                                   400 Bad Request
                     (right here) ------^
 
2026-05-12 04:04:42   Nu  Error:  subscript out of bounds 
2026-05-12 08:54:04   Visa  Error:  parse error: trailing garbage
                                   400 Bad Request
                     (right here) ------^
 
2026-05-12 08:55:39   Nu  Error:  subscript out of bounds 
2026-05-12 11:29:31   Visa  Error:  parse error: trailing garbage
                                   400 Bad Request
                     (right here) ------^
 
2026-05-12 14:54:20   Visa  Error:  parse error: trailing garbage
                                   400 Bad Request
                     (right here) ------^
 
2026-05-12 14:55:51   Nu  Error:  subscript out of bounds 
2026-05-12 17:21:33   Visa  Error:  parse error: trailing garbage
                                   400 Bad Request
                     (right here) ------^
 
2026-05-12 20:07:31   Visa  Error:  parse error: trailing garbage
                                   400 Bad Request
                     (right here) ------^
 
2026-05-12 22:21:41   Visa  Error:  lexical error: invalid char in json text.
                                       www.visa.co.ukPerforming securi
                     (right here) ------^
 
2026-05-12 22:23:13   Nu  Error:  subscript out of bounds 
2026-05-13 04:10:02   Visa  Error:  parse error: trailing garbage
                                   400 Bad Request
                     (right here) ------^
 
2026-05-13 08:57:31   Visa  Error:  parse error: trailing garbage
                                   400 Bad Request
                     (right here) ------^
 
2026-05-13 08:59:01   Nu  Error:  subscript out of bounds 
2026-05-13 11:40:59   Visa  Error:  parse error: trailing garbage
                                   400 Bad Request
                     (right here) ------^
 
2026-05-13 11:42:30   Nu  Error:  subscript out of bounds 
2026-05-13 15:25:15   Visa  Error:  parse error: trailing garbage
                                   400 Bad Request
                     (right here) ------^
 
2026-05-13 17:25:31   Visa  Error:  parse error: trailing garbage
                                   400 Bad Request
                     (right here) ------^
 
2026-05-13 20:08:39   Visa  Error:  parse error: trailing garbage
                                   400 Bad Request
                     (right here) ------^
 
2026-05-13 22:22:55   Visa  Error:  parse error: trailing garbage
                                   400 Bad Request
                     (right here) ------^
 
2026-05-14 04:09:39   Visa  Error:  parse error: trailing garbage
                                   400 Bad Request
                     (right here) ------^
 
2026-05-14 04:11:13   Nu  Error:  subscript out of bounds 
2026-05-14 08:50:14   Visa  Error:  parse error: trailing garbage
                                   400 Bad Request
                     (right here) ------^
 
2026-05-14 11:23:14   Visa  Error:  parse error: trailing garbage
                                   400 Bad Request
                     (right here) ------^
 
2026-05-14 11:24:46   Nu  Error:  subscript out of bounds 
2026-05-14 14:39:43   Visa  Error:  parse error: trailing garbage
                                   400 Bad Request
                     (right here) ------^
 
2026-05-14 14:41:12   Nu  Error:  subscript out of bounds 
2026-05-14 17:07:05   Visa  Error:  parse error: trailing garbage
                                   400 Bad Request
                     (right here) ------^
 
2026-05-14 20:00:09   Visa  Error:  parse error: trailing garbage
                                   400 Bad Request
                     (right here) ------^
 
2026-05-14 22:19:37   Visa  Error:  parse error: trailing garbage
                                   400 Bad Request
                     (right here) ------^
 
2026-05-15 04:15:17   Visa  Error:  parse error: trailing garbage
                                   400 Bad Request
                     (right here) ------^
 
2026-05-15 09:23:51   Visa  Error:  parse error: trailing garbage
                                   400 Bad Request
                     (right here) ------^
 
2026-05-15 14:30:56   Visa  Error:  parse error: trailing garbage
                                   400 Bad Request
                     (right here) ------^
 
2026-05-15 16:59:57   Visa  Error:  parse error: trailing garbage
                                   400 Bad Request
                     (right here) ------^
 
2026-05-15 17:01:32   Nu  Error:  subscript out of bounds 
2026-05-15 19:52:05   Visa  Error:  parse error: trailing garbage
                                   400 Bad Request
                     (right here) ------^
 
2026-05-15 19:53:39   Nu  Error:  subscript out of bounds 
2026-05-15 22:09:53   Visa  Error:  parse error: trailing garbage
                                   400 Bad Request
                     (right here) ------^
 
2026-05-15 22:11:24   Nu  Error:  subscript out of bounds 
2026-05-16 03:56:50   Visa  Error:  parse error: trailing garbage
                                   400 Bad Request
                     (right here) ------^
 
2026-05-16 03:58:20   Nu  Error:  subscript out of bounds 
2026-05-16 08:18:55   Vancouver  Error:  Timeout was reached: [cambiosvancouver.com] Failed to connect to cambiosvancouver.com port 443 after 5226 ms: Connection timed out 
2026-05-16 08:19:38   Visa  Error:  lexical error: invalid char in json text.
                                       www.visa.co.ukPerforming securi
                     (right here) ------^
 
2026-05-16 10:25:46   Visa  Error:  lexical error: invalid char in json text.
                                       www.visa.co.ukPerforming securi
                     (right here) ------^
 
2026-05-16 13:54:29   Visa  Error:  parse error: trailing garbage
                                   400 Bad Request
                     (right here) ------^
 
2026-05-16 16:06:25   Visa  Error:  parse error: trailing garbage
                                   400 Bad Request
                     (right here) ------^
 
2026-05-16 16:07:57   Nu  Error:  subscript out of bounds 
2026-05-16 19:21:29   Visa  Error:  lexical error: invalid char in json text.
                                       www.visa.co.ukPerforming securi
                     (right here) ------^
 
2026-05-16 22:00:27   Visa  Error:  lexical error: invalid char in json text.
                                       www.visa.co.ukPerforming securi
                     (right here) ------^
 
2026-05-17 04:16:57   Visa  Error:  lexical error: invalid char in json text.
                                       www.visa.co.ukPerforming securi
                     (right here) ------^
 
2026-05-17 08:33:37   Visa  Error:  lexical error: invalid char in json text.
                                       www.visa.co.ukPerforming securi
                     (right here) ------^
 
2026-05-17 08:35:28   Condor  Error:  The size of `nm` (3) must be compatible with the size of `x` (0). 
2026-05-17 10:39:42   Visa  Error:  lexical error: invalid char in json text.
                                       www.visa.co.ukPerforming securi
                     (right here) ------^
 
2026-05-17 13:54:35   Visa  Error:  lexical error: invalid char in json text.
                                       www.visa.co.ukPerforming securi
                     (right here) ------^
 
2026-05-17 16:07:56   Visa  Error:  lexical error: invalid char in json text.
                                       www.visa.co.ukPerforming securi
                     (right here) ------^
 
2026-05-17 16:09:30   Nu  Error:  subscript out of bounds 
2026-05-17 19:25:06   Visa  Error:  lexical error: invalid char in json text.
                                       www.visa.co.ukPerforming securi
                     (right here) ------^
 
2026-05-17 22:04:03   Visa  Error:  lexical error: invalid char in json text.
                                       www.visa.co.ukPerforming securi
                     (right here) ------^
 
2026-05-17 22:05:35   Nu  Error:  subscript out of bounds 
2026-05-18 04:27:12   Visa  Error:  lexical error: invalid char in json text.
                                       www.visa.co.ukPerforming securi
                     (right here) ------^
 
2026-05-18 04:28:44   Nu  Error:  subscript out of bounds 
2026-05-18 10:25:01   Visa  Error:  parse error: trailing garbage
                                   400 Bad Request
                     (right here) ------^
 
2026-05-18 15:55:02   Visa  Error:  parse error: trailing garbage
                                   400 Bad Request
                     (right here) ------^
 
2026-05-18 19:58:48   Visa  Error:  parse error: trailing garbage
                                   400 Bad Request
                     (right here) ------^
 
2026-05-18 22:10:53   Visa  Error:  parse error: trailing garbage
                                   400 Bad Request
                     (right here) ------^
 
2026-05-19 04:21:57   Visa  Error:  parse error: trailing garbage
                                   400 Bad Request
                     (right here) ------^
 
2026-05-19 04:23:30   Nu  Error:  subscript out of bounds 
2026-05-19 10:03:40   Visa  Error:  parse error: trailing garbage
                                   400 Bad Request
                     (right here) ------^
 
2026-05-19 15:46:17   Visa  Error:  parse error: trailing garbage
                                   400 Bad Request
                     (right here) ------^
 
2026-05-19 20:04:07   Visa  Error:  parse error: trailing garbage
                                   400 Bad Request
                     (right here) ------^
 
2026-05-19 20:05:37   Nu  Error:  subscript out of bounds 
2026-05-19 22:24:21   Visa  Error:  parse error: trailing garbage
                                   400 Bad Request
                     (right here) ------^
 
2026-05-19 22:25:54   Nu  Error:  subscript out of bounds 
2026-05-20 04:24:44   Visa  Error:  parse error: trailing garbage
                                   400 Bad Request
                     (right here) ------^
 
2026-05-20 09:53:18   Visa  Error:  parse error: trailing garbage
                                   400 Bad Request
                     (right here) ------^
 
2026-05-20 09:54:49   Nu  Error:  subscript out of bounds 
2026-05-20 15:53:11   Visa  Error:  parse error: trailing garbage
                                   400 Bad Request
                     (right here) ------^
 
2026-05-20 15:54:41   Nu  Error:  subscript out of bounds 
2026-05-20 20:30:45   Visa  Error:  lexical error: invalid char in json text.
                                       www.visa.co.ukPerforming securi
                     (right here) ------^
 
2026-05-20 20:32:18   Nu  Error:  subscript out of bounds 
2026-05-20 22:41:45   Visa  Error:  parse error: trailing garbage
                                   400 Bad Request
                     (right here) ------^
 
2026-05-20 22:43:16   Nu  Error:  subscript out of bounds 
2026-05-21 04:40:12   Visa  Error:  parse error: trailing garbage
                                   400 Bad Request
                     (right here) ------^
 
2026-05-21 10:01:18   Visa  Error:  parse error: trailing garbage
                                   400 Bad Request
                     (right here) ------^
 
2026-05-21 15:50:18   Visa  Error:  parse error: trailing garbage
                                   400 Bad Request
                     (right here) ------^
 
2026-05-21 20:08:34   Visa  Error:  parse error: trailing garbage
                                   400 Bad Request
                     (right here) ------^
 
2026-05-21 22:27:37   Visa  Error:  parse error: trailing garbage
                                   400 Bad Request
                     (right here) ------^
 
2026-05-22 04:25:15   Vancouver  Error:  Timeout was reached: [cambiosvancouver.com] Failed to connect to cambiosvancouver.com port 443 after 5231 ms: Connection timed out 
2026-05-22 04:25:52   Visa  Error:  parse error: trailing garbage
                                   400 Bad Request
                     (right here) ------^
 
2026-05-22 04:27:25   Nu  Error:  subscript out of bounds 
2026-05-22 09:47:54   Visa  Error:  parse error: trailing garbage
                                   400 Bad Request
                     (right here) ------^
 
2026-05-22 15:17:26   Visa  Error:  parse error: trailing garbage
                                   400 Bad Request
                     (right here) ------^
 
2026-05-22 20:04:32   Visa  Error:  parse error: trailing garbage
                                   400 Bad Request
                     (right here) ------^
 
2026-05-22 22:16:31   Visa  Error:  parse error: trailing garbage
                                   400 Bad Request
                     (right here) ------^
 
2026-05-23 04:04:53   Visa  Error:  lexical error: invalid char in json text.
                                       www.visa.co.ukPerforming securi
                     (right here) ------^
 
2026-05-23 04:06:24   Nu  Error:  subscript out of bounds 
2026-05-23 08:32:30   Visa  Error:  parse error: trailing garbage
                                   400 Bad Request
                     (right here) ------^
 
2026-05-23 08:33:58   Nu  Error:  subscript out of bounds 
2026-05-23 10:43:25   Visa  Error:  parse error: trailing garbage
                                   400 Bad Request
                     (right here) ------^
 
2026-05-23 10:44:56   Nu  Error:  subscript out of bounds 
2026-05-23 14:00:36   Visa  Error:  parse error: trailing garbage
                                   400 Bad Request
                     (right here) ------^
 
2026-05-23 14:02:08   Nu  Error:  subscript out of bounds 
2026-05-23 16:11:23   Visa  Error:  parse error: trailing garbage
                                   400 Bad Request
                     (right here) ------^
 
2026-05-23 16:12:53   Nu  Error:  subscript out of bounds 
2026-05-23 19:26:16   Visa  Error:  parse error: trailing garbage
                                   400 Bad Request
                     (right here) ------^
 
2026-05-23 22:03:58   Visa  Error:  parse error: trailing garbage
                                   400 Bad Request
                     (right here) ------^
 
2026-05-24 04:25:09   Visa  Error:  lexical error: invalid char in json text.
                                       www.visa.co.ukPerforming securi
                     (right here) ------^
 
2026-05-24 04:26:40   Nu  Error:  subscript out of bounds 
2026-05-24 08:44:39   Visa  Error:  parse error: trailing garbage
                                   400 Bad Request
                     (right here) ------^
 
2026-05-24 08:46:11   Nu  Error:  subscript out of bounds 
2026-05-24 10:50:31   Visa  Error:  parse error: trailing garbage
                                   400 Bad Request
                     (right here) ------^
 
2026-05-24 13:56:40   Visa  Error:  parse error: trailing garbage
                                   400 Bad Request
                     (right here) ------^
 
2026-05-24 13:58:42   Condor  Error:  'Error caughtTimeoutError: Navigation timeout of 30000 ms exceeded' does not exist in current working directory ('/home/runner/work/eurcopscraper/eurcopscraper'). 
2026-05-24 16:11:44   Visa  Error:  parse error: trailing garbage
                                   400 Bad Request
                     (right here) ------^
 
2026-05-24 19:38:43   Visa  Error:  parse error: trailing garbage
                                   400 Bad Request
                     (right here) ------^
 
2026-05-24 19:40:15   Nu  Error:  subscript out of bounds 
2026-05-24 22:06:42   Visa  Error:  parse error: trailing garbage
                                   400 Bad Request
                     (right here) ------^
 
2026-05-24 22:08:15   Nu  Error:  subscript out of bounds 
2026-05-25 04:48:05   Visa  Error:  parse error: trailing garbage
                                   400 Bad Request
                     (right here) ------^
 
2026-05-25 10:44:51   Visa  Error:  parse error: trailing garbage
                                   400 Bad Request
                     (right here) ------^
 
2026-05-25 10:46:20   Nu  Error:  subscript out of bounds 
2026-05-25 15:29:27   Visa  Error:  parse error: trailing garbage
                                   400 Bad Request
                     (right here) ------^
 
2026-05-25 15:30:56   Nu  Error:  subscript out of bounds 
2026-05-25 19:56:41   Visa  Error:  parse error: trailing garbage
                                   400 Bad Request
                     (right here) ------^
 
2026-05-25 19:58:12   Nu  Error:  subscript out of bounds 
2026-05-25 22:16:55   Visa  Error:  parse error: trailing garbage
                                   400 Bad Request
                     (right here) ------^
 
2026-05-25 22:18:26   Nu  Error:  subscript out of bounds 
2026-05-26 04:22:31   Visa  Error:  parse error: trailing garbage
                                   400 Bad Request
                     (right here) ------^
 
2026-05-26 04:24:04   Nu  Error:  subscript out of bounds 
2026-05-26 10:16:46   Visa  Error:  parse error: trailing garbage
                                   400 Bad Request
                     (right here) ------^
 
2026-05-26 10:18:17   Nu  Error:  subscript out of bounds 
2026-05-26 16:04:28   Visa  Error:  parse error: trailing garbage
                                   400 Bad Request
                     (right here) ------^
 
2026-05-26 20:25:45   Visa  Error:  parse error: trailing garbage
                                   400 Bad Request
                     (right here) ------^
 
2026-05-26 20:27:17   Nu  Error:  subscript out of bounds 
2026-05-26 22:38:56   Visa  Error:  lexical error: invalid char in json text.
                                       www.visa.co.ukPerforming securi
                     (right here) ------^
 
2026-05-26 22:40:29   Nu  Error:  subscript out of bounds 
2026-05-27 04:45:31   Visa  Error:  parse error: trailing garbage
                                   400 Bad Request
                     (right here) ------^
 
2026-05-27 04:47:02   Nu  Error:  subscript out of bounds 
2026-05-27 10:16:41   Visa  Error:  parse error: trailing garbage
                                   400 Bad Request
                     (right here) ------^
 
2026-05-27 16:08:40   Visa  Error:  parse error: trailing garbage
                                   400 Bad Request
                     (right here) ------^
 
2026-05-27 16:10:12   Nu  Error:  subscript out of bounds 
2026-05-27 20:30:19   Visa  Error:  parse error: trailing garbage
                                   400 Bad Request
                     (right here) ------^
 
2026-05-27 20:31:50   Nu  Error:  subscript out of bounds 
2026-05-27 22:49:07   Vancouver  Error:  Timeout was reached: [cambiosvancouver.com] Failed to connect to cambiosvancouver.com port 443 after 5240 ms: Connection timed out 
2026-05-27 22:49:46   Visa  Error:  parse error: trailing garbage
                                   400 Bad Request
                     (right here) ------^
 
2026-05-27 22:51:22   Condor  Error:  The size of `nm` (3) must be compatible with the size of `x` (0). 
2026-05-28 04:25:28   Visa  Error:  parse error: trailing garbage
                                   400 Bad Request
                     (right here) ------^
 
2026-05-28 10:22:53   Visa  Error:  parse error: trailing garbage
                                   400 Bad Request
                     (right here) ------^
 
2026-05-28 10:24:25   Nu  Error:  subscript out of bounds 
2026-05-28 16:23:55   Visa  Error:  parse error: trailing garbage
                                   400 Bad Request
                     (right here) ------^
 
2026-05-28 20:36:39   Visa  Error:  parse error: trailing garbage
                                   400 Bad Request
                     (right here) ------^
 
2026-05-28 20:38:10   Nu  Error:  subscript out of bounds 
2026-05-28 22:46:40   Visa  Error:  parse error: trailing garbage
                                   400 Bad Request
                     (right here) ------^
 
2026-05-28 22:48:11   Nu  Error:  subscript out of bounds 
2026-05-29 04:38:23   Visa  Error:  lexical error: invalid char in json text.
                                       www.visa.co.ukPerforming securi
                     (right here) ------^
 
2026-05-29 10:14:08   Visa  Error:  parse error: trailing garbage
                                   400 Bad Request
                     (right here) ------^
 
2026-05-29 10:15:38   Nu  Error:  subscript out of bounds 
2026-05-29 16:06:17   Visa  Error:  parse error: trailing garbage
                                   400 Bad Request
                     (right here) ------^
 
2026-05-29 16:07:49   Nu  Error:  subscript out of bounds 
2026-05-29 20:38:46   Visa  Error:  parse error: trailing garbage
                                   400 Bad Request
                     (right here) ------^
 
2026-05-29 20:40:16   Nu  Error:  subscript out of bounds 
2026-05-29 22:43:12   Visa  Error:  parse error: trailing garbage
                                   400 Bad Request
                     (right here) ------^
 
2026-05-29 22:44:44   Nu  Error:  subscript out of bounds 
2026-05-30 04:13:41   Visa  Error:  parse error: trailing garbage
                                   400 Bad Request
                     (right here) ------^
 
2026-05-30 04:15:11   Nu  Error:  subscript out of bounds 
2026-05-30 08:40:33   Visa  Error:  parse error: trailing garbage
                                   400 Bad Request
                     (right here) ------^
 
2026-05-30 08:42:01   Nu  Error:  subscript out of bounds 
2026-05-30 10:53:06   Visa  Error:  parse error: trailing garbage
                                   400 Bad Request
                     (right here) ------^
 
2026-05-30 14:01:45   Visa  Error:  parse error: trailing garbage
                                   400 Bad Request
                     (right here) ------^
 
2026-05-30 16:13:21   Vancouver  Error:  Timeout was reached: [cambiosvancouver.com] Failed to connect to cambiosvancouver.com port 443 after 5245 ms: Connection timed out 
2026-05-30 16:14:01   Visa  Error:  parse error: trailing garbage
                                   400 Bad Request
                     (right here) ------^
 
2026-05-30 16:15:32   Nu  Error:  subscript out of bounds 
2026-05-30 19:40:43   Visa  Error:  parse error: trailing garbage
                                   400 Bad Request
                     (right here) ------^
 
2026-05-30 19:42:11   Nu  Error:  subscript out of bounds 
2026-05-30 22:11:07   Visa  Error:  parse error: trailing garbage
                                   400 Bad Request
                     (right here) ------^
 
2026-05-30 22:12:39   Nu  Error:  subscript out of bounds 
2026-05-31 04:47:25   Visa  Error:  parse error: trailing garbage
                                   400 Bad Request
                     (right here) ------^
 
2026-05-31 09:19:23   Vancouver  Error:  Timeout was reached: [cambiosvancouver.com] Failed to connect to cambiosvancouver.com port 443 after 5257 ms: Connection timed out 
2026-05-31 09:20:03   Visa  Error:  parse error: trailing garbage
                                   400 Bad Request
                     (right here) ------^
 
2026-05-31 14:07:25   Visa  Error:  lexical error: invalid char in json text.
                                       www.visa.co.ukPerforming securi
                     (right here) ------^
 
2026-05-31 14:08:57   Nu  Error:  subscript out of bounds 
2026-05-31 16:22:47   Visa  Error:  parse error: trailing garbage
                                   400 Bad Request
                     (right here) ------^
 
2026-05-31 19:40:03   Vancouver  Error:  Timeout was reached: [cambiosvancouver.com] Failed to connect to cambiosvancouver.com port 443 after 5249 ms: Connection timed out 
2026-05-31 19:40:43   Visa  Error:  parse error: trailing garbage
                                   400 Bad Request
                     (right here) ------^
 
2026-05-31 22:11:31   Visa  Error:  parse error: trailing garbage
                                   400 Bad Request
                     (right here) ------^
 
2026-06-01 05:09:08   Vancouver  Error:  Timeout was reached: [cambiosvancouver.com] Failed to connect to cambiosvancouver.com port 443 after 5265 ms: Connection timed out 
2026-06-01 05:09:44   Visa  Error:  parse error: trailing garbage
                                   400 Bad Request
                     (right here) ------^
 
2026-06-01 05:11:14   Nu  Error:  subscript out of bounds 
2026-06-01 11:55:18   Visa  Error:  parse error: trailing garbage
                                   400 Bad Request
                     (right here) ------^
 
2026-06-01 18:15:11   Visa  Error:  parse error: trailing garbage
                                   400 Bad Request
                     (right here) ------^
 
2026-06-01 23:08:11   Visa  Error:  parse error: trailing garbage
                                   400 Bad Request
                     (right here) ------^
 
2026-06-01 23:09:42   Nu  Error:  subscript out of bounds 
2026-06-02 04:57:51   Visa  Error:  parse error: trailing garbage
                                   400 Bad Request
                     (right here) ------^
 
2026-06-02 04:59:30   Condor  Error:  The size of `nm` (3) must be compatible with the size of `x` (0). 
2026-06-02 05:00:00   Comdirect  Error:  'Error caughtTimeoutError: Navigation timeout of 30000 ms exceeded' does not exist in current working directory ('/home/runner/work/eurcopscraper/eurcopscraper'). 
2026-06-02 10:54:18   Visa  Error:  parse error: trailing garbage
                                   400 Bad Request
                     (right here) ------^
 
2026-06-02 16:51:46   Visa  Error:  parse error: trailing garbage
                                   400 Bad Request
                     (right here) ------^
 
2026-06-02 16:53:17   Nu  Error:  subscript out of bounds 
2026-06-02 21:22:49   Visa  Error:  parse error: trailing garbage
                                   400 Bad Request
                     (right here) ------^
 
2026-06-02 21:24:19   Nu  Error:  subscript out of bounds 
2026-06-03 05:07:02   Vancouver  Error:  Timeout was reached: [cambiosvancouver.com] Failed to connect to cambiosvancouver.com port 443 after 5234 ms: Connection timed out 
2026-06-03 05:07:11   Visa  Error:  parse error: trailing garbage
                                   400 Bad Request
                     (right here) ------^
 
2026-06-03 05:08:44   Nu  Error:  subscript out of bounds 
2026-06-03 05:08:49   Condor  Error:  'Error caughtError: Execution context was destroyed, most likely because of a navigation.' does not exist in current working directory ('/home/runner/work/eurcopscraper/eurcopscraper'). 
2026-06-03 05:09:20   Comdirect  Error:  'Error caughtTimeoutError: Navigation timeout of 30000 ms exceeded' does not exist in current working directory ('/home/runner/work/eurcopscraper/eurcopscraper'). 
2026-06-03 11:22:29   Vancouver  Error:  Timeout was reached: [cambiosvancouver.com] Failed to connect to cambiosvancouver.com port 443 after 5238 ms: Connection timed out 
2026-06-03 11:23:05   Visa  Error:  parse error: trailing garbage
                                   400 Bad Request
                     (right here) ------^
 
2026-06-03 11:24:37   Nu  Error:  subscript out of bounds 
2026-06-03 17:08:54   Vancouver  Error:  Timeout was reached: [cambiosvancouver.com] Failed to connect to cambiosvancouver.com port 443 after 5251 ms: Connection timed out 
2026-06-03 17:09:32   Visa  Error:  parse error: trailing garbage
                                   400 Bad Request
                     (right here) ------^
 
2026-06-03 21:28:37   Vancouver  Error:  Timeout was reached: [cambiosvancouver.com] Failed to connect to cambiosvancouver.com port 443 after 5365 ms: Connection timed out 
2026-06-03 21:29:16   Visa  Error:  parse error: trailing garbage
                                   400 Bad Request
                     (right here) ------^
 
2026-06-03 21:30:47   Nu  Error:  subscript out of bounds 
2026-06-03 21:30:54   Condor  Error:  The size of `nm` (3) must be compatible with the size of `x` (0). 
2026-06-04 05:00:59   Visa  Error:  parse error: trailing garbage
                                   400 Bad Request
                     (right here) ------^
 
2026-06-04 05:02:30   Nu  Error:  subscript out of bounds 
2026-06-04 10:12:14   Vancouver  Error:  Timeout was reached: [cambiosvancouver.com] Failed to connect to cambiosvancouver.com port 443 after 5240 ms: Connection timed out 
2026-06-04 10:12:54   Visa  Error:  parse error: trailing garbage
                                   400 Bad Request
                     (right here) ------^
 
2026-06-04 10:14:34   Condor  Error:  The size of `nm` (3) must be compatible with the size of `x` (0). 
2026-06-04 15:38:21   Visa  Error:  parse error: trailing garbage
                                   400 Bad Request
                     (right here) ------^
 
2026-06-04 15:39:54   Nu  Error:  subscript out of bounds 
2026-06-04 20:18:38   Vancouver  Error:  Timeout was reached: [cambiosvancouver.com] Failed to connect to cambiosvancouver.com port 443 after 5227 ms: Connection timed out 
2026-06-04 20:19:14   Visa  Error:  parse error: trailing garbage
                                   400 Bad Request
                     (right here) ------^
 
2026-06-04 20:20:52   Condor  Error:  The size of `nm` (3) must be compatible with the size of `x` (0). 
2026-06-04 22:41:42   Vancouver  Error:  Timeout was reached: [cambiosvancouver.com] Failed to connect to cambiosvancouver.com port 443 after 5261 ms: Connection timed out 
2026-06-04 22:42:20   Visa  Error:  parse error: trailing garbage
                                   400 Bad Request
                     (right here) ------^
 
2026-06-04 22:43:58   Condor  Error:  The size of `nm` (3) must be compatible with the size of `x` (0). 
2026-06-05 04:42:58   Vancouver  Error:  Timeout was reached: [cambiosvancouver.com] Failed to connect to cambiosvancouver.com port 443 after 5253 ms: Connection timed out 
2026-06-05 04:43:35   Visa  Error:  parse error: trailing garbage
                                   400 Bad Request
                     (right here) ------^
 
2026-06-05 10:10:11   Visa  Error:  parse error: trailing garbage
                                   400 Bad Request
                     (right here) ------^
 
2026-06-05 10:11:42   Nu  Error:  subscript out of bounds 
2026-06-05 15:25:47   Visa  Error:  parse error: trailing garbage
                                   400 Bad Request
                     (right here) ------^
 
2026-06-05 15:27:19   Nu  Error:  subscript out of bounds 
2026-06-05 20:08:18   Visa  Error:  parse error: trailing garbage
                                   400 Bad Request
                     (right here) ------^
 
2026-06-05 20:09:51   Nu  Error:  subscript out of bounds 
2026-06-05 22:23:25   Vancouver  Error:  Timeout was reached: [cambiosvancouver.com] Failed to connect to cambiosvancouver.com port 443 after 5239 ms: Connection timed out 
2026-06-05 22:24:04   Visa  Error:  parse error: trailing garbage
                                   400 Bad Request
                     (right here) ------^
 
2026-06-05 22:25:41   Condor  Error:  The size of `nm` (3) must be compatible with the size of `x` (0). 
2026-06-06 04:16:43   Visa  Error:  parse error: trailing garbage
                                   400 Bad Request
                     (right here) ------^
 
2026-06-06 04:18:16   Nu  Error:  subscript out of bounds 
2026-06-06 08:47:01   Visa  Error:  parse error: trailing garbage
                                   400 Bad Request
                     (right here) ------^
 
2026-06-06 08:48:35   Nu  Error:  subscript out of bounds 
2026-06-06 11:00:09   Visa  Error:  parse error: trailing garbage
                                   400 Bad Request
                     (right here) ------^
 
2026-06-06 14:05:35   Vancouver  Error:  Timeout was reached: [cambiosvancouver.com] Failed to connect to cambiosvancouver.com port 443 after 5236 ms: Connection timed out 
2026-06-06 14:06:13   Visa  Error:  parse error: trailing garbage
                                   400 Bad Request
                     (right here) ------^
 
2026-06-06 14:07:47   Nu  Error:  subscript out of bounds 
2026-06-06 16:17:30   Vancouver  Error:  Timeout was reached: [cambiosvancouver.com] Failed to connect to cambiosvancouver.com port 443 after 5274 ms: Connection timed out 
2026-06-06 16:18:09   Visa  Error:  parse error: trailing garbage
                                   400 Bad Request
                     (right here) ------^
 
2026-06-06 19:44:52   Vancouver  Error:  Timeout was reached: [cambiosvancouver.com] Failed to connect to cambiosvancouver.com port 443 after 5258 ms: Connection timed out 
2026-06-06 19:45:30   Visa  Error:  parse error: trailing garbage
                                   400 Bad Request
                     (right here) ------^
 
2026-06-06 19:47:01   Nu  Error:  subscript out of bounds 
2026-06-06 22:15:20   Visa  Error:  parse error: trailing garbage
                                   400 Bad Request
                     (right here) ------^
 
2026-06-06 22:16:51   Nu  Error:  subscript out of bounds 
2026-06-07 04:52:11   Vancouver  Error:  Timeout was reached: [cambiosvancouver.com] Failed to connect to cambiosvancouver.com port 443 after 5232 ms: Connection timed out 
2026-06-07 04:52:50   Visa  Error:  parse error: trailing garbage
                                   400 Bad Request
                     (right here) ------^
 
2026-06-07 04:54:26   Condor  Error:  The size of `nm` (3) must be compatible with the size of `x` (0). 
2026-06-07 09:32:24   Vancouver  Error:  Timeout was reached: [cambiosvancouver.com] Failed to connect to cambiosvancouver.com port 443 after 5228 ms: Connection timed out 
2026-06-07 09:33:02   Visa  Error:  parse error: trailing garbage
                                   400 Bad Request
                     (right here) ------^
 
2026-06-07 09:34:38   Condor  Error:  The size of `nm` (3) must be compatible with the size of `x` (0). 
2026-06-07 14:16:05   Visa  Error:  parse error: trailing garbage
                                   400 Bad Request
                     (right here) ------^
 
2026-06-07 14:17:38   Nu  Error:  subscript out of bounds 
2026-06-07 16:28:10   Visa  Error:  parse error: trailing garbage
                                   400 Bad Request
                     (right here) ------^
 
2026-06-07 19:44:39   Vancouver  Error:  Timeout was reached: [cambiosvancouver.com] Failed to connect to cambiosvancouver.com port 443 after 5266 ms: Connection timed out 
2026-06-07 19:45:18   Visa  Error:  parse error: trailing garbage
                                   400 Bad Request
                     (right here) ------^
 
2026-06-07 19:46:50   Nu  Error:  subscript out of bounds 
2026-06-07 19:46:56   Condor  Error:  The size of `nm` (3) must be compatible with the size of `x` (0). 
2026-06-07 22:16:21   Visa  Error:  parse error: trailing garbage
                                   400 Bad Request
                     (right here) ------^
 
2026-06-07 22:17:54   Nu  Error:  subscript out of bounds 
2026-06-08 04:59:09   Visa  Error:  parse error: trailing garbage
                                   400 Bad Request
                     (right here) ------^
 
2026-06-08 11:18:42   Visa  Error:  parse error: trailing garbage
                                   400 Bad Request
                     (right here) ------^
 
2026-06-08 16:14:49   Visa  Error:  parse error: trailing garbage
                                   400 Bad Request
                     (right here) ------^
 
2026-06-08 16:16:19   Nu  Error:  subscript out of bounds 
2026-06-08 20:31:36   Visa  Error:  parse error: trailing garbage
                                   400 Bad Request
                     (right here) ------^
 
2026-06-08 20:33:06   Nu  Error:  subscript out of bounds 
2026-06-08 22:46:34   Visa  Error:  parse error: trailing garbage
                                   400 Bad Request
                     (right here) ------^
 
2026-06-09 04:21:02   Vancouver  Error:  Timeout was reached: [cambiosvancouver.com] Failed to connect to cambiosvancouver.com port 443 after 5264 ms: Connection timed out 
2026-06-09 04:21:41   Visa  Error:  parse error: trailing garbage
                                   400 Bad Request
                     (right here) ------^
 
2026-06-09 04:23:11   Nu  Error:  subscript out of bounds 
2026-06-09 04:23:18   Condor  Error:  The size of `nm` (3) must be compatible with the size of `x` (0). 
2026-06-09 10:02:04   Vancouver  Error:  Timeout was reached: [cambiosvancouver.com] Failed to connect to cambiosvancouver.com port 443 after 5241 ms: Connection timed out 
2026-06-09 10:02:13   Visa  Error:  parse error: trailing garbage
                                   400 Bad Request
                     (right here) ------^
 
2026-06-09 10:03:47   Nu  Error:  subscript out of bounds 
2026-06-09 10:03:54   Condor  Error:  The size of `nm` (3) must be compatible with the size of `x` (0). 
2026-06-09 15:25:37   Visa  Error:  parse error: trailing garbage
                                   400 Bad Request
                     (right here) ------^
 
2026-06-09 15:27:10   Nu  Error:  subscript out of bounds 
2026-06-09 20:20:51   Visa  Error:  parse error: trailing garbage
                                   400 Bad Request
                     (right here) ------^
 
2026-06-09 20:22:19   Nu  Error:  subscript out of bounds 
2026-06-09 22:46:01   Visa  Error:  parse error: trailing garbage
                                   400 Bad Request
                     (right here) ------^
 
2026-06-09 22:47:32   Nu  Error:  subscript out of bounds 
2026-06-10 04:41:25   Vancouver  Error:  Timeout was reached: [cambiosvancouver.com] Failed to connect to cambiosvancouver.com port 443 after 5356 ms: Connection timed out 
2026-06-10 04:42:02   Visa  Error:  parse error: trailing garbage
                                   400 Bad Request
                     (right here) ------^
 
2026-06-10 04:43:35   Nu  Error:  subscript out of bounds 
2026-06-10 10:20:56   Visa  Error:  parse error: trailing garbage
                                   400 Bad Request
                     (right here) ------^
 
2026-06-10 10:22:27   Nu  Error:  subscript out of bounds 
2026-06-10 16:03:30   Visa  Error:  parse error: trailing garbage
                                   400 Bad Request
                     (right here) ------^
 
2026-06-10 16:05:02   Nu  Error:  subscript out of bounds 
2026-06-10 20:43:50   Vancouver  Error:  Timeout was reached: [cambiosvancouver.com] Failed to connect to cambiosvancouver.com port 443 after 5254 ms: Connection timed out 
2026-06-10 20:43:57   Visa  Error:  parse error: trailing garbage
                                   400 Bad Request
                     (right here) ------^
 
2026-06-10 20:45:29   Nu  Error:  subscript out of bounds 
2026-06-10 22:56:47   Visa  Error:  parse error: trailing garbage
                                   400 Bad Request
                     (right here) ------^
 
2026-06-11 04:54:46   Vancouver  Error:  Timeout was reached: [cambiosvancouver.com] Failed to connect to cambiosvancouver.com port 443 after 5266 ms: Connection timed out 
2026-06-11 04:55:26   Visa  Error:  parse error: trailing garbage
                                   400 Bad Request
                     (right here) ------^
 
2026-06-11 04:56:59   Nu  Error:  subscript out of bounds 
2026-06-11 04:57:06   Condor  Error:  The size of `nm` (3) must be compatible with the size of `x` (0). 
2026-06-11 10:56:48   Visa  Error:  parse error: trailing garbage
                                   400 Bad Request
                     (right here) ------^
 
2026-06-11 10:58:20   Nu  Error:  subscript out of bounds 
2026-06-11 10:58:25   Condor  Error:  'Error caughtError: Execution context was destroyed, most likely because of a navigation.' does not exist in current working directory ('/home/runner/work/eurcopscraper/eurcopscraper'). 
2026-06-11 16:19:08   Vancouver  Error:  Timeout was reached: [cambiosvancouver.com] Failed to connect to cambiosvancouver.com port 443 after 5265 ms: Connection timed out 
2026-06-11 16:19:47   Visa  Error:  parse error: trailing garbage
                                   400 Bad Request
                     (right here) ------^
 
2026-06-11 16:21:18   Nu  Error:  subscript out of bounds 
2026-06-11 20:34:11   Visa  Error:  parse error: trailing garbage
                                   400 Bad Request
                     (right here) ------^
 
2026-06-11 22:55:39   Visa  Error:  parse error: trailing garbage
                                   400 Bad Request
                     (right here) ------^
 
2026-06-11 22:57:38   Condor  Error:  'Error caughtTimeoutError: Navigation timeout of 30000 ms exceeded' does not exist in current working directory ('/home/runner/work/eurcopscraper/eurcopscraper'). 
2026-06-12 04:59:37   Visa  Error:  parse error: trailing garbage
                                   400 Bad Request
                     (right here) ------^
 
2026-06-12 05:01:08   Nu  Error:  subscript out of bounds 
2026-06-12 05:01:14   Condor  Error:  'Error caughtError: Execution context was destroyed, most likely because of a navigation.' does not exist in current working directory ('/home/runner/work/eurcopscraper/eurcopscraper'). 
2026-06-12 10:39:36   Visa  Error:  parse error: trailing garbage
                                   400 Bad Request
                     (right here) ------^
 
2026-06-12 15:36:14   Visa  Error:  parse error: trailing garbage
                                   400 Bad Request
                     (right here) ------^
 
2026-06-12 20:23:55   Visa  Error:  parse error: trailing garbage
                                   400 Bad Request
                     (right here) ------^
 
2026-06-12 20:25:24   Nu  Error:  subscript out of bounds 
2026-06-12 22:44:47   Vancouver  Error:  Timeout was reached: [cambiosvancouver.com] Failed to connect to cambiosvancouver.com port 443 after 5248 ms: Connection timed out 
2026-06-12 22:44:55   Visa  Error:  parse error: trailing garbage
                                   400 Bad Request
                     (right here) ------^
 
2026-06-12 22:46:25   Nu  Error:  subscript out of bounds 
2026-06-12 22:46:30   Condor  Error:  The size of `nm` (3) must be compatible with the size of `x` (0). 
2026-06-13 04:45:40   Visa  Error:  parse error: trailing garbage
                                   400 Bad Request
                     (right here) ------^
 
2026-06-13 09:31:56   Vancouver  Error:  Timeout was reached: [cambiosvancouver.com] Failed to connect to cambiosvancouver.com port 443 after 5254 ms: Connection timed out 
2026-06-13 09:32:34   Visa  Error:  parse error: trailing garbage
                                   400 Bad Request
                     (right here) ------^
 
2026-06-13 14:21:47   Vancouver  Error:  Timeout was reached: [cambiosvancouver.com] Failed to connect to cambiosvancouver.com port 443 after 5249 ms: Connection timed out 
2026-06-13 14:22:26   Visa  Error:  parse error: trailing garbage
                                   400 Bad Request
                     (right here) ------^
 
2026-06-13 16:27:06   Visa  Error:  parse error: trailing garbage
                                   400 Bad Request
                     (right here) ------^
 
2026-06-13 16:28:34   Nu  Error:  subscript out of bounds 
2026-06-13 19:51:17   Visa  Error:  parse error: trailing garbage
                                   400 Bad Request
                     (right here) ------^
 
2026-06-13 19:52:48   Nu  Error:  subscript out of bounds 
2026-06-13 22:16:16   Vancouver  Error:  Timeout was reached: [cambiosvancouver.com] Failed to connect to cambiosvancouver.com port 443 after 5220 ms: Connection timed out 
2026-06-13 22:16:54   Visa  Error:  parse error: trailing garbage
                                   400 Bad Request
                     (right here) ------^
 
2026-06-14 05:03:22   Visa  Error:  parse error: trailing garbage
                                   400 Bad Request
                     (right here) ------^
 
2026-06-14 05:04:54   Nu  Error:  subscript out of bounds 
2026-06-14 09:54:01   Visa  Error:  parse error: trailing garbage
                                   400 Bad Request
                     (right here) ------^
 
2026-06-14 14:25:19   Visa  Error:  parse error: trailing garbage
                                   400 Bad Request
                     (right here) ------^
 
2026-06-14 14:26:49   Nu  Error:  subscript out of bounds 
2026-06-14 16:46:22   Visa  Error:  parse error: trailing garbage
                                   400 Bad Request
                     (right here) ------^
 
2026-06-14 16:47:54   Nu  Error:  subscript out of bounds 
2026-06-14 19:53:14   Visa  Error:  parse error: trailing garbage
                                   400 Bad Request
                     (right here) ------^
 
2026-06-14 22:20:57   Visa  Error:  parse error: trailing garbage
                                   400 Bad Request
                     (right here) ------^
 
2026-06-14 22:22:28   Nu  Error:  subscript out of bounds 
2026-06-15 05:23:31   Visa  Error:  parse error: trailing garbage
                                   400 Bad Request
                     (right here) ------^
 
2026-06-15 05:25:03   Nu  Error:  subscript out of bounds 
2026-06-15 12:38:41   Vancouver  Error:  Timeout was reached: [cambiosvancouver.com] Failed to connect to cambiosvancouver.com port 443 after 5226 ms: Connection timed out 
2026-06-15 12:39:21   Visa  Error:  parse error: trailing garbage
                                   400 Bad Request
                     (right here) ------^
 
2026-06-15 19:09:14   Vancouver  Error:  Timeout was reached: [cambiosvancouver.com] Failed to connect to cambiosvancouver.com port 443 after 5252 ms: Connection timed out 
2026-06-15 19:09:52   Visa  Error:  parse error: trailing garbage
                                   400 Bad Request
                     (right here) ------^
 
2026-06-15 23:08:51   Vancouver  Error:  Timeout was reached: [cambiosvancouver.com] Failed to connect to cambiosvancouver.com port 443 after 5248 ms: Connection timed out 
2026-06-15 23:09:29   Visa  Error:  parse error: trailing garbage
                                   400 Bad Request
                     (right here) ------^
 
2026-06-16 05:27:00   Visa  Error:  parse error: trailing garbage
                                   400 Bad Request
                     (right here) ------^
 
2026-06-16 05:28:32   Nu  Error:  subscript out of bounds 
2026-06-16 11:31:48   Visa  Error:  parse error: trailing garbage
                                   400 Bad Request
                     (right here) ------^
 
2026-06-16 11:33:24   Condor  Error:  The size of `nm` (3) must be compatible with the size of `x` (0). 
2026-06-16 17:19:35   Visa  Error:  parse error: trailing garbage
                                   400 Bad Request
                     (right here) ------^
 
2026-06-16 17:21:06   Nu  Error:  subscript out of bounds 
2026-06-16 21:16:42   Vancouver  Error:  Timeout was reached: [cambiosvancouver.com] Failed to connect to cambiosvancouver.com port 443 after 5250 ms: Connection timed out 
2026-06-16 21:17:21   Visa  Error:  parse error: trailing garbage
                                   400 Bad Request
                     (right here) ------^
 
2026-06-16 21:18:49   Nu  Error:  subscript out of bounds 
2026-06-17 05:07:19   Visa  Error:  parse error: trailing garbage
                                   400 Bad Request
                     (right here) ------^
 
2026-06-17 05:08:50   Nu  Error:  subscript out of bounds 
2026-06-17 11:15:24   Vancouver  Error:  Timeout was reached: [cambiosvancouver.com] Failed to connect to cambiosvancouver.com port 443 after 5226 ms: Connection timed out 
2026-06-17 11:16:01   Visa  Error:  parse error: trailing garbage
                                   400 Bad Request
                     (right here) ------^
 
2026-06-17 11:17:30   Nu  Error:  subscript out of bounds 
2026-06-17 11:17:36   Condor  Error:  The size of `nm` (3) must be compatible with the size of `x` (0). 
2026-06-17 16:15:11   Visa  Error:  parse error: trailing garbage
                                   400 Bad Request
                     (right here) ------^
 
2026-06-17 20:28:29   Vancouver  Error:  Timeout was reached: [cambiosvancouver.com] Failed to connect to cambiosvancouver.com port 443 after 5305 ms: Connection timed out 
2026-06-17 20:29:06   Visa  Error:  parse error: trailing garbage
                                   400 Bad Request
                     (right here) ------^
 
2026-06-17 20:30:37   Nu  Error:  subscript out of bounds 
2026-06-17 22:52:08   Visa  Error:  parse error: trailing garbage
                                   400 Bad Request
                     (right here) ------^
 
2026-06-18 04:56:32   Vancouver  Error:  Timeout was reached: [cambiosvancouver.com] Failed to connect to cambiosvancouver.com port 443 after 5257 ms: Connection timed out 
2026-06-18 04:57:10   Visa  Error:  parse error: trailing garbage
                                   400 Bad Request
                     (right here) ------^
 
2026-06-18 04:58:40   Nu  Error:  subscript out of bounds 
2026-06-18 10:45:57   Visa  Error:  parse error: trailing garbage
                                   400 Bad Request
                     (right here) ------^
 
2026-06-18 10:47:59   Condor  Error:  'Error caughtTimeoutError: Navigation timeout of 30000 ms exceeded' does not exist in current working directory ('/home/runner/work/eurcopscraper/eurcopscraper'). 
2026-06-18 15:59:13   Visa  Error:  parse error: trailing garbage
                                   400 Bad Request
                     (right here) ------^
 
2026-06-18 20:46:14   Visa  Error:  parse error: trailing garbage
                                   400 Bad Request
                     (right here) ------^
 
2026-06-18 20:47:45   Nu  Error:  subscript out of bounds 
2026-06-18 23:23:40   Visa  Error:  parse error: trailing garbage
                                   400 Bad Request
                     (right here) ------^
 
2026-06-19 05:19:59   Visa  Error:  parse error: trailing garbage
                                   400 Bad Request
                     (right here) ------^
 
2026-06-19 10:56:41   Visa  Error:  parse error: trailing garbage
                                   400 Bad Request
                     (right here) ------^
 
2026-06-19 15:40:58   Visa  Error:  parse error: trailing garbage
                                   400 Bad Request
                     (right here) ------^
 
2026-06-19 15:42:28   Nu  Error:  subscript out of bounds 
2026-06-19 20:02:34   Visa  Error:  parse error: trailing garbage
                                   400 Bad Request
                     (right here) ------^
 
2026-06-19 20:04:04   Nu  Error:  subscript out of bounds 
2026-06-19 22:13:15   Vancouver  Error:  Timeout was reached: [cambiosvancouver.com] Failed to connect to cambiosvancouver.com port 443 after 5327 ms: Connection timed out 
2026-06-19 22:13:53   Visa  Error:  parse error: trailing garbage
                                   400 Bad Request
                     (right here) ------^
 
2026-06-19 22:15:24   Nu  Error:  subscript out of bounds 
2026-06-20 04:38:36   Visa  Error:  lexical error: invalid char in json text.
                                       www.visa.co.ukPerforming securi
                     (right here) ------^
 
2026-06-20 04:40:08   Nu  Error:  subscript out of bounds 
2026-06-20 09:33:49   Visa  Error:  parse error: trailing garbage
                                   400 Bad Request
                     (right here) ------^
 
2026-06-20 14:27:00   Visa  Error:  parse error: trailing garbage
                                   400 Bad Request
                     (right here) ------^
 
2026-06-20 14:28:32   Nu  Error:  subscript out of bounds 
2026-06-20 16:44:27   Vancouver  Error:  Timeout was reached: [cambiosvancouver.com] Failed to connect to cambiosvancouver.com port 443 after 5276 ms: Connection timed out 
2026-06-20 16:45:06   Visa  Error:  parse error: trailing garbage
                                   400 Bad Request
                     (right here) ------^
 
2026-06-20 16:46:39   Nu  Error:  subscript out of bounds 
2026-06-20 16:46:45   Condor  Error:  'Error caughtError: Execution context was destroyed, most likely because of a navigation.' does not exist in current working directory ('/home/runner/work/eurcopscraper/eurcopscraper'). 
2026-06-20 19:52:09   Visa  Error:  parse error: trailing garbage
                                   400 Bad Request
                     (right here) ------^
 
2026-06-20 19:53:40   Nu  Error:  subscript out of bounds 
2026-06-20 22:20:07   Visa  Error:  lexical error: invalid char in json text.
                                       www.visa.co.ukPerforming securi
                     (right here) ------^
 
2026-06-21 05:12:07   Visa  Error:  parse error: trailing garbage
                                   400 Bad Request
                     (right here) ------^
 
2026-06-21 10:04:02   Vancouver  Error:  Timeout was reached: [cambiosvancouver.com] Failed to connect to cambiosvancouver.com port 443 after 5255 ms: Connection timed out 
2026-06-21 10:04:41   Visa  Error:  parse error: trailing garbage
                                   400 Bad Request
                     (right here) ------^
 
2026-06-21 10:06:12   Nu  Error:  subscript out of bounds 
2026-06-21 14:30:50   Visa  Error:  parse error: trailing garbage
                                   400 Bad Request
                     (right here) ------^
 
2026-06-21 14:32:19   Nu  Error:  subscript out of bounds 
2026-06-21 16:54:56   Visa  Error:  parse error: trailing garbage
                                   400 Bad Request
                     (right here) ------^
 
2026-06-21 16:56:33   Condor  Error:  The size of `nm` (3) must be compatible with the size of `x` (0). 
2026-06-21 19:58:59   Vancouver  Error:  Timeout was reached: [cambiosvancouver.com] Failed to connect to cambiosvancouver.com port 443 after 5239 ms: Connection timed out 
2026-06-21 19:59:36   Visa  Error:  parse error: trailing garbage
                                   400 Bad Request
                     (right here) ------^
 
2026-06-21 22:22:44   Vancouver  Error:  Timeout was reached: [cambiosvancouver.com] Failed to connect to cambiosvancouver.com port 443 after 5229 ms: Connection timed out 
2026-06-21 22:22:52   Visa  Error:  parse error: trailing garbage
                                   400 Bad Request
                     (right here) ------^
 
2026-06-21 22:24:22   Nu  Error:  subscript out of bounds 
2026-06-21 22:24:30   Condor  Error:  The size of `nm` (3) must be compatible with the size of `x` (0). 
2026-06-22 05:25:31   Visa  Error:  parse error: trailing garbage
                                   400 Bad Request
                     (right here) ------^
 
2026-06-22 12:23:55   Visa  Error:  parse error: trailing garbage
                                   400 Bad Request
                     (right here) ------^
 
2026-06-22 18:53:53   Visa  Error:  parse error: trailing garbage
                                   400 Bad Request
                     (right here) ------^
 
2026-06-22 18:55:23   Nu  Error:  subscript out of bounds 
2026-06-22 22:55:55   Visa  Error:  lexical error: invalid char in json text.
                                       www.visa.co.ukPerforming securi
                     (right here) ------^
 
2026-06-23 04:18:27   Visa  Error:  parse error: trailing garbage
                                   400 Bad Request
                     (right here) ------^
 
2026-06-23 10:01:53   Visa  Error:  parse error: trailing garbage
                                   400 Bad Request
                     (right here) ------^
 
2026-06-23 10:03:24   Nu  Error:  subscript out of bounds 
2026-06-23 15:22:12   Visa  Error:  parse error: trailing garbage
                                   400 Bad Request
                     (right here) ------^
 
2026-06-23 15:23:45   Nu  Error:  subscript out of bounds 
2026-06-23 20:20:29   Visa  Error:  parse error: trailing garbage
                                   400 Bad Request
                     (right here) ------^
 
2026-06-23 20:22:06   Condor  Error:  The size of `nm` (3) must be compatible with the size of `x` (0). 
2026-06-23 22:22:25   Visa  Error:  parse error: trailing garbage
                                   400 Bad Request
                     (right here) ------^
 
2026-06-23 22:23:55   Nu  Error:  subscript out of bounds 
2026-06-24 04:21:05   Vancouver  Error:  Timeout was reached: [cambiosvancouver.com] Failed to connect to cambiosvancouver.com port 443 after 5337 ms: Connection timed out 
2026-06-24 04:21:43   Visa  Error:  parse error: trailing garbage
                                   400 Bad Request
                     (right here) ------^
 
2026-06-24 04:23:11   Nu  Error:  subscript out of bounds 
2026-06-24 09:50:22   Visa  Error:  parse error: trailing garbage
                                   400 Bad Request
                     (right here) ------^
 
2026-06-24 09:51:53   Nu  Error:  subscript out of bounds 
2026-06-24 09:51:58   Condor  Error:  The size of `nm` (3) must be compatible with the size of `x` (0). 
2026-06-24 14:53:19   Visa  Error:  parse error: trailing garbage
                                   400 Bad Request
                     (right here) ------^
 
2026-06-24 14:54:54   Nu  Error:  subscript out of bounds 
2026-06-24 17:13:50   Vancouver  Error:  Timeout was reached: [cambiosvancouver.com] Failed to connect to cambiosvancouver.com port 443 after 5294 ms: Connection timed out 
2026-06-24 17:14:31   Visa  Error:  parse error: trailing garbage
                                   400 Bad Request
                     (right here) ------^
 
2026-06-24 17:16:01   Nu  Error:  subscript out of bounds 
2026-06-24 17:16:08   Condor  Error:  The size of `nm` (3) must be compatible with the size of `x` (0). 
2026-06-24 20:02:41   Visa  Error:  parse error: trailing garbage
                                   400 Bad Request
                     (right here) ------^
 
2026-06-24 20:04:13   Nu  Error:  subscript out of bounds 
2026-06-24 22:27:21   Visa  Error:  parse error: trailing garbage
                                   400 Bad Request
                     (right here) ------^
 
2026-06-24 22:28:53   Nu  Error:  subscript out of bounds 
2026-06-25 04:21:25   Visa  Error:  parse error: trailing garbage
                                   400 Bad Request
                     (right here) ------^
 
2026-06-25 04:22:58   Nu  Error:  subscript out of bounds 
2026-06-25 09:40:38   Visa  Error:  parse error: trailing garbage
                                   400 Bad Request
                     (right here) ------^
 
2026-06-25 14:52:36   Visa  Error:  parse error: trailing garbage
                                   400 Bad Request
                     (right here) ------^
 
2026-06-25 14:53:15   Master  Error:  subscript out of bounds 
2026-06-25 17:24:00   Visa  Error:  parse error: trailing garbage
                                   400 Bad Request
                     (right here) ------^
 
2026-06-25 17:25:33   Nu  Error:  subscript out of bounds 
2026-06-25 20:20:36   Visa  Error:  parse error: trailing garbage
                                   400 Bad Request
                     (right here) ------^
 
2026-06-25 22:41:41   Vancouver  Error:  Timeout was reached: [cambiosvancouver.com] Failed to connect to cambiosvancouver.com port 443 after 5277 ms: Connection timed out 
2026-06-25 22:42:21   Visa  Error:  parse error: trailing garbage
                                   400 Bad Request
                     (right here) ------^
 
2026-06-25 22:43:50   Nu  Error:  subscript out of bounds 
2026-06-25 22:43:55   Condor  Error:  The size of `nm` (3) must be compatible with the size of `x` (0). 
2026-06-26 04:27:57   Visa  Error:  parse error: trailing garbage
                                   400 Bad Request
                     (right here) ------^
 
2026-06-26 04:29:34   Condor  Error:  The size of `nm` (3) must be compatible with the size of `x` (0). 
2026-06-26 09:49:53   Visa  Error:  parse error: trailing garbage
                                   400 Bad Request
                     (right here) ------^
 
2026-06-26 09:51:31   Condor  Error:  The size of `nm` (3) must be compatible with the size of `x` (0). 
2026-06-26 14:43:18   Vancouver  Error:  Timeout was reached: [cambiosvancouver.com] Failed to connect to cambiosvancouver.com port 443 after 5234 ms: Connection timed out 
2026-06-26 14:43:57   Visa  Error:  parse error: trailing garbage
                                   400 Bad Request
                     (right here) ------^
 
2026-06-26 17:07:28   Visa  Error:  parse error: trailing garbage
                                   400 Bad Request
                     (right here) ------^
 
2026-06-26 20:05:15   Visa  Error:  parse error: trailing garbage
                                   400 Bad Request
                     (right here) ------^
 
2026-06-26 20:06:44   Nu  Error:  subscript out of bounds 
2026-06-26 22:23:31   Vancouver  Error:  Timeout was reached: [cambiosvancouver.com] Failed to connect to cambiosvancouver.com port 443 after 5226 ms: Connection timed out 
2026-06-26 22:24:08   Visa  Error:  parse error: trailing garbage
                                   400 Bad Request
                     (right here) ------^
 
2026-06-27 04:13:14   Visa  Error:  parse error: trailing garbage
                                   400 Bad Request
                     (right here) ------^
 
2026-06-27 04:14:46   Nu  Error:  subscript out of bounds 
2026-06-27 08:49:34   Visa  Error:  lexical error: invalid char in json text.
                                       www.visa.co.ukPerforming securi
                     (right here) ------^
 
2026-06-27 11:04:07   Visa  Error:  parse error: trailing garbage
                                   400 Bad Request
                     (right here) ------^
 
2026-06-27 11:05:37   Nu  Error:  subscript out of bounds 
2026-06-27 11:05:43   Condor  Error:  The size of `nm` (3) must be compatible with the size of `x` (0). 
2026-06-27 14:03:33   Visa  Error:  parse error: trailing garbage
                                   400 Bad Request
                     (right here) ------^
 
2026-06-27 16:18:34   Visa  Error:  parse error: trailing garbage
                                   400 Bad Request
                     (right here) ------^
 
2026-06-27 16:20:05   Nu  Error:  subscript out of bounds 
2026-06-27 19:43:56   Visa  Error:  parse error: trailing garbage
                                   400 Bad Request
                     (right here) ------^
 
2026-06-27 22:13:50   Visa  Error:  parse error: trailing garbage
                                   400 Bad Request
                     (right here) ------^
 
2026-06-27 22:15:22   Nu  Error:  subscript out of bounds 
2026-06-27 22:15:28   Condor  Error:  The size of `nm` (3) must be compatible with the size of `x` (0). 
2026-06-28 04:47:31   Visa  Error:  lexical error: invalid char in json text.
                                       www.visa.co.ukPerforming securi
                     (right here) ------^
 
2026-06-28 09:29:32   Visa  Error:  parse error: trailing garbage
                                   400 Bad Request
                     (right here) ------^
 
2026-06-28 09:31:16   Comdirect  Error:  ℹ In argument: `iso == "COP"`.
Caused by error:
! object 'iso' not found 
2026-06-28 14:10:43   Visa  Error:  parse error: trailing garbage
                                   400 Bad Request
                     (right here) ------^
 
2026-06-28 14:12:23   Condor  Error:  The size of `nm` (3) must be compatible with the size of `x` (0). 
2026-06-28 16:23:28   Visa  Error:  parse error: trailing garbage
                                   400 Bad Request
                     (right here) ------^
 
2026-06-28 16:24:59   Nu  Error:  subscript out of bounds 
2026-06-28 16:25:06   Condor  Error:  The size of `nm` (3) must be compatible with the size of `x` (0). 
2026-06-28 19:43:29   Vancouver  Error:  Timeout was reached: [cambiosvancouver.com] Failed to connect to cambiosvancouver.com port 443 after 5251 ms: Connection timed out 
2026-06-28 19:44:07   Visa  Error:  parse error: trailing garbage
                                   400 Bad Request
                     (right here) ------^
 
2026-06-28 22:12:40   Visa  Error:  lexical error: invalid char in json text.
                                       www.visa.co.ukPerforming securi
                     (right here) ------^
 
2026-06-29 04:56:10   Visa  Error:  parse error: trailing garbage
                                   400 Bad Request
                     (right here) ------^
 
2026-06-29 11:21:49   Visa  Error:  parse error: trailing garbage
                                   400 Bad Request
                     (right here) ------^
 
2026-06-29 11:23:20   Nu  Error:  subscript out of bounds 
2026-06-29 16:07:49   Visa  Error:  parse error: trailing garbage
                                   400 Bad Request
                     (right here) ------^
 
2026-06-29 20:12:10   Visa  Error:  parse error: trailing garbage
                                   400 Bad Request
                     (right here) ------^
 
2026-06-29 22:18:41   Visa  Error:  parse error: trailing garbage
                                   400 Bad Request
                     (right here) ------^
 
2026-06-30 04:22:07   Visa  Error:  parse error: trailing garbage
                                   400 Bad Request
                     (right here) ------^
 
2026-06-30 04:23:39   Nu  Error:  subscript out of bounds 
2026-06-30 09:58:33   Visa  Error:  parse error: trailing garbage
                                   400 Bad Request
                     (right here) ------^
 
2026-06-30 10:00:04   Nu  Error:  subscript out of bounds 
2026-06-30 10:00:11   Condor  Error:  The size of `nm` (3) must be compatible with the size of `x` (0). 
2026-06-30 14:40:35   Visa  Error:  parse error: trailing garbage
                                   400 Bad Request
                     (right here) ------^
 
2026-06-30 14:42:06   Nu  Error:  subscript out of bounds 
2026-06-30 17:12:50   Visa  Error:  parse error: trailing garbage
                                   400 Bad Request
                     (right here) ------^
 
2026-06-30 17:14:19   Nu  Error:  subscript out of bounds 
2026-06-30 20:13:20   Visa  Error:  parse error: trailing garbage
                                   400 Bad Request
                     (right here) ------^
 
2026-06-30 20:14:50   Nu  Error:  subscript out of bounds 
2026-06-30 22:23:05   Visa  Error:  lexical error: invalid char in json text.
                                       www.visa.co.ukPerforming securi
                     (right here) ------^
 
2026-06-30 22:24:45   Condor  Error:  The size of `nm` (3) must be compatible with the size of `x` (0). 
2026-07-01 04:49:45   Visa  Error:  parse error: trailing garbage
                                   400 Bad Request
                     (right here) ------^
 
2026-07-01 04:51:17   Nu  Error:  subscript out of bounds 
2026-07-01 10:09:42   Visa  Error:  parse error: trailing garbage
                                   400 Bad Request
                     (right here) ------^
 
2026-07-01 14:56:14   Visa  Error:  parse error: trailing garbage
                                   400 Bad Request
                     (right here) ------^
 
2026-07-01 17:23:56   Vancouver  Error:  Timeout was reached: [cambiosvancouver.com] Failed to connect to cambiosvancouver.com port 443 after 5251 ms: Connection timed out 
2026-07-01 17:24:35   Visa  Error:  parse error: trailing garbage
                                   400 Bad Request
                     (right here) ------^
 
2026-07-01 20:10:01   Visa  Error:  parse error: trailing garbage
                                   400 Bad Request
                     (right here) ------^
 
2026-07-01 20:11:33   Nu  Error:  subscript out of bounds 
2026-07-01 22:26:47   Visa  Error:  parse error: trailing garbage
                                   400 Bad Request
                     (right here) ------^
 
2026-07-02 04:17:25   Visa  Error:  parse error: trailing garbage
                                   400 Bad Request
                     (right here) ------^
 
2026-07-02 04:19:01   Condor  Error:  The size of `nm` (3) must be compatible with the size of `x` (0). 
2026-07-02 09:31:16   Visa  Error:  parse error: trailing garbage
                                   400 Bad Request
                     (right here) ------^
 
2026-07-02 09:32:48   Nu  Error:  subscript out of bounds 
2026-07-02 09:32:53   Condor  Error:  'Error caughtError: Execution context was destroyed, most likely because of a navigation.' does not exist in current working directory ('/home/runner/work/eurcopscraper/eurcopscraper'). 
2026-07-02 14:27:07   Vancouver  Error:  Timeout was reached: [cambiosvancouver.com] Failed to connect to cambiosvancouver.com port 443 after 5241 ms: Connection timed out 
2026-07-02 14:27:45   Visa  Error:  parse error: trailing garbage
                                   400 Bad Request
                     (right here) ------^
 
2026-07-02 17:00:22   Vancouver  Error:  Timeout was reached: [cambiosvancouver.com] Failed to connect to cambiosvancouver.com port 443 after 5345 ms: Connection timed out 
2026-07-02 17:01:02   Visa  Error:  parse error: trailing garbage
                                   400 Bad Request
                     (right here) ------^
 
2026-07-02 17:02:33   Nu  Error:  subscript out of bounds 
2026-07-02 19:47:39   Visa  Error:  parse error: trailing garbage
                                   400 Bad Request
                     (right here) ------^
 
2026-07-02 19:49:10   Nu  Error:  subscript out of bounds 
2026-07-02 19:49:17   Condor  Error:  The size of `nm` (3) must be compatible with the size of `x` (0). 
2026-07-02 22:17:57   Visa  Error:  parse error: trailing garbage
                                   400 Bad Request
                     (right here) ------^
 
2026-07-03 04:03:21   Vancouver  Error:  Timeout was reached: [cambiosvancouver.com] Failed to connect to cambiosvancouver.com port 443 after 5241 ms: Connection timed out 
2026-07-03 04:04:02   Visa  Error:  parse error: trailing garbage
                                   400 Bad Request
                     (right here) ------^
 
2026-07-03 04:05:36   Nu  Error:  subscript out of bounds 
2026-07-03 14:30:25   Visa  Error:  parse error: trailing garbage
                                   400 Bad Request
                     (right here) ------^
 
2026-07-03 14:31:56   Nu  Error:  subscript out of bounds 
2026-07-03 16:45:12   Visa  Error:  parse error: trailing garbage
                                   400 Bad Request
                     (right here) ------^
 
2026-07-03 16:46:42   Nu  Error:  subscript out of bounds 
2026-07-03 19:44:42   Visa  Error:  parse error: trailing garbage
                                   400 Bad Request
                     (right here) ------^
 
2026-07-03 19:46:12   Nu  Error:  subscript out of bounds 
2026-07-03 22:15:36   Visa  Error:  parse error: trailing garbage
                                   400 Bad Request
                     (right here) ------^
 
2026-07-03 22:17:06   Nu  Error:  subscript out of bounds 
2026-07-04 03:57:41   Visa  Error:  parse error: trailing garbage
                                   400 Bad Request
                     (right here) ------^
 
2026-07-04 08:50:34   Visa  Error:  parse error: trailing garbage
                                   400 Bad Request
                     (right here) ------^
 
2026-07-04 11:00:54   Visa  Error:  parse error: trailing garbage
                                   400 Bad Request
                     (right here) ------^
 
2026-07-04 13:55:12   Visa  Error:  parse error: trailing garbage
                                   400 Bad Request
                     (right here) ------^
 
2026-07-04 16:14:06   Visa  Error:  parse error: trailing garbage
                                   400 Bad Request
                     (right here) ------^
 
2026-07-04 19:36:11   Visa  Error:  parse error: trailing garbage
                                   400 Bad Request
                     (right here) ------^
 
2026-07-04 19:37:41   Nu  Error:  subscript out of bounds 
2026-07-04 22:07:58   Vancouver  Error:  Timeout was reached: [cambiosvancouver.com] Failed to connect to cambiosvancouver.com port 443 after 5266 ms: Connection timed out 
2026-07-04 22:08:36   Visa  Error:  parse error: trailing garbage
                                   400 Bad Request
                     (right here) ------^
 
2026-07-04 22:10:09   Nu  Error:  subscript out of bounds 
2026-07-05 04:16:49   Visa  Error:  parse error: trailing garbage
                                   400 Bad Request
                     (right here) ------^
 
2026-07-05 09:22:11   Visa  Error:  parse error: trailing garbage
                                   400 Bad Request
                     (right here) ------^
 
2026-07-05 14:03:38   Visa  Error:  parse error: trailing garbage
                                   400 Bad Request
                     (right here) ------^
 
2026-07-05 14:05:08   Nu  Error:  subscript out of bounds 
2026-07-05 16:18:16   Visa  Error:  parse error: trailing garbage
                                   400 Bad Request
                     (right here) ------^
 
2026-07-05 16:19:48   Nu  Error:  subscript out of bounds 
2026-07-05 19:41:09   Visa  Error:  parse error: trailing garbage
                                   400 Bad Request
                     (right here) ------^
 
2026-07-05 22:12:02   Visa  Error:  parse error: trailing garbage
                                   400 Bad Request
                     (right here) ------^
 
2026-07-06 04:24:30   Visa  Error:  parse error: trailing garbage
                                   400 Bad Request
                     (right here) ------^
 
2026-07-06 04:26:10   Condor  Error:  The size of `nm` (3) must be compatible with the size of `x` (0). 
2026-07-06 10:59:36   Visa  Error:  parse error: trailing garbage
                                   400 Bad Request
                     (right here) ------^
 
2026-07-06 15:54:00   Visa  Error:  parse error: trailing garbage
                                   400 Bad Request
                     (right here) ------^
 
2026-07-06 20:10:52   Vancouver  Error:  Timeout was reached: [cambiosvancouver.com] Failed to connect to cambiosvancouver.com port 443 after 5250 ms: Connection timed out 
2026-07-06 20:11:32   Visa  Error:  parse error: trailing garbage
                                   400 Bad Request
                     (right here) ------^
 
2026-07-06 20:13:12   Condor  Error:  The size of `nm` (3) must be compatible with the size of `x` (0). 
2026-07-06 22:23:36   Visa  Error:  parse error: trailing garbage
                                   400 Bad Request
                     (right here) ------^
 
2026-07-07 04:13:22   Visa  Error:  parse error: trailing garbage
                                   400 Bad Request
                     (right here) ------^
 
2026-07-07 10:00:16   Visa  Error:  parse error: trailing garbage
                                   400 Bad Request
                     (right here) ------^
 
2026-07-07 10:01:58   Condor  Error:  The size of `nm` (3) must be compatible with the size of `x` (0). 
2026-07-07 10:02:29   Comdirect  Error:  'Error caughtTimeoutError: Navigation timeout of 30000 ms exceeded' does not exist in current working directory ('/home/runner/work/eurcopscraper/eurcopscraper'). 
2026-07-07 15:09:52   Vancouver  Error:  Timeout was reached: [cambiosvancouver.com] Failed to connect to cambiosvancouver.com port 443 after 5231 ms: Connection timed out 
2026-07-07 15:10:31   Visa  Error:  parse error: trailing garbage
                                   400 Bad Request
                     (right here) ------^
 
2026-07-07 15:12:03   Nu  Error:  subscript out of bounds 
2026-07-07 20:11:02   Visa  Error:  parse error: trailing garbage
                                   400 Bad Request
                     (right here) ------^
 
2026-07-07 20:12:30   Nu  Error:  subscript out of bounds 
2026-07-07 22:21:16   Visa  Error:  parse error: trailing garbage
                                   400 Bad Request
                     (right here) ------^
 
2026-07-08 03:38:49   Visa  Error:  parse error: trailing garbage
                                   400 Bad Request
                     (right here) ------^
 
2026-07-08 03:40:20   Nu  Error:  subscript out of bounds 
2026-07-08 08:45:47   Visa  Error:  parse error: trailing garbage
                                   400 Bad Request
                     (right here) ------^
 
2026-07-08 08:47:19   Nu  Error:  subscript out of bounds 
2026-07-08 11:13:21   Visa  Error:  parse error: trailing garbage
                                   400 Bad Request
                     (right here) ------^
 
2026-07-08 14:36:29   Visa  Error:  parse error: trailing garbage
                                   400 Bad Request
                     (right here) ------^
 
2026-07-08 16:49:42   Visa  Error:  parse error: trailing garbage
                                   400 Bad Request
                     (right here) ------^
 
2026-07-08 19:50:11   Visa  Error:  parse error: trailing garbage
                                   400 Bad Request
                     (right here) ------^
 
2026-07-08 22:16:51   Visa  Error:  parse error: trailing garbage
                                   400 Bad Request
                     (right here) ------^
 
2026-07-08 22:18:22   Nu  Error:  subscript out of bounds 
2026-07-09 04:13:29   Visa  Error:  parse error: trailing garbage
                                   400 Bad Request
                     (right here) ------^
 
2026-07-09 04:15:08   Condor  Error:  The size of `nm` (3) must be compatible with the size of `x` (0). 
2026-07-09 09:56:32   Visa  Error:  parse error: trailing garbage
                                   400 Bad Request
                     (right here) ------^
 
2026-07-09 09:58:03   Nu  Error:  subscript out of bounds 
2026-07-09 15:33:05   Visa  Error:  parse error: trailing garbage
                                   400 Bad Request
                     (right here) ------^
 
2026-07-09 20:00:27   Vancouver  Error:  Timeout was reached: [cambiosvancouver.com] Failed to connect to cambiosvancouver.com port 443 after 5219 ms: Connection timed out 
2026-07-09 20:01:06   Visa  Error:  parse error: trailing garbage
                                   400 Bad Request
                     (right here) ------^
 
2026-07-09 22:43:03   Visa  Error:  parse error: trailing garbage
                                   400 Bad Request
                     (right here) ------^
 
2026-07-10 04:08:02   Vancouver  Error:  Timeout was reached: [cambiosvancouver.com] Failed to connect to cambiosvancouver.com port 443 after 5244 ms: Connection timed out 
2026-07-10 04:08:42   Visa  Error:  parse error: trailing garbage
                                   400 Bad Request
                     (right here) ------^
 
2026-07-10 04:10:12   Nu  Error:  subscript out of bounds 
2026-07-10 04:10:17   Condor  Error:  The size of `nm` (3) must be compatible with the size of `x` (0). 
2026-07-10 09:52:19   Vancouver  Error:  Timeout was reached: [cambiosvancouver.com] Failed to connect to cambiosvancouver.com port 443 after 5250 ms: Connection timed out 
2026-07-10 09:52:58   Visa  Error:  parse error: trailing garbage
                                   400 Bad Request
                     (right here) ------^
 
2026-07-10 09:54:37   Condor  Error:  The size of `nm` (3) must be compatible with the size of `x` (0). 
2026-07-10 14:49:34   Visa  Error:  parse error: trailing garbage
                                   400 Bad Request
                     (right here) ------^
 
2026-07-10 14:51:13   Condor  Error:  The size of `nm` (3) must be compatible with the size of `x` (0). 
2026-07-10 17:06:33   Visa  Error:  parse error: trailing garbage
                                   400 Bad Request
                     (right here) ------^
 
2026-07-10 17:08:05   Nu  Error:  subscript out of bounds 
2026-07-10 19:49:19   Visa  Error:  parse error: trailing garbage
                                   400 Bad Request
                     (right here) ------^
 
2026-07-10 22:14:43   Visa  Error:  parse error: trailing garbage
                                   400 Bad Request
                     (right here) ------^
 
2026-07-10 22:16:23   Condor  Error:  The size of `nm` (3) must be compatible with the size of `x` (0). 
2026-07-10 22:16:40   Kapital  Error:  Timeout was reached: [cambioskapital.com] SSL connection timeout 
2026-07-11 03:35:57   Visa  Error:  parse error: trailing garbage
                                   400 Bad Request
                     (right here) ------^
 
2026-07-11 08:10:40   Visa  Error:  parse error: trailing garbage
                                   400 Bad Request
                     (right here) ------^
 
2026-07-11 10:25:04   Visa  Error:  parse error: trailing garbage
                                   400 Bad Request
                     (right here) ------^
 
2026-07-11 10:26:35   Nu  Error:  subscript out of bounds 
2026-07-11 13:49:11   Visa  Error:  parse error: trailing garbage
                                   400 Bad Request
                     (right here) ------^
 
2026-07-11 13:50:43   Nu  Error:  subscript out of bounds 
2026-07-11 16:05:48   Visa  Error:  parse error: trailing garbage
                                   400 Bad Request
                     (right here) ------^
 
2026-07-11 19:21:25   Visa  Error:  parse error: trailing garbage
                                   400 Bad Request
                     (right here) ------^
 
2026-07-11 19:22:58   Nu  Error:  subscript out of bounds 
2026-07-11 22:00:19   Vancouver  Error:  Timeout was reached: [cambiosvancouver.com] Failed to connect to cambiosvancouver.com port 443 after 5235 ms: Connection timed out 
2026-07-11 22:00:58   Visa  Error:  parse error: trailing garbage
                                   400 Bad Request
                     (right here) ------^
 
2026-07-11 22:02:37   Condor  Error:  The size of `nm` (3) must be compatible with the size of `x` (0). 
2026-07-12 03:49:05   Visa  Error:  parse error: trailing garbage
                                   400 Bad Request
                     (right here) ------^
 
2026-07-12 08:30:54   Vancouver  Error:  Timeout was reached: [cambiosvancouver.com] Failed to connect to cambiosvancouver.com port 443 after 5225 ms: Connection timed out 
2026-07-12 08:31:32   Visa  Error:  parse error: trailing garbage
                                   400 Bad Request
                     (right here) ------^
 
2026-07-12 10:41:53   Visa  Error:  parse error: trailing garbage
                                   400 Bad Request
                     (right here) ------^
 
2026-07-12 10:43:23   Nu  Error:  subscript out of bounds 
2026-07-12 10:43:29   Condor  Error:  The size of `nm` (3) must be compatible with the size of `x` (0). 
2026-07-12 13:51:12   Visa  Error:  parse error: trailing garbage
                                   400 Bad Request
                     (right here) ------^
 
2026-07-12 13:52:44   Nu  Error:  subscript out of bounds 
2026-07-12 13:52:49   Condor  Error:  The size of `nm` (3) must be compatible with the size of `x` (0). 
2026-07-12 16:07:58   Visa  Error:  parse error: trailing garbage
                                   400 Bad Request
                     (right here) ------^
 
2026-07-12 19:20:42   Visa  Error:  parse error: trailing garbage
                                   400 Bad Request
                     (right here) ------^
 
2026-07-12 22:03:22   Visa  Error:  parse error: trailing garbage
                                   400 Bad Request
                     (right here) ------^
 
2026-07-13 03:51:23   Visa  Error:  parse error: trailing garbage
                                   400 Bad Request
                     (right here) ------^
 
2026-07-13 03:53:00   Condor  Error:  The size of `nm` (3) must be compatible with the size of `x` (0). 
2026-07-13 09:46:19   Visa  Error:  parse error: trailing garbage
                                   400 Bad Request
                     (right here) ------^
 
2026-07-13 09:47:56   Condor  Error:  The size of `nm` (3) must be compatible with the size of `x` (0). 
2026-07-13 14:57:25   Visa  Error:  parse error: trailing garbage
                                   400 Bad Request
                     (right here) ------^
 
2026-07-13 14:59:04   Condor  Error:  The size of `nm` (3) must be compatible with the size of `x` (0). 
2026-07-13 17:21:51   Vancouver  Error:  Timeout was reached: [cambiosvancouver.com] Failed to connect to cambiosvancouver.com port 443 after 5278 ms: Connection timed out 
2026-07-13 17:22:29   Visa  Error:  parse error: trailing garbage
                                   400 Bad Request
                     (right here) ------^
 
2026-07-13 17:24:06   Condor  Error:  The size of `nm` (3) must be compatible with the size of `x` (0). 
2026-07-13 19:44:35   Visa  Error:  parse error: trailing garbage
                                   400 Bad Request
                     (right here) ------^
 
2026-07-13 19:46:06   Nu  Error:  subscript out of bounds 
2026-07-13 22:05:49   Visa  Error:  parse error: trailing garbage
                                   400 Bad Request
                     (right here) ------^
 
2026-07-13 22:07:20   Nu  Error:  subscript out of bounds 
2026-07-14 03:24:00   Vancouver  Error:  Timeout was reached: [cambiosvancouver.com] Failed to connect to cambiosvancouver.com port 443 after 5226 ms: Connection timed out 
2026-07-14 03:24:38   Visa  Error:  parse error: trailing garbage
                                   400 Bad Request
                     (right here) ------^
 
2026-07-14 08:26:01   Visa  Error:  parse error: trailing garbage
                                   400 Bad Request
                     (right here) ------^
 
2026-07-14 10:55:59   Visa  Error:  parse error: trailing garbage
                                   400 Bad Request
                     (right here) ------^
 
2026-07-14 14:08:34   Visa  Error:  parse error: trailing garbage
                                   400 Bad Request
                     (right here) ------^
 
2026-07-14 16:25:51   Visa  Error:  parse error: trailing garbage
                                   400 Bad Request
                     (right here) ------^
 
2026-07-14 16:27:24   Nu  Error:  subscript out of bounds 
2026-07-14 19:41:32   Visa  Error:  parse error: trailing garbage
                                   400 Bad Request
                     (right here) ------^
 
2026-07-14 19:43:03   Nu  Error:  subscript out of bounds 
2026-07-14 22:10:05   Visa  Error:  parse error: trailing garbage
                                   400 Bad Request
                     (right here) ------^
 
2026-07-15 03:25:20   Visa  Error:  parse error: trailing garbage
                                   400 Bad Request
                     (right here) ------^
 
2026-07-15 03:26:50   Nu  Error:  subscript out of bounds 
2026-07-15 03:26:58   Condor  Error:  The size of `nm` (3) must be compatible with the size of `x` (0). 
2026-07-15 03:29:08   Kapital  Error:  HTTP error 500. 
2026-07-15 08:32:23   Visa  Error:  parse error: trailing garbage
                                   400 Bad Request
                     (right here) ------^
 
2026-07-15 08:33:54   Nu  Error:  subscript out of bounds 
2026-07-15 11:01:36   Visa  Error:  parse error: trailing garbage
                                   400 Bad Request
                     (right here) ------^
 
2026-07-15 14:04:46   Visa  Error:  parse error: trailing garbage
                                   400 Bad Request
                     (right here) ------^
 
2026-07-15 16:42:32   Visa  Error:  parse error: trailing garbage
                                   400 Bad Request
                     (right here) ------^
 
2026-07-15 16:44:02   Nu  Error:  subscript out of bounds 
2026-07-15 19:27:42   Visa  Error:  parse error: trailing garbage
                                   400 Bad Request
                     (right here) ------^
 
2026-07-15 22:11:59   Visa  Error:  parse error: trailing garbage
                                   400 Bad Request
                     (right here) ------^
 
2026-07-15 22:13:31   Nu  Error:  subscript out of bounds 
2026-07-16 03:31:03   Visa  Error:  parse error: trailing garbage
                                   400 Bad Request
                     (right here) ------^
 
2026-07-16 08:30:46   Visa  Error:  parse error: trailing garbage
                                   400 Bad Request
                     (right here) ------^
 
2026-07-16 11:09:44   Visa  Error:  parse error: trailing garbage
                                   400 Bad Request
                     (right here) ------^
 
2026-07-16 14:17:06   Visa  Error:  parse error: trailing garbage
                                   400 Bad Request
                     (right here) ------^
 
2026-07-16 16:28:30   Visa  Error:  parse error: trailing garbage
                                   400 Bad Request
                     (right here) ------^
 
2026-07-16 19:27:17   Visa  Error:  parse error: trailing garbage
                                   400 Bad Request
                     (right here) ------^
 
2026-07-16 22:13:53   Visa  Error:  parse error: trailing garbage
                                   400 Bad Request
                     (right here) ------^
 
2026-07-16 22:15:25   Nu  Error:  subscript out of bounds 
2026-07-17 03:32:57   Visa  Error:  parse error: trailing garbage
                                   400 Bad Request
                     (right here) ------^
 
2026-07-17 08:25:42   Visa  Error:  parse error: trailing garbage
                                   400 Bad Request
                     (right here) ------^
 
2026-07-17 10:58:10   Visa  Error:  parse error: trailing garbage
                                   400 Bad Request
                     (right here) ------^
 
2026-07-17 14:00:33   Visa  Error:  parse error: trailing garbage
                                   400 Bad Request
                     (right here) ------^
 
2026-07-17 16:24:30   Visa  Error:  parse error: trailing garbage
                                   400 Bad Request
                     (right here) ------^
 
2026-07-17 16:26:03   Nu  Error:  subscript out of bounds 
2026-07-17 19:25:43   Visa  Error:  parse error: trailing garbage
                                   400 Bad Request
                     (right here) ------^
 
2026-07-17 22:03:26   Visa  Error:  parse error: trailing garbage
                                   400 Bad Request
                     (right here) ------^
 
2026-07-17 22:05:04   Condor  Error:  The size of `nm` (3) must be compatible with the size of `x` (0). 
2026-07-18 03:23:19   Visa  Error:  parse error: trailing garbage
                                   400 Bad Request
                     (right here) ------^
 
2026-07-18 03:24:49   Nu  Error:  subscript out of bounds 
2026-07-18 08:07:26   Visa  Error:  parse error: trailing garbage
                                   400 Bad Request
                     (right here) ------^
 
2026-07-18 08:08:56   Nu  Error:  subscript out of bounds 
2026-07-18 08:09:02   Condor  Error:  The size of `nm` (3) must be compatible with the size of `x` (0). 
2026-07-18 10:36:26   Visa  Error:  parse error: trailing garbage
                                   400 Bad Request
                     (right here) ------^
 
2026-07-18 10:38:04   Condor  Error:  The size of `nm` (3) must be compatible with the size of `x` (0). 
2026-07-18 13:43:57   Visa  Error:  parse error: trailing garbage
                                   400 Bad Request
                     (right here) ------^
 
2026-07-18 16:06:35   Visa  Error:  parse error: trailing garbage
                                   400 Bad Request
                     (right here) ------^
 
2026-07-18 19:19:04   Vancouver  Error:  Timeout was reached: [cambiosvancouver.com] Failed to connect to cambiosvancouver.com port 443 after 5220 ms: Connection timed out 
2026-07-18 19:19:42   Visa  Error:  parse error: trailing garbage
                                   400 Bad Request
                     (right here) ------^
 
2026-07-18 19:21:15   Nu  Error:  subscript out of bounds 
2026-07-18 19:21:21   Condor  Error:  The size of `nm` (3) must be compatible with the size of `x` (0). 
2026-07-18 22:01:02   Visa  Error:  parse error: trailing garbage
                                   400 Bad Request
                     (right here) ------^
 
2026-07-19 03:43:43   Visa  Error:  parse error: trailing garbage
                                   400 Bad Request
                     (right here) ------^
 
2026-07-19 03:45:15   Nu  Error:  subscript out of bounds 
2026-07-19 08:32:00   Vancouver  Error:  Timeout was reached: [cambiosvancouver.com] Failed to connect to cambiosvancouver.com port 443 after 5254 ms: Connection timed out 
2026-07-19 08:32:37   Visa  Error:  parse error: trailing garbage
                                   400 Bad Request
                     (right here) ------^
 
2026-07-19 08:34:14   Condor  Error:  The size of `nm` (3) must be compatible with the size of `x` (0). 
2026-07-19 10:42:55   Visa  Error:  parse error: trailing garbage
                                   400 Bad Request
                     (right here) ------^
 
2026-07-19 13:46:56   Visa  Error:  parse error: trailing garbage
                                   400 Bad Request
                     (right here) ------^
 
2026-07-19 13:48:30   Nu  Error:  subscript out of bounds 
2026-07-19 13:48:37   Condor  Error:  The size of `nm` (3) must be compatible with the size of `x` (0). 
2026-07-19 16:06:26   Visa  Error:  parse error: trailing garbage
                                   400 Bad Request
                     (right here) ------^
 
2026-07-19 16:08:03   Condor  Error:  The size of `nm` (3) must be compatible with the size of `x` (0). 
2026-07-19 19:21:36   Visa  Error:  parse error: trailing garbage
                                   400 Bad Request
                     (right here) ------^
 
2026-07-19 19:23:07   Nu  Error:  subscript out of bounds 
2026-07-19 22:04:14   Visa  Error:  parse error: trailing garbage
                                   400 Bad Request
                     (right here) ------^
 
2026-07-19 22:05:42   Nu  Error:  subscript out of bounds 
2026-07-20 03:57:59   Visa  Error:  parse error: trailing garbage
                                   400 Bad Request
                     (right here) ------^
 
2026-07-20 09:33:03   Visa  Error:  parse error: trailing garbage
                                   400 Bad Request
                     (right here) ------^
 
2026-07-20 09:34:36   Nu  Error:  subscript out of bounds 
2026-07-20 09:35:07   Condor  Error:  'Error caughtTimeoutError: Navigation timeout of 30000 ms exceeded' does not exist in current working directory ('/home/runner/work/eurcopscraper/eurcopscraper'). 
2026-07-20 14:29:14   Visa  Error:  parse error: trailing garbage
                                   400 Bad Request
                     (right here) ------^
 
2026-07-20 14:30:45   Nu  Error:  subscript out of bounds 
2026-07-20 14:30:52   Condor  Error:  The size of `nm` (3) must be compatible with the size of `x` (0). 
2026-07-20 16:43:39   Visa  Error:  parse error: trailing garbage
                                   400 Bad Request
                     (right here) ------^
 
2026-07-20 16:45:10   Nu  Error:  subscript out of bounds 
2026-07-20 16:45:40   Condor  Error:  'Error caughtTimeoutError: Navigation timeout of 30000 ms exceeded' does not exist in current working directory ('/home/runner/work/eurcopscraper/eurcopscraper'). 
2026-07-20 19:55:22   Visa  Error:  parse error: trailing garbage
                                   400 Bad Request
                     (right here) ------^
 
2026-07-20 19:56:51   Nu  Error:  subscript out of bounds 
2026-07-20 22:11:26   Visa  Error:  parse error: trailing garbage
                                   400 Bad Request
                     (right here) ------^
 
2026-07-20 22:12:59   Nu  Error:  subscript out of bounds 
2026-07-21 03:37:56   Visa  Error:  parse error: trailing garbage
                                   400 Bad Request
                     (right here) ------^
 
2026-07-21 03:39:26   Nu  Error:  subscript out of bounds 
2026-07-21 08:44:33   Visa  Error:  parse error: trailing garbage
                                   400 Bad Request
                     (right here) ------^
 
2026-07-21 11:17:33   Visa  Error:  parse error: trailing garbage
                                   400 Bad Request
                     (right here) ------^
 
2026-07-21 14:15:59   Visa  Error:  parse error: trailing garbage
                                   400 Bad Request
                     (right here) ------^
 
2026-07-21 16:39:46   Visa  Error:  parse error: trailing garbage
                                   400 Bad Request
                     (right here) ------^
 
2026-07-21 19:46:49   Visa  Error:  parse error: trailing garbage
                                   400 Bad Request
                     (right here) ------^
 
2026-07-21 19:48:46   Condor  Error:  'Error caughtTimeoutError: Navigation timeout of 30000 ms exceeded' does not exist in current working directory ('/home/runner/work/eurcopscraper/eurcopscraper'). 
2026-07-21 22:12:04   Visa  Error:  parse error: trailing garbage
                                   400 Bad Request
                     (right here) ------^
 
2026-07-21 22:13:34   Nu  Error:  subscript out of bounds 
2026-07-22 03:36:52   Visa  Error:  parse error: trailing garbage
                                   400 Bad Request
                     (right here) ------^
 
2026-07-22 03:38:29   Condor  Error:  The size of `nm` (3) must be compatible with the size of `x` (0). 
2026-07-22 08:43:01   Visa  Error:  parse error: trailing garbage
                                   400 Bad Request
                     (right here) ------^
 
2026-07-22 08:44:33   Nu  Error:  subscript out of bounds 
2026-07-22 11:16:58   Vancouver  Error:  Timeout was reached: [cambiosvancouver.com] Failed to connect to cambiosvancouver.com port 443 after 5252 ms: Connection timed out 
2026-07-22 11:17:36   Visa  Error:  parse error: trailing garbage
                                   400 Bad Request
                     (right here) ------^
 
2026-07-22 11:19:16   Condor  Error:  The size of `nm` (3) must be compatible with the size of `x` (0). 
2026-07-22 14:19:31   Visa  Error:  parse error: trailing garbage
                                   400 Bad Request
                     (right here) ------^
 
2026-07-22 16:41:18   Visa  Error:  parse error: trailing garbage
                                   400 Bad Request
                     (right here) ------^
 
2026-07-22 19:40:46   Vancouver  Error:  Timeout was reached: [cambiosvancouver.com] Failed to connect to cambiosvancouver.com port 443 after 5258 ms: Connection timed out 
2026-07-22 19:41:23   Visa  Error:  parse error: trailing garbage
                                   400 Bad Request
                     (right here) ------^
 
2026-07-22 19:42:59   Condor  Error:  The size of `nm` (3) must be compatible with the size of `x` (0). 
2026-07-22 22:15:31   Visa  Error:  parse error: trailing garbage
                                   400 Bad Request
                     (right here) ------^
 
2026-07-23 03:38:40   Vancouver  Error:  Timeout was reached: [cambiosvancouver.com] Failed to connect to cambiosvancouver.com port 443 after 5258 ms: Connection timed out 
2026-07-23 03:39:19   Visa  Error:  parse error: trailing garbage
                                   400 Bad Request
                     (right here) ------^
 
2026-07-23 03:40:49   Nu  Error:  subscript out of bounds 
2026-07-23 08:44:24   Visa  Error:  parse error: trailing garbage
                                   400 Bad Request
                     (right here) ------^
 
2026-07-23 11:19:46   Visa  Error:  parse error: trailing garbage
                                   400 Bad Request
                     (right here) ------^
 
2026-07-23 14:28:12   Visa  Error:  parse error: trailing garbage
                                   400 Bad Request
                     (right here) ------^
 
2026-07-23 14:29:45   Nu  Error:  subscript out of bounds 
2026-07-23 16:50:29   Visa  Error:  parse error: trailing garbage
                                   400 Bad Request
                     (right here) ------^
 
2026-07-23 19:42:47   Visa  Error:  parse error: trailing garbage
                                   400 Bad Request
                     (right here) ------^
 
2026-07-23 22:12:31   Vancouver  Error:  Timeout was reached: [cambiosvancouver.com] Failed to connect to cambiosvancouver.com port 443 after 5236 ms: Connection timed out 
2026-07-23 22:13:10   Visa  Error:  parse error: trailing garbage
                                   400 Bad Request
                     (right here) ------^
 
2026-07-23 22:14:40   Nu  Error:  subscript out of bounds 
2026-07-23 22:14:47   Condor  Error:  The size of `nm` (3) must be compatible with the size of `x` (0). 
2026-07-24 03:37:31   Visa  Error:  parse error: trailing garbage
                                   400 Bad Request
                     (right here) ------^
 
2026-07-24 03:39:06   Nu  Error:  subscript out of bounds 
2026-07-24 08:40:43   Visa  Error:  parse error: trailing garbage
                                   400 Bad Request
                     (right here) ------^
 
2026-07-24 08:42:15   Nu  Error:  subscript out of bounds 
2026-07-24 11:10:45   Visa  Error:  parse error: trailing garbage
                                   400 Bad Request
                     (right here) ------^
 
2026-07-24 11:12:46   Condor  Error:  'Error caughtTimeoutError: Navigation timeout of 30000 ms exceeded' does not exist in current working directory ('/home/runner/work/eurcopscraper/eurcopscraper'). 
2026-07-24 14:08:09   Visa  Error:  parse error: trailing garbage
                                   400 Bad Request
                     (right here) ------^
 
2026-07-24 14:09:36   Nu  Error:  subscript out of bounds 
2026-07-24 16:53:25   Visa  Error:  parse error: trailing garbage
                                   400 Bad Request
                     (right here) ------^
 
2026-07-24 19:44:24   Visa  Error:  parse error: trailing garbage
                                   400 Bad Request
                     (right here) ------^
 
2026-07-24 19:46:00   Nu  Error:  subscript out of bounds 
2026-07-24 22:16:48   Visa  Error:  parse error: trailing garbage
                                   400 Bad Request
                     (right here) ------^
 
2026-07-25 03:34:08   Visa  Error:  parse error: trailing garbage
                                   400 Bad Request
                     (right here) ------^
 
2026-07-25 03:35:40   Nu  Error:  subscript out of bounds 
2026-07-25 08:22:25   Visa  Error:  parse error: trailing garbage
                                   400 Bad Request
                     (right here) ------^
 
2026-07-25 10:42:20   Visa  Error:  parse error: trailing garbage
                                   400 Bad Request
                     (right here) ------^
 
2026-07-25 13:58:08   Visa  Error:  parse error: trailing garbage
                                   400 Bad Request
                     (right here) ------^
 
2026-07-25 13:59:39   Nu  Error:  subscript out of bounds 
2026-07-25 16:13:09   Visa  Error:  parse error: trailing garbage
                                   400 Bad Request
                     (right here) ------^
 
2026-07-25 19:23:58   Visa  Error:  parse error: trailing garbage
                                   400 Bad Request
                     (right here) ------^
 
2026-07-25 19:25:36   Condor  Error:  The size of `nm` (3) must be compatible with the size of `x` (0). 
2026-07-25 22:06:11   Visa  Error:  parse error: trailing garbage
                                   400 Bad Request
                     (right here) ------^
 
2026-07-26 03:50:04   Visa  Error:  parse error: trailing garbage
                                   400 Bad Request
                     (right here) ------^
 
2026-07-26 03:51:44   Condor  Error:  The size of `nm` (3) must be compatible with the size of `x` (0). 
2026-07-26 08:39:33   Vancouver  Error:  Timeout was reached: [cambiosvancouver.com] Failed to connect to cambiosvancouver.com port 443 after 5227 ms: Connection timed out 
2026-07-26 08:40:12   Visa  Error:  parse error: trailing garbage
                                   400 Bad Request
                     (right here) ------^
 
2026-07-26 08:41:45   Nu  Error:  subscript out of bounds 
2026-07-26 08:41:50   Condor  Error:  The size of `nm` (3) must be compatible with the size of `x` (0). 
2026-07-26 10:51:39   Visa  Error:  parse error: trailing garbage
                                   400 Bad Request
                     (right here) ------^
 
2026-07-26 13:50:31   Visa  Error:  parse error: trailing garbage
                                   400 Bad Request
                     (right here) ------^
 
2026-07-26 16:12:35   Visa  Error:  parse error: trailing garbage
                                   400 Bad Request
                     (right here) ------^
 
2026-07-26 16:14:06   Nu  Error:  subscript out of bounds 
2026-07-26 19:26:21   Vancouver  Error:  Timeout was reached: [cambiosvancouver.com] Failed to connect to cambiosvancouver.com port 443 after 5226 ms: Connection timed out 
2026-07-26 19:26:59   Visa  Error:  parse error: trailing garbage
                                   400 Bad Request
                     (right here) ------^
 
2026-07-26 19:28:38   Condor  Error:  The size of `nm` (3) must be compatible with the size of `x` (0). 
2026-07-26 22:09:49   Visa  Error:  parse error: trailing garbage
                                   400 Bad Request
                     (right here) ------^
 
2026-07-26 22:11:21   Nu  Error:  subscript out of bounds 
2026-07-27 03:58:07   Visa  Error:  parse error: trailing garbage
                                   400 Bad Request
                     (right here) ------^
 
2026-07-27 10:06:48   Vancouver  Error:  Timeout was reached: [cambiosvancouver.com] Failed to connect to cambiosvancouver.com port 443 after 5214 ms: Connection timed out 
2026-07-27 10:07:27   Visa  Error:  parse error: trailing garbage
                                   400 Bad Request
                     (right here) ------^
 
2026-07-27 15:08:44   Visa  Error:  parse error: trailing garbage
                                   400 Bad Request
                     (right here) ------^
 
2026-07-27 15:09:24   Master  Error:  subscript out of bounds 
2026-07-27 17:07:08   Visa  Error:  parse error: trailing garbage
                                   400 Bad Request
                     (right here) ------^
 
2026-07-27 19:49:25   Vancouver  Error:  Timeout was reached: [cambiosvancouver.com] Failed to connect to cambiosvancouver.com port 443 after 5238 ms: Connection timed out 
2026-07-27 19:50:03   Visa  Error:  parse error: trailing garbage
                                   400 Bad Request
                     (right here) ------^
 
2026-07-27 19:51:35   Nu  Error:  subscript out of bounds 
2026-07-27 19:51:40   Condor  Error:  The size of `nm` (3) must be compatible with the size of `x` (0). 
2026-07-27 22:16:13   Visa  Error:  parse error: trailing garbage
                                   400 Bad Request
                     (right here) ------^
 
2026-07-27 22:17:45   Nu  Error:  subscript out of bounds 
2026-07-27 22:18:02   Kapital  Error:  Failed to connect to cambioskapital.com port 443 after 261 ms: Connection refused 
2026-07-28 03:30:48   Visa  Error:  parse error: trailing garbage
                                   400 Bad Request
                     (right here) ------^
 
2026-07-28 08:49:50   Visa  Error:  parse error: trailing garbage
                                   400 Bad Request
                     (right here) ------^
 
2026-07-28 11:27:22   Visa  Error:  parse error: trailing garbage
                                   400 Bad Request
                     (right here) ------^
 
2026-07-28 11:29:22   Condor  Error:  'Error caughtTimeoutError: Navigation timeout of 30000 ms exceeded' does not exist in current working directory ('/home/runner/work/eurcopscraper/eurcopscraper'). 
2026-07-28 14:39:55   Visa  Error:  parse error: trailing garbage
                                   400 Bad Request
                     (right here) ------^
 
2026-07-28 16:48:19   Vancouver  Error:  Timeout was reached: [cambiosvancouver.com] Failed to connect to cambiosvancouver.com port 443 after 5231 ms: Connection timed out 
2026-07-28 16:48:57   Visa  Error:  parse error: trailing garbage
                                   400 Bad Request
                     (right here) ------^
 
2026-07-28 19:47:45   Vancouver  Error:  Timeout was reached: [cambiosvancouver.com] Failed to connect to cambiosvancouver.com port 443 after 5221 ms: Connection timed out 
2026-07-28 19:48:23   Visa  Error:  parse error: trailing garbage
                                   400 Bad Request
                     (right here) ------^
 
2026-07-28 22:14:58   Visa  Error:  parse error: trailing garbage
                                   400 Bad Request
                     (right here) ------^
 
2026-07-29 03:31:49   Visa  Error:  parse error: trailing garbage
                                   400 Bad Request
                     (right here) ------^
 
2026-07-29 03:33:22   Nu  Error:  subscript out of bounds 
2026-07-29 03:33:28   Condor  Error:  The size of `nm` (3) must be compatible with the size of `x` (0). 
2026-07-29 08:53:46   Vancouver  Error:  Timeout was reached: [cambiosvancouver.com] Failed to connect to cambiosvancouver.com port 443 after 5245 ms: Connection timed out 
2026-07-29 08:54:24   Visa  Error:  parse error: trailing garbage
                                   400 Bad Request
                     (right here) ------^
 
2026-07-29 08:55:55   Nu  Error:  subscript out of bounds 
2026-07-29 08:56:02   Condor  Error:  The size of `nm` (3) must be compatible with the size of `x` (0). 
2026-07-29 11:33:00   Visa  Error:  parse error: trailing garbage
                                   400 Bad Request
                     (right here) ------^
 
2026-07-29 14:30:03   Visa  Error:  parse error: trailing garbage
                                   400 Bad Request
                     (right here) ------^
 
2026-07-29 14:31:34   Nu  Error:  subscript out of bounds 
2026-07-29 16:38:46   Vancouver  Error:  Timeout was reached: [cambiosvancouver.com] Failed to connect to cambiosvancouver.com port 443 after 5246 ms: Connection timed out 
2026-07-29 16:39:24   Visa  Error:  parse error: trailing garbage
                                   400 Bad Request
                     (right here) ------^
 
2026-07-29 16:41:03   Condor  Error:  The size of `nm` (3) must be compatible with the size of `x` (0). 
2026-07-29 19:39:49   Visa  Error:  parse error: trailing garbage
                                   400 Bad Request
                     (right here) ------^
 
2026-07-29 19:40:29   Master  Error:  subscript out of bounds 
2026-07-29 22:10:23   Vancouver  Error:  Timeout was reached: [cambiosvancouver.com] Failed to connect to cambiosvancouver.com port 443 after 5286 ms: Connection timed out 
2026-07-29 22:11:00   Visa  Error:  parse error: trailing garbage
                                   400 Bad Request
                     (right here) ------^
 
2026-07-29 22:12:33   Nu  Error:  subscript out of bounds 
2026-07-29 22:12:41   Condor  Error:  The size of `nm` (3) must be compatible with the size of `x` (0). 
2026-07-30 03:19:29   Vancouver  Error:  Timeout was reached: [cambiosvancouver.com] Failed to connect to cambiosvancouver.com port 443 after 5387 ms: Connection timed out 
2026-07-30 03:20:07   Visa  Error:  parse error: trailing garbage
                                   400 Bad Request
                     (right here) ------^
 
2026-07-30 03:21:40   Nu  Error:  subscript out of bounds 
2026-07-30 03:21:45   Condor  Error:  The size of `nm` (3) must be compatible with the size of `x` (0). 
2026-07-30 08:46:15   Visa  Error:  parse error: trailing garbage
                                   400 Bad Request
                     (right here) ------^
 
2026-07-30 11:19:48   Visa  Error:  parse error: trailing garbage
                                   400 Bad Request
                     (right here) ------^
 
2026-07-30 14:28:26   Visa  Error:  parse error: trailing garbage
                                   400 Bad Request
                     (right here) ------^
 
2026-07-30 14:30:00   Nu  Error:  subscript out of bounds 
2026-07-30 16:44:41   Visa  Error:  parse error: trailing garbage
                                   400 Bad Request
                     (right here) ------^
 
2026-07-30 19:47:06   Visa  Error:  parse error: trailing garbage
                                   400 Bad Request
                     (right here) ------^
 
2026-07-30 19:48:38   Nu  Error:  subscript out of bounds 
2026-07-30 19:48:46   Condor  Error:  The size of `nm` (3) must be compatible with the size of `x` (0). 
2026-07-30 22:16:43   Vancouver  Error:  Timeout was reached: [cambiosvancouver.com] Failed to connect to cambiosvancouver.com port 443 after 5289 ms: Connection timed out 
2026-07-30 22:17:21   Visa  Error:  parse error: trailing garbage
                                   400 Bad Request
                     (right here) ------^
 
2026-07-30 22:18:56   Nu  Error:  subscript out of bounds 
2026-07-31 09:15:42   Visa  Error:  parse error: trailing garbage
                                   400 Bad Request
                     (right here) ------^
 
2026-07-31 09:17:13   Nu  Error:  subscript out of bounds 
2026-07-31 14:31:21   Visa  Error:  parse error: trailing garbage
                                   400 Bad Request
                     (right here) ------^
 
2026-07-31 16:53:04   Visa  Error:  parse error: trailing garbage
                                   400 Bad Request
                     (right here) ------^
 
2026-07-31 16:54:33   Nu  Error:  subscript out of bounds 
2026-07-31 19:48:37   Visa  Error:  parse error: trailing garbage
                                   400 Bad Request
                     (right here) ------^
 
2026-07-31 19:50:08   Nu  Error:  subscript out of bounds 
2026-07-31 22:14:32   Visa  Error:  parse error: trailing garbage
                                   400 Bad Request
                     (right here) ------^
 
2026-08-01 03:45:33   Visa  Error:  parse error: trailing garbage
                                   400 Bad Request
                     (right here) ------^
 
2026-08-01 03:47:01   Nu  Error:  subscript out of bounds 
2026-08-01 08:33:01   Vancouver  Error:  Timeout was reached: [cambiosvancouver.com] Failed to connect to cambiosvancouver.com port 443 after 5268 ms: Connection timed out 
2026-08-01 08:33:37   Visa  Error:  parse error: trailing garbage
                                   400 Bad Request
                     (right here) ------^
 
2026-08-01 08:35:08   Nu  Error:  subscript out of bounds 
2026-08-01 10:47:21   Vancouver  Error:  Timeout was reached: [cambiosvancouver.com] Failed to connect to cambiosvancouver.com port 443 after 5247 ms: Connection timed out 
2026-08-01 10:47:59   Visa  Error:  parse error: trailing garbage
                                   400 Bad Request
                     (right here) ------^
 
2026-08-01 10:49:30   Nu  Error:  subscript out of bounds 
2026-08-01 10:49:37   Condor  Error:  The size of `nm` (3) must be compatible with the size of `x` (0). 
2026-08-01 13:48:44   Visa  Error:  parse error: trailing garbage
                                   400 Bad Request
                     (right here) ------^
 
2026-08-01 16:12:01   Vancouver  Error:  Timeout was reached: [cambiosvancouver.com] Failed to connect to cambiosvancouver.com port 443 after 5227 ms: Connection timed out 
2026-08-01 16:12:40   Visa  Error:  parse error: trailing garbage
                                   400 Bad Request
                     (right here) ------^
 
2026-08-01 19:24:30   Visa  Error:  parse error: trailing garbage
                                   400 Bad Request
                     (right here) ------^
 
2026-08-01 22:06:48   Visa  Error:  parse error: trailing garbage
                                   400 Bad Request
                     (right here) ------^
 
2026-08-01 22:08:21   Nu  Error:  subscript out of bounds 
2026-08-02 03:45:38   Vancouver  Error:  Timeout was reached: [cambiosvancouver.com] Failed to connect to cambiosvancouver.com port 443 after 5231 ms: Connection timed out 
2026-08-02 03:46:16   Visa  Error:  parse error: trailing garbage
                                   400 Bad Request
                     (right here) ------^
 
2026-08-02 08:36:43   Visa  Error:  parse error: trailing garbage
                                   400 Bad Request
                     (right here) ------^
 
2026-08-02 08:38:14   Nu  Error:  subscript out of bounds 
2026-08-02 08:38:19   Condor  Error:  The size of `nm` (3) must be compatible with the size of `x` (0). 
2026-08-02 10:48:53   Visa  Error:  parse error: trailing garbage
                                   400 Bad Request
                     (right here) ------^
 
2026-08-02 10:50:25   Nu  Error:  subscript out of bounds 
2026-08-02 13:48:57   Visa  Error:  parse error: trailing garbage
                                   400 Bad Request
                     (right here) ------^
 
2026-08-02 16:12:03   Visa  Error:  parse error: trailing garbage
                                   400 Bad Request
                     (right here) ------^
 
2026-08-02 16:13:33   Nu  Error:  subscript out of bounds 
2026-08-02 19:25:03   Visa  Error:  parse error: trailing garbage
                                   400 Bad Request
                     (right here) ------^
 
2026-08-02 22:05:59   Visa  Error:  parse error: trailing garbage
                                   400 Bad Request
                     (right here) ------^
 
2026-08-02 22:07:31   Nu  Error:  subscript out of bounds 
2026-08-03 03:47:38   Vancouver  Error:  Timeout was reached: [cambiosvancouver.com] Failed to connect to cambiosvancouver.com port 443 after 5249 ms: Connection timed out 
2026-08-03 03:48:15   Visa  Error:  parse error: trailing garbage
                                   400 Bad Request
                     (right here) ------^
 
2026-08-03 03:49:53   Condor  Error:  The size of `nm` (3) must be compatible with the size of `x` (0). 
2026-08-03 03:50:23   Comdirect  Error:  'Error caughtTimeoutError: Navigation timeout of 30000 ms exceeded' does not exist in current working directory ('/home/runner/work/eurcopscraper/eurcopscraper'). 
2026-08-03 10:04:46   Visa  Error:  parse error: trailing garbage
                                   400 Bad Request
                     (right here) ------^
 
2026-08-03 15:12:02   Visa  Error:  parse error: trailing garbage
                                   400 Bad Request
                     (right here) ------^
 
2026-08-03 19:51:01   Vancouver  Error:  Timeout was reached: [cambiosvancouver.com] Failed to connect to cambiosvancouver.com port 443 after 5229 ms: Connection timed out 
2026-08-03 19:51:39   Visa  Error:  parse error: trailing garbage
                                   400 Bad Request
                     (right here) ------^
 
2026-08-03 19:53:16   Condor  Error:  'Error caughtError: Execution context was destroyed, most likely because of a navigation.' does not exist in current working directory ('/home/runner/work/eurcopscraper/eurcopscraper'). 
2026-08-03 22:16:18   Visa  Error:  parse error: trailing garbage
                                   400 Bad Request
                     (right here) ------^
 
2026-08-04 03:32:29   Visa  Error:  parse error: trailing garbage
                                   400 Bad Request
                     (right here) ------^
 
2026-08-04 03:34:03   Nu  Error:  subscript out of bounds 
2026-08-04 08:53:39   Visa  Error:  parse error: trailing garbage
                                   400 Bad Request
                     (right here) ------^
 
2026-08-04 08:55:09   Nu  Error:  subscript out of bounds 
2026-08-04 11:32:57   Visa  Error:  parse error: trailing garbage
                                   400 Bad Request
                     (right here) ------^
 
2026-08-04 11:34:31   Nu  Error:  subscript out of bounds 
2026-08-04 14:36:43   Visa  Error:  parse error: trailing garbage
                                   400 Bad Request
                     (right here) ------^
 
2026-08-04 14:38:16   Nu  Error:  subscript out of bounds 
2026-08-04 17:02:35   Visa  Error:  parse error: trailing garbage
                                   400 Bad Request
                     (right here) ------^
 
2026-08-04 17:04:05   Nu  Error:  subscript out of bounds 
2026-08-04 19:51:19   Vancouver  Error:  Timeout was reached: [cambiosvancouver.com] Failed to connect to cambiosvancouver.com port 443 after 5242 ms: Connection timed out 
2026-08-04 19:51:58   Visa  Error:  parse error: trailing garbage
                                   400 Bad Request
                     (right here) ------^
 
2026-08-04 19:53:31   Nu  Error:  subscript out of bounds 
2026-08-04 19:53:38   Condor  Error:  The size of `nm` (3) must be compatible with the size of `x` (0). 
2026-08-04 22:20:48   Vancouver  Error:  Timeout was reached: [cambiosvancouver.com] Failed to connect to cambiosvancouver.com port 443 after 5251 ms: Connection timed out 
2026-08-04 22:21:28   Visa  Error:  parse error: trailing garbage
                                   400 Bad Request
                     (right here) ------^
 
2026-08-04 22:23:01   Nu  Error:  subscript out of bounds 
2026-08-04 22:23:08   Condor  Error:  The size of `nm` (3) must be compatible with the size of `x` (0). 
2026-08-05 03:26:59   Visa  Error:  parse error: trailing garbage
                                   400 Bad Request
                     (right here) ------^
 
2026-08-05 08:51:34   Visa  Error:  parse error: trailing garbage
                                   400 Bad Request
                     (right here) ------^
 
2026-08-05 08:53:05   Nu  Error:  subscript out of bounds 
2026-08-05 11:28:30   Visa  Error:  parse error: trailing garbage
                                   400 Bad Request
                     (right here) ------^
 
2026-08-05 14:29:19   Visa  Error:  parse error: trailing garbage
                                   400 Bad Request
                     (right here) ------^
 
2026-08-05 14:30:50   Nu  Error:  subscript out of bounds 
2026-08-05 16:50:28   Visa  Error:  parse error: trailing garbage
                                   400 Bad Request
                     (right here) ------^
 
2026-08-05 16:52:01   Nu  Error:  subscript out of bounds 
2026-08-05 19:50:29   Visa  Error:  parse error: trailing garbage
                                   400 Bad Request
                     (right here) ------^
 
2026-08-05 22:20:10   Visa  Error:  parse error: trailing garbage
                                   400 Bad Request
                     (right here) ------^
 
2026-08-06 03:30:58   Visa  Error:  parse error: trailing garbage
                                   400 Bad Request
                     (right here) ------^
 
2026-08-06 08:51:49   Visa  Error:  parse error: trailing garbage
                                   400 Bad Request
                     (right here) ------^
 
2026-08-06 08:53:19   Nu  Error:  subscript out of bounds 
2026-08-06 11:31:38   Visa  Error:  parse error: trailing garbage
                                   400 Bad Request
                     (right here) ------^
 
2026-08-06 14:32:37   Visa  Error:  parse error: trailing garbage
                                   400 Bad Request
                     (right here) ------^
 
2026-08-06 14:34:08   Nu  Error:  subscript out of bounds 
2026-08-07 00:12:36   Visa  Error:  parse error: trailing garbage
                                   400 Bad Request
                     (right here) ------^
 
2026-08-07 05:02:09   Visa  Error:  parse error: trailing garbage
                                   400 Bad Request
                     (right here) ------^
 
2026-08-07 07:40:02   Visa  Error:  parse error: trailing garbage
                                   400 Bad Request
                     (right here) ------^
 
2026-08-07 10:09:26   Visa  Error:  parse error: trailing garbage
                                   400 Bad Request
                     (right here) ------^
 
2026-08-07 10:10:59   Nu  Error:  subscript out of bounds 
2026-08-07 10:11:07   Condor  Error:  The size of `nm` (3) must be compatible with the size of `x` (0). 
2026-08-07 13:24:32   Vancouver  Error:  Timeout was reached: [cambiosvancouver.com] Failed to connect to cambiosvancouver.com port 443 after 5286 ms: Connection timed out 
2026-08-07 13:25:09   Visa  Error:  parse error: trailing garbage
                                   400 Bad Request
                     (right here) ------^
 
2026-08-07 13:26:42   Nu  Error:  subscript out of bounds 
2026-08-07 13:26:50   Condor  Error:  The size of `nm` (3) must be compatible with the size of `x` (0). 
2026-08-07 16:05:09   Visa  Error:  parse error: trailing garbage
                                   400 Bad Request
                     (right here) ------^
 
2026-08-07 19:12:01   Visa  Error:  parse error: trailing garbage
                                   400 Bad Request
                     (right here) ------^
 
2026-08-07 19:13:33   Nu  Error:  subscript out of bounds 
2026-08-07 21:52:38   Visa  Error:  parse error: trailing garbage
                                   400 Bad Request
                     (right here) ------^
 
2026-08-07 21:54:11   Nu  Error:  subscript out of bounds 
2026-08-08 02:13:32   Visa  Error:  parse error: trailing garbage
                                   400 Bad Request
                     (right here) ------^
 
2026-08-08 04:19:21   Visa  Error:  parse error: trailing garbage
                                   400 Bad Request
                     (right here) ------^
 
2026-08-08 07:09:42   Visa  Error:  parse error: trailing garbage
                                   400 Bad Request
                     (right here) ------^
 
2026-08-08 07:11:13   Nu  Error:  subscript out of bounds 
2026-08-08 09:51:17   Visa  Error:  parse error: trailing garbage
                                   400 Bad Request
                     (right here) ------^
 
2026-08-08 13:08:02   Vancouver  Error:  Timeout was reached: [cambiosvancouver.com] Failed to connect to cambiosvancouver.com port 443 after 5237 ms: Connection timed out 
2026-08-08 13:08:41   Visa  Error:  parse error: trailing garbage
                                   400 Bad Request
                     (right here) ------^
 
2026-08-08 13:10:19   Condor  Error:  The size of `nm` (3) must be compatible with the size of `x` (0). 
2026-08-08 15:40:24   Visa  Error:  parse error: trailing garbage
                                   400 Bad Request
                     (right here) ------^
 
2026-08-08 15:41:53   Nu  Error:  subscript out of bounds 
2026-08-08 18:53:56   Vancouver  Error:  Timeout was reached: [cambiosvancouver.com] Failed to connect to cambiosvancouver.com port 443 after 5302 ms: Connection timed out 
2026-08-08 18:54:35   Visa  Error:  parse error: trailing garbage
                                   400 Bad Request
                     (right here) ------^
 
2026-08-08 18:56:06   Nu  Error:  subscript out of bounds 
2026-08-08 18:56:13   Condor  Error:  The size of `nm` (3) must be compatible with the size of `x` (0). 
2026-08-08 21:41:34   Visa  Error:  parse error: trailing garbage
                                   400 Bad Request
                     (right here) ------^
 
2026-08-09 02:24:27   Visa  Error:  parse error: trailing garbage
                                   400 Bad Request
                     (right here) ------^
 
2026-08-09 04:27:07   Vancouver  Error:  Timeout was reached: [cambiosvancouver.com] Failed to connect to cambiosvancouver.com port 443 after 5248 ms: Connection timed out 
2026-08-09 04:27:47   Visa  Error:  parse error: trailing garbage
                                   400 Bad Request
                     (right here) ------^
 
2026-08-09 04:29:25   Condor  Error:  The size of `nm` (3) must be compatible with the size of `x` (0). 
2026-08-09 07:11:04   Visa  Error:  parse error: trailing garbage
                                   400 Bad Request
                     (right here) ------^
 
2026-08-09 07:12:35   Nu  Error:  subscript out of bounds 
2026-08-09 07:12:40   Condor  Error:  'Error caughtError: Execution context was destroyed, most likely because of a navigation.' does not exist in current working directory ('/home/runner/work/eurcopscraper/eurcopscraper'). 
2026-08-09 09:53:41   Visa  Error:  parse error: trailing garbage
                                   400 Bad Request
                     (right here) ------^
 
2026-08-09 13:11:32   Visa  Error:  parse error: trailing garbage
                                   400 Bad Request
                     (right here) ------^
 
2026-08-09 15:42:07   Visa  Error:  parse error: trailing garbage
                                   400 Bad Request
                     (right here) ------^
 
2026-08-09 15:43:39   Nu  Error:  subscript out of bounds 
2026-08-09 18:55:58   Vancouver  Error:  Timeout was reached: [cambiosvancouver.com] Failed to connect to cambiosvancouver.com port 443 after 5356 ms: Connection timed out 
2026-08-09 18:56:37   Visa  Error:  parse error: trailing garbage
                                   400 Bad Request
                     (right here) ------^
 
2026-08-09 21:44:19   Visa  Error:  parse error: trailing garbage
                                   400 Bad Request
                     (right here) ------^
 
2026-08-09 21:45:47   Nu  Error:  subscript out of bounds 
2026-08-10 02:29:56   Visa  Error:  parse error: trailing garbage
                                   400 Bad Request
                     (right here) ------^
 
2026-08-10 04:49:28   Visa  Error:  parse error: trailing garbage
                                   400 Bad Request
                     (right here) ------^
 
2026-08-10 08:00:52   Visa  Error:  parse error: trailing garbage
                                   400 Bad Request
                     (right here) ------^
 
2026-08-10 10:28:04   Visa  Error:  parse error: trailing garbage
                                   400 Bad Request
                     (right here) ------^
 
2026-08-10 10:29:35   Nu  Error:  subscript out of bounds 
2026-08-10 13:37:22   Vancouver  Error:  Timeout was reached: [cambiosvancouver.com] Failed to connect to cambiosvancouver.com port 443 after 5331 ms: Connection timed out 
2026-08-10 13:37:58   Visa  Error:  parse error: trailing garbage
                                   400 Bad Request
                     (right here) ------^
 
2026-08-10 13:39:28   Nu  Error:  subscript out of bounds 
2026-08-10 13:39:36   Condor  Error:  The size of `nm` (3) must be compatible with the size of `x` (0). 
2026-08-10 16:08:00   Visa  Error:  parse error: trailing garbage
                                   400 Bad Request
                     (right here) ------^
 
2026-08-10 16:09:31   Nu  Error:  subscript out of bounds 
2026-08-10 19:11:51   Visa  Error:  parse error: trailing garbage
                                   400 Bad Request
                     (right here) ------^
 
2026-08-10 21:54:48   Visa  Error:  parse error: trailing garbage
                                   400 Bad Request
                     (right here) ------^
 
2026-08-10 21:56:21   Nu  Error:  subscript out of bounds 
2026-08-11 02:23:24   Visa  Error:  parse error: trailing garbage
                                   400 Bad Request
                     (right here) ------^
 
2026-08-11 02:24:55   Nu  Error:  subscript out of bounds 
2026-08-11 04:37:54   Visa  Error:  parse error: trailing garbage
                                   400 Bad Request
                     (right here) ------^
 
2026-08-11 04:39:26   Nu  Error:  subscript out of bounds 
2026-08-11 07:23:35   Visa  Error:  parse error: trailing garbage
                                   400 Bad Request
                     (right here) ------^
 
2026-08-11 07:25:07   Nu  Error:  subscript out of bounds 
2026-08-11 10:09:31   Visa  Error:  parse error: trailing garbage
                                   400 Bad Request
                     (right here) ------^
 
2026-08-11 10:11:00   Nu  Error:  subscript out of bounds 
2026-08-11 13:27:14   Visa  Error:  parse error: trailing garbage
                                   400 Bad Request
                     (right here) ------^
 
2026-08-11 16:08:51   Visa  Error:  parse error: trailing garbage
                                   400 Bad Request
                     (right here) ------^
 
2026-08-11 19:16:42   Visa  Error:  parse error: trailing garbage
                                   400 Bad Request
                     (right here) ------^
 
2026-08-11 19:18:14   Nu  Error:  subscript out of bounds 
2026-08-11 22:00:26   Visa  Error:  parse error: trailing garbage
                                   400 Bad Request
                     (right here) ------^
 
2026-08-11 22:01:54   Nu  Error:  subscript out of bounds 
2026-08-12 02:39:30   Visa  Error:  parse error: trailing garbage
                                   400 Bad Request
                     (right here) ------^
 
2026-08-12 02:41:01   Nu  Error:  subscript out of bounds 
2026-08-12 02:41:08   Condor  Error:  The size of `nm` (3) must be compatible with the size of `x` (0). 
2026-08-12 04:58:49   Visa  Error:  parse error: trailing garbage
                                   400 Bad Request
                     (right here) ------^
 
2026-08-12 05:00:20   Nu  Error:  subscript out of bounds 
2026-08-12 07:46:42   Vancouver  Error:  Timeout was reached: [cambiosvancouver.com] Failed to connect to cambiosvancouver.com port 443 after 5226 ms: Connection timed out 
2026-08-12 07:47:21   Visa  Error:  parse error: trailing garbage
                                   400 Bad Request
                     (right here) ------^
 
2026-08-12 07:48:50   Nu  Error:  subscript out of bounds 
2026-08-12 07:48:55   Condor  Error:  The size of `nm` (3) must be compatible with the size of `x` (0). 
2026-08-12 10:21:42   Visa  Error:  parse error: trailing garbage
                                   400 Bad Request
                     (right here) ------^
 
2026-08-12 10:23:15   Nu  Error:  subscript out of bounds 
2026-08-12 13:39:18   Visa  Error:  parse error: trailing garbage
                                   400 Bad Request
                     (right here) ------^
 
2026-08-12 13:40:54   Nu  Error:  subscript out of bounds 
2026-08-12 16:06:33   Vancouver  Error:  Timeout was reached: [cambiosvancouver.com] Failed to connect to cambiosvancouver.com port 443 after 5262 ms: Connection timed out 
2026-08-12 16:07:11   Visa  Error:  parse error: trailing garbage
                                   400 Bad Request
                     (right here) ------^
 
2026-08-12 16:08:45   Nu  Error:  subscript out of bounds 
2026-08-12 19:16:53   Visa  Error:  parse error: trailing garbage
                                   400 Bad Request
                     (right here) ------^
 
2026-08-12 19:18:24   Nu  Error:  subscript out of bounds 
2026-08-12 19:18:30   Condor  Error:  The size of `nm` (3) must be compatible with the size of `x` (0). 
2026-08-12 21:58:00   Visa  Error:  parse error: trailing garbage
                                   400 Bad Request
                     (right here) ------^
 
2026-08-13 02:41:21   Visa  Error:  parse error: trailing garbage
                                   400 Bad Request
                     (right here) ------^
 
2026-08-13 02:42:53   Nu  Error:  subscript out of bounds 
2026-08-13 05:01:46   Visa  Error:  parse error: trailing garbage
                                   400 Bad Request
                     (right here) ------^
 
2026-08-13 07:49:44   Visa  Error:  parse error: trailing garbage
                                   400 Bad Request
                     (right here) ------^
 
2026-08-13 10:20:39   Visa  Error:  parse error: trailing garbage
                                   400 Bad Request
                     (right here) ------^
 
2026-08-13 13:39:56   Visa  Error:  parse error: trailing garbage
                                   400 Bad Request
                     (right here) ------^
 
2026-08-13 13:40:29   Master  Error:  subscript out of bounds 
2026-08-13 13:41:06   Nu  Error:  subscript out of bounds 
2026-08-13 16:07:18   Visa  Error:  parse error: trailing garbage
                                   400 Bad Request
                     (right here) ------^
 
2026-08-13 19:17:42   Visa  Error:  parse error: trailing garbage
                                   400 Bad Request
                     (right here) ------^
 
2026-08-13 19:19:16   Nu  Error:  subscript out of bounds 
2026-08-13 21:57:51   Vancouver  Error:  Timeout was reached: [cambiosvancouver.com] Failed to connect to cambiosvancouver.com port 443 after 5234 ms: Connection timed out 
2026-08-13 21:58:32   Visa  Error:  parse error: trailing garbage
                                   400 Bad Request
                     (right here) ------^
 
2026-08-13 22:00:10   Condor  Error:  'Error caughtError: Execution context was destroyed, most likely because of a navigation.' does not exist in current working directory ('/home/runner/work/eurcopscraper/eurcopscraper'). 
2026-08-14 02:37:47   Vancouver  Error:  Timeout was reached: [cambiosvancouver.com] Failed to connect to cambiosvancouver.com port 443 after 5251 ms: Connection timed out 
2026-08-14 02:38:24   Visa  Error:  parse error: trailing garbage
                                   400 Bad Request
                     (right here) ------^
 
2026-08-14 02:40:02   Condor  Error:  The size of `nm` (3) must be compatible with the size of `x` (0). 
2026-08-14 04:58:41   Visa  Error:  parse error: trailing garbage
                                   400 Bad Request
                     (right here) ------^
 
2026-08-14 05:00:13   Nu  Error:  subscript out of bounds 
2026-08-14 07:47:22   Visa  Error:  parse error: trailing garbage
                                   400 Bad Request
                     (right here) ------^
 
2026-08-14 07:49:00   Nu  Error:  subscript out of bounds 
2026-08-14 10:15:08   Visa  Error:  parse error: trailing garbage
                                   400 Bad Request
                     (right here) ------^
 
2026-08-14 10:16:43   Nu  Error:  subscript out of bounds 
2026-08-14 13:28:35   Visa  Error:  parse error: trailing garbage
                                   400 Bad Request
                     (right here) ------^
 
2026-08-14 13:30:04   Nu  Error:  subscript out of bounds 
2026-08-14 16:02:29   Visa  Error:  parse error: trailing garbage
                                   400 Bad Request
                     (right here) ------^
 
2026-08-14 16:03:58   Nu  Error:  subscript out of bounds 
2026-08-14 19:08:25   Vancouver  Error:  Timeout was reached: [cambiosvancouver.com] Failed to connect to cambiosvancouver.com port 443 after 5250 ms: Connection timed out 
2026-08-14 19:09:04   Visa  Error:  parse error: trailing garbage
                                   400 Bad Request
                     (right here) ------^
 
2026-08-14 21:36:36   Visa  Error:  parse error: trailing garbage
                                   400 Bad Request
                     (right here) ------^
 
2026-08-15 01:47:46   Visa  Error:  parse error: trailing garbage
                                   400 Bad Request
                     (right here) ------^
 
2026-08-15 03:50:29   Visa  Error:  parse error: trailing garbage
                                   400 Bad Request
                     (right here) ------^
 
2026-08-15 06:54:18   Visa  Error:  parse error: trailing garbage
                                   400 Bad Request
                     (right here) ------^
 
2026-08-15 06:55:51   Nu  Error:  subscript out of bounds 
2026-08-15 06:56:05   Comdirect  Error:  ℹ In argument: `iso == "COP"`.
Caused by error:
! object 'iso' not found 
2026-08-15 09:37:09   Vancouver  Error:  Timeout was reached: [cambiosvancouver.com] Failed to connect to cambiosvancouver.com port 443 after 5242 ms: Connection timed out 
2026-08-15 09:37:47   Visa  Error:  parse error: trailing garbage
                                   400 Bad Request
                     (right here) ------^
 
2026-08-15 12:55:37   Visa  Error:  parse error: trailing garbage
                                   400 Bad Request
                     (right here) ------^
 
2026-08-15 15:31:46   Visa  Error:  parse error: trailing garbage
                                   400 Bad Request
                     (right here) ------^
 
2026-08-15 18:43:49   Visa  Error:  parse error: trailing garbage
                                   400 Bad Request
                     (right here) ------^
 
2026-08-15 21:32:11   Visa  Error:  parse error: trailing garbage
                                   400 Bad Request
                     (right here) ------^
 
2026-08-15 21:33:48   Condor  Error:  The size of `nm` (3) must be compatible with the size of `x` (0). 
2026-08-16 01:55:18   Visa  Error:  parse error: trailing garbage
                                   400 Bad Request
                     (right here) ------^
 
2026-08-16 01:56:49   Nu  Error:  subscript out of bounds 
2026-08-16 03:57:25   Visa  Error:  parse error: trailing garbage
                                   400 Bad Request
                     (right here) ------^
 
2026-08-16 03:58:56   Nu  Error:  subscript out of bounds 
2026-08-16 06:55:58   Visa  Error:  parse error: trailing garbage
                                   400 Bad Request
                     (right here) ------^
 
2026-08-16 06:57:28   Nu  Error:  subscript out of bounds 
2026-08-16 09:37:53   Visa  Error:  parse error: trailing garbage
                                   400 Bad Request
                     (right here) ------^
 
2026-08-16 09:39:23   Nu  Error:  subscript out of bounds 
2026-08-16 09:39:37   Comdirect  Error:  ℹ In argument: `iso == "COP"`.
Caused by error:
! object 'iso' not found 
2026-08-16 12:57:45   Visa  Error:  parse error: trailing garbage
                                   400 Bad Request
                     (right here) ------^
 
2026-08-16 12:59:32   Comdirect  Error:  ℹ In argument: `iso == "COP"`.
Caused by error:
! object 'iso' not found 
2026-08-16 15:33:36   Visa  Error:  parse error: trailing garbage
                                   400 Bad Request
                     (right here) ------^
 
2026-08-16 15:35:24   Comdirect  Error:  ℹ In argument: `iso == "COP"`.
Caused by error:
! object 'iso' not found 
2026-08-16 18:43:06   Visa  Error:  parse error: trailing garbage
                                   400 Bad Request
                     (right here) ------^
 
2026-08-16 18:44:56   Comdirect  Error:  ℹ In argument: `iso == "COP"`.
Caused by error:
! object 'iso' not found 
2026-08-17 01:52:15   Visa  Error:  parse error: trailing garbage
                                   400 Bad Request
                     (right here) ------^
 
2026-08-17 01:53:52   Condor  Error:  The size of `nm` (3) must be compatible with the size of `x` (0). 
2026-08-17 01:54:01   Comdirect  Error:  ℹ In argument: `iso == "COP"`.
Caused by error:
! object 'iso' not found 
2026-08-17 03:59:46   Visa  Error:  parse error: trailing garbage
                                   400 Bad Request
                     (right here) ------^
 
2026-08-17 04:01:16   Nu  Error:  subscript out of bounds 
2026-08-17 04:01:35   Comdirect  Error:  ℹ In argument: `iso == "COP"`.
Caused by error:
! object 'iso' not found 
2026-08-17 07:13:21   Visa  Error:  parse error: trailing garbage
                                   400 Bad Request
                     (right here) ------^
 
2026-08-17 07:15:09   Comdirect  Error:  ℹ In argument: `iso == "COP"`.
Caused by error:
! object 'iso' not found 
2026-08-17 09:54:51   Visa  Error:  parse error: trailing garbage
                                   400 Bad Request
                     (right here) ------^
 
2026-08-17 09:56:21   Nu  Error:  subscript out of bounds 
2026-08-17 13:03:09   Visa  Error:  parse error: trailing garbage
                                   400 Bad Request
                     (right here) ------^
 
2026-08-17 15:36:56   Visa  Error:  parse error: trailing garbage
                                   400 Bad Request
                     (right here) ------^
 
2026-08-17 15:38:26   Nu  Error:  subscript out of bounds 
2026-08-17 18:55:18   Visa  Error:  parse error: trailing garbage
                                   400 Bad Request
                     (right here) ------^
 
2026-08-17 21:36:37   Visa  Error:  parse error: trailing garbage
                                   400 Bad Request
                     (right here) ------^
 
2026-08-17 21:38:10   Nu  Error:  subscript out of bounds 
2026-08-18 01:48:34   Visa  Error:  parse error: trailing garbage
                                   400 Bad Request
                     (right here) ------^
 
2026-08-18 03:54:54   Visa  Error:  parse error: trailing garbage
                                   400 Bad Request
                     (right here) ------^
 
2026-08-18 03:56:26   Nu  Error:  subscript out of bounds 
2026-08-18 07:00:13   Visa  Error:  parse error: trailing garbage
                                   400 Bad Request
                     (right here) ------^
 
2026-08-18 07:01:44   Nu  Error:  subscript out of bounds 
2026-08-18 09:44:24   Visa  Error:  parse error: trailing garbage
                                   400 Bad Request
                     (right here) ------^
 
2026-08-18 13:03:39   Vancouver  Error:  Timeout was reached: [cambiosvancouver.com] Failed to connect to cambiosvancouver.com port 443 after 5281 ms: Connection timed out 
2026-08-18 13:04:17   Visa  Error:  parse error: trailing garbage
                                   400 Bad Request
                     (right here) ------^
 
2026-08-18 13:05:49   Nu  Error:  subscript out of bounds 
2026-08-18 15:48:35   Visa  Error:  parse error: trailing garbage
                                   400 Bad Request
                     (right here) ------^
 
2026-08-18 19:14:21   Visa  Error:  parse error: trailing garbage
                                   400 Bad Request
                     (right here) ------^
 
2026-08-18 21:35:26   Visa  Error:  parse error: trailing garbage
                                   400 Bad Request
                     (right here) ------^
 
2026-08-18 21:36:59   Nu  Error:  subscript out of bounds 
2026-08-19 01:50:35   Visa  Error:  parse error: trailing garbage
                                   400 Bad Request
                     (right here) ------^
 
2026-08-19 01:52:03   Nu  Error:  subscript out of bounds 
2026-08-19 03:57:36   Visa  Error:  parse error: trailing garbage
                                   400 Bad Request
                     (right here) ------^
 
2026-08-19 09:44:57   Visa  Error:  parse error: trailing garbage
                                   400 Bad Request
                     (right here) ------^
 
2026-08-19 13:05:30   Visa  Error:  parse error: trailing garbage
                                   400 Bad Request
                     (right here) ------^
 
2026-08-19 13:07:00   Nu  Error:  subscript out of bounds 
2026-08-19 15:45:17   Visa  Error:  parse error: trailing garbage
                                   400 Bad Request
                     (right here) ------^
 
2026-08-19 19:44:02   Visa  Error:  parse error: trailing garbage
                                   400 Bad Request
                     (right here) ------^
 
2026-08-19 19:45:31   Nu  Error:  subscript out of bounds 
2026-08-19 19:45:37   Condor  Error:  The size of `nm` (3) must be compatible with the size of `x` (0). 
2026-08-19 21:49:00   Visa  Error:  parse error: trailing garbage
                                   400 Bad Request
                     (right here) ------^
 
2026-08-19 21:50:32   Nu  Error:  subscript out of bounds 
2026-08-19 21:50:39   Condor  Error:  The size of `nm` (3) must be compatible with the size of `x` (0). 
2026-08-20 01:48:17   Visa  Error:  parse error: trailing garbage
                                   400 Bad Request
                     (right here) ------^
 
2026-08-20 01:49:51   Nu  Error:  subscript out of bounds 
2026-08-20 03:55:13   Vancouver  Error:  Timeout was reached: [cambiosvancouver.com] Failed to connect to cambiosvancouver.com port 443 after 5245 ms: Connection timed out 
2026-08-20 03:55:51   Visa  Error:  parse error: trailing garbage
                                   400 Bad Request
                     (right here) ------^
 
2026-08-20 03:56:32   Master  Error:  subscript out of bounds 
2026-08-20 03:57:20   Nu  Error:  subscript out of bounds 
2026-08-20 07:02:34   Visa  Error:  parse error: trailing garbage
                                   400 Bad Request
                     (right here) ------^
 
2026-08-20 09:46:27   Visa  Error:  parse error: trailing garbage
                                   400 Bad Request
                     (right here) ------^
 
2026-08-20 09:47:58   Nu  Error:  subscript out of bounds 
2026-08-20 13:06:51   Visa  Error:  parse error: trailing garbage
                                   400 Bad Request
                     (right here) ------^
 
2026-08-20 13:08:21   Nu  Error:  subscript out of bounds 
2026-08-20 13:08:48   Kapital  Error:  Timeout was reached: [cambioskapital.com] Resolving timed out after 10000 milliseconds 
2026-08-20 15:45:42   Visa  Error:  parse error: trailing garbage
                                   400 Bad Request
                     (right here) ------^
 
2026-08-20 18:55:18   Visa  Error:  parse error: trailing garbage
                                   400 Bad Request
                     (right here) ------^
 
2026-08-20 18:56:58   Condor  Error:  The size of `nm` (3) must be compatible with the size of `x` (0). 
2026-08-20 21:39:37   Visa  Error:  parse error: trailing garbage
                                   400 Bad Request
                     (right here) ------^
 
2026-08-20 21:41:10   Nu  Error:  subscript out of bounds 
2026-08-21 01:53:10   Visa  Error:  parse error: trailing garbage
                                   400 Bad Request
                     (right here) ------^
 
2026-08-21 01:54:44   Nu  Error:  subscript out of bounds 
2026-08-21 03:58:20   Visa  Error:  parse error: trailing garbage
                                   400 Bad Request
                     (right here) ------^
 
2026-08-21 07:04:05   Visa  Error:  parse error: trailing garbage
                                   400 Bad Request
                     (right here) ------^
 
2026-08-21 09:48:57   Vancouver  Error:  Timeout was reached: [cambiosvancouver.com] Failed to connect to cambiosvancouver.com port 443 after 5310 ms: Connection timed out 
2026-08-21 09:49:36   Visa  Error:  parse error: trailing garbage
                                   400 Bad Request
                     (right here) ------^
 
2026-08-21 09:51:16   Condor  Error:  The size of `nm` (3) must be compatible with the size of `x` (0). 
2026-08-21 13:06:38   Visa  Error:  parse error: trailing garbage
                                   400 Bad Request
                     (right here) ------^
 
2026-08-21 13:08:11   Nu  Error:  subscript out of bounds 
2026-08-21 15:44:58   Visa  Error:  parse error: trailing garbage
                                   400 Bad Request
                     (right here) ------^
 
2026-08-21 15:46:29   Nu  Error:  subscript out of bounds 
2026-08-21 18:52:48   Visa  Error:  parse error: trailing garbage
                                   400 Bad Request
                     (right here) ------^
 
2026-08-21 18:53:27   Master  Error:  subscript out of bounds 
2026-08-21 18:54:17   Nu  Error:  subscript out of bounds 
2026-08-21 21:35:40   Visa  Error:  parse error: trailing garbage
                                   400 Bad Request
                     (right here) ------^
 
2026-08-21 21:37:12   Nu  Error:  subscript out of bounds 
2026-08-22 01:46:56   Visa  Error:  parse error: trailing garbage
                                   400 Bad Request
                     (right here) ------^
 
2026-08-22 03:51:51   Visa  Error:  parse error: trailing garbage
                                   400 Bad Request
                     (right here) ------^
 
2026-08-22 06:56:21   Visa  Error:  parse error: trailing garbage
                                   400 Bad Request
                     (right here) ------^
 
2026-08-22 09:38:48   Visa  Error:  parse error: trailing garbage
                                   400 Bad Request
                     (right here) ------^
 
2026-08-22 12:57:31   Visa  Error:  parse error: trailing garbage
                                   400 Bad Request
                     (right here) ------^
 
2026-08-22 12:59:04   Nu  Error:  subscript out of bounds 
2026-08-22 15:10:57   Visa  Error:  parse error: trailing garbage
                                   400 Bad Request
                     (right here) ------^
 
2026-08-22 15:12:27   Nu  Error:  subscript out of bounds 
2026-08-22 15:24:03   Vancouver  Error:  Timeout was reached: [cambiosvancouver.com] Failed to connect to cambiosvancouver.com port 443 after 5249 ms: Connection timed out 
2026-08-22 15:24:40   Visa  Error:  parse error: trailing garbage
                                   400 Bad Request
                     (right here) ------^
 
2026-08-22 15:31:48   Vancouver  Error:  Timeout was reached: [cambiosvancouver.com] Failed to connect to cambiosvancouver.com port 443 after 5225 ms: Connection timed out 
2026-08-22 15:32:25   Visa  Error:  parse error: trailing garbage
                                   400 Bad Request
                     (right here) ------^
 
2026-08-22 15:33:58   Nu  Error:  subscript out of bounds 
2026-08-22 18:04:15   Nu  Error:  subscript out of bounds 
2026-08-22 18:45:47   Nu  Error:  subscript out of bounds 
2026-08-22 19:33:18   Vancouver  Error:  ℹ In argument: `dplyr::across(...)`.
Caused by error in `across()`:
! Can't compute column `PAÍS`.
Caused by error in `gsub()`:
! 'length = 38' in coercion to 'logical(1)' 
2026-08-22 19:34:57   Condor  Error:  ℹ In argument: `dplyr::across(...)`.
Caused by error in `across()`:
! Can't compute column `compra`.
Caused by error in `gsub()`:
! 'length = 3' in coercion to 'logical(1)' 
2026-08-22 19:58:28   Nu  Error:  subscript out of bounds 
2026-08-22 19:58:35   Condor  Error:  The size of `nm` (3) must be compatible with the size of `x` (0). 
2026-08-22 21:32:44   Nu  Error:  subscript out of bounds 
2026-08-23 03:58:59   Nu  Error:  subscript out of bounds 
2026-08-23 09:39:20   Comdirect  Error:  'Error caughtTimeoutError: Navigation timeout of 30000 ms exceeded' does
not exist in current working directory
('/home/runner/work/eurcopscraper/eurcopscraper'). 
2026-08-23 12:58:53   Nu  Error:  subscript out of bounds 
2026-08-23 12:59:11   Comdirect  Error:  ℹ In argument: `iso == "COP"`.
Caused by error:
! object 'iso' not found 
2026-08-23 15:33:32   Nu  Error:  subscript out of bounds 
2026-08-23 15:33:50   Comdirect  Error:  ℹ In argument: `iso == "COP"`.
Caused by error:
! object 'iso' not found 
2026-08-23 18:44:01   Nu  Error:  subscript out of bounds 
2026-08-23 18:44:18   Comdirect  Error:  ℹ In argument: `iso == "COP"`.
Caused by error:
! object 'iso' not found 
2026-08-23 21:31:49   Nu  Error:  subscript out of bounds 
2026-08-23 21:32:06   Comdirect  Error:  ℹ In argument: `iso == "COP"`.
Caused by error:
! object 'iso' not found 
2026-08-24 01:52:43   Vancouver  Error:  cannot open the connection 
2026-08-24 01:54:19   Condor  Error:  The size of `nm` (3) must be compatible with the size of `x` (0). 
2026-08-24 04:01:40   Vancouver  Error:  cannot open the connection 
2026-08-24 09:59:27   Nu  Error:  subscript out of bounds 
2026-08-24 13:07:57   Vancouver  Error:  cannot open the connection 
2026-08-24 15:51:59   Nu  Error:  subscript out of bounds 
2026-08-24 18:55:06   Nu  Error:  subscript out of bounds 
2026-08-25 01:48:43   Nu  Error:  subscript out of bounds 
2026-08-25 03:57:20   Nu  Error:  subscript out of bounds 
2026-08-25 07:02:30   Vancouver  Error:  cannot open the connection 
2026-08-25 09:46:36   Vancouver  Error:  cannot open the connection 
2026-08-25 21:38:18   Master  Error:  subscript out of bounds 
2026-08-25 21:39:45   Nu  Error:  subscript out of bounds 
2026-08-26 01:53:50   Nu  Error:  subscript out of bounds 
2026-08-26 01:53:56   Condor  Error:  The size of `nm` (3) must be compatible with the size of `x` (0). 
2026-08-26 04:01:40   Nu  Error:  subscript out of bounds 
2026-08-26 07:04:51   Nu  Error:  subscript out of bounds 
2026-08-26 07:05:06   Kapital  Error:  cannot open the connection 
2026-08-26 09:53:46   Master  Error:  subscript out of bounds 
2026-08-26 09:54:37   Nu  Error:  subscript out of bounds 
2026-08-26 16:27:35   Nu  Error:  subscript out of bounds 
2026-08-26 20:00:36   Nu  Error:  subscript out of bounds 
2026-08-27 00:40:19   Vancouver  Error:  cannot open the connection 
2026-08-28 15:18:36   Nu  Error:  subscript out of bounds 
2026-08-29 09:58:45   Vancouver  Error:  cannot open the connection 
2026-08-29 10:00:11   Nu  Error:  subscript out of bounds 
2026-08-29 20:53:50   Nu  Error:  subscript out of bounds 
2026-08-30 05:15:27   Nu  Error:  subscript out of bounds 
2026-08-30 05:15:35   Condor  Error:  The size of `nm` (3) must be compatible with the size of `x` (0). 
2026-08-30 11:49:39   Vancouver  Error:  cannot open the connection 
2026-08-30 11:51:09   Nu  Error:  subscript out of bounds 
2026-08-30 16:38:09   Nu  Error:  subscript out of bounds 
2026-08-30 21:00:32   Nu  Error:  subscript out of bounds 
2026-08-30 23:25:33   Vancouver  Error:  cannot open the connection 
2026-08-30 23:27:06   Nu  Error:  subscript out of bounds 
2026-08-31 05:23:36   Nu  Error:  subscript out of bounds 
2026-08-31 13:34:47   Nu  Error:  subscript out of bounds 
2026-09-01 00:35:50   Nu  Error:  subscript out of bounds 
2026-09-01 08:35:52   Nu  Error:  subscript out of bounds 
2026-09-01 08:36:23   Condor  Error:  'Error caughtTimeoutError: Navigation timeout of 30000 ms exceeded' does
not exist in current working directory
('/home/runner/work/eurcopscraper/eurcopscraper'). 
2026-09-01 14:10:40   Nu  Error:  subscript out of bounds 
2026-09-01 18:25:58   Nu  Error:  subscript out of bounds 
2026-09-01 23:17:05   Nu  Error:  subscript out of bounds 
2026-09-02 04:20:34   Nu  Error:  subscript out of bounds 
2026-09-02 11:12:04   Nu  Error:  subscript out of bounds 
2026-09-02 23:16:22   Vancouver  Error:  cannot open the connection 
2026-09-02 23:18:02   Condor  Error:  The size of `nm` (3) must be compatible with the size of `x` (0). 
2026-09-03 04:15:04   Nu  Error:  subscript out of bounds 
2026-09-03 11:07:59   Nu  Error:  subscript out of bounds 
2026-09-03 11:08:15   Comdirect  Error:  ℹ In argument: `iso == "COP"`.
Caused by error:
! object 'iso' not found 
2026-09-03 16:22:20   Nu  Error:  subscript out of bounds 
2026-09-03 20:58:02   Nu  Error:  subscript out of bounds 
2026-09-03 23:20:52   Nu  Error:  subscript out of bounds 
2026-09-04 04:28:50   Nu  Error:  subscript out of bounds 
2026-09-04 20:44:21   Nu  Error:  subscript out of bounds 
2026-09-05 04:16:26   Vancouver  Error:  cannot open the connection 
2026-09-05 04:18:00   Nu  Error:  subscript out of bounds 
2026-09-05 10:32:45   Nu  Error:  subscript out of bounds 
2026-09-05 15:06:52   Nu  Error:  subscript out of bounds 
2026-09-05 15:07:08   Comdirect  Error:  ℹ In argument: `iso == "COP"`.
Caused by error:
! object 'iso' not found 
2026-09-05 20:17:50   Nu  Error:  subscript out of bounds 
2026-09-05 22:51:14   Nu  Error:  subscript out of bounds 
2026-09-06 04:25:52   Vancouver  Error:  cannot open the connection 
2026-09-06 10:50:53   Nu  Error:  subscript out of bounds 
2026-09-06 15:25:36   Nu  Error:  subscript out of bounds 
2026-09-06 20:23:21   Condor  Error:  'Error caughtTimeoutError: Navigation timeout of 30000 ms exceeded' does
not exist in current working directory
('/home/runner/work/eurcopscraper/eurcopscraper'). 
2026-09-07 12:21:32   Nu  Error:  subscript out of bounds 
2026-09-07 19:08:57   Nu  Error:  subscript out of bounds 
2026-09-07 23:28:48   Condor  Error:  The size of `nm` (3) must be compatible with the size of `x` (0). 
2026-09-08 04:26:00   Nu  Error:  subscript out of bounds 
2026-09-08 11:10:15   Nu  Error:  subscript out of bounds 
2026-09-08 16:35:02   Nu  Error:  subscript out of bounds 
2026-09-08 21:06:17   Nu  Error:  subscript out of bounds 
2026-09-08 23:23:03   Nu  Error:  subscript out of bounds 
2026-09-09 04:31:41   Condor  Error:  'Error caughtError: Execution context was destroyed, most likely because
of a navigation.' does not exist in current working directory
('/home/runner/work/eurcopscraper/eurcopscraper'). 
2026-09-09 11:14:11   Nu  Error:  subscript out of bounds 
2026-09-09 20:55:40   Nu  Error:  subscript out of bounds 
2026-09-09 23:11:31   Nu  Error:  subscript out of bounds 
2026-09-10 04:29:33   Nu  Error:  subscript out of bounds 
2026-09-10 04:29:40   Condor  Error:  The size of `nm` (3) must be compatible with the size of `x` (0). 
2026-09-10 20:49:49   Condor  Error:  The size of `nm` (3) must be compatible with the size of `x` (0). 
2026-09-11 16:23:53   Master  Error:  subscript out of bounds 
2026-09-11 16:24:42   Nu  Error:  subscript out of bounds 
2026-09-11 20:56:20   Nu  Error:  subscript out of bounds 
2026-09-11 23:13:48   Condor  Error:  The size of `nm` (3) must be compatible with the size of `x` (0). 
2026-09-12 20:31:28   Nu  Error:  subscript out of bounds 
2026-09-12 20:31:58   Condor  Error:  'Error caughtTimeoutError: Navigation timeout of 30000 ms exceeded' does
not exist in current working directory
('/home/runner/work/eurcopscraper/eurcopscraper'). 
2026-09-13 11:43:02   Nu  Error:  subscript out of bounds 
2026-09-13 16:10:29   Nu  Error:  subscript out of bounds 
2026-09-13 16:10:46   Comdirect  Error:  ℹ In argument: `iso == "COP"`.
Caused by error:
! object 'iso' not found 
2026-09-13 20:44:24   Nu  Error:  subscript out of bounds 
2026-09-13 23:08:04   Nu  Error:  subscript out of bounds 
2026-09-14 04:45:29   Vancouver  Error:  cannot open the connection 
2026-09-14 04:47:07   Condor  Error:  The size of `nm` (3) must be compatible with the size of `x` (0). 
2026-09-14 19:51:12   Nu  Error:  subscript out of bounds 
2026-09-15 11:39:24   Nu  Error:  subscript out of bounds 
2026-09-15 16:52:51   Nu  Error:  subscript out of bounds 
2026-09-16 11:25:37   Nu  Error:  subscript out of bounds 
2026-09-16 16:47:02   Nu  Error:  subscript out of bounds 
2026-09-16 21:16:22   Nu  Error:  subscript out of bounds 
2026-09-17 04:45:42   Nu  Error:  subscript out of bounds 
2026-09-17 11:33:52   Nu  Error:  subscript out of bounds 
2026-09-17 16:53:21   Nu  Error:  subscript out of bounds 
2026-09-17 21:19:58   Comdirect  Error:  'Error caughtTimeoutError: Navigation timeout of 30000 ms exceeded' does
not exist in current working directory
('/home/runner/work/eurcopscraper/eurcopscraper'). 
2026-09-18 04:33:31   Nu  Error:  subscript out of bounds 
2026-09-19 04:30:23   Nu  Error:  subscript out of bounds 
2026-09-19 10:51:34   Comdirect  Error:  ℹ In argument: `iso == "COP"`.
Caused by error:
! object 'iso' not found 
2026-09-19 20:33:55   Nu  Error:  subscript out of bounds 
2026-09-19 22:56:30   Nu  Error:  subscript out of bounds 
2026-09-19 22:56:48   Comdirect  Error:  ℹ In argument: `iso == "COP"`.
Caused by error:
! object 'iso' not found 
2026-09-20 11:14:23   Nu  Error:  subscript out of bounds 
2026-09-20 16:00:09   Nu  Error:  subscript out of bounds 
2026-09-20 20:46:16   Nu  Error:  subscript out of bounds 
2026-09-21 19:59:39   Nu  Error:  subscript out of bounds 
2026-09-22 04:44:14   Nu  Error:  subscript out of bounds 
2026-09-22 11:28:59   Nu  Error:  subscript out of bounds 
2026-09-22 16:51:48   Nu  Error:  subscript out of bounds 
2026-09-22 21:14:56   Nu  Error:  subscript out of bounds 
2026-09-23 04:39:07   Nu  Error:  subscript out of bounds 
2026-09-23 11:25:39   Vancouver  Error:  cannot open the connection 
2026-09-23 11:27:11   Nu  Error:  subscript out of bounds 
2026-09-24 11:38:46   Nu  Error:  subscript out of bounds 
2026-09-25 17:06:19   Nu  Error:  subscript out of bounds 
2026-09-26 16:18:54   Nu  Error:  subscript out of bounds 
2026-09-26 23:33:23   Nu  Error:  subscript out of bounds 
2026-09-27 05:11:42   Nu  Error:  subscript out of bounds 
2026-09-27 16:55:36   Nu  Error:  subscript out of bounds 
2026-09-27 21:19:14   Nu  Error:  subscript out of bounds 
2026-09-28 13:44:54   Nu  Error:  subscript out of bounds 
2026-09-29 12:42:48   Nu  Error:  subscript out of bounds 
2026-09-30 00:21:28   Nu  Error:  subscript out of bounds 
2026-09-30 09:37:32   Nu  Error:  subscript out of bounds 
2026-09-30 22:12:51   Comdirect  Error:  ℹ In argument: `iso == "COP"`.
Caused by error:
! object 'iso' not found 
2026-10-01 05:41:38   Nu  Error:  subscript out of bounds 
2026-10-01 13:03:44   Nu  Error:  subscript out of bounds 
2026-10-02 17:51:30   Nu  Error:  subscript out of bounds 
2026-10-03 05:08:33   Vancouver  Error:  cannot open the connection 
2026-10-03 05:10:05   Nu  Error:  subscript out of bounds 
2026-10-03 16:12:00   Nu  Error:  subscript out of bounds 
2026-10-04 05:44:12   Nu  Error:  subscript out of bounds 
2026-10-04 18:39:10   Nu  Error:  subscript out of bounds 
2026-10-04 23:57:49   Nu  Error:  subscript out of bounds 
2026-10-05 05:27:15   Nu  Error:  subscript out of bounds 
2026-10-05 14:27:47   Nu  Error:  subscript out of bounds 
2026-10-06 15:53:32   Nu  Error:  subscript out of bounds 
2026-10-06 22:39:00   Nu  Error:  subscript out of bounds 
2026-10-07 05:47:06   Nu  Error:  subscript out of bounds 
2026-10-08 10:27:04   Nu  Error:  subscript out of bounds 
2026-10-08 18:49:23   Master  Error:  subscript out of bounds 
2026-10-09 01:12:41   Nu  Error:  subscript out of bounds 
2026-10-09 10:25:25   Nu  Error:  subscript out of bounds 
2026-10-10 00:45:00   Nu  Error:  subscript out of bounds 
2026-10-10 09:45:44   Nu  Error:  subscript out of bounds 
2026-10-10 17:20:55   Nu  Error:  subscript out of bounds 
